2025-11-28 22:27:06.7105  

==========================================================================
 
  ███████╗ █████╗ ███╗   ██╗████████╗ █████╗  ██████╗ ██╗   ██╗
  ██╔════╝██╔══██╗████╗  ██║╚══██╔══╝██╔══██╗██╔════╝ ╚██╗ ██╔╝
  █████╗  ███████║██╔██╗ ██║   ██║   ███████║╚█████╗   ╚████╔╝ 
  ██╔══╝  ██╔══██║██║╚██╗██║   ██║   ██╔══██║╚════██║   ╚██╔╝  
  ██║     ██║  ██║██║ ╚████║   ██║   ██║  ██║██████╔╝    ██║   
  ╚═╝     ╚═╝  ╚═╝╚═╝  ╚═══╝   ╚═╝   ╚═╝  ╚═╝╚═════╝     ╚═╝   
                                                            
 Version : Fantasy 2.0 Official version
==========================================================================

2025-11-28 22:27:06.7629  Current inner network protocol:TCP
2025-11-28 22:27:06.7629  Max Message Size(byte):1048560
2025-11-28 22:27:06.7629  Current session idle timeout:8000
2025-11-28 22:27:06.7629  Session-check interval:5000 
2025-11-28 22:27:07.2276  dbName:OnlineTest Initialize the db database and connect to the target.
2025-11-28 22:27:07.5274  dbName:OnlineTest Database connection successful.
2025-11-28 22:27:07.9408  SceneConfigId = 1001 networkTarget = Inner TCPServer Listen 127.0.0.1:11002
2025-11-28 22:27:08.3054  SceneConfigId = 1001 networkTarget = Outer KCPServer Listen 0.0.0.0:20000
2025-11-28 22:27:08.3054  Process:1 Startup Complete SceneCount:1
2025-11-28 22:29:50.6543 (LoginRequestHandler.cs:16) 收到登录请求
2025-11-28 22:29:51.0563 (EntryLobbyRequestHandler.cs:32) 进入大厅成功，玩家ID:489242989124911105
2025-11-28 22:29:52.3062 (LobbyPlayerManagerComponentSystem.cs:97) 玩家ID:489242989124911105 移动方向: -0.99804616 , 0 , -0.06248061
2025-11-28 22:29:52.3062 (LobbyPlayerManagerComponentSystem.cs:102) 玩家ID:489242989124911105 移动到新位置: 6.9643865 , 0 , -1.7424479
2025-11-28 22:29:52.3895 (LobbyPlayerManagerComponentSystem.cs:97) 玩家ID:489242989124911105 移动方向: -0.8548382 , 0 , -0.5188946
2025-11-28 22:29:52.3895 (LobbyPlayerManagerComponentSystem.cs:102) 玩家ID:489242989124911105 移动到新位置: 6.793419 , 0 , -1.8462268
2025-11-28 22:29:52.4815 (LobbyPlayerManagerComponentSystem.cs:97) 玩家ID:489242989124911105 移动方向: -0.37953532 , 0 , -0.9251773
2025-11-28 22:29:52.4815 (LobbyPlayerManagerComponentSystem.cs:102) 玩家ID:489242989124911105 移动到新位置: 6.7175117 , 0 , -2.0312622
2025-11-28 22:29:52.5901 (LobbyPlayerManagerComponentSystem.cs:97) 玩家ID:489242989124911105 移动方向: -0.7305253 , 0 , -0.6828856
2025-11-28 22:29:52.5901 (LobbyPlayerManagerComponentSystem.cs:102) 玩家ID:489242989124911105 移动到新位置: 6.5714064 , 0 , -2.1678393
2025-11-28 22:29:52.6841 (LobbyPlayerManagerComponentSystem.cs:97) 玩家ID:489242989124911105 移动方向: -0.9929645 , 0 , -0.11841227
2025-11-28 22:29:52.6841 (LobbyPlayerManagerComponentSystem.cs:102) 玩家ID:489242989124911105 移动到新位置: 6.372813 , 0 , -2.1915216
2025-11-28 22:29:52.7781 (LobbyPlayerManagerComponentSystem.cs:97) 玩家ID:489242989124911105 移动方向: -0.98562676 , 0 , -0.16893746
2025-11-28 22:29:52.7781 (LobbyPlayerManagerComponentSystem.cs:102) 玩家ID:489242989124911105 移动到新位置: 6.175688 , 0 , -2.2253091
2025-11-28 22:29:52.8867 (LobbyPlayerManagerComponentSystem.cs:97) 玩家ID:489242989124911105 移动方向: -0.98226637 , 0 , -0.1874907
2025-11-28 22:29:52.8867 (LobbyPlayerManagerComponentSystem.cs:102) 玩家ID:489242989124911105 移动到新位置: 5.9792347 , 0 , -2.2628074
2025-11-28 22:29:52.9803 (LobbyPlayerManagerComponentSystem.cs:97) 玩家ID:489242989124911105 移动方向: -0.5190514 , 0 , -0.854743
2025-11-28 22:29:52.9803 (LobbyPlayerManagerComponentSystem.cs:102) 玩家ID:489242989124911105 移动到新位置: 5.8754244 , 0 , -2.4337559
2025-11-28 22:29:53.0898 (LobbyPlayerManagerComponentSystem.cs:97) 玩家ID:489242989124911105 移动方向: -0.4603973 , 0 , -0.8877129
2025-11-28 22:29:53.0898 (LobbyPlayerManagerComponentSystem.cs:102) 玩家ID:489242989124911105 移动到新位置: 5.7833447 , 0 , -2.6112986
2025-11-28 22:29:53.1854 (LobbyPlayerManagerComponentSystem.cs:97) 玩家ID:489242989124911105 移动方向: -0.94687206 , 0 , -0.3216105
2025-11-28 22:29:53.1854 (LobbyPlayerManagerComponentSystem.cs:102) 玩家ID:489242989124911105 移动到新位置: 5.5939703 , 0 , -2.6756206
2025-11-28 22:29:53.2800 (LobbyPlayerManagerComponentSystem.cs:102) 玩家ID:489242989124911105 移动到新位置: 5.5939703 , 0 , -2.6756206
2025-11-28 22:30:11.3296 (CreateTeamRequestHandler.cs:32) 创建队伍成功 队伍ID：1000 玩家ID：489242989124911105
2025-11-28 22:30:37.4498 (LoginRequestHandler.cs:16) 收到登录请求
2025-11-28 22:30:37.5116 (EntryLobbyRequestHandler.cs:32) 进入大厅成功，玩家ID:490676460229754881
2025-11-28 22:30:37.5116 (EntryLobbyRequestHandler.cs:48) 获取其他玩家数据，玩家ID:489242989124911105
2025-11-28 22:30:39.3575 (LobbyPlayerManagerComponentSystem.cs:97) 玩家ID:490676460229754881 移动方向: -0.22055143 , 0 , -0.97537535
2025-11-28 22:30:39.3575 (LobbyPlayerManagerComponentSystem.cs:102) 玩家ID:490676460229754881 移动到新位置: -7.677494 , 0 , 2.00208
2025-11-28 22:30:39.4517 (LobbyPlayerManagerComponentSystem.cs:97) 玩家ID:490676460229754881 移动方向: -0.019929856 , 0 , -0.9998014
2025-11-28 22:30:39.4517 (LobbyPlayerManagerComponentSystem.cs:102) 玩家ID:490676460229754881 移动到新位置: -7.68148 , 0 , 1.8021197
2025-11-28 22:30:39.5592 (LobbyPlayerManagerComponentSystem.cs:97) 玩家ID:490676460229754881 移动方向: 0.80486375 , 0 , -0.59345955
2025-11-28 22:30:39.5592 (LobbyPlayerManagerComponentSystem.cs:102) 玩家ID:490676460229754881 移动到新位置: -7.5205073 , 0 , 1.6834278
2025-11-28 22:30:39.6540 (LobbyPlayerManagerComponentSystem.cs:97) 玩家ID:490676460229754881 移动方向: 0.9750315 , 0 , -0.22206649
2025-11-28 22:30:39.6540 (LobbyPlayerManagerComponentSystem.cs:102) 玩家ID:490676460229754881 移动到新位置: -7.325501 , 0 , 1.6390145
2025-11-28 22:30:39.7612 (LobbyPlayerManagerComponentSystem.cs:97) 玩家ID:490676460229754881 移动方向: 0.83266646 , 0 , -0.55377483
2025-11-28 22:30:39.7612 (LobbyPlayerManagerComponentSystem.cs:102) 玩家ID:490676460229754881 移动到新位置: -7.1589675 , 0 , 1.5282595
2025-11-28 22:30:39.8558 (LobbyPlayerManagerComponentSystem.cs:97) 玩家ID:490676460229754881 移动方向: 0.9981781 , 0 , 0.060334653
2025-11-28 22:30:39.8558 (LobbyPlayerManagerComponentSystem.cs:102) 玩家ID:490676460229754881 移动到新位置: -6.959332 , 0 , 1.5403265
2025-11-28 22:30:39.9637 (LobbyPlayerManagerComponentSystem.cs:97) 玩家ID:490676460229754881 移动方向: 0.8426834 , 0 , -0.5384095
2025-11-28 22:30:39.9637 (LobbyPlayerManagerComponentSystem.cs:102) 玩家ID:490676460229754881 移动到新位置: -6.7907953 , 0 , 1.4326446
2025-11-28 22:30:40.0554 (LobbyPlayerManagerComponentSystem.cs:97) 玩家ID:490676460229754881 移动方向: 0.9419542 , 0 , -0.33574146
2025-11-28 22:30:40.0554 (LobbyPlayerManagerComponentSystem.cs:102) 玩家ID:490676460229754881 移动到新位置: -6.6024046 , 0 , 1.3654963
2025-11-28 22:30:40.1633 (LobbyPlayerManagerComponentSystem.cs:97) 玩家ID:490676460229754881 移动方向: 0.9765946 , 0 , -0.21508837
2025-11-28 22:30:40.1633 (LobbyPlayerManagerComponentSystem.cs:102) 玩家ID:490676460229754881 移动到新位置: -6.407086 , 0 , 1.3224787
2025-11-28 22:30:40.2550 (LobbyPlayerManagerComponentSystem.cs:97) 玩家ID:490676460229754881 移动方向: 0.985845 , 0 , -0.16765912
2025-11-28 22:30:40.2556 (LobbyPlayerManagerComponentSystem.cs:102) 玩家ID:490676460229754881 移动到新位置: -6.209917 , 0 , 1.2889469
2025-11-28 22:30:40.3481 (LobbyPlayerManagerComponentSystem.cs:97) 玩家ID:490676460229754881 移动方向: 0.99064046 , 0 , -0.13649741
2025-11-28 22:30:40.3481 (LobbyPlayerManagerComponentSystem.cs:102) 玩家ID:490676460229754881 移动到新位置: -6.011789 , 0 , 1.2616473
2025-11-28 22:30:40.4557 (LobbyPlayerManagerComponentSystem.cs:97) 玩家ID:490676460229754881 移动方向: 0.999522 , 0 , -0.030915342
2025-11-28 22:30:40.4557 (LobbyPlayerManagerComponentSystem.cs:102) 玩家ID:490676460229754881 移动到新位置: -5.8118844 , 0 , 1.2554643
2025-11-28 22:30:40.5467 (LobbyPlayerManagerComponentSystem.cs:97) 玩家ID:490676460229754881 移动方向: 0.9985563 , 0 , 0.053714633
2025-11-28 22:30:40.5467 (LobbyPlayerManagerComponentSystem.cs:102) 玩家ID:490676460229754881 移动到新位置: -5.612173 , 0 , 1.2662072
2025-11-28 22:30:40.6557 (LobbyPlayerManagerComponentSystem.cs:97) 玩家ID:490676460229754881 移动方向: 0.99565864 , 0 , 0.093080185
2025-11-28 22:30:40.6557 (LobbyPlayerManagerComponentSystem.cs:102) 玩家ID:490676460229754881 移动到新位置: -5.413041 , 0 , 1.2848233
2025-11-28 22:30:40.7484 (LobbyPlayerManagerComponentSystem.cs:97) 玩家ID:490676460229754881 移动方向: 0.99909437 , 0 , 0.04254804
2025-11-28 22:30:40.7484 (LobbyPlayerManagerComponentSystem.cs:102) 玩家ID:490676460229754881 移动到新位置: -5.213222 , 0 , 1.2933329
2025-11-28 22:30:40.8568 (StateSyncRequestHandler.cs:18) 玩家ID:490676460229754881 移动方向: 0.98374534 , 0 , -0.1795694
2025-11-28 22:30:40.8568 (StateSyncRequestHandler.cs:18) 玩家ID:490676460229754881 移动到新位置: -5.016473 , 0 , 1.2574191
2025-11-28 22:30:40.9475 (StateSyncRequestHandler.cs:18) 玩家ID:490676460229754881 移动方向: 0.91344154 , 0 , -0.40697
2025-11-28 22:30:40.9475 (StateSyncRequestHandler.cs:18) 玩家ID:490676460229754881 移动到新位置: -4.8337846 , 0 , 1.1760252
2025-11-28 22:30:41.0568 (StateSyncRequestHandler.cs:18) 玩家ID:490676460229754881 移动方向: 0.83345723 , 0 , -0.55258393
2025-11-28 22:30:41.0568 (StateSyncRequestHandler.cs:18) 玩家ID:490676460229754881 移动到新位置: -4.6670933 , 0 , 1.0655084
2025-11-28 22:30:41.1490 (StateSyncRequestHandler.cs:18) 玩家ID:490676460229754881 移动方向: 0.7989276 , 0 , -0.60142714
2025-11-28 22:30:41.1490 (StateSyncRequestHandler.cs:18) 玩家ID:490676460229754881 移动到新位置: -4.5073075 , 0 , 0.945223
2025-11-28 22:30:41.2576 (StateSyncRequestHandler.cs:18) 玩家ID:490676460229754881 移动方向: 0.11891073 , 0 , -0.9929049
2025-11-28 22:30:41.2576 (StateSyncRequestHandler.cs:18) 玩家ID:490676460229754881 移动到新位置: -4.4835253 , 0 , 0.746642
2025-11-28 22:30:41.3485 (StateSyncRequestHandler.cs:18) 玩家ID:490676460229754881 移动方向: 0.11261365 , 0 , -0.9936389
2025-11-28 22:30:41.3493 (StateSyncRequestHandler.cs:18) 玩家ID:490676460229754881 移动到新位置: -4.4610023 , 0 , 0.5479142
2025-11-28 22:30:41.4568 (StateSyncRequestHandler.cs:18) 玩家ID:490676460229754881 移动方向: 0.78099537 , 0 , -0.6245368
2025-11-28 22:30:41.4568 (StateSyncRequestHandler.cs:18) 玩家ID:490676460229754881 移动到新位置: -4.3048034 , 0 , 0.42300683
2025-11-28 22:30:41.5506 (StateSyncRequestHandler.cs:18) 玩家ID:490676460229754881 移动方向: 0.7821269 , 0 , -0.6231192
2025-11-28 22:30:41.5506 (StateSyncRequestHandler.cs:18) 玩家ID:490676460229754881 移动到新位置: -4.148378 , 0 , 0.298383
2025-11-28 22:30:41.6586 (StateSyncRequestHandler.cs:18) 玩家ID:490676460229754881 移动方向: 0.80522215 , 0 , -0.5929733
2025-11-28 22:30:41.6586 (StateSyncRequestHandler.cs:18) 玩家ID:490676460229754881 移动到新位置: -3.9873335 , 0 , 0.17978835
2025-11-28 22:30:41.7511 (StateSyncRequestHandler.cs:18) 玩家ID:490676460229754881 移动方向: 0.8287382 , 0 , -0.5596365
2025-11-28 22:30:41.7511 (StateSyncRequestHandler.cs:18) 玩家ID:490676460229754881 移动到新位置: -3.821586 , 0 , 0.067861065
2025-11-28 22:30:41.8589 (StateSyncRequestHandler.cs:18) 玩家ID:490676460229754881 移动方向: 0.84372896 , 0 , -0.53676945
2025-11-28 22:30:41.8589 (StateSyncRequestHandler.cs:18) 玩家ID:490676460229754881 移动到新位置: -3.6528401 , 0 , -0.039492823
2025-11-28 22:30:41.9507 (StateSyncRequestHandler.cs:18) 玩家ID:490676460229754881 移动方向: 0.8492399 , 0 , -0.52800715
2025-11-28 22:30:41.9507 (StateSyncRequestHandler.cs:18) 玩家ID:490676460229754881 移动到新位置: -3.4829922 , 0 , -0.14509425
2025-11-28 22:30:42.0578 (StateSyncRequestHandler.cs:18) 玩家ID:490676460229754881 移动方向: 0.85157925 , 0 , -0.5242259
2025-11-28 22:30:42.0578 (StateSyncRequestHandler.cs:18) 玩家ID:490676460229754881 移动到新位置: -3.3126764 , 0 , -0.24993941
2025-11-28 22:30:42.1518 (StateSyncRequestHandler.cs:18) 玩家ID:490676460229754881 移动方向: 0.8523043 , 0 , -0.5230464
2025-11-28 22:30:42.1518 (StateSyncRequestHandler.cs:18) 玩家ID:490676460229754881 移动到新位置: -3.1422155 , 0 , -0.3545487
2025-11-28 22:30:42.2458 (StateSyncRequestHandler.cs:18) 玩家ID:490676460229754881 移动方向: 0.8525275 , 0 , -0.5226824
2025-11-28 22:30:42.2458 (StateSyncRequestHandler.cs:18) 玩家ID:490676460229754881 移动到新位置: -2.97171 , 0 , -0.45908517
2025-11-28 22:30:42.3558 (StateSyncRequestHandler.cs:18) 玩家ID:490676460229754881 移动方向: 0.85260856 , 0 , -0.5225501
2025-11-28 22:30:42.3558 (StateSyncRequestHandler.cs:18) 玩家ID:490676460229754881 移动到新位置: -2.8011882 , 0 , -0.5635952
2025-11-28 22:30:42.4484 (StateSyncRequestHandler.cs:18) 玩家ID:490676460229754881 移动方向: 0.8526295 , 0 , -0.522516
2025-11-28 22:30:42.4484 (StateSyncRequestHandler.cs:18) 玩家ID:490676460229754881 移动到新位置: -2.6306624 , 0 , -0.6680984
2025-11-28 22:30:42.5571 (StateSyncRequestHandler.cs:18) 玩家ID:490676460229754881 移动方向: 0.85263705 , 0 , -0.5225036
2025-11-28 22:30:42.5571 (StateSyncRequestHandler.cs:18) 玩家ID:490676460229754881 移动到新位置: -2.460135 , 0 , -0.7725991
2025-11-28 22:30:42.6512 (StateSyncRequestHandler.cs:18) 玩家ID:490676460229754881 移动方向: 0.85263926 , 0 , -0.5225001
2025-11-28 22:30:42.6512 (StateSyncRequestHandler.cs:18) 玩家ID:490676460229754881 移动到新位置: -2.289607 , 0 , -0.8770991
2025-11-28 22:30:42.7434 (StateSyncRequestHandler.cs:18) 玩家ID:490676460229754881 移动方向: 0.85263973 , 0 , -0.52249926
2025-11-28 22:30:42.7434 (StateSyncRequestHandler.cs:18) 玩家ID:490676460229754881 移动到新位置: -2.119079 , 0 , -0.981599
2025-11-28 22:30:42.8501 (StateSyncRequestHandler.cs:18) 玩家ID:490676460229754881 移动方向: 0.8526398 , 0 , -0.52249914
2025-11-28 22:30:42.8501 (StateSyncRequestHandler.cs:18) 玩家ID:490676460229754881 移动到新位置: -1.9485512 , 0 , -1.0860988
2025-11-28 22:30:42.9594 (StateSyncRequestHandler.cs:18) 玩家ID:490676460229754881 移动方向: 0.8526398 , 0 , -0.52249914
2025-11-28 22:30:42.9594 (StateSyncRequestHandler.cs:18) 玩家ID:490676460229754881 移动到新位置: -1.7780232 , 0 , -1.1905986
2025-11-28 22:30:43.0505 (StateSyncRequestHandler.cs:18) 玩家ID:490676460229754881 移动方向: 0.8526398 , 0 , -0.52249914
2025-11-28 22:30:43.0505 (StateSyncRequestHandler.cs:18) 玩家ID:490676460229754881 移动到新位置: -1.6074953 , 0 , -1.2950984
2025-11-28 22:30:43.1581 (StateSyncRequestHandler.cs:18) 玩家ID:490676460229754881 移动方向: 0.8541055 , 0 , -0.5200999
2025-11-28 22:30:43.1581 (StateSyncRequestHandler.cs:18) 玩家ID:490676460229754881 移动到新位置: -1.4366742 , 0 , -1.3991184
2025-11-28 22:30:43.2526 (StateSyncRequestHandler.cs:18) 玩家ID:490676460229754881 移动方向: 0.87633324 , 0 , -0.48170537
2025-11-28 22:30:43.2526 (StateSyncRequestHandler.cs:18) 玩家ID:490676460229754881 移动到新位置: -1.2614076 , 0 , -1.4954596
2025-11-28 22:30:43.3600 (StateSyncRequestHandler.cs:18) 玩家ID:490676460229754881 移动方向: 0.93268365 , 0 , -0.3606955
2025-11-28 22:30:43.3600 (StateSyncRequestHandler.cs:18) 玩家ID:490676460229754881 移动到新位置: -1.0748708 , 0 , -1.5675987
2025-11-28 22:30:43.4535 (StateSyncRequestHandler.cs:18) 玩家ID:490676460229754881 移动方向: 0.96829945 , 0 , -0.24979223
2025-11-28 22:30:43.4535 (StateSyncRequestHandler.cs:18) 玩家ID:490676460229754881 移动到新位置: -0.8812109 , 0 , -1.6175572
2025-11-28 22:30:43.5468 (StateSyncRequestHandler.cs:18) 玩家ID:490676460229754881 移动方向: 0.98432463 , 0 , -0.17636627
2025-11-28 22:30:43.5468 (StateSyncRequestHandler.cs:18) 玩家ID:490676460229754881 移动到新位置: -0.684346 , 0 , -1.6528304
2025-11-28 22:30:43.6543 (StateSyncRequestHandler.cs:18) 玩家ID:490676460229754881 移动方向: 0.5974475 , 0 , -0.801908
2025-11-28 22:30:43.6543 (StateSyncRequestHandler.cs:18) 玩家ID:490676460229754881 移动到新位置: -0.5648565 , 0 , -1.8132119
2025-11-28 22:30:43.7497 (StateSyncRequestHandler.cs:18) 玩家ID:490676460229754881 移动方向: 0.60538894 , 0 , -0.79592973
2025-11-28 22:30:43.7497 (StateSyncRequestHandler.cs:18) 玩家ID:490676460229754881 移动到新位置: -0.44377875 , 0 , -1.9723978
2025-11-28 22:30:43.8568 (StateSyncRequestHandler.cs:18) 玩家ID:490676460229754881 移动方向: 0.9913792 , 0 , -0.13102403
2025-11-28 22:30:43.8568 (StateSyncRequestHandler.cs:18) 玩家ID:490676460229754881 移动到新位置: -0.24550292 , 0 , -1.9986026
2025-11-28 22:30:43.9644 (StateSyncRequestHandler.cs:18) 玩家ID:490676460229754881 移动方向: 0.9915501 , 0 , -0.12972423
2025-11-28 22:30:43.9644 (StateSyncRequestHandler.cs:18) 玩家ID:490676460229754881 移动到新位置: -0.0471929 , 0 , -2.0245476
2025-11-28 22:30:44.0592 (StateSyncRequestHandler.cs:18) 玩家ID:490676460229754881 移动方向: 0.991595 , 0 , -0.12938094
2025-11-28 22:30:44.0592 (StateSyncRequestHandler.cs:18) 玩家ID:490676460229754881 移动到新位置: 0.15112609 , 0 , -2.0504239
2025-11-28 22:30:44.1530 (StateSyncRequestHandler.cs:18) 玩家ID:490676460229754881 移动方向: 0.9916088 , 0 , -0.12927479
2025-11-28 22:30:44.1530 (StateSyncRequestHandler.cs:18) 玩家ID:490676460229754881 移动到新位置: 0.34944785 , 0 , -2.076279
2025-11-28 22:30:44.2454 (StateSyncRequestHandler.cs:18) 玩家ID:490676460229754881 移动方向: 0.991613 , 0 , -0.12924276
2025-11-28 22:30:44.2454 (StateSyncRequestHandler.cs:18) 玩家ID:490676460229754881 移动到新位置: 0.54777044 , 0 , -2.1021276
2025-11-28 22:30:44.3540 (StateSyncRequestHandler.cs:18) 玩家ID:490676460229754881 移动方向: 0.9916143 , 0 , -0.12923267
2025-11-28 22:30:44.3540 (StateSyncRequestHandler.cs:18) 玩家ID:490676460229754881 移动到新位置: 0.7460933 , 0 , -2.127974
2025-11-28 22:30:44.4468 (StateSyncRequestHandler.cs:18) 玩家ID:490676460229754881 移动方向: 0.9916147 , 0 , -0.12922986
2025-11-28 22:30:44.4468 (StateSyncRequestHandler.cs:18) 玩家ID:490676460229754881 移动到新位置: 0.9444162 , 0 , -2.15382
2025-11-28 22:30:44.5556 (StateSyncRequestHandler.cs:18) 玩家ID:490676460229754881 移动方向: 0.99161476 , 0 , -0.12922907
2025-11-28 22:30:44.5556 (StateSyncRequestHandler.cs:18) 玩家ID:490676460229754881 移动到新位置: 1.1427392 , 0 , -2.1796658
2025-11-28 22:30:44.6487 (StateSyncRequestHandler.cs:18) 玩家ID:490676460229754881 移动方向: 0.99161476 , 0 , -0.12922907
2025-11-28 22:30:44.6487 (StateSyncRequestHandler.cs:18) 玩家ID:490676460229754881 移动到新位置: 1.3410621 , 0 , -2.2055116
2025-11-28 22:30:44.7577 (StateSyncRequestHandler.cs:18) 玩家ID:490676460229754881 移动到新位置: 1.3410621 , 0 , -2.2055116
2025-11-28 22:30:50.4187  收到加入队伍请求 玩家ID：490676460229754881 队伍ID：1000
2025-11-28 22:30:50.4187  加入队伍成功 玩家ID：490676460229754881 队伍ID：1000
2025-11-28 22:46:29.5729  

==========================================================================
 
  ███████╗ █████╗ ███╗   ██╗████████╗ █████╗  ██████╗ ██╗   ██╗
  ██╔════╝██╔══██╗████╗  ██║╚══██╔══╝██╔══██╗██╔════╝ ╚██╗ ██╔╝
  █████╗  ███████║██╔██╗ ██║   ██║   ███████║╚█████╗   ╚████╔╝ 
  ██╔══╝  ██╔══██║██║╚██╗██║   ██║   ██╔══██║╚════██║   ╚██╔╝  
  ██║     ██║  ██║██║ ╚████║   ██║   ██║  ██║██████╔╝    ██║   
  ╚═╝     ╚═╝  ╚═╝╚═╝  ╚═══╝   ╚═╝   ╚═╝  ╚═╝╚═════╝     ╚═╝   
                                                            
 Version : Fantasy 2.0 Official version
==========================================================================

2025-11-28 22:46:29.6112  Current inner network protocol:TCP
2025-11-28 22:46:29.6112  Max Message Size(byte):1048560
2025-11-28 22:46:29.6112  Current session idle timeout:8000
2025-11-28 22:46:29.6112  Session-check interval:5000 
2025-11-28 22:46:29.9164  dbName:OnlineTest Initialize the db database and connect to the target.
2025-11-28 22:46:30.1247  dbName:OnlineTest Database connection successful.
2025-11-28 22:46:30.4409  SceneConfigId = 1001 networkTarget = Inner TCPServer Listen 127.0.0.1:11002
2025-11-28 22:46:30.7136  SceneConfigId = 1001 networkTarget = Outer KCPServer Listen 0.0.0.0:20000
2025-11-28 22:46:30.7136  Process:1 Startup Complete SceneCount:1
2025-11-28 22:46:43.3991 (LoginRequestHandler.cs:16) 收到登录请求
2025-11-28 22:46:43.6193 (EntryLobbyRequestHandler.cs:32) 进入大厅成功，玩家ID:489242989124911105
2025-11-28 22:46:45.2720 (LobbyPlayerManagerComponentSystem.cs:97) 玩家ID:489242989124911105 移动方向: -0.88351977 , 0 , 0.46839392
2025-11-28 22:46:45.2720 (LobbyPlayerManagerComponentSystem.cs:102) 玩家ID:489242989124911105 移动到新位置: 5.4172664 , 0 , -2.5819418
2025-11-28 22:46:45.3610 (LobbyPlayerManagerComponentSystem.cs:97) 玩家ID:489242989124911105 移动方向: -0.32341552 , 0 , 0.946257
2025-11-28 22:46:45.3610 (LobbyPlayerManagerComponentSystem.cs:102) 玩家ID:489242989124911105 移动到新位置: 5.3525834 , 0 , -2.3926904
2025-11-28 22:46:45.4607 (LobbyPlayerManagerComponentSystem.cs:97) 玩家ID:489242989124911105 移动方向: -0.31041798 , 0 , 0.95060015
2025-11-28 22:46:45.4607 (LobbyPlayerManagerComponentSystem.cs:102) 玩家ID:489242989124911105 移动到新位置: 5.2904997 , 0 , -2.2025704
2025-11-28 22:46:45.5598 (LobbyPlayerManagerComponentSystem.cs:102) 玩家ID:489242989124911105 移动到新位置: 5.2904997 , 0 , -2.2025704
2025-11-28 22:46:54.3489 (CreateTeamRequestHandler.cs:32) 创建队伍成功 队伍ID：1000 玩家ID：489242989124911105
2025-11-28 22:47:41.3188 (LoginRequestHandler.cs:16) 收到登录请求
2025-11-28 22:47:41.3788 (EntryLobbyRequestHandler.cs:32) 进入大厅成功，玩家ID:490676460229754881
2025-11-28 22:47:41.3788 (EntryLobbyRequestHandler.cs:48) 获取其他玩家数据，玩家ID:489242989124911105
2025-11-28 22:47:48.4267 (JoinTeamRequestHandler.cs:14) 收到加入队伍请求 玩家ID：490676460229754881 队伍ID：1000
2025-11-28 22:47:48.4310 (JoinTeamRequestHandler.cs:25) 加入队伍成功 玩家ID：490676460229754881 队伍ID：1000
2025-11-28 22:48:07.4856 (LobbyPlayerManagerComponentSystem.cs:97) 玩家ID:489242989124911105 移动方向: 0.9982455 , 0 , -0.059210867
2025-11-28 22:48:07.4856 (LobbyPlayerManagerComponentSystem.cs:102) 玩家ID:489242989124911105 移动到新位置: 5.4901485 , 0 , -2.2144127
2025-11-28 22:48:07.5627 (LobbyPlayerManagerComponentSystem.cs:97) 玩家ID:489242989124911105 移动方向: 0.9976523 , 0 , -0.06848262
2025-11-28 22:48:07.5627 (LobbyPlayerManagerComponentSystem.cs:102) 玩家ID:489242989124911105 移动到新位置: 5.689679 , 0 , -2.2281091
2025-11-28 22:48:07.6711 (LobbyPlayerManagerComponentSystem.cs:97) 玩家ID:489242989124911105 移动方向: 0.9973495 , 0 , -0.072759636
2025-11-28 22:48:07.6711 (LobbyPlayerManagerComponentSystem.cs:102) 玩家ID:489242989124911105 移动到新位置: 5.889149 , 0 , -2.242661
2025-11-28 22:48:07.7647 (LobbyPlayerManagerComponentSystem.cs:102) 玩家ID:489242989124911105 移动到新位置: 5.889149 , 0 , -2.242661
2025-11-28 22:48:07.9668 (LobbyPlayerManagerComponentSystem.cs:97) 玩家ID:489242989124911105 移动方向: -0.75781655 , 0 , -0.65246767
2025-11-28 22:48:07.9668 (LobbyPlayerManagerComponentSystem.cs:102) 玩家ID:489242989124911105 移动到新位置: 5.737586 , 0 , -2.3731546
2025-11-28 22:48:08.0753 (LobbyPlayerManagerComponentSystem.cs:97) 玩家ID:489242989124911105 移动方向: -0.9972187 , 0 , 0.07453047
2025-11-28 22:48:08.0753 (LobbyPlayerManagerComponentSystem.cs:102) 玩家ID:489242989124911105 移动到新位置: 5.538142 , 0 , -2.3582485
2025-11-28 22:48:08.1668 (LobbyPlayerManagerComponentSystem.cs:97) 玩家ID:489242989124911105 移动方向: -0.997218 , 0 , 0.07454002
2025-11-28 22:48:08.1668 (LobbyPlayerManagerComponentSystem.cs:102) 玩家ID:489242989124911105 移动到新位置: 5.3386984 , 0 , -2.3433404
2025-11-28 22:48:08.2735 (LobbyPlayerManagerComponentSystem.cs:97) 玩家ID:489242989124911105 移动方向: -0.9972177 , 0 , 0.074543424
2025-11-28 22:48:08.2735 (LobbyPlayerManagerComponentSystem.cs:102) 玩家ID:489242989124911105 移动到新位置: 5.139255 , 0 , -2.3284316
2025-11-28 22:48:08.3809 (LobbyPlayerManagerComponentSystem.cs:97) 玩家ID:489242989124911105 移动方向: -0.9972177 , 0 , 0.07454342
2025-11-28 22:48:08.3809 (LobbyPlayerManagerComponentSystem.cs:102) 玩家ID:489242989124911105 移动到新位置: 4.9398117 , 0 , -2.3135228
2025-11-28 22:48:08.4746 (LobbyPlayerManagerComponentSystem.cs:97) 玩家ID:489242989124911105 移动方向: -0.9972177 , 0 , 0.07454342
2025-11-28 22:48:08.4754 (LobbyPlayerManagerComponentSystem.cs:102) 玩家ID:489242989124911105 移动到新位置: 4.7403684 , 0 , -2.298614
2025-11-28 22:48:08.5681 (LobbyPlayerManagerComponentSystem.cs:97) 玩家ID:489242989124911105 移动方向: -0.9972177 , 0 , 0.07454342
2025-11-28 22:48:08.5686 (LobbyPlayerManagerComponentSystem.cs:102) 玩家ID:489242989124911105 移动到新位置: 4.540925 , 0 , -2.2837052
2025-11-28 22:48:08.6603 (LobbyPlayerManagerComponentSystem.cs:97) 玩家ID:489242989124911105 移动方向: -0.9972177 , 0 , 0.07454342
2025-11-28 22:48:08.6603 (LobbyPlayerManagerComponentSystem.cs:102) 玩家ID:489242989124911105 移动到新位置: 4.3414817 , 0 , -2.2687964
2025-11-28 22:48:08.7676 (LobbyPlayerManagerComponentSystem.cs:97) 玩家ID:489242989124911105 移动方向: -0.9972177 , 0 , 0.07454342
2025-11-28 22:48:08.7676 (LobbyPlayerManagerComponentSystem.cs:102) 玩家ID:489242989124911105 移动到新位置: 4.1420383 , 0 , -2.2538877
2025-11-28 22:48:08.8771 (LobbyPlayerManagerComponentSystem.cs:102) 玩家ID:489242989124911105 移动到新位置: 4.1420383 , 0 , -2.2538877
2025-11-28 22:48:09.1722 (LobbyPlayerManagerComponentSystem.cs:97) 玩家ID:489242989124911105 移动方向: -0.9921302 , 0 , -0.12521026
2025-11-28 22:48:09.1722 (LobbyPlayerManagerComponentSystem.cs:102) 玩家ID:489242989124911105 移动到新位置: 3.9436123 , 0 , -2.2789297
2025-11-28 22:48:09.2658 (LobbyPlayerManagerComponentSystem.cs:97) 玩家ID:489242989124911105 移动方向: -0.9867221 , 0 , -0.16241762
2025-11-28 22:48:09.2658 (LobbyPlayerManagerComponentSystem.cs:102) 玩家ID:489242989124911105 移动到新位置: 3.7462678 , 0 , -2.3114133
2025-11-28 22:48:09.3581 (LobbyPlayerManagerComponentSystem.cs:102) 玩家ID:489242989124911105 移动到新位置: 3.7462678 , 0 , -2.3114133
2025-11-28 22:52:35.4019  

==========================================================================
 
  ███████╗ █████╗ ███╗   ██╗████████╗ █████╗  ██████╗ ██╗   ██╗
  ██╔════╝██╔══██╗████╗  ██║╚══██╔══╝██╔══██╗██╔════╝ ╚██╗ ██╔╝
  █████╗  ███████║██╔██╗ ██║   ██║   ███████║╚█████╗   ╚████╔╝ 
  ██╔══╝  ██╔══██║██║╚██╗██║   ██║   ██╔══██║╚════██║   ╚██╔╝  
  ██║     ██║  ██║██║ ╚████║   ██║   ██║  ██║██████╔╝    ██║   
  ╚═╝     ╚═╝  ╚═╝╚═╝  ╚═══╝   ╚═╝   ╚═╝  ╚═╝╚═════╝     ╚═╝   
                                                            
 Version : Fantasy 2.0 Official version
==========================================================================

2025-11-28 22:52:35.4520  Current inner network protocol:TCP
2025-11-28 22:52:35.4520  Max Message Size(byte):1048560
2025-11-28 22:52:35.4520  Current session idle timeout:8000
2025-11-28 22:52:35.4520  Session-check interval:5000 
2025-11-28 22:52:35.7940  dbName:OnlineTest Initialize the db database and connect to the target.
2025-11-28 22:52:36.0192  dbName:OnlineTest Database connection successful.
2025-11-28 22:52:36.3648  SceneConfigId = 1001 networkTarget = Inner TCPServer Listen 127.0.0.1:11002
2025-11-28 22:52:36.6635  SceneConfigId = 1001 networkTarget = Outer KCPServer Listen 0.0.0.0:20000
2025-11-28 22:52:36.6635  Process:1 Startup Complete SceneCount:1
2025-11-28 22:52:48.0807 (LoginRequestHandler.cs:16) 收到登录请求
2025-11-28 22:52:48.4882 (EntryLobbyRequestHandler.cs:32) 进入大厅成功，玩家ID:489242989124911105
2025-11-28 22:52:52.5428 (CreateTeamRequestHandler.cs:32) 创建队伍成功 队伍ID：1000 玩家ID：489242989124911105
2025-11-28 22:53:23.7714 (LoginRequestHandler.cs:16) 收到登录请求
2025-11-28 22:53:23.8345 (EntryLobbyRequestHandler.cs:32) 进入大厅成功，玩家ID:490676460229754881
2025-11-28 22:53:23.8345 (EntryLobbyRequestHandler.cs:48) 获取其他玩家数据，玩家ID:489242989124911105
2025-11-28 22:53:29.2102 (JoinTeamRequestHandler.cs:14) 收到加入队伍请求 玩家ID：490676460229754881 队伍ID：1000
2025-11-28 22:53:29.2102 (JoinTeamRequestHandler.cs:25) 加入队伍成功 玩家ID：490676460229754881 队伍ID：1000
