2025-11-28 20:00:16.9854 (EntryLobbyRequestHandler.cs:65) 玩家上次上线位置：x:2.8078246, y:0, z:2.5246997
2025-11-28 20:00:16.9854 (EntryLobbyRequestHandler.cs:83) 当前没有其他玩家在线，无需广播
2025-11-28 20:00:18.4084 (StateSyncRequestHandler.cs:36) 当前没有其他玩家在线，无需广播状态同步消息
2025-11-28 20:00:18.4925 (StateSyncRequestHandler.cs:36) 当前没有其他玩家在线，无需广播状态同步消息
2025-11-28 20:00:18.5925 (StateSyncRequestHandler.cs:36) 当前没有其他玩家在线，无需广播状态同步消息
2025-11-28 20:00:18.6991 (StateSyncRequestHandler.cs:36) 当前没有其他玩家在线，无需广播状态同步消息
2025-11-28 20:00:18.7907 (StateSyncRequestHandler.cs:36) 当前没有其他玩家在线，无需广播状态同步消息
2025-11-28 20:00:18.8915 (StateSyncRequestHandler.cs:36) 当前没有其他玩家在线，无需广播状态同步消息
2025-11-28 20:00:18.9918 (StateSyncRequestHandler.cs:36) 当前没有其他玩家在线，无需广播状态同步消息
2025-11-28 20:00:19.0977 (StateSyncRequestHandler.cs:36) 当前没有其他玩家在线，无需广播状态同步消息
2025-11-28 20:00:19.1974 (StateSyncRequestHandler.cs:36) 当前没有其他玩家在线，无需广播状态同步消息
2025-11-28 20:00:19.2945 (StateSyncRequestHandler.cs:36) 当前没有其他玩家在线，无需广播状态同步消息
2025-11-28 20:00:19.3980 (StateSyncRequestHandler.cs:36) 当前没有其他玩家在线，无需广播状态同步消息
2025-11-28 20:00:19.4909 (StateSyncRequestHandler.cs:36) 当前没有其他玩家在线，无需广播状态同步消息
2025-11-28 20:00:19.5978 (StateSyncRequestHandler.cs:36) 当前没有其他玩家在线，无需广播状态同步消息
2025-11-28 20:00:19.6937 (StateSyncRequestHandler.cs:36) 当前没有其他玩家在线，无需广播状态同步消息
2025-11-28 20:00:19.7985 (StateSyncRequestHandler.cs:36) 当前没有其他玩家在线，无需广播状态同步消息
2025-11-28 20:00:19.8972 (StateSyncRequestHandler.cs:36) 当前没有其他玩家在线，无需广播状态同步消息
2025-11-28 20:00:19.9902 (StateSyncRequestHandler.cs:36) 当前没有其他玩家在线，无需广播状态同步消息
2025-11-28 20:00:20.0952 (StateSyncRequestHandler.cs:36) 当前没有其他玩家在线，无需广播状态同步消息
2025-11-28 20:00:20.1917 (StateSyncRequestHandler.cs:36) 当前没有其他玩家在线，无需广播状态同步消息
2025-11-28 20:00:20.2967 (StateSyncRequestHandler.cs:36) 当前没有其他玩家在线，无需广播状态同步消息
2025-11-28 20:00:20.3896 (StateSyncRequestHandler.cs:36) 当前没有其他玩家在线，无需广播状态同步消息
2025-11-28 20:00:20.4945 (StateSyncRequestHandler.cs:36) 当前没有其他玩家在线，无需广播状态同步消息
2025-11-28 20:00:20.5884 (StateSyncRequestHandler.cs:36) 当前没有其他玩家在线，无需广播状态同步消息
2025-11-28 20:00:20.6978 (StateSyncRequestHandler.cs:36) 当前没有其他玩家在线，无需广播状态同步消息
2025-11-28 20:00:20.7942 (StateSyncRequestHandler.cs:36) 当前没有其他玩家在线，无需广播状态同步消息
2025-11-28 20:00:20.8947 (StateSyncRequestHandler.cs:36) 当前没有其他玩家在线，无需广播状态同步消息
2025-11-28 20:00:20.9944 (StateSyncRequestHandler.cs:36) 当前没有其他玩家在线，无需广播状态同步消息
2025-11-28 20:00:21.0942 (StateSyncRequestHandler.cs:36) 当前没有其他玩家在线，无需广播状态同步消息
2025-11-28 20:00:21.1895 (StateSyncRequestHandler.cs:36) 当前没有其他玩家在线，无需广播状态同步消息
2025-11-28 20:00:21.2923 (StateSyncRequestHandler.cs:36) 当前没有其他玩家在线，无需广播状态同步消息
2025-11-28 20:00:21.3906 (StateSyncRequestHandler.cs:36) 当前没有其他玩家在线，无需广播状态同步消息
2025-11-28 20:00:21.4949 (StateSyncRequestHandler.cs:36) 当前没有其他玩家在线，无需广播状态同步消息
2025-11-28 20:00:21.5897 (StateSyncRequestHandler.cs:36) 当前没有其他玩家在线，无需广播状态同步消息
2025-11-28 20:00:21.6954 (StateSyncRequestHandler.cs:36) 当前没有其他玩家在线，无需广播状态同步消息
2025-11-28 20:00:21.7912 (StateSyncRequestHandler.cs:36) 当前没有其他玩家在线，无需广播状态同步消息
2025-11-28 20:00:21.8921 (StateSyncRequestHandler.cs:36) 当前没有其他玩家在线，无需广播状态同步消息
2025-11-28 20:00:21.9900 (StateSyncRequestHandler.cs:36) 当前没有其他玩家在线，无需广播状态同步消息
2025-11-28 20:00:22.0938 (StateSyncRequestHandler.cs:36) 当前没有其他玩家在线，无需广播状态同步消息
2025-11-28 20:00:22.1986 (StateSyncRequestHandler.cs:36) 当前没有其他玩家在线，无需广播状态同步消息
2025-11-28 20:00:22.2959 (StateSyncRequestHandler.cs:36) 当前没有其他玩家在线，无需广播状态同步消息
2025-11-28 20:00:22.3980 (StateSyncRequestHandler.cs:36) 当前没有其他玩家在线，无需广播状态同步消息
2025-11-28 20:00:22.4881 (StateSyncRequestHandler.cs:36) 当前没有其他玩家在线，无需广播状态同步消息
2025-11-28 20:00:22.5987 (StateSyncRequestHandler.cs:36) 当前没有其他玩家在线，无需广播状态同步消息
2025-11-28 20:00:22.6925 (StateSyncRequestHandler.cs:36) 当前没有其他玩家在线，无需广播状态同步消息
2025-11-28 20:00:25.7009 (StateSyncRequestHandler.cs:36) 当前没有其他玩家在线，无需广播状态同步消息
2025-11-28 20:00:25.7983 (StateSyncRequestHandler.cs:36) 当前没有其他玩家在线，无需广播状态同步消息
2025-11-28 20:00:25.8934 (StateSyncRequestHandler.cs:36) 当前没有其他玩家在线，无需广播状态同步消息
2025-11-28 20:00:25.9890 (StateSyncRequestHandler.cs:36) 当前没有其他玩家在线，无需广播状态同步消息
2025-11-28 20:00:26.0916 (StateSyncRequestHandler.cs:36) 当前没有其他玩家在线，无需广播状态同步消息
2025-11-28 20:00:26.1975 (StateSyncRequestHandler.cs:36) 当前没有其他玩家在线，无需广播状态同步消息
2025-11-28 20:00:26.2949 (StateSyncRequestHandler.cs:36) 当前没有其他玩家在线，无需广播状态同步消息
2025-11-28 20:00:26.3908 (StateSyncRequestHandler.cs:36) 当前没有其他玩家在线，无需广播状态同步消息
2025-11-28 20:00:26.4996 (StateSyncRequestHandler.cs:36) 当前没有其他玩家在线，无需广播状态同步消息
2025-11-28 20:00:26.6008 (StateSyncRequestHandler.cs:36) 当前没有其他玩家在线，无需广播状态同步消息
2025-11-28 20:00:26.6944 (StateSyncRequestHandler.cs:36) 当前没有其他玩家在线，无需广播状态同步消息
2025-11-28 20:00:26.7996 (StateSyncRequestHandler.cs:36) 当前没有其他玩家在线，无需广播状态同步消息
2025-11-28 20:00:26.8899 (StateSyncRequestHandler.cs:36) 当前没有其他玩家在线，无需广播状态同步消息
2025-11-28 20:00:26.9987 (StateSyncRequestHandler.cs:36) 当前没有其他玩家在线，无需广播状态同步消息
2025-11-28 20:00:27.0939 (StateSyncRequestHandler.cs:36) 当前没有其他玩家在线，无需广播状态同步消息
2025-11-28 20:00:27.1994 (StateSyncRequestHandler.cs:36) 当前没有其他玩家在线，无需广播状态同步消息
2025-11-28 20:00:27.2925  当前没有其他玩家在线，无需广播状态同步消息
2025-11-28 20:00:27.3965  当前没有其他玩家在线，无需广播状态同步消息
2025-11-28 20:00:27.4942  当前没有其他玩家在线，无需广播状态同步消息
2025-11-28 20:00:27.5910  当前没有其他玩家在线，无需广播状态同步消息
2025-11-28 20:00:27.6982  当前没有其他玩家在线，无需广播状态同步消息
2025-11-28 20:00:27.7986  当前没有其他玩家在线，无需广播状态同步消息
2025-11-28 20:00:27.8970  当前没有其他玩家在线，无需广播状态同步消息
2025-11-28 20:00:27.9944  当前没有其他玩家在线，无需广播状态同步消息
2025-11-28 20:00:28.0893  当前没有其他玩家在线，无需广播状态同步消息
2025-11-28 20:00:28.1979  当前没有其他玩家在线，无需广播状态同步消息
2025-11-28 20:00:28.2911  当前没有其他玩家在线，无需广播状态同步消息
2025-11-28 20:00:28.3984  当前没有其他玩家在线，无需广播状态同步消息
2025-11-28 20:00:28.4959  当前没有其他玩家在线，无需广播状态同步消息
2025-11-28 20:00:28.5932  当前没有其他玩家在线，无需广播状态同步消息
2025-11-28 20:00:28.7026  当前没有其他玩家在线，无需广播状态同步消息
2025-11-28 20:00:28.7967  当前没有其他玩家在线，无需广播状态同步消息
2025-11-28 20:00:28.8969  当前没有其他玩家在线，无需广播状态同步消息
2025-11-28 20:00:28.9902  当前没有其他玩家在线，无需广播状态同步消息
2025-11-28 20:00:29.0934  当前没有其他玩家在线，无需广播状态同步消息
2025-11-28 20:00:29.1967  当前没有其他玩家在线，无需广播状态同步消息
2025-11-28 20:00:29.2899  当前没有其他玩家在线，无需广播状态同步消息
2025-11-28 20:00:29.3948  当前没有其他玩家在线，无需广播状态同步消息
2025-11-28 20:00:29.4977  当前没有其他玩家在线，无需广播状态同步消息
2025-11-28 20:00:29.5924  当前没有其他玩家在线，无需广播状态同步消息
2025-11-28 20:00:29.6895  当前没有其他玩家在线，无需广播状态同步消息
2025-11-28 20:00:29.7933  当前没有其他玩家在线，无需广播状态同步消息
2025-11-28 20:00:29.8995  当前没有其他玩家在线，无需广播状态同步消息
2025-11-28 20:00:29.9933  当前没有其他玩家在线，无需广播状态同步消息
2025-11-28 20:00:30.0965  当前没有其他玩家在线，无需广播状态同步消息
2025-11-28 20:00:30.1912  当前没有其他玩家在线，无需广播状态同步消息
2025-11-28 20:00:30.2980  当前没有其他玩家在线，无需广播状态同步消息
2025-11-28 20:00:30.3967  当前没有其他玩家在线，无需广播状态同步消息
2025-11-28 20:00:30.4895  当前没有其他玩家在线，无需广播状态同步消息
2025-11-28 20:00:30.5944  当前没有其他玩家在线，无需广播状态同步消息
2025-11-28 20:00:30.6912  当前没有其他玩家在线，无需广播状态同步消息
2025-11-28 20:00:30.7898  当前没有其他玩家在线，无需广播状态同步消息
2025-11-28 20:00:30.8909  当前没有其他玩家在线，无需广播状态同步消息
2025-11-28 20:00:30.9949  当前没有其他玩家在线，无需广播状态同步消息
2025-11-28 20:00:31.0966  当前没有其他玩家在线，无需广播状态同步消息
2025-11-28 20:00:31.2001  当前没有其他玩家在线，无需广播状态同步消息
2025-11-28 20:00:31.2953  当前没有其他玩家在线，无需广播状态同步消息
2025-11-28 20:00:31.3973  当前没有其他玩家在线，无需广播状态同步消息
2025-11-28 20:00:31.4909  当前没有其他玩家在线，无需广播状态同步消息
2025-11-28 20:00:31.6033  当前没有其他玩家在线，无需广播状态同步消息
2025-11-28 20:00:31.6976  当前没有其他玩家在线，无需广播状态同步消息
2025-11-28 20:00:31.7961  当前没有其他玩家在线，无需广播状态同步消息
2025-11-28 20:00:31.8976  当前没有其他玩家在线，无需广播状态同步消息
2025-11-28 20:00:31.9935  当前没有其他玩家在线，无需广播状态同步消息
2025-11-28 20:00:32.0925  当前没有其他玩家在线，无需广播状态同步消息
2025-11-28 20:00:32.1900  当前没有其他玩家在线，无需广播状态同步消息
2025-11-28 20:00:32.2986  当前没有其他玩家在线，无需广播状态同步消息
2025-11-28 20:00:32.3953  当前没有其他玩家在线，无需广播状态同步消息
2025-11-28 20:00:32.4965  当前没有其他玩家在线，无需广播状态同步消息
2025-11-28 20:00:32.5996  当前没有其他玩家在线，无需广播状态同步消息
2025-11-28 20:00:32.6981  当前没有其他玩家在线，无需广播状态同步消息
2025-11-28 20:00:32.7939  当前没有其他玩家在线，无需广播状态同步消息
2025-11-28 20:00:32.8896  当前没有其他玩家在线，无需广播状态同步消息
2025-11-28 20:00:32.9905  当前没有其他玩家在线，无需广播状态同步消息
2025-11-28 20:00:33.0978  当前没有其他玩家在线，无需广播状态同步消息
2025-11-28 20:00:33.1921  当前没有其他玩家在线，无需广播状态同步消息
2025-11-28 20:00:33.2965  当前没有其他玩家在线，无需广播状态同步消息
2025-11-28 20:00:33.3992  当前没有其他玩家在线，无需广播状态同步消息
2025-11-28 20:00:33.4901  当前没有其他玩家在线，无需广播状态同步消息
2025-11-28 20:00:33.5940  当前没有其他玩家在线，无需广播状态同步消息
2025-11-28 20:00:33.6981  当前没有其他玩家在线，无需广播状态同步消息
2025-11-28 20:00:33.7979  当前没有其他玩家在线，无需广播状态同步消息
2025-11-28 20:00:33.8922  当前没有其他玩家在线，无需广播状态同步消息
2025-11-28 20:00:33.9971  当前没有其他玩家在线，无需广播状态同步消息
2025-11-28 20:00:34.0923  当前没有其他玩家在线，无需广播状态同步消息
2025-11-28 20:00:34.1990  当前没有其他玩家在线，无需广播状态同步消息
2025-11-28 20:00:34.2973  当前没有其他玩家在线，无需广播状态同步消息
2025-11-28 20:00:34.3937  当前没有其他玩家在线，无需广播状态同步消息
2025-11-28 20:00:34.4969  当前没有其他玩家在线，无需广播状态同步消息
2025-11-28 20:00:34.5907  当前没有其他玩家在线，无需广播状态同步消息
2025-11-28 20:00:34.6998  当前没有其他玩家在线，无需广播状态同步消息
2025-11-28 20:00:34.7974  当前没有其他玩家在线，无需广播状态同步消息
2025-11-28 20:00:34.8978  当前没有其他玩家在线，无需广播状态同步消息
2025-11-28 20:00:34.9972  当前没有其他玩家在线，无需广播状态同步消息
2025-11-28 20:00:35.0927  当前没有其他玩家在线，无需广播状态同步消息
2025-11-28 20:00:35.1891  当前没有其他玩家在线，无需广播状态同步消息
2025-11-28 20:00:35.2944  当前没有其他玩家在线，无需广播状态同步消息
2025-11-28 20:00:35.3904  当前没有其他玩家在线，无需广播状态同步消息
2025-11-28 20:00:35.4966  当前没有其他玩家在线，无需广播状态同步消息
2025-11-28 20:00:35.5895  当前没有其他玩家在线，无需广播状态同步消息
2025-11-28 20:00:35.6905  当前没有其他玩家在线，无需广播状态同步消息
2025-11-28 20:00:35.7941  当前没有其他玩家在线，无需广播状态同步消息
2025-11-28 20:00:35.8985  当前没有其他玩家在线，无需广播状态同步消息
2025-11-28 20:00:35.9970  当前没有其他玩家在线，无需广播状态同步消息
2025-11-28 20:00:36.0898  当前没有其他玩家在线，无需广播状态同步消息
2025-11-28 20:00:36.1951  当前没有其他玩家在线，无需广播状态同步消息
2025-11-28 20:00:36.2901  当前没有其他玩家在线，无需广播状态同步消息
2025-11-28 20:00:36.3977  当前没有其他玩家在线，无需广播状态同步消息
2025-11-28 20:00:36.4992  当前没有其他玩家在线，无需广播状态同步消息
2025-11-28 20:00:36.5907  当前没有其他玩家在线，无需广播状态同步消息
2025-11-28 20:00:36.6980  当前没有其他玩家在线，无需广播状态同步消息
2025-11-28 20:00:36.7965  当前没有其他玩家在线，无需广播状态同步消息
2025-11-28 20:00:36.8949  当前没有其他玩家在线，无需广播状态同步消息
2025-11-28 20:00:36.9999  当前没有其他玩家在线，无需广播状态同步消息
2025-11-28 20:00:37.0987  当前没有其他玩家在线，无需广播状态同步消息
2025-11-28 20:00:37.1920  当前没有其他玩家在线，无需广播状态同步消息
2025-11-28 20:00:37.2925  当前没有其他玩家在线，无需广播状态同步消息
2025-11-28 20:00:37.3994  当前没有其他玩家在线，无需广播状态同步消息
2025-11-28 20:00:37.4979  当前没有其他玩家在线，无需广播状态同步消息
2025-11-28 20:00:37.5972  当前没有其他玩家在线，无需广播状态同步消息
2025-11-28 20:00:37.6970  当前没有其他玩家在线，无需广播状态同步消息
2025-11-28 20:00:37.7978  当前没有其他玩家在线，无需广播状态同步消息
2025-11-28 20:00:37.8995  当前没有其他玩家在线，无需广播状态同步消息
2025-11-28 20:00:37.9965  当前没有其他玩家在线，无需广播状态同步消息
2025-11-28 20:00:38.0988  当前没有其他玩家在线，无需广播状态同步消息
2025-11-28 20:00:38.1897  当前没有其他玩家在线，无需广播状态同步消息
2025-11-28 20:00:38.2924  当前没有其他玩家在线，无需广播状态同步消息
2025-11-28 20:00:38.3919  当前没有其他玩家在线，无需广播状态同步消息
2025-11-28 20:00:38.4917  当前没有其他玩家在线，无需广播状态同步消息
2025-11-28 20:00:38.5973  当前没有其他玩家在线，无需广播状态同步消息
2025-11-28 20:00:38.6932  当前没有其他玩家在线，无需广播状态同步消息
2025-11-28 20:00:38.7912  当前没有其他玩家在线，无需广播状态同步消息
2025-11-28 20:00:38.8967  当前没有其他玩家在线，无需广播状态同步消息
2025-11-28 20:00:39.0004  当前没有其他玩家在线，无需广播状态同步消息
2025-11-28 20:00:39.0945  当前没有其他玩家在线，无需广播状态同步消息
2025-11-28 20:00:39.1920  当前没有其他玩家在线，无需广播状态同步消息
2025-11-28 20:00:39.2985  当前没有其他玩家在线，无需广播状态同步消息
2025-11-28 20:00:39.3965  当前没有其他玩家在线，无需广播状态同步消息
2025-11-28 20:00:39.4969  当前没有其他玩家在线，无需广播状态同步消息
2025-11-28 20:00:39.5967  当前没有其他玩家在线，无需广播状态同步消息
2025-11-28 20:00:39.6984  当前没有其他玩家在线，无需广播状态同步消息
2025-11-28 20:00:39.7968  当前没有其他玩家在线，无需广播状态同步消息
2025-11-28 20:00:39.8953  当前没有其他玩家在线，无需广播状态同步消息
2025-11-28 20:00:40.0006  当前没有其他玩家在线，无需广播状态同步消息
2025-11-28 20:00:40.0932  当前没有其他玩家在线，无需广播状态同步消息
2025-11-28 20:00:40.1960  当前没有其他玩家在线，无需广播状态同步消息
2025-11-28 20:00:40.2979  当前没有其他玩家在线，无需广播状态同步消息
2025-11-28 20:00:40.3919  当前没有其他玩家在线，无需广播状态同步消息
2025-11-28 20:00:40.4903  当前没有其他玩家在线，无需广播状态同步消息
2025-11-28 20:00:40.5976  当前没有其他玩家在线，无需广播状态同步消息
2025-11-28 20:00:40.6906  当前没有其他玩家在线，无需广播状态同步消息
2025-11-28 20:00:40.7976  当前没有其他玩家在线，无需广播状态同步消息
2025-11-28 20:00:40.8961  当前没有其他玩家在线，无需广播状态同步消息
2025-11-28 20:00:40.9908  当前没有其他玩家在线，无需广播状态同步消息
2025-11-28 20:00:41.0891  当前没有其他玩家在线，无需广播状态同步消息
2025-11-28 20:00:41.1984  当前没有其他玩家在线，无需广播状态同步消息
2025-11-28 20:00:41.2904  当前没有其他玩家在线，无需广播状态同步消息
2025-11-28 20:00:41.3901  当前没有其他玩家在线，无需广播状态同步消息
2025-11-28 20:00:41.4990  当前没有其他玩家在线，无需广播状态同步消息
2025-11-28 20:00:41.5970  当前没有其他玩家在线，无需广播状态同步消息
2025-11-28 20:00:41.6911  当前没有其他玩家在线，无需广播状态同步消息
2025-11-28 20:00:41.7929  当前没有其他玩家在线，无需广播状态同步消息
2025-11-28 20:00:41.8985  当前没有其他玩家在线，无需广播状态同步消息
2025-11-28 20:00:41.9945  当前没有其他玩家在线，无需广播状态同步消息
2025-11-28 20:00:42.0992  当前没有其他玩家在线，无需广播状态同步消息
2025-11-28 20:00:42.1903  当前没有其他玩家在线，无需广播状态同步消息
2025-11-28 20:00:42.2954  当前没有其他玩家在线，无需广播状态同步消息
2025-11-28 20:00:42.3990  当前没有其他玩家在线，无需广播状态同步消息
2025-11-28 20:00:42.4952  当前没有其他玩家在线，无需广播状态同步消息
2025-11-28 20:00:42.5907  当前没有其他玩家在线，无需广播状态同步消息
2025-11-28 20:00:42.6968  当前没有其他玩家在线，无需广播状态同步消息
2025-11-28 20:00:42.7972  当前没有其他玩家在线，无需广播状态同步消息
2025-11-28 20:04:20.5090 (EntryLobbyRequestHandler.cs:65) 玩家上次上线位置：x:5.566504, y:0, z:4.802095
2025-11-28 20:04:20.5090 (EntryLobbyRequestHandler.cs:83) 当前没有其他玩家在线，无需广播
2025-11-28 20:04:21.7943 (StateSyncRequestHandler.cs:36) 当前没有其他玩家在线，无需广播状态同步消息
2025-11-28 20:04:21.8787 (StateSyncRequestHandler.cs:36) 当前没有其他玩家在线，无需广播状态同步消息
2025-11-28 20:04:21.9817 (StateSyncRequestHandler.cs:36) 当前没有其他玩家在线，无需广播状态同步消息
2025-11-28 20:04:22.0900 (StateSyncRequestHandler.cs:36) 当前没有其他玩家在线，无需广播状态同步消息
2025-11-28 20:04:22.1840 (StateSyncRequestHandler.cs:36) 当前没有其他玩家在线，无需广播状态同步消息
2025-11-28 20:04:22.2792 (StateSyncRequestHandler.cs:36) 当前没有其他玩家在线，无需广播状态同步消息
2025-11-28 20:04:22.3768 (StateSyncRequestHandler.cs:36) 当前没有其他玩家在线，无需广播状态同步消息
2025-11-28 20:04:22.4806 (StateSyncRequestHandler.cs:36) 当前没有其他玩家在线，无需广播状态同步消息
2025-11-28 20:04:22.5820 (StateSyncRequestHandler.cs:36) 当前没有其他玩家在线，无需广播状态同步消息
2025-11-28 20:04:22.6850 (StateSyncRequestHandler.cs:36) 当前没有其他玩家在线，无需广播状态同步消息
2025-11-28 20:04:22.9804 (StateSyncRequestHandler.cs:36) 当前没有其他玩家在线，无需广播状态同步消息
2025-11-28 20:04:23.0790 (StateSyncRequestHandler.cs:36) 当前没有其他玩家在线，无需广播状态同步消息
2025-11-28 20:04:23.1823 (StateSyncRequestHandler.cs:36) 当前没有其他玩家在线，无需广播状态同步消息
2025-11-28 20:04:23.2776 (StateSyncRequestHandler.cs:36) 当前没有其他玩家在线，无需广播状态同步消息
2025-11-28 20:04:23.3851 (StateSyncRequestHandler.cs:36) 当前没有其他玩家在线，无需广播状态同步消息
2025-11-28 20:04:23.4815 (StateSyncRequestHandler.cs:36) 当前没有其他玩家在线，无需广播状态同步消息
2025-11-28 20:04:23.5771 (StateSyncRequestHandler.cs:36) 当前没有其他玩家在线，无需广播状态同步消息
2025-11-28 20:04:23.6807 (StateSyncRequestHandler.cs:36) 当前没有其他玩家在线，无需广播状态同步消息
2025-11-28 20:04:23.7785 (StateSyncRequestHandler.cs:36) 当前没有其他玩家在线，无需广播状态同步消息
2025-11-28 20:04:23.8807 (StateSyncRequestHandler.cs:36) 当前没有其他玩家在线，无需广播状态同步消息
2025-11-28 20:04:23.9806 (StateSyncRequestHandler.cs:36) 当前没有其他玩家在线，无需广播状态同步消息
2025-11-28 20:04:24.0841 (StateSyncRequestHandler.cs:36) 当前没有其他玩家在线，无需广播状态同步消息
2025-11-28 20:04:24.1853 (StateSyncRequestHandler.cs:36) 当前没有其他玩家在线，无需广播状态同步消息
2025-11-28 20:04:24.2765 (StateSyncRequestHandler.cs:36) 当前没有其他玩家在线，无需广播状态同步消息
2025-11-28 20:04:24.3843 (StateSyncRequestHandler.cs:36) 当前没有其他玩家在线，无需广播状态同步消息
2025-11-28 20:04:24.4839 (StateSyncRequestHandler.cs:36) 当前没有其他玩家在线，无需广播状态同步消息
2025-11-28 20:04:24.5808 (StateSyncRequestHandler.cs:36) 当前没有其他玩家在线，无需广播状态同步消息
2025-11-28 20:04:24.6762 (StateSyncRequestHandler.cs:36) 当前没有其他玩家在线，无需广播状态同步消息
2025-11-28 20:04:24.7808 (StateSyncRequestHandler.cs:36) 当前没有其他玩家在线，无需广播状态同步消息
2025-11-28 20:04:24.8774 (StateSyncRequestHandler.cs:36) 当前没有其他玩家在线，无需广播状态同步消息
2025-11-28 20:04:24.9829 (StateSyncRequestHandler.cs:36) 当前没有其他玩家在线，无需广播状态同步消息
2025-11-28 20:04:25.0784 (StateSyncRequestHandler.cs:36) 当前没有其他玩家在线，无需广播状态同步消息
2025-11-28 20:04:25.1830 (StateSyncRequestHandler.cs:36) 当前没有其他玩家在线，无需广播状态同步消息
2025-11-28 20:04:25.2755 (StateSyncRequestHandler.cs:36) 当前没有其他玩家在线，无需广播状态同步消息
2025-11-28 20:04:49.3916 (SessionDisposeComponentSystem.cs:28) 当前服务器上没有其他玩家在线，无需广播下线消息
2025-11-28 20:04:49.4747 (SessionDisposeComponentSystem.cs:77) 账号ID:490676460229754881 数据已保存到数据库
2025-11-28 20:04:49.4747 (SessionDisposeComponentSystem.cs:34) 玩家ID:490676460229754881 下线成功 , 下线位置:x:6.978864, y:0, z:0.1487804
2025-11-28 20:05:33.1829 (EntryLobbyRequestHandler.cs:65) 玩家上次上线位置：x:6.978864, y:0, z:0.1487804
2025-11-28 20:05:33.1829 (EntryLobbyRequestHandler.cs:83) 当前没有其他玩家在线，无需广播
2025-11-28 20:05:34.0105 (StateSyncRequestHandler.cs:36) 当前没有其他玩家在线，无需广播状态同步消息
2025-11-28 20:05:34.1130 (StateSyncRequestHandler.cs:36) 当前没有其他玩家在线，无需广播状态同步消息
2025-11-28 20:05:34.2102 (StateSyncRequestHandler.cs:36) 当前没有其他玩家在线，无需广播状态同步消息
2025-11-28 20:07:03.0593 (SessionDisposeComponentSystem.cs:28) 当前服务器上没有其他玩家在线，无需广播下线消息
2025-11-28 20:07:03.0593 (SessionDisposeComponentSystem.cs:77) 账号ID:490676460229754881 数据已保存到数据库
2025-11-28 20:07:03.0593 (SessionDisposeComponentSystem.cs:34) 玩家ID:490676460229754881 下线成功 , 下线位置:x:6.945243, y:0, z:0.5469794
2025-11-28 20:20:07.8561 (EntryLobbyRequestHandler.cs:65) 玩家上次上线位置：x:6.945243, y:0, z:0.5469794
2025-11-28 20:20:07.8561 (EntryLobbyRequestHandler.cs:83) 当前没有其他玩家在线，无需广播
2025-11-28 20:20:08.8969 (StateSyncRequestHandler.cs:36) 当前没有其他玩家在线，无需广播状态同步消息
2025-11-28 20:20:08.9831 (StateSyncRequestHandler.cs:36) 当前没有其他玩家在线，无需广播状态同步消息
2025-11-28 20:20:09.0846 (StateSyncRequestHandler.cs:36) 当前没有其他玩家在线，无需广播状态同步消息
2025-11-28 20:20:09.1898 (StateSyncRequestHandler.cs:36) 当前没有其他玩家在线，无需广播状态同步消息
2025-11-28 20:20:09.2930 (StateSyncRequestHandler.cs:36) 当前没有其他玩家在线，无需广播状态同步消息
2025-11-28 20:20:09.3844 (StateSyncRequestHandler.cs:36) 当前没有其他玩家在线，无需广播状态同步消息
2025-11-28 20:20:09.4930 (StateSyncRequestHandler.cs:36) 当前没有其他玩家在线，无需广播状态同步消息
2025-11-28 20:20:09.5847 (StateSyncRequestHandler.cs:36) 当前没有其他玩家在线，无需广播状态同步消息
2025-11-28 20:20:09.6871 (StateSyncRequestHandler.cs:36) 当前没有其他玩家在线，无需广播状态同步消息
2025-11-28 20:20:09.7866 (StateSyncRequestHandler.cs:36) 当前没有其他玩家在线，无需广播状态同步消息
2025-11-28 20:20:09.8883 (StateSyncRequestHandler.cs:36) 当前没有其他玩家在线，无需广播状态同步消息
2025-11-28 20:20:09.9902 (StateSyncRequestHandler.cs:36) 当前没有其他玩家在线，无需广播状态同步消息
2025-11-28 20:20:10.0888 (StateSyncRequestHandler.cs:36) 当前没有其他玩家在线，无需广播状态同步消息
2025-11-28 20:20:10.1876 (StateSyncRequestHandler.cs:36) 当前没有其他玩家在线，无需广播状态同步消息
2025-11-28 20:20:10.3858 (StateSyncRequestHandler.cs:36) 当前没有其他玩家在线，无需广播状态同步消息
2025-11-28 20:20:10.4835 (StateSyncRequestHandler.cs:36) 当前没有其他玩家在线，无需广播状态同步消息
2025-11-28 20:20:10.5875 (StateSyncRequestHandler.cs:36) 当前没有其他玩家在线，无需广播状态同步消息
2025-11-28 20:20:10.6858 (StateSyncRequestHandler.cs:36) 当前没有其他玩家在线，无需广播状态同步消息
2025-11-28 20:20:10.7937 (StateSyncRequestHandler.cs:36) 当前没有其他玩家在线，无需广播状态同步消息
2025-11-28 20:20:10.8817 (StateSyncRequestHandler.cs:36) 当前没有其他玩家在线，无需广播状态同步消息
2025-11-28 20:20:10.9858 (StateSyncRequestHandler.cs:36) 当前没有其他玩家在线，无需广播状态同步消息
2025-11-28 20:20:11.0865 (StateSyncRequestHandler.cs:36) 当前没有其他玩家在线，无需广播状态同步消息
2025-11-28 20:20:11.1832 (StateSyncRequestHandler.cs:36) 当前没有其他玩家在线，无需广播状态同步消息
2025-11-28 20:20:11.2870 (StateSyncRequestHandler.cs:36) 当前没有其他玩家在线，无需广播状态同步消息
2025-11-28 20:20:11.3842 (StateSyncRequestHandler.cs:36) 当前没有其他玩家在线，无需广播状态同步消息
2025-11-28 20:20:11.4857 (StateSyncRequestHandler.cs:36) 当前没有其他玩家在线，无需广播状态同步消息
2025-11-28 20:20:17.5847 (StateSyncRequestHandler.cs:36) 当前没有其他玩家在线，无需广播状态同步消息
2025-11-28 20:20:17.6910 (StateSyncRequestHandler.cs:36) 当前没有其他玩家在线，无需广播状态同步消息
2025-11-28 20:20:17.7892 (StateSyncRequestHandler.cs:36) 当前没有其他玩家在线，无需广播状态同步消息
2025-11-28 20:20:17.8919 (StateSyncRequestHandler.cs:36) 当前没有其他玩家在线，无需广播状态同步消息
2025-11-28 20:20:17.9898 (StateSyncRequestHandler.cs:36) 当前没有其他玩家在线，无需广播状态同步消息
2025-11-28 20:20:18.0888 (StateSyncRequestHandler.cs:36) 当前没有其他玩家在线，无需广播状态同步消息
2025-11-28 20:20:18.1877 (StateSyncRequestHandler.cs:36) 当前没有其他玩家在线，无需广播状态同步消息
2025-11-28 20:20:18.2876 (StateSyncRequestHandler.cs:36) 当前没有其他玩家在线，无需广播状态同步消息
2025-11-28 20:20:18.3903 (StateSyncRequestHandler.cs:36) 当前没有其他玩家在线，无需广播状态同步消息
2025-11-28 20:20:18.4834 (StateSyncRequestHandler.cs:36) 当前没有其他玩家在线，无需广播状态同步消息
2025-11-28 20:20:18.5922 (StateSyncRequestHandler.cs:36) 当前没有其他玩家在线，无需广播状态同步消息
2025-11-28 20:20:18.6925 (StateSyncRequestHandler.cs:36) 当前没有其他玩家在线，无需广播状态同步消息
2025-11-28 20:20:18.7871 (StateSyncRequestHandler.cs:36) 当前没有其他玩家在线，无需广播状态同步消息
2025-11-28 20:20:18.8867 (StateSyncRequestHandler.cs:36) 当前没有其他玩家在线，无需广播状态同步消息
2025-11-28 20:20:18.9910 (StateSyncRequestHandler.cs:36) 当前没有其他玩家在线，无需广播状态同步消息
2025-11-28 20:20:19.0878 (StateSyncRequestHandler.cs:36) 当前没有其他玩家在线，无需广播状态同步消息
2025-11-28 20:20:19.1848 (StateSyncRequestHandler.cs:36) 当前没有其他玩家在线，无需广播状态同步消息
2025-11-28 20:20:19.2896 (StateSyncRequestHandler.cs:36) 当前没有其他玩家在线，无需广播状态同步消息
2025-11-28 20:20:19.3882 (StateSyncRequestHandler.cs:36) 当前没有其他玩家在线，无需广播状态同步消息
2025-11-28 20:20:19.4943 (StateSyncRequestHandler.cs:36) 当前没有其他玩家在线，无需广播状态同步消息
2025-11-28 20:20:19.5917 (StateSyncRequestHandler.cs:36) 当前没有其他玩家在线，无需广播状态同步消息
2025-11-28 20:20:19.6846 (StateSyncRequestHandler.cs:36) 当前没有其他玩家在线，无需广播状态同步消息
2025-11-28 20:20:19.7888 (StateSyncRequestHandler.cs:36) 当前没有其他玩家在线，无需广播状态同步消息
2025-11-28 20:20:19.8823 (StateSyncRequestHandler.cs:36) 当前没有其他玩家在线，无需广播状态同步消息
2025-11-28 20:20:19.9950 (StateSyncRequestHandler.cs:36) 当前没有其他玩家在线，无需广播状态同步消息
2025-11-28 20:20:20.0855 (StateSyncRequestHandler.cs:36) 当前没有其他玩家在线，无需广播状态同步消息
2025-11-28 20:20:20.1874 (StateSyncRequestHandler.cs:36) 当前没有其他玩家在线，无需广播状态同步消息
2025-11-28 20:20:20.2831 (StateSyncRequestHandler.cs:36) 当前没有其他玩家在线，无需广播状态同步消息
2025-11-28 20:20:20.3944 (StateSyncRequestHandler.cs:36) 当前没有其他玩家在线，无需广播状态同步消息
2025-11-28 20:20:20.4843 (StateSyncRequestHandler.cs:36) 当前没有其他玩家在线，无需广播状态同步消息
2025-11-28 20:20:20.5824 (StateSyncRequestHandler.cs:36) 当前没有其他玩家在线，无需广播状态同步消息
2025-11-28 20:20:20.6859 (StateSyncRequestHandler.cs:36) 当前没有其他玩家在线，无需广播状态同步消息
2025-11-28 20:20:20.7931 (StateSyncRequestHandler.cs:36) 当前没有其他玩家在线，无需广播状态同步消息
2025-11-28 20:20:20.8864 (StateSyncRequestHandler.cs:36) 当前没有其他玩家在线，无需广播状态同步消息
2025-11-28 20:20:20.9817  当前没有其他玩家在线，无需广播状态同步消息
2025-11-28 20:20:21.0902  当前没有其他玩家在线，无需广播状态同步消息
2025-11-28 20:20:21.1846  当前没有其他玩家在线，无需广播状态同步消息
2025-11-28 20:21:10.7927  当前没有其他玩家在线，无需广播状态同步消息
2025-11-28 20:21:10.8843  当前没有其他玩家在线，无需广播状态同步消息
2025-11-28 20:21:10.9861  当前没有其他玩家在线，无需广播状态同步消息
2025-11-28 20:21:11.0883  当前没有其他玩家在线，无需广播状态同步消息
2025-11-28 20:21:11.1885  当前没有其他玩家在线，无需广播状态同步消息
2025-11-28 20:21:11.2807  当前没有其他玩家在线，无需广播状态同步消息
2025-11-28 20:21:11.3831  当前没有其他玩家在线，无需广播状态同步消息
2025-11-28 20:21:11.4921  当前没有其他玩家在线，无需广播状态同步消息
2025-11-28 20:21:11.5912  当前没有其他玩家在线，无需广播状态同步消息
2025-11-28 20:21:11.6898  当前没有其他玩家在线，无需广播状态同步消息
2025-11-28 20:21:11.7837  当前没有其他玩家在线，无需广播状态同步消息
2025-11-28 20:21:11.8845  当前没有其他玩家在线，无需广播状态同步消息
2025-11-28 20:21:11.9871  当前没有其他玩家在线，无需广播状态同步消息
2025-11-28 20:21:12.6898  当前没有其他玩家在线，无需广播状态同步消息
2025-11-28 20:21:12.7897  当前没有其他玩家在线，无需广播状态同步消息
2025-11-28 20:21:12.8876  当前没有其他玩家在线，无需广播状态同步消息
2025-11-28 20:21:12.9886  当前没有其他玩家在线，无需广播状态同步消息
2025-11-28 20:21:13.0854  当前没有其他玩家在线，无需广播状态同步消息
2025-11-28 20:21:13.1905  当前没有其他玩家在线，无需广播状态同步消息
2025-11-28 20:21:13.2867  当前没有其他玩家在线，无需广播状态同步消息
2025-11-28 20:21:13.3835  当前没有其他玩家在线，无需广播状态同步消息
2025-11-28 20:21:13.4862  当前没有其他玩家在线，无需广播状态同步消息
2025-11-28 20:21:13.5936  当前没有其他玩家在线，无需广播状态同步消息
2025-11-28 20:21:13.6819  当前没有其他玩家在线，无需广播状态同步消息
2025-11-28 20:21:13.7917  当前没有其他玩家在线，无需广播状态同步消息
2025-11-28 20:21:13.8851  当前没有其他玩家在线，无需广播状态同步消息
2025-11-28 20:21:13.9899  当前没有其他玩家在线，无需广播状态同步消息
2025-11-28 20:21:14.0851  当前没有其他玩家在线，无需广播状态同步消息
2025-11-28 20:21:14.1918  当前没有其他玩家在线，无需广播状态同步消息
2025-11-28 20:21:14.2877  当前没有其他玩家在线，无需广播状态同步消息
2025-11-28 20:21:14.3841  当前没有其他玩家在线，无需广播状态同步消息
2025-11-28 20:21:14.4906  当前没有其他玩家在线，无需广播状态同步消息
2025-11-28 20:21:14.5909  当前没有其他玩家在线，无需广播状态同步消息
2025-11-28 20:47:34.2066 (EntryLobbyRequestHandler.cs:65) 玩家上次上线位置：x:-0.10115591, y:0, z:-6.2971416
2025-11-28 20:47:34.2066 (EntryLobbyRequestHandler.cs:83) 当前没有其他玩家在线，无需广播
2025-11-28 20:47:35.3299 (StateSyncRequestHandler.cs:36) 当前没有其他玩家在线，无需广播状态同步消息
2025-11-28 20:47:35.4235 (StateSyncRequestHandler.cs:36) 当前没有其他玩家在线，无需广播状态同步消息
2025-11-28 20:47:35.5208 (StateSyncRequestHandler.cs:36) 当前没有其他玩家在线，无需广播状态同步消息
2025-11-28 20:47:35.6212 (StateSyncRequestHandler.cs:36) 当前没有其他玩家在线，无需广播状态同步消息
2025-11-28 20:47:35.7198 (StateSyncRequestHandler.cs:36) 当前没有其他玩家在线，无需广播状态同步消息
2025-11-28 20:47:35.8229 (StateSyncRequestHandler.cs:36) 当前没有其他玩家在线，无需广播状态同步消息
2025-11-28 20:47:35.9179 (StateSyncRequestHandler.cs:36) 当前没有其他玩家在线，无需广播状态同步消息
2025-11-28 20:47:36.0280 (StateSyncRequestHandler.cs:36) 当前没有其他玩家在线，无需广播状态同步消息
2025-11-28 20:47:36.2267 (StateSyncRequestHandler.cs:36) 当前没有其他玩家在线，无需广播状态同步消息
2025-11-28 20:47:36.3210 (StateSyncRequestHandler.cs:36) 当前没有其他玩家在线，无需广播状态同步消息
2025-11-28 20:47:36.4249 (StateSyncRequestHandler.cs:36) 当前没有其他玩家在线，无需广播状态同步消息
2025-11-28 20:47:44.5054 (SessionDisposeComponentSystem.cs:28) 当前服务器上没有其他玩家在线，无需广播下线消息
2025-11-28 20:47:44.6115 (SessionDisposeComponentSystem.cs:77) 账号ID:490676460229754881 数据已保存到数据库
2025-11-28 20:47:44.6115 (SessionDisposeComponentSystem.cs:34) 玩家ID:490676460229754881 下线成功 , 下线位置:x:-1.2778732, y:0, z:-6.5353203
2025-11-28 20:48:13.1020 (EntryLobbyRequestHandler.cs:65) 玩家上次上线位置：x:-1.2778732, y:0, z:-6.5353203
2025-11-28 20:48:13.1020 (EntryLobbyRequestHandler.cs:83) 当前没有其他玩家在线，无需广播
2025-11-28 20:48:14.3582 (StateSyncRequestHandler.cs:36) 当前没有其他玩家在线，无需广播状态同步消息
2025-11-28 20:48:14.4458 (StateSyncRequestHandler.cs:36) 当前没有其他玩家在线，无需广播状态同步消息
2025-11-28 20:48:14.5636 (StateSyncRequestHandler.cs:36) 当前没有其他玩家在线，无需广播状态同步消息
2025-11-28 20:48:14.6515 (StateSyncRequestHandler.cs:36) 当前没有其他玩家在线，无需广播状态同步消息
2025-11-28 20:48:14.7502 (StateSyncRequestHandler.cs:36) 当前没有其他玩家在线，无需广播状态同步消息
2025-11-28 20:48:14.8569 (StateSyncRequestHandler.cs:36) 当前没有其他玩家在线，无需广播状态同步消息
2025-11-28 20:48:14.9488 (StateSyncRequestHandler.cs:36) 当前没有其他玩家在线，无需广播状态同步消息
2025-11-28 20:48:15.0570 (StateSyncRequestHandler.cs:36) 当前没有其他玩家在线，无需广播状态同步消息
2025-11-28 20:48:15.1470 (StateSyncRequestHandler.cs:36) 当前没有其他玩家在线，无需广播状态同步消息
2025-11-28 20:48:15.2532 (StateSyncRequestHandler.cs:36) 当前没有其他玩家在线，无需广播状态同步消息
2025-11-28 20:48:15.3549 (StateSyncRequestHandler.cs:36) 当前没有其他玩家在线，无需广播状态同步消息
2025-11-28 20:48:15.4535 (StateSyncRequestHandler.cs:36) 当前没有其他玩家在线，无需广播状态同步消息
2025-11-28 20:48:15.5471 (StateSyncRequestHandler.cs:36) 当前没有其他玩家在线，无需广播状态同步消息
2025-11-28 20:48:15.6530 (StateSyncRequestHandler.cs:36) 当前没有其他玩家在线，无需广播状态同步消息
2025-11-28 20:48:15.7503 (StateSyncRequestHandler.cs:36) 当前没有其他玩家在线，无需广播状态同步消息
2025-11-28 20:48:15.8509 (StateSyncRequestHandler.cs:36) 当前没有其他玩家在线，无需广播状态同步消息
2025-11-28 20:48:15.9547 (StateSyncRequestHandler.cs:36) 当前没有其他玩家在线，无需广播状态同步消息
2025-11-28 20:48:16.0527 (StateSyncRequestHandler.cs:36) 当前没有其他玩家在线，无需广播状态同步消息
2025-11-28 20:48:16.1470 (StateSyncRequestHandler.cs:36) 当前没有其他玩家在线，无需广播状态同步消息
2025-11-28 20:48:16.2488 (StateSyncRequestHandler.cs:36) 当前没有其他玩家在线，无需广播状态同步消息
2025-11-28 20:48:16.3542 (StateSyncRequestHandler.cs:36) 当前没有其他玩家在线，无需广播状态同步消息
2025-11-28 20:48:16.4460 (StateSyncRequestHandler.cs:36) 当前没有其他玩家在线，无需广播状态同步消息
2025-11-28 20:48:16.5473 (StateSyncRequestHandler.cs:36) 当前没有其他玩家在线，无需广播状态同步消息
2025-11-28 20:48:16.6504 (StateSyncRequestHandler.cs:36) 当前没有其他玩家在线，无需广播状态同步消息
2025-11-28 20:48:31.2503 (StateSyncRequestHandler.cs:36) 当前没有其他玩家在线，无需广播状态同步消息
2025-11-28 20:48:31.3474 (StateSyncRequestHandler.cs:36) 当前没有其他玩家在线，无需广播状态同步消息
2025-11-28 20:48:31.4545 (StateSyncRequestHandler.cs:36) 当前没有其他玩家在线，无需广播状态同步消息
2025-11-28 20:48:31.5497 (StateSyncRequestHandler.cs:36) 当前没有其他玩家在线，无需广播状态同步消息
2025-11-28 20:48:31.6495 (StateSyncRequestHandler.cs:36) 当前没有其他玩家在线，无需广播状态同步消息
2025-11-28 20:48:31.7570 (StateSyncRequestHandler.cs:36) 当前没有其他玩家在线，无需广播状态同步消息
2025-11-28 20:48:31.8474 (StateSyncRequestHandler.cs:36) 当前没有其他玩家在线，无需广播状态同步消息
2025-11-28 20:48:31.9526 (StateSyncRequestHandler.cs:36) 当前没有其他玩家在线，无需广播状态同步消息
2025-11-28 20:48:32.0627 (StateSyncRequestHandler.cs:36) 当前没有其他玩家在线，无需广播状态同步消息
2025-11-28 20:48:32.1560 (StateSyncRequestHandler.cs:36) 当前没有其他玩家在线，无需广播状态同步消息
2025-11-28 20:48:32.2518 (StateSyncRequestHandler.cs:36) 当前没有其他玩家在线，无需广播状态同步消息
2025-11-28 20:48:32.3534 (StateSyncRequestHandler.cs:36) 当前没有其他玩家在线，无需广播状态同步消息
2025-11-28 20:48:32.4505 (StateSyncRequestHandler.cs:36) 当前没有其他玩家在线，无需广播状态同步消息
2025-11-28 20:48:32.5493 (StateSyncRequestHandler.cs:36) 当前没有其他玩家在线，无需广播状态同步消息
2025-11-28 20:48:32.6513 (StateSyncRequestHandler.cs:36) 当前没有其他玩家在线，无需广播状态同步消息
2025-11-28 20:48:32.7507 (StateSyncRequestHandler.cs:36) 当前没有其他玩家在线，无需广播状态同步消息
2025-11-28 20:48:32.8523 (StateSyncRequestHandler.cs:36) 当前没有其他玩家在线，无需广播状态同步消息
2025-11-28 20:48:32.9551 (StateSyncRequestHandler.cs:36) 当前没有其他玩家在线，无需广播状态同步消息
2025-11-28 20:48:33.0503 (StateSyncRequestHandler.cs:36) 当前没有其他玩家在线，无需广播状态同步消息
2025-11-28 20:48:33.1503 (StateSyncRequestHandler.cs:36) 当前没有其他玩家在线，无需广播状态同步消息
2025-11-28 20:48:33.2449  当前没有其他玩家在线，无需广播状态同步消息
2025-11-28 20:48:33.3500  当前没有其他玩家在线，无需广播状态同步消息
2025-11-28 20:48:33.4547  当前没有其他玩家在线，无需广播状态同步消息
2025-11-28 20:48:33.5451  当前没有其他玩家在线，无需广播状态同步消息
2025-11-28 20:48:33.6526  当前没有其他玩家在线，无需广播状态同步消息
2025-11-28 20:48:33.7553  当前没有其他玩家在线，无需广播状态同步消息
2025-11-28 20:48:33.8462  当前没有其他玩家在线，无需广播状态同步消息
2025-11-28 20:48:33.9455  当前没有其他玩家在线，无需广播状态同步消息
2025-11-28 20:48:34.0529  当前没有其他玩家在线，无需广播状态同步消息
2025-11-28 20:48:34.1473  当前没有其他玩家在线，无需广播状态同步消息
2025-11-28 20:48:34.2517  当前没有其他玩家在线，无需广播状态同步消息
2025-11-28 20:48:34.3527  当前没有其他玩家在线，无需广播状态同步消息
2025-11-28 20:48:34.4536  当前没有其他玩家在线，无需广播状态同步消息
2025-11-28 20:48:34.5471  当前没有其他玩家在线，无需广播状态同步消息
2025-11-28 20:48:34.6500  当前没有其他玩家在线，无需广播状态同步消息
2025-11-28 20:48:34.7549  当前没有其他玩家在线，无需广播状态同步消息
2025-11-28 20:48:34.8452  当前没有其他玩家在线，无需广播状态同步消息
2025-11-28 20:48:34.9500  当前没有其他玩家在线，无需广播状态同步消息
2025-11-28 20:48:35.0523  当前没有其他玩家在线，无需广播状态同步消息
2025-11-28 20:48:35.1515  当前没有其他玩家在线，无需广播状态同步消息
2025-11-28 20:48:35.2464  当前没有其他玩家在线，无需广播状态同步消息
2025-11-28 20:48:35.3476  当前没有其他玩家在线，无需广播状态同步消息
2025-11-28 20:48:35.4486  当前没有其他玩家在线，无需广播状态同步消息
2025-11-28 20:48:35.5477  当前没有其他玩家在线，无需广播状态同步消息
2025-11-28 20:48:35.6503  当前没有其他玩家在线，无需广播状态同步消息
2025-11-28 20:48:35.7536  当前没有其他玩家在线，无需广播状态同步消息
2025-11-28 20:48:35.8463  当前没有其他玩家在线，无需广播状态同步消息
2025-11-28 20:48:35.9517  当前没有其他玩家在线，无需广播状态同步消息
2025-11-28 20:48:36.0539  当前没有其他玩家在线，无需广播状态同步消息
2025-11-28 20:48:36.1459  当前没有其他玩家在线，无需广播状态同步消息
2025-11-28 20:48:36.2566  当前没有其他玩家在线，无需广播状态同步消息
2025-11-28 20:48:36.3526  当前没有其他玩家在线，无需广播状态同步消息
2025-11-28 20:48:36.4468  当前没有其他玩家在线，无需广播状态同步消息
2025-11-28 20:48:36.5489  当前没有其他玩家在线，无需广播状态同步消息
2025-11-28 20:48:36.6522  当前没有其他玩家在线，无需广播状态同步消息
2025-11-28 20:48:36.7542  当前没有其他玩家在线，无需广播状态同步消息
2025-11-28 20:48:36.8478  当前没有其他玩家在线，无需广播状态同步消息
2025-11-28 20:48:36.9489  当前没有其他玩家在线，无需广播状态同步消息
2025-11-28 20:48:37.0450  当前没有其他玩家在线，无需广播状态同步消息
2025-11-28 20:48:37.1459  当前没有其他玩家在线，无需广播状态同步消息
2025-11-28 20:48:37.2456  当前没有其他玩家在线，无需广播状态同步消息
2025-11-28 20:48:37.3507  当前没有其他玩家在线，无需广播状态同步消息
2025-11-28 20:48:37.4511  当前没有其他玩家在线，无需广播状态同步消息
2025-11-28 20:48:37.5497  当前没有其他玩家在线，无需广播状态同步消息
2025-11-28 20:48:37.6519  当前没有其他玩家在线，无需广播状态同步消息
2025-11-28 20:48:37.7545  当前没有其他玩家在线，无需广播状态同步消息
2025-11-28 20:48:37.8536  当前没有其他玩家在线，无需广播状态同步消息
2025-11-28 20:48:37.9466  当前没有其他玩家在线，无需广播状态同步消息
2025-11-28 20:48:38.0496  当前没有其他玩家在线，无需广播状态同步消息
2025-11-28 20:48:38.1498  当前没有其他玩家在线，无需广播状态同步消息
2025-11-28 20:48:38.2532  当前没有其他玩家在线，无需广播状态同步消息
2025-11-28 20:48:38.3539  当前没有其他玩家在线，无需广播状态同步消息
2025-11-28 20:48:38.4461  当前没有其他玩家在线，无需广播状态同步消息
2025-11-28 20:48:38.5546  当前没有其他玩家在线，无需广播状态同步消息
2025-11-28 20:48:38.6532  当前没有其他玩家在线，无需广播状态同步消息
2025-11-28 20:48:38.7468  当前没有其他玩家在线，无需广播状态同步消息
2025-11-28 20:48:38.8493  当前没有其他玩家在线，无需广播状态同步消息
2025-11-28 20:48:38.9539  当前没有其他玩家在线，无需广播状态同步消息
2025-11-28 20:48:39.0472  当前没有其他玩家在线，无需广播状态同步消息
2025-11-28 20:48:39.1470  当前没有其他玩家在线，无需广播状态同步消息
2025-11-28 20:48:39.2489  当前没有其他玩家在线，无需广播状态同步消息
2025-11-28 20:48:39.3544  当前没有其他玩家在线，无需广播状态同步消息
2025-11-28 20:48:39.4563  当前没有其他玩家在线，无需广播状态同步消息
2025-11-28 20:48:39.5475  当前没有其他玩家在线，无需广播状态同步消息
2025-11-28 20:48:39.6470  当前没有其他玩家在线，无需广播状态同步消息
2025-11-28 20:48:39.7508  当前没有其他玩家在线，无需广播状态同步消息
2025-11-28 20:48:39.8529  当前没有其他玩家在线，无需广播状态同步消息
2025-11-28 20:48:39.9541  当前没有其他玩家在线，无需广播状态同步消息
2025-11-28 20:48:40.0550  当前没有其他玩家在线，无需广播状态同步消息
2025-11-28 20:48:40.1542  当前没有其他玩家在线，无需广播状态同步消息
2025-11-28 20:48:40.2603  当前没有其他玩家在线，无需广播状态同步消息
2025-11-28 20:48:40.3466  当前没有其他玩家在线，无需广播状态同步消息
2025-11-28 20:48:40.4500  当前没有其他玩家在线，无需广播状态同步消息
2025-11-28 20:48:40.5511  当前没有其他玩家在线，无需广播状态同步消息
2025-11-28 20:48:41.0495  当前没有其他玩家在线，无需广播状态同步消息
2025-11-28 20:48:41.1550  当前没有其他玩家在线，无需广播状态同步消息
2025-11-28 20:48:41.2536  当前没有其他玩家在线，无需广播状态同步消息
2025-11-28 20:48:41.3457  当前没有其他玩家在线，无需广播状态同步消息
2025-11-28 20:48:41.4549  当前没有其他玩家在线，无需广播状态同步消息
2025-11-28 20:48:41.5559  当前没有其他玩家在线，无需广播状态同步消息
2025-11-28 20:48:41.6478  当前没有其他玩家在线，无需广播状态同步消息
2025-11-28 20:48:41.7531  当前没有其他玩家在线，无需广播状态同步消息
2025-11-28 20:48:41.8651  当前没有其他玩家在线，无需广播状态同步消息
2025-11-28 20:48:41.9549  当前没有其他玩家在线，无需广播状态同步消息
2025-11-28 20:48:42.0522  当前没有其他玩家在线，无需广播状态同步消息
2025-11-28 20:48:42.1496  当前没有其他玩家在线，无需广播状态同步消息
2025-11-28 20:48:42.2513  当前没有其他玩家在线，无需广播状态同步消息
2025-11-28 20:48:42.3576  当前没有其他玩家在线，无需广播状态同步消息
2025-11-28 20:48:42.4501  当前没有其他玩家在线，无需广播状态同步消息
2025-11-28 20:48:42.5503  当前没有其他玩家在线，无需广播状态同步消息
2025-11-28 20:48:42.6508  当前没有其他玩家在线，无需广播状态同步消息
2025-11-28 20:48:42.7512  当前没有其他玩家在线，无需广播状态同步消息
2025-11-28 20:48:42.8526  当前没有其他玩家在线，无需广播状态同步消息
2025-11-28 20:48:42.9481  当前没有其他玩家在线，无需广播状态同步消息
2025-11-28 20:48:43.0535  当前没有其他玩家在线，无需广播状态同步消息
2025-11-28 20:48:43.1522  当前没有其他玩家在线，无需广播状态同步消息
2025-11-28 20:48:43.2524  当前没有其他玩家在线，无需广播状态同步消息
2025-11-28 20:48:43.3471  当前没有其他玩家在线，无需广播状态同步消息
2025-11-28 20:48:43.4522  当前没有其他玩家在线，无需广播状态同步消息
2025-11-28 20:48:43.5507  当前没有其他玩家在线，无需广播状态同步消息
2025-11-28 20:48:43.6463  当前没有其他玩家在线，无需广播状态同步消息
2025-11-28 20:48:43.7478  当前没有其他玩家在线，无需广播状态同步消息
2025-11-28 20:48:43.8468  当前没有其他玩家在线，无需广播状态同步消息
2025-11-28 20:48:43.9512  当前没有其他玩家在线，无需广播状态同步消息
2025-11-28 20:48:44.0548  当前没有其他玩家在线，无需广播状态同步消息
2025-11-28 20:48:44.1550  当前没有其他玩家在线，无需广播状态同步消息
2025-11-28 20:48:44.2479  当前没有其他玩家在线，无需广播状态同步消息
2025-11-28 20:48:44.3512  当前没有其他玩家在线，无需广播状态同步消息
2025-11-28 20:48:44.4570  当前没有其他玩家在线，无需广播状态同步消息
2025-11-28 20:48:44.5532  当前没有其他玩家在线，无需广播状态同步消息
2025-11-28 20:48:44.6529  当前没有其他玩家在线，无需广播状态同步消息
2025-11-28 20:48:44.7497  当前没有其他玩家在线，无需广播状态同步消息
2025-11-28 20:48:44.8479  当前没有其他玩家在线，无需广播状态同步消息
2025-11-28 20:48:44.9516  当前没有其他玩家在线，无需广播状态同步消息
2025-11-28 20:48:45.0541  当前没有其他玩家在线，无需广播状态同步消息
2025-11-28 20:48:45.1502  当前没有其他玩家在线，无需广播状态同步消息
2025-11-28 20:48:45.2558  当前没有其他玩家在线，无需广播状态同步消息
2025-11-28 20:48:45.3598  当前没有其他玩家在线，无需广播状态同步消息
2025-11-28 20:48:45.4482  当前没有其他玩家在线，无需广播状态同步消息
2025-11-28 20:48:45.5573  当前没有其他玩家在线，无需广播状态同步消息
2025-11-28 20:48:45.9541  当前没有其他玩家在线，无需广播状态同步消息
2025-11-28 20:48:46.0483  当前没有其他玩家在线，无需广播状态同步消息
2025-11-28 20:48:46.1505  当前没有其他玩家在线，无需广播状态同步消息
2025-11-28 20:48:46.2507  当前没有其他玩家在线，无需广播状态同步消息
2025-11-28 20:48:46.3547  当前没有其他玩家在线，无需广播状态同步消息
2025-11-28 20:49:04.2471  当前没有其他玩家在线，无需广播状态同步消息
2025-11-28 20:49:04.3469  当前没有其他玩家在线，无需广播状态同步消息
2025-11-28 20:49:04.4515  当前没有其他玩家在线，无需广播状态同步消息
2025-11-28 20:49:04.5561  当前没有其他玩家在线，无需广播状态同步消息
2025-11-28 20:49:04.6472  当前没有其他玩家在线，无需广播状态同步消息
2025-11-28 20:49:04.7495  当前没有其他玩家在线，无需广播状态同步消息
2025-11-28 20:49:08.7325  当前服务器上没有其他玩家在线，无需广播下线消息
2025-11-28 20:49:08.7325  账号ID:490676460229754881 数据已保存到数据库
2025-11-28 20:49:08.7325  玩家ID:490676460229754881 下线成功 , 下线位置:x:-7.6333838, y:0, z:2.197155
