2025-11-28 16:00:42.0683 (LoginRequestHandler.cs:19) 收到登录请求
2025-11-28 16:00:42.1136 (EntryLobbyRequestHandler.cs:32) 进入大厅成功，玩家ID:489242989124911105
2025-11-28 16:00:43.2172 (LobbyPlayerManagerComponentSystem.cs:97) 玩家ID:489242989124911105 移动方向: -0.8464864 , 0 , -0.5324104
2025-11-28 16:00:43.2172 (LobbyPlayerManagerComponentSystem.cs:102) 玩家ID:489242989124911105 移动到新位置: 7.9249134 , 0 , 2.9666362
2025-11-28 16:00:43.3096 (LobbyPlayerManagerComponentSystem.cs:97) 玩家ID:489242989124911105 移动方向: -0.6863473 , 0 , -0.727274
2025-11-28 16:00:43.3096 (LobbyPlayerManagerComponentSystem.cs:102) 玩家ID:489242989124911105 移动到新位置: 7.787644 , 0 , 2.8211813
2025-11-28 16:00:43.4197 (LobbyPlayerManagerComponentSystem.cs:97) 玩家ID:489242989124911105 移动方向: -0.8831877 , 0 , 0.46901965
2025-11-28 16:00:43.4197 (LobbyPlayerManagerComponentSystem.cs:102) 玩家ID:489242989124911105 移动到新位置: 7.6110063 , 0 , 2.9149852
2025-11-28 16:00:43.5127 (LobbyPlayerManagerComponentSystem.cs:97) 玩家ID:489242989124911105 移动方向: -0.9387874 , 0 , 0.34449697
2025-11-28 16:00:43.5127 (LobbyPlayerManagerComponentSystem.cs:102) 玩家ID:489242989124911105 移动到新位置: 7.423249 , 0 , 2.9838846
2025-11-28 16:00:43.6079 (LobbyPlayerManagerComponentSystem.cs:97) 玩家ID:489242989124911105 移动方向: -0.94891596 , 0 , 0.31552887
2025-11-28 16:00:43.6079 (LobbyPlayerManagerComponentSystem.cs:102) 玩家ID:489242989124911105 移动到新位置: 7.2334657 , 0 , 3.0469904
2025-11-28 16:00:43.7187 (LobbyPlayerManagerComponentSystem.cs:97) 玩家ID:489242989124911105 移动方向: -0.9558032 , 0 , 0.29400703
2025-11-28 16:00:43.7187 (LobbyPlayerManagerComponentSystem.cs:102) 玩家ID:489242989124911105 移动到新位置: 7.042305 , 0 , 3.1057918
2025-11-28 16:00:43.8123 (LobbyPlayerManagerComponentSystem.cs:97) 玩家ID:489242989124911105 移动方向: -0.9670662 , 0 , 0.25452507
2025-11-28 16:00:43.8123 (LobbyPlayerManagerComponentSystem.cs:102) 玩家ID:489242989124911105 移动到新位置: 6.8488917 , 0 , 3.1566968
2025-11-28 16:00:43.9220 (LobbyPlayerManagerComponentSystem.cs:97) 玩家ID:489242989124911105 移动方向: -0.80453116 , 0 , -0.59391046
2025-11-28 16:00:43.9220 (LobbyPlayerManagerComponentSystem.cs:102) 玩家ID:489242989124911105 移动到新位置: 6.6879854 , 0 , 3.0379148
2025-11-28 16:00:44.0152 (LobbyPlayerManagerComponentSystem.cs:97) 玩家ID:489242989124911105 移动方向: -0.7517516 , 0 , -0.65944636
2025-11-28 16:00:44.0152 (LobbyPlayerManagerComponentSystem.cs:102) 玩家ID:489242989124911105 移动到新位置: 6.5376353 , 0 , 2.9060254
2025-11-28 16:00:44.1233 (LobbyPlayerManagerComponentSystem.cs:102) 玩家ID:489242989124911105 移动到新位置: 6.5376353 , 0 , 2.9060254
2025-11-28 16:01:02.6645 (LoginRequestHandler.cs:19) 收到登录请求
2025-11-28 16:01:02.7269 (EntryLobbyRequestHandler.cs:32) 进入大厅成功，玩家ID:490676460229754881
2025-11-28 16:01:02.7269 (EntryLobbyRequestHandler.cs:48) 获取其他玩家数据，玩家ID:489242989124911105
2025-11-28 16:01:04.7163 (LobbyPlayerManagerComponentSystem.cs:97) 玩家ID:490676460229754881 移动方向: -0.7612582 , 0 , -0.6484489
2025-11-28 16:01:04.7163 (StateSyncRequestHandler.cs:18) 玩家ID:490676460229754881 移动到新位置: 6.035969 , 0 , 5.2153926
2025-11-28 16:01:04.8108 (StateSyncRequestHandler.cs:18) 玩家ID:490676460229754881 移动方向: -0.5280756 , 0 , -0.8491973
2025-11-28 16:01:04.8108 (StateSyncRequestHandler.cs:18) 玩家ID:490676460229754881 移动到新位置: 5.9303536 , 0 , 5.045553
2025-11-28 16:01:04.9215 (StateSyncRequestHandler.cs:18) 玩家ID:490676460229754881 移动方向: 0.92636925 , 0 , -0.37661663
2025-11-28 16:01:04.9215 (StateSyncRequestHandler.cs:18) 玩家ID:490676460229754881 移动到新位置: 6.1156273 , 0 , 4.97023
2025-11-28 16:01:05.0140 (StateSyncRequestHandler.cs:18) 玩家ID:490676460229754881 移动方向: 0.96456707 , 0 , -0.26383778
2025-11-28 16:01:05.0140 (StateSyncRequestHandler.cs:18) 玩家ID:490676460229754881 移动到新位置: 6.308541 , 0 , 4.9174623
2025-11-28 16:01:05.1090 (StateSyncRequestHandler.cs:18) 玩家ID:490676460229754881 移动方向: 0.5820433 , 0 , -0.8131578
2025-11-28 16:01:05.1090 (StateSyncRequestHandler.cs:18) 玩家ID:490676460229754881 移动到新位置: 6.4249496 , 0 , 4.754831
2025-11-28 16:01:05.2182 (StateSyncRequestHandler.cs:18) 玩家ID:490676460229754881 移动方向: 0.012133626 , 0 , -0.9999264
2025-11-28 16:01:05.2182 (StateSyncRequestHandler.cs:18) 玩家ID:490676460229754881 移动到新位置: 6.4273763 , 0 , 4.5548453
2025-11-28 16:01:05.3108 (StateSyncRequestHandler.cs:18) 玩家ID:490676460229754881 移动到新位置: 6.4273763 , 0 , 4.5548453
2025-11-28 16:01:05.4055 (StateSyncRequestHandler.cs:18) 玩家ID:490676460229754881 移动方向: -0.6313674 , 0 , 0.7754839
2025-11-28 16:01:05.4055 (StateSyncRequestHandler.cs:18) 玩家ID:490676460229754881 移动到新位置: 6.3011026 , 0 , 4.7099423
2025-11-28 16:01:05.4977 (StateSyncRequestHandler.cs:18) 玩家ID:490676460229754881 移动方向: -0.21679428 , 0 , 0.97621727
2025-11-28 16:01:05.4977 (StateSyncRequestHandler.cs:18) 玩家ID:490676460229754881 移动到新位置: 6.257744 , 0 , 4.9051857
2025-11-28 16:01:05.6063 (StateSyncRequestHandler.cs:18) 玩家ID:490676460229754881 移动方向: -0.47044644 , 0 , 0.8824285
2025-11-28 16:01:05.6063 (StateSyncRequestHandler.cs:18) 玩家ID:490676460229754881 移动到新位置: 6.1636543 , 0 , 5.081671
2025-11-28 16:01:05.6993 (StateSyncRequestHandler.cs:18) 玩家ID:490676460229754881 移动方向: -0.57916045 , 0 , 0.81521356
2025-11-28 16:01:05.6993 (StateSyncRequestHandler.cs:18) 玩家ID:490676460229754881 移动到新位置: 6.047822 , 0 , 5.244714
2025-11-28 16:01:05.8083 (StateSyncRequestHandler.cs:18) 玩家ID:490676460229754881 移动方向: -0.9937452 , 0 , 0.1116716
2025-11-28 16:01:05.8083 (StateSyncRequestHandler.cs:18) 玩家ID:490676460229754881 移动到新位置: 5.849073 , 0 , 5.267048
2025-11-28 16:01:05.9177 (StateSyncRequestHandler.cs:18) 玩家ID:490676460229754881 移动方向: -0.7722221 , 0 , -0.6353527
2025-11-28 16:01:05.9177 (StateSyncRequestHandler.cs:18) 玩家ID:490676460229754881 移动到新位置: 5.6946287 , 0 , 5.1399775
2025-11-28 16:01:06.0107 (StateSyncRequestHandler.cs:18) 玩家ID:490676460229754881 移动方向: -0.090203926 , 0 , -0.99592334
2025-11-28 16:01:06.0107 (StateSyncRequestHandler.cs:18) 玩家ID:490676460229754881 移动到新位置: 5.676588 , 0 , 4.940793
2025-11-28 16:01:06.1050 (StateSyncRequestHandler.cs:18) 玩家ID:490676460229754881 移动到新位置: 5.676588 , 0 , 4.940793
2025-11-28 16:01:13.9190 (StateSyncRequestHandler.cs:18) 玩家ID:490676460229754881 移动方向: -0.43014795 , 0 , -0.9027584
2025-11-28 16:01:13.9190 (StateSyncRequestHandler.cs:18) 玩家ID:490676460229754881 移动到新位置: 5.5905585 , 0 , 4.7602415
2025-11-28 16:01:14.0266 (StateSyncRequestHandler.cs:18) 玩家ID:490676460229754881 移动到新位置: 5.5905585 , 0 , 4.7602415
2025-11-28 16:01:37.6255 (StateSyncRequestHandler.cs:18) 玩家ID:490676460229754881 移动方向: 0.2143248 , 0 , 0.9767624
2025-11-28 16:01:37.6255 (StateSyncRequestHandler.cs:18) 玩家ID:490676460229754881 移动到新位置: 5.6334233 , 0 , 4.955594
2025-11-28 16:01:37.7179 (StateSyncRequestHandler.cs:18) 玩家ID:490676460229754881 移动方向: 0.19079292 , 0 , 0.9816303
2025-11-28 16:01:37.7179 (StateSyncRequestHandler.cs:18) 玩家ID:490676460229754881 移动到新位置: 5.6715817 , 0 , 5.1519203
2025-11-28 16:01:37.8265 (StateSyncRequestHandler.cs:18) 玩家ID:490676460229754881 移动方向: 0.18035637 , 0 , 0.98360133
2025-11-28 16:01:37.8265 (StateSyncRequestHandler.cs:18) 玩家ID:490676460229754881 移动到新位置: 5.707653 , 0 , 5.3486404
2025-11-28 16:01:37.9178 (StateSyncRequestHandler.cs:18) 玩家ID:490676460229754881 移动方向: -0.5704248 , 0 , 0.8213498
2025-11-28 16:01:37.9178 (StateSyncRequestHandler.cs:18) 玩家ID:490676460229754881 移动到新位置: 5.593568 , 0 , 5.5129104
2025-11-28 16:01:38.0256 (StateSyncRequestHandler.cs:18) 玩家ID:490676460229754881 移动方向: -0.98434055 , 0 , 0.1762772
2025-11-28 16:01:38.0256 (StateSyncRequestHandler.cs:18) 玩家ID:490676460229754881 移动到新位置: 5.3967 , 0 , 5.548166
2025-11-28 16:01:38.1187 (StateSyncRequestHandler.cs:18) 玩家ID:490676460229754881 移动方向: -0.82049096 , 0 , -0.5716594
2025-11-28 16:01:38.1187 (StateSyncRequestHandler.cs:18) 玩家ID:490676460229754881 移动到新位置: 5.2326016 , 0 , 5.433834
2025-11-28 16:01:38.2291 (StateSyncRequestHandler.cs:18) 玩家ID:490676460229754881 移动方向: -0.17583506 , 0 , -0.98441964
2025-11-28 16:01:38.2291 (StateSyncRequestHandler.cs:18) 玩家ID:490676460229754881 移动到新位置: 5.1974344 , 0 , 5.23695
2025-11-28 16:01:38.3221 (StateSyncRequestHandler.cs:18) 玩家ID:490676460229754881 移动方向: 0.57177836 , 0 , -0.82040817
2025-11-28 16:01:38.3221 (StateSyncRequestHandler.cs:18) 玩家ID:490676460229754881 移动到新位置: 5.31179 , 0 , 5.0728683
2025-11-28 16:01:38.4167 (StateSyncRequestHandler.cs:18) 玩家ID:490676460229754881 移动方向: 0.98442596 , 0 , -0.17579937
2025-11-28 16:01:38.4167 (StateSyncRequestHandler.cs:18) 玩家ID:490676460229754881 移动到新位置: 5.508675 , 0 , 5.0377083
2025-11-28 16:01:38.5241 (StateSyncRequestHandler.cs:18) 玩家ID:490676460229754881 移动方向: 0.17579938 , 0 , 0.98442596
2025-11-28 16:01:38.5241 (StateSyncRequestHandler.cs:18) 玩家ID:490676460229754881 移动到新位置: 5.543835 , 0 , 5.2345934
2025-11-28 16:01:38.6314 (StateSyncRequestHandler.cs:18) 玩家ID:490676460229754881 移动方向: 0.1757994 , 0 , 0.98442596
2025-11-28 16:01:38.6314 (StateSyncRequestHandler.cs:18) 玩家ID:490676460229754881 移动到新位置: 5.578995 , 0 , 5.4314785
2025-11-28 16:01:38.7256 (StateSyncRequestHandler.cs:18) 玩家ID:490676460229754881 移动方向: -0.57178533 , 0 , 0.8204032
2025-11-28 16:01:38.7256 (StateSyncRequestHandler.cs:18) 玩家ID:490676460229754881 移动到新位置: 5.464638 , 0 , 5.595559
2025-11-28 16:01:38.8180 (StateSyncRequestHandler.cs:18) 玩家ID:490676460229754881 移动到新位置: 5.464638 , 0 , 5.595559
2025-11-28 16:01:40.0418 (StateSyncRequestHandler.cs:18) 玩家ID:490676460229754881 移动方向: 0.14048062 , 0 , -0.99008346
2025-11-28 16:01:40.0418 (StateSyncRequestHandler.cs:18) 玩家ID:490676460229754881 移动到新位置: 5.4927344 , 0 , 5.3975425
2025-11-28 16:01:40.1346 (StateSyncRequestHandler.cs:18) 玩家ID:490676460229754881 移动方向: 0.12227229 , 0 , -0.9924966
2025-11-28 16:01:40.1346 (StateSyncRequestHandler.cs:18) 玩家ID:490676460229754881 移动到新位置: 5.517189 , 0 , 5.1990433
2025-11-28 16:01:40.2117 (StateSyncRequestHandler.cs:18) 玩家ID:490676460229754881 移动方向: 0.12253637 , 0 , -0.992464
2025-11-28 16:01:40.2117 (StateSyncRequestHandler.cs:18) 玩家ID:490676460229754881 移动到新位置: 5.541696 , 0 , 5.0005503
2025-11-28 16:01:40.3217 (StateSyncRequestHandler.cs:18) 玩家ID:490676460229754881 移动方向: 0.124038756 , 0 , -0.9922773
2025-11-28 16:01:40.3217 (StateSyncRequestHandler.cs:18) 玩家ID:490676460229754881 移动到新位置: 5.566504 , 0 , 4.802095
2025-11-28 16:01:40.4274 (StateSyncRequestHandler.cs:18) 玩家ID:490676460229754881 移动到新位置: 5.566504 , 0 , 4.802095
