2025-12-02 21:31:17.1599 (EntryLobbyRequestHandler.cs:65) 玩家上次上线位置：x:2.1061962, y:0, z:-3.9756649
2025-12-02 21:31:17.1599 (EntryLobbyRequestHandler.cs:83) 当前没有其他玩家在线，无需广播
2025-12-02 21:32:18.8912 (StateSyncRequestHandler.cs:36) 当前没有其他玩家在线，无需广播状态同步消息
2025-12-02 21:32:18.9764 (StateSyncRequestHandler.cs:36) 当前没有其他玩家在线，无需广播状态同步消息
2025-12-02 21:32:19.0794 (StateSyncRequestHandler.cs:36) 当前没有其他玩家在线，无需广播状态同步消息
2025-12-02 21:32:19.1790 (StateSyncRequestHandler.cs:36) 当前没有其他玩家在线，无需广播状态同步消息
2025-12-02 21:32:19.2750 (StateSyncRequestHandler.cs:36) 当前没有其他玩家在线，无需广播状态同步消息
2025-12-02 21:32:19.3748 (StateSyncRequestHandler.cs:36) 当前没有其他玩家在线，无需广播状态同步消息
2025-12-02 21:32:19.8880 (StateSyncRequestHandler.cs:36) 当前没有其他玩家在线，无需广播状态同步消息
2025-12-02 21:32:19.9862 (StateSyncRequestHandler.cs:36) 当前没有其他玩家在线，无需广播状态同步消息
2025-12-02 21:32:20.0787 (StateSyncRequestHandler.cs:36) 当前没有其他玩家在线，无需广播状态同步消息
2025-12-02 21:32:20.1886 (StateSyncRequestHandler.cs:36) 当前没有其他玩家在线，无需广播状态同步消息
2025-12-02 21:32:20.2772 (StateSyncRequestHandler.cs:36) 当前没有其他玩家在线，无需广播状态同步消息
2025-12-02 21:32:20.3839 (StateSyncRequestHandler.cs:36) 当前没有其他玩家在线，无需广播状态同步消息
2025-12-02 21:32:20.4796 (StateSyncRequestHandler.cs:36) 当前没有其他玩家在线，无需广播状态同步消息
2025-12-02 21:32:20.5767 (StateSyncRequestHandler.cs:36) 当前没有其他玩家在线，无需广播状态同步消息
2025-12-02 21:32:20.6780 (StateSyncRequestHandler.cs:36) 当前没有其他玩家在线，无需广播状态同步消息
2025-12-02 21:32:20.7809 (StateSyncRequestHandler.cs:36) 当前没有其他玩家在线，无需广播状态同步消息
2025-12-02 21:32:20.8830 (StateSyncRequestHandler.cs:36) 当前没有其他玩家在线，无需广播状态同步消息
2025-12-02 21:32:20.9731 (StateSyncRequestHandler.cs:36) 当前没有其他玩家在线，无需广播状态同步消息
2025-12-02 21:32:21.0800 (StateSyncRequestHandler.cs:36) 当前没有其他玩家在线，无需广播状态同步消息
2025-12-02 21:32:21.1847 (StateSyncRequestHandler.cs:36) 当前没有其他玩家在线，无需广播状态同步消息
2025-12-02 21:32:21.2754 (StateSyncRequestHandler.cs:36) 当前没有其他玩家在线，无需广播状态同步消息
2025-12-02 21:32:21.3757 (StateSyncRequestHandler.cs:36) 当前没有其他玩家在线，无需广播状态同步消息
2025-12-02 21:32:21.7814 (StateSyncRequestHandler.cs:36) 当前没有其他玩家在线，无需广播状态同步消息
2025-12-02 21:32:21.8801 (StateSyncRequestHandler.cs:36) 当前没有其他玩家在线，无需广播状态同步消息
2025-12-02 21:32:21.9842 (StateSyncRequestHandler.cs:36) 当前没有其他玩家在线，无需广播状态同步消息
2025-12-02 21:32:22.0824 (StateSyncRequestHandler.cs:36) 当前没有其他玩家在线，无需广播状态同步消息
2025-12-02 21:32:22.1762 (StateSyncRequestHandler.cs:36) 当前没有其他玩家在线，无需广播状态同步消息
2025-12-02 21:32:22.2811 (StateSyncRequestHandler.cs:36) 当前没有其他玩家在线，无需广播状态同步消息
2025-12-02 21:32:22.3786 (StateSyncRequestHandler.cs:36) 当前没有其他玩家在线，无需广播状态同步消息
2025-12-02 21:32:22.4828 (StateSyncRequestHandler.cs:36) 当前没有其他玩家在线，无需广播状态同步消息
2025-12-02 21:32:22.5770 (StateSyncRequestHandler.cs:36) 当前没有其他玩家在线，无需广播状态同步消息
2025-12-02 21:32:22.6742 (StateSyncRequestHandler.cs:36) 当前没有其他玩家在线，无需广播状态同步消息
2025-12-02 21:32:22.7794 (StateSyncRequestHandler.cs:36) 当前没有其他玩家在线，无需广播状态同步消息
2025-12-02 21:32:22.8731 (StateSyncRequestHandler.cs:36) 当前没有其他玩家在线，无需广播状态同步消息
2025-12-02 21:32:22.9742 (StateSyncRequestHandler.cs:36) 当前没有其他玩家在线，无需广播状态同步消息
2025-12-02 21:32:23.0796 (StateSyncRequestHandler.cs:36) 当前没有其他玩家在线，无需广播状态同步消息
2025-12-02 21:32:23.1752 (StateSyncRequestHandler.cs:36) 当前没有其他玩家在线，无需广播状态同步消息
2025-12-02 21:32:23.2757 (StateSyncRequestHandler.cs:36) 当前没有其他玩家在线，无需广播状态同步消息
2025-12-02 21:32:23.3730 (StateSyncRequestHandler.cs:36) 当前没有其他玩家在线，无需广播状态同步消息
2025-12-02 21:32:23.4736 (StateSyncRequestHandler.cs:36) 当前没有其他玩家在线，无需广播状态同步消息
2025-12-02 21:32:23.5868 (StateSyncRequestHandler.cs:36) 当前没有其他玩家在线，无需广播状态同步消息
2025-12-02 21:32:23.6788 (StateSyncRequestHandler.cs:36) 当前没有其他玩家在线，无需广播状态同步消息
2025-12-02 21:32:23.7827 (StateSyncRequestHandler.cs:36) 当前没有其他玩家在线，无需广播状态同步消息
2025-12-02 21:32:23.8878 (StateSyncRequestHandler.cs:36) 当前没有其他玩家在线，无需广播状态同步消息
2025-12-02 21:32:23.9730 (StateSyncRequestHandler.cs:36) 当前没有其他玩家在线，无需广播状态同步消息
2025-12-02 21:32:24.6771 (StateSyncRequestHandler.cs:36) 当前没有其他玩家在线，无需广播状态同步消息
2025-12-02 21:32:24.7767 (StateSyncRequestHandler.cs:36) 当前没有其他玩家在线，无需广播状态同步消息
2025-12-02 21:32:24.8792 (StateSyncRequestHandler.cs:36) 当前没有其他玩家在线，无需广播状态同步消息
2025-12-02 21:32:24.9738 (StateSyncRequestHandler.cs:36) 当前没有其他玩家在线，无需广播状态同步消息
2025-12-02 21:32:25.0764 (StateSyncRequestHandler.cs:36) 当前没有其他玩家在线，无需广播状态同步消息
2025-12-02 21:32:25.1796 (StateSyncRequestHandler.cs:36) 当前没有其他玩家在线，无需广播状态同步消息
2025-12-02 21:32:25.2749 (StateSyncRequestHandler.cs:36) 当前没有其他玩家在线，无需广播状态同步消息
2025-12-02 21:32:25.3777 (StateSyncRequestHandler.cs:36) 当前没有其他玩家在线，无需广播状态同步消息
2025-12-02 21:32:25.4804 (StateSyncRequestHandler.cs:36) 当前没有其他玩家在线，无需广播状态同步消息
2025-12-02 21:32:25.5751 (StateSyncRequestHandler.cs:36) 当前没有其他玩家在线，无需广播状态同步消息
2025-12-02 21:32:25.6754 (StateSyncRequestHandler.cs:36) 当前没有其他玩家在线，无需广播状态同步消息
2025-12-02 21:32:25.7848 (StateSyncRequestHandler.cs:36) 当前没有其他玩家在线，无需广播状态同步消息
2025-12-02 21:32:41.8749 (StateSyncRequestHandler.cs:36) 当前没有其他玩家在线，无需广播状态同步消息
2025-12-02 21:32:41.9901 (StateSyncRequestHandler.cs:36) 当前没有其他玩家在线，无需广播状态同步消息
2025-12-02 21:32:42.0796 (StateSyncRequestHandler.cs:36) 当前没有其他玩家在线，无需广播状态同步消息
2025-12-02 21:32:42.1756  当前没有其他玩家在线，无需广播状态同步消息
2025-12-02 21:32:42.2851  当前没有其他玩家在线，无需广播状态同步消息
2025-12-02 21:32:42.3808  当前没有其他玩家在线，无需广播状态同步消息
2025-12-02 21:32:42.4732  当前没有其他玩家在线，无需广播状态同步消息
2025-12-02 21:33:14.5753  当前服务器上没有其他玩家在线，无需广播下线消息
2025-12-02 21:33:14.6647  账号ID:482736422909116417 数据已保存到数据库
2025-12-02 21:33:14.6647  玩家ID:482736422909116417 下线成功 , 下线位置:x:-4.1970706, y:0, z:-2.941153
2025-12-02 21:34:43.5496  玩家上次上线位置：x:-4.1970706, y:0, z:-2.941153
2025-12-02 21:34:43.5496  当前没有其他玩家在线，无需广播
2025-12-02 21:34:44.9133  当前没有其他玩家在线，无需广播状态同步消息
2025-12-02 21:34:45.0058  当前没有其他玩家在线，无需广播状态同步消息
2025-12-02 21:34:45.1127  当前没有其他玩家在线，无需广播状态同步消息
2025-12-02 21:34:45.2069  当前没有其他玩家在线，无需广播状态同步消息
2025-12-02 21:34:45.3050  当前没有其他玩家在线，无需广播状态同步消息
2025-12-02 21:34:45.4143  当前没有其他玩家在线，无需广播状态同步消息
2025-12-02 21:34:45.5044  当前没有其他玩家在线，无需广播状态同步消息
2025-12-02 21:34:45.6177  当前没有其他玩家在线，无需广播状态同步消息
2025-12-02 21:34:45.7102  当前没有其他玩家在线，无需广播状态同步消息
2025-12-02 21:34:45.8058  当前没有其他玩家在线，无需广播状态同步消息
2025-12-02 21:34:45.9050  当前没有其他玩家在线，无需广播状态同步消息
2025-12-02 21:34:46.0106  当前没有其他玩家在线，无需广播状态同步消息
2025-12-02 21:34:46.1029  当前没有其他玩家在线，无需广播状态同步消息
2025-12-02 21:34:46.2054  当前没有其他玩家在线，无需广播状态同步消息
2025-12-02 21:34:46.3111  当前没有其他玩家在线，无需广播状态同步消息
2025-12-02 21:35:02.1690  当前没有其他玩家在线，无需广播状态同步消息
2025-12-02 21:35:02.2634  当前没有其他玩家在线，无需广播状态同步消息
2025-12-02 21:35:02.3656  当前没有其他玩家在线，无需广播状态同步消息
2025-12-02 21:35:02.4609  当前没有其他玩家在线，无需广播状态同步消息
2025-12-02 21:35:02.5603  当前没有其他玩家在线，无需广播状态同步消息
2025-12-02 21:35:05.1657  当前没有其他玩家在线，无需广播状态同步消息
2025-12-02 21:35:05.2651  当前没有其他玩家在线，无需广播状态同步消息
2025-12-02 21:35:05.3697  当前没有其他玩家在线，无需广播状态同步消息
2025-12-02 21:35:05.4730  当前没有其他玩家在线，无需广播状态同步消息
2025-12-02 21:35:05.5686  当前没有其他玩家在线，无需广播状态同步消息
2025-12-02 21:35:05.6753  当前没有其他玩家在线，无需广播状态同步消息
2025-12-02 21:35:05.7655  当前没有其他玩家在线，无需广播状态同步消息
2025-12-02 21:35:07.4661  当前没有其他玩家在线，无需广播状态同步消息
2025-12-02 21:35:07.5601  当前没有其他玩家在线，无需广播状态同步消息
2025-12-02 21:35:07.6654  当前没有其他玩家在线，无需广播状态同步消息
2025-12-02 21:35:07.7696  当前没有其他玩家在线，无需广播状态同步消息
2025-12-02 21:35:07.8663  当前没有其他玩家在线，无需广播状态同步消息
2025-12-02 21:35:07.9663  当前没有其他玩家在线，无需广播状态同步消息
2025-12-02 21:35:08.0685  当前没有其他玩家在线，无需广播状态同步消息
2025-12-02 21:35:08.1671  当前没有其他玩家在线，无需广播状态同步消息
2025-12-02 21:35:08.2642  当前没有其他玩家在线，无需广播状态同步消息
2025-12-02 21:35:08.3663  当前没有其他玩家在线，无需广播状态同步消息
2025-12-02 21:35:08.4617  当前没有其他玩家在线，无需广播状态同步消息
2025-12-02 21:35:08.5708  当前没有其他玩家在线，无需广播状态同步消息
2025-12-02 21:35:08.6690  当前没有其他玩家在线，无需广播状态同步消息
2025-12-02 21:35:08.7596  当前没有其他玩家在线，无需广播状态同步消息
2025-12-02 21:35:52.9790  当前没有其他玩家在线，无需广播状态同步消息
2025-12-02 21:35:53.0656  当前没有其他玩家在线，无需广播状态同步消息
2025-12-02 21:35:53.1710  当前没有其他玩家在线，无需广播状态同步消息
2025-12-02 21:35:53.2713  当前没有其他玩家在线，无需广播状态同步消息
2025-12-02 21:35:53.3641  当前没有其他玩家在线，无需广播状态同步消息
2025-12-02 21:35:53.4626  当前没有其他玩家在线，无需广播状态同步消息
2025-12-02 21:35:53.5616  当前没有其他玩家在线，无需广播状态同步消息
2025-12-02 21:35:53.6686  当前没有其他玩家在线，无需广播状态同步消息
2025-12-02 21:35:53.7626  当前没有其他玩家在线，无需广播状态同步消息
2025-12-02 21:35:53.8658  当前没有其他玩家在线，无需广播状态同步消息
2025-12-02 21:35:53.9745  当前没有其他玩家在线，无需广播状态同步消息
2025-12-02 21:35:54.0731  当前没有其他玩家在线，无需广播状态同步消息
2025-12-02 21:35:54.1718  当前没有其他玩家在线，无需广播状态同步消息
2025-12-02 21:35:54.2610  当前没有其他玩家在线，无需广播状态同步消息
2025-12-02 21:35:54.3640  当前没有其他玩家在线，无需广播状态同步消息
2025-12-02 21:35:54.4632  当前没有其他玩家在线，无需广播状态同步消息
2025-12-02 21:35:54.5679  当前没有其他玩家在线，无需广播状态同步消息
2025-12-02 21:35:54.6676  当前没有其他玩家在线，无需广播状态同步消息
2025-12-02 21:35:54.7664  当前没有其他玩家在线，无需广播状态同步消息
2025-12-02 21:35:54.8618  当前没有其他玩家在线，无需广播状态同步消息
2025-12-02 21:35:54.9651  当前没有其他玩家在线，无需广播状态同步消息
2025-12-02 21:35:55.0625  当前没有其他玩家在线，无需广播状态同步消息
2025-12-02 21:35:55.1714  当前没有其他玩家在线，无需广播状态同步消息
2025-12-02 21:35:55.2710  当前没有其他玩家在线，无需广播状态同步消息
2025-12-02 21:35:55.3632  当前没有其他玩家在线，无需广播状态同步消息
2025-12-02 21:35:55.4715  当前没有其他玩家在线，无需广播状态同步消息
2025-12-02 21:35:55.5712  当前没有其他玩家在线，无需广播状态同步消息
2025-12-02 21:35:55.6609  当前没有其他玩家在线，无需广播状态同步消息
2025-12-02 21:35:55.7688  当前没有其他玩家在线，无需广播状态同步消息
2025-12-02 21:35:55.8614  当前没有其他玩家在线，无需广播状态同步消息
2025-12-02 21:35:55.9708  当前没有其他玩家在线，无需广播状态同步消息
2025-12-02 21:35:56.0674  当前没有其他玩家在线，无需广播状态同步消息
2025-12-02 21:35:56.1710  当前没有其他玩家在线，无需广播状态同步消息
2025-12-02 21:35:56.2713  当前没有其他玩家在线，无需广播状态同步消息
2025-12-02 21:35:56.3640  当前没有其他玩家在线，无需广播状态同步消息
2025-12-02 21:35:56.4685  当前没有其他玩家在线，无需广播状态同步消息
2025-12-02 21:35:56.5704  当前没有其他玩家在线，无需广播状态同步消息
2025-12-02 21:35:56.6672  当前没有其他玩家在线，无需广播状态同步消息
2025-12-02 21:35:56.7687  当前没有其他玩家在线，无需广播状态同步消息
2025-12-02 21:35:56.8762  当前没有其他玩家在线，无需广播状态同步消息
2025-12-02 21:35:56.9630  当前没有其他玩家在线，无需广播状态同步消息
2025-12-02 21:35:57.0629  当前没有其他玩家在线，无需广播状态同步消息
2025-12-02 21:35:57.1720  当前没有其他玩家在线，无需广播状态同步消息
2025-12-02 21:35:57.2629  当前没有其他玩家在线，无需广播状态同步消息
2025-12-02 21:35:57.3708  当前没有其他玩家在线，无需广播状态同步消息
2025-12-02 21:35:57.4613  当前没有其他玩家在线，无需广播状态同步消息
2025-12-02 21:35:57.5650  当前没有其他玩家在线，无需广播状态同步消息
2025-12-02 21:35:57.6676  当前没有其他玩家在线，无需广播状态同步消息
2025-12-02 21:35:57.7651  当前没有其他玩家在线，无需广播状态同步消息
2025-12-02 21:35:57.8679  当前没有其他玩家在线，无需广播状态同步消息
2025-12-02 21:36:08.5396  当前服务器上没有其他玩家在线，无需广播下线消息
2025-12-02 21:36:08.5396  账号ID:482736422909116417 数据已保存到数据库
2025-12-02 21:36:08.5396  玩家ID:482736422909116417 下线成功 , 下线位置:x:-0.5777329, y:0, z:2.229942
