2025-12-02 21:30:00.6091  

==========================================================================
 
  ███████╗ █████╗ ███╗   ██╗████████╗ █████╗  ██████╗ ██╗   ██╗
  ██╔════╝██╔══██╗████╗  ██║╚══██╔══╝██╔══██╗██╔════╝ ╚██╗ ██╔╝
  █████╗  ███████║██╔██╗ ██║   ██║   ███████║╚█████╗   ╚████╔╝ 
  ██╔══╝  ██╔══██║██║╚██╗██║   ██║   ██╔══██║╚════██║   ╚██╔╝  
  ██║     ██║  ██║██║ ╚████║   ██║   ██║  ██║██████╔╝    ██║   
  ╚═╝     ╚═╝  ╚═╝╚═╝  ╚═══╝   ╚═╝   ╚═╝  ╚═╝╚═════╝     ╚═╝   
                                                            
 Version : Fantasy 2.0 Official version
==========================================================================

2025-12-02 21:30:00.7204  Current inner network protocol:TCP
2025-12-02 21:30:00.7204  Max Message Size(byte):1048560
2025-12-02 21:30:00.7204  Current session idle timeout:8000
2025-12-02 21:30:00.7204  Session-check interval:5000 
2025-12-02 21:31:04.2454  

==========================================================================
 
  ███████╗ █████╗ ███╗   ██╗████████╗ █████╗  ██████╗ ██╗   ██╗
  ██╔════╝██╔══██╗████╗  ██║╚══██╔══╝██╔══██╗██╔════╝ ╚██╗ ██╔╝
  █████╗  ███████║██╔██╗ ██║   ██║   ███████║╚█████╗   ╚████╔╝ 
  ██╔══╝  ██╔══██║██║╚██╗██║   ██║   ██╔══██║╚════██║   ╚██╔╝  
  ██║     ██║  ██║██║ ╚████║   ██║   ██║  ██║██████╔╝    ██║   
  ╚═╝     ╚═╝  ╚═╝╚═╝  ╚═══╝   ╚═╝   ╚═╝  ╚═╝╚═════╝     ╚═╝   
                                                            
 Version : Fantasy 2.0 Official version
==========================================================================

2025-12-02 21:31:04.2843  Current inner network protocol:TCP
2025-12-02 21:31:04.2843  Max Message Size(byte):1048560
2025-12-02 21:31:04.2843  Current session idle timeout:8000
2025-12-02 21:31:04.2843  Session-check interval:5000 
2025-12-02 21:31:04.8450  dbName:OnlineTest Initialize the db database and connect to the target.
2025-12-02 21:31:05.1871  dbName:OnlineTest Database connection successful.
2025-12-02 21:31:05.5633  SceneConfigId = 1001 networkTarget = Inner TCPServer Listen 127.0.0.1:11002
2025-12-02 21:31:05.8712  SceneConfigId = 1001 networkTarget = Outer KCPServer Listen 0.0.0.0:20000
2025-12-02 21:31:05.8712  Process:1 Startup Complete SceneCount:1
2025-12-02 21:31:16.8791 (LoginRequestHandler.cs:16) 收到登录请求
2025-12-02 21:31:17.1241 (EntryLobbyRequestHandler.cs:32) 进入大厅成功，玩家ID:482736422909116417
2025-12-02 21:32:18.8892 (LobbyPlayerManagerComponentSystem.cs:97) 玩家ID:482736422909116417 移动方向: -0.6872953 , 0 , -0.72637814
2025-12-02 21:32:18.8892 (LobbyPlayerManagerComponentSystem.cs:102) 玩家ID:482736422909116417 移动到新位置: 1.9687371 , 0 , -4.1209407
2025-12-02 21:32:18.9764 (LobbyPlayerManagerComponentSystem.cs:97) 玩家ID:482736422909116417 移动方向: -0.71748704 , 0 , -0.6965719
2025-12-02 21:32:18.9764 (LobbyPlayerManagerComponentSystem.cs:102) 玩家ID:482736422909116417 移动到新位置: 1.8252397 , 0 , -4.260255
2025-12-02 21:32:19.0794 (LobbyPlayerManagerComponentSystem.cs:97) 玩家ID:482736422909116417 移动方向: -0.7231517 , 0 , -0.6906892
2025-12-02 21:32:19.0794 (LobbyPlayerManagerComponentSystem.cs:102) 玩家ID:482736422909116417 移动到新位置: 1.6806093 , 0 , -4.3983927
2025-12-02 21:32:19.1790 (LobbyPlayerManagerComponentSystem.cs:97) 玩家ID:482736422909116417 移动方向: -0.6888522 , 0 , -0.7249018
2025-12-02 21:32:19.1790 (LobbyPlayerManagerComponentSystem.cs:102) 玩家ID:482736422909116417 移动到新位置: 1.5428389 , 0 , -4.543373
2025-12-02 21:32:19.2750 (LobbyPlayerManagerComponentSystem.cs:97) 玩家ID:482736422909116417 移动方向: -0.8113893 , 0 , 0.5845061
2025-12-02 21:32:19.2750 (LobbyPlayerManagerComponentSystem.cs:102) 玩家ID:482736422909116417 移动到新位置: 1.3805611 , 0 , -4.4264717
2025-12-02 21:32:19.3748 (LobbyPlayerManagerComponentSystem.cs:102) 玩家ID:482736422909116417 移动到新位置: 1.3805611 , 0 , -4.4264717
2025-12-02 21:32:19.8880 (LobbyPlayerManagerComponentSystem.cs:97) 玩家ID:482736422909116417 移动方向: 0.874241 , 0 , 0.48549217
2025-12-02 21:32:19.8880 (LobbyPlayerManagerComponentSystem.cs:102) 玩家ID:482736422909116417 移动到新位置: 1.5554093 , 0 , -4.3293734
2025-12-02 21:32:19.9862 (LobbyPlayerManagerComponentSystem.cs:97) 玩家ID:482736422909116417 移动方向: 0.8655751 , 0 , 0.50077915
2025-12-02 21:32:19.9862 (LobbyPlayerManagerComponentSystem.cs:102) 玩家ID:482736422909116417 移动到新位置: 1.7285243 , 0 , -4.2292175
2025-12-02 21:32:20.0787 (LobbyPlayerManagerComponentSystem.cs:97) 玩家ID:482736422909116417 移动方向: 0.8626644 , 0 , 0.50577676
2025-12-02 21:32:20.0787 (LobbyPlayerManagerComponentSystem.cs:102) 玩家ID:482736422909116417 移动到新位置: 1.9010572 , 0 , -4.1280622
2025-12-02 21:32:20.1886 (LobbyPlayerManagerComponentSystem.cs:97) 玩家ID:482736422909116417 移动方向: 0.96822953 , 0 , -0.24996549
2025-12-02 21:32:20.1886 (LobbyPlayerManagerComponentSystem.cs:102) 玩家ID:482736422909116417 移动到新位置: 2.0947032 , 0 , -4.1780553
2025-12-02 21:32:20.2772 (LobbyPlayerManagerComponentSystem.cs:97) 玩家ID:482736422909116417 移动方向: 0.50859106 , 0 , -0.8610082
2025-12-02 21:32:20.2772 (LobbyPlayerManagerComponentSystem.cs:102) 玩家ID:482736422909116417 移动到新位置: 2.1964214 , 0 , -4.350257
2025-12-02 21:32:20.3839 (LobbyPlayerManagerComponentSystem.cs:97) 玩家ID:482736422909116417 移动方向: -0.24886411 , 0 , -0.96854186
2025-12-02 21:32:20.3839 (LobbyPlayerManagerComponentSystem.cs:102) 玩家ID:482736422909116417 移动到新位置: 2.1466486 , 0 , -4.5439653
2025-12-02 21:32:20.4796 (LobbyPlayerManagerComponentSystem.cs:97) 玩家ID:482736422909116417 移动方向: -0.8607766 , 0 , -0.5089829
2025-12-02 21:32:20.4796 (LobbyPlayerManagerComponentSystem.cs:102) 玩家ID:482736422909116417 移动到新位置: 1.9744933 , 0 , -4.645762
2025-12-02 21:32:20.5767 (LobbyPlayerManagerComponentSystem.cs:97) 玩家ID:482736422909116417 移动方向: -0.8607554 , 0 , -0.5090189
2025-12-02 21:32:20.5767 (LobbyPlayerManagerComponentSystem.cs:102) 玩家ID:482736422909116417 移动到新位置: 1.8023422 , 0 , -4.7475657
2025-12-02 21:32:20.6780 (LobbyPlayerManagerComponentSystem.cs:97) 玩家ID:482736422909116417 移动方向: -0.8607461 , 0 , -0.5090345
2025-12-02 21:32:20.6780 (LobbyPlayerManagerComponentSystem.cs:102) 玩家ID:482736422909116417 移动到新位置: 1.630193 , 0 , -4.849373
2025-12-02 21:32:20.7800 (LobbyPlayerManagerComponentSystem.cs:97) 玩家ID:482736422909116417 移动方向: -0.86074305 , 0 , -0.5090397
2025-12-02 21:32:20.7800 (LobbyPlayerManagerComponentSystem.cs:102) 玩家ID:482736422909116417 移动到新位置: 1.4580444 , 0 , -4.951181
2025-12-02 21:32:20.8830 (LobbyPlayerManagerComponentSystem.cs:97) 玩家ID:482736422909116417 移动方向: -0.9667308 , 0 , 0.2558214
2025-12-02 21:32:20.8830 (LobbyPlayerManagerComponentSystem.cs:102) 玩家ID:482736422909116417 移动到新位置: 1.2646983 , 0 , -4.900017
2025-12-02 21:32:20.9731 (LobbyPlayerManagerComponentSystem.cs:97) 玩家ID:482736422909116417 移动方向: -0.92355186 , 0 , 0.38370013
2025-12-02 21:32:20.9731 (LobbyPlayerManagerComponentSystem.cs:102) 玩家ID:482736422909116417 移动到新位置: 1.0799879 , 0 , -4.8232765
2025-12-02 21:32:21.0800 (LobbyPlayerManagerComponentSystem.cs:97) 玩家ID:482736422909116417 移动方向: -0.9997257 , 0 , -0.02342008
2025-12-02 21:32:21.0800 (LobbyPlayerManagerComponentSystem.cs:102) 玩家ID:482736422909116417 移动到新位置: 0.88004273 , 0 , -4.8279605
2025-12-02 21:32:21.1847 (LobbyPlayerManagerComponentSystem.cs:97) 玩家ID:482736422909116417 移动方向: -0.75147617 , 0 , -0.65969497
2025-12-02 21:32:21.1847 (LobbyPlayerManagerComponentSystem.cs:102) 玩家ID:482736422909116417 移动到新位置: 0.72974753 , 0 , -4.9598994
2025-12-02 21:32:21.2754 (LobbyPlayerManagerComponentSystem.cs:97) 玩家ID:482736422909116417 移动方向: -0.58487105 , 0 , -0.8111121
2025-12-02 21:32:21.2754 (LobbyPlayerManagerComponentSystem.cs:102) 玩家ID:482736422909116417 移动到新位置: 0.6127733 , 0 , -5.122122
2025-12-02 21:32:21.3757 (LobbyPlayerManagerComponentSystem.cs:102) 玩家ID:482736422909116417 移动到新位置: 0.6127733 , 0 , -5.122122
2025-12-02 21:32:21.7814 (LobbyPlayerManagerComponentSystem.cs:97) 玩家ID:482736422909116417 移动方向: -0.87157935 , 0 , -0.4902544
2025-12-02 21:32:21.7814 (LobbyPlayerManagerComponentSystem.cs:102) 玩家ID:482736422909116417 移动到新位置: 0.43845743 , 0 , -5.220173
2025-12-02 21:32:21.8801 (LobbyPlayerManagerComponentSystem.cs:97) 玩家ID:482736422909116417 移动方向: -0.8709493 , 0 , -0.49137288
2025-12-02 21:32:21.8801 (LobbyPlayerManagerComponentSystem.cs:102) 玩家ID:482736422909116417 移动到新位置: 0.26426756 , 0 , -5.3184476
2025-12-02 21:32:21.9842 (LobbyPlayerManagerComponentSystem.cs:97) 玩家ID:482736422909116417 移动方向: -0.8707047 , 0 , -0.4918062
2025-12-02 21:32:21.9842 (LobbyPlayerManagerComponentSystem.cs:102) 玩家ID:482736422909116417 移动到新位置: 0.09012663 , 0 , -5.4168086
2025-12-02 21:32:22.0824 (LobbyPlayerManagerComponentSystem.cs:97) 玩家ID:482736422909116417 移动方向: -0.8765786 , 0 , -0.48125857
2025-12-02 21:32:22.0824 (LobbyPlayerManagerComponentSystem.cs:102) 玩家ID:482736422909116417 移动到新位置: -0.08518909 , 0 , -5.51306
2025-12-02 21:32:22.1762 (LobbyPlayerManagerComponentSystem.cs:97) 玩家ID:482736422909116417 移动方向: -0.88693327 , 0 , -0.46189755
2025-12-02 21:32:22.1762 (LobbyPlayerManagerComponentSystem.cs:102) 玩家ID:482736422909116417 移动到新位置: -0.26257575 , 0 , -5.6054397
2025-12-02 21:32:22.2804 (LobbyPlayerManagerComponentSystem.cs:97) 玩家ID:482736422909116417 移动方向: -0.9129923 , 0 , -0.40797687
2025-12-02 21:32:22.2804 (LobbyPlayerManagerComponentSystem.cs:102) 玩家ID:482736422909116417 移动到新位置: -0.44517422 , 0 , -5.687035
2025-12-02 21:32:22.3786 (LobbyPlayerManagerComponentSystem.cs:97) 玩家ID:482736422909116417 移动方向: -0.9795751 , 0 , -0.20107882
2025-12-02 21:32:22.3786 (LobbyPlayerManagerComponentSystem.cs:102) 玩家ID:482736422909116417 移动到新位置: -0.6410892 , 0 , -5.727251
2025-12-02 21:32:22.4828 (StateSyncRequestHandler.cs:18) 玩家ID:482736422909116417 移动方向: -0.99748933 , 0 , 0.07081696
2025-12-02 21:32:22.4828 (StateSyncRequestHandler.cs:18) 玩家ID:482736422909116417 移动到新位置: -0.8405871 , 0 , -5.7130876
2025-12-02 21:32:22.5770 (StateSyncRequestHandler.cs:18) 玩家ID:482736422909116417 移动方向: -0.98341626 , 0 , 0.18136285
2025-12-02 21:32:22.5770 (StateSyncRequestHandler.cs:18) 玩家ID:482736422909116417 移动到新位置: -1.0372703 , 0 , -5.676815
2025-12-02 21:32:22.6742 (StateSyncRequestHandler.cs:18) 玩家ID:482736422909116417 移动方向: -0.85268354 , 0 , -0.5222046
2025-12-02 21:32:22.6742 (StateSyncRequestHandler.cs:18) 玩家ID:482736422909116417 移动到新位置: -1.2078071 , 0 , -5.7812557
2025-12-02 21:32:22.7794 (StateSyncRequestHandler.cs:18) 玩家ID:482736422909116417 移动方向: -0.37117043 , 0 , -0.9285648
2025-12-02 21:32:22.7794 (StateSyncRequestHandler.cs:18) 玩家ID:482736422909116417 移动到新位置: -1.2820412 , 0 , -5.9669685
2025-12-02 21:32:22.8731 (StateSyncRequestHandler.cs:18) 玩家ID:482736422909116417 移动方向: -0.47389066 , 0 , -0.8805837
2025-12-02 21:32:22.8731 (StateSyncRequestHandler.cs:18) 玩家ID:482736422909116417 移动到新位置: -1.3768194 , 0 , -6.1430855
2025-12-02 21:32:22.9742 (StateSyncRequestHandler.cs:18) 玩家ID:482736422909116417 移动方向: -0.5120064 , 0 , -0.85898167
2025-12-02 21:32:22.9742 (StateSyncRequestHandler.cs:18) 玩家ID:482736422909116417 移动到新位置: -1.4792206 , 0 , -6.314882
2025-12-02 21:32:23.0796 (StateSyncRequestHandler.cs:18) 玩家ID:482736422909116417 移动方向: -0.52779835 , 0 , -0.84936965
2025-12-02 21:32:23.0796 (StateSyncRequestHandler.cs:18) 玩家ID:482736422909116417 移动到新位置: -1.5847803 , 0 , -6.4847555
2025-12-02 21:32:23.1752 (StateSyncRequestHandler.cs:18) 玩家ID:482736422909116417 移动方向: -0.84646094 , 0 , 0.5324508
2025-12-02 21:32:23.1752 (StateSyncRequestHandler.cs:18) 玩家ID:482736422909116417 移动到新位置: -1.7540725 , 0 , -6.3782654
2025-12-02 21:32:23.2757 (StateSyncRequestHandler.cs:18) 玩家ID:482736422909116417 移动方向: -0.87251097 , 0 , 0.48859462
2025-12-02 21:32:23.2757 (StateSyncRequestHandler.cs:18) 玩家ID:482736422909116417 移动到新位置: -1.9285748 , 0 , -6.2805467
2025-12-02 21:32:23.3730 (StateSyncRequestHandler.cs:18) 玩家ID:482736422909116417 移动方向: -0.9066557 , 0 , 0.42187122
2025-12-02 21:32:23.3730 (StateSyncRequestHandler.cs:18) 玩家ID:482736422909116417 移动到新位置: -2.109906 , 0 , -6.196172
2025-12-02 21:32:23.4736 (StateSyncRequestHandler.cs:18) 玩家ID:482736422909116417 移动方向: -0.9188768 , 0 , 0.39454454
2025-12-02 21:32:23.4736 (StateSyncRequestHandler.cs:18) 玩家ID:482736422909116417 移动到新位置: -2.2936814 , 0 , -6.1172633
2025-12-02 21:32:23.5868 (StateSyncRequestHandler.cs:18) 玩家ID:482736422909116417 移动方向: -0.9043738 , 0 , 0.42674115
2025-12-02 21:32:23.5868 (StateSyncRequestHandler.cs:18) 玩家ID:482736422909116417 移动到新位置: -2.4745562 , 0 , -6.031915
2025-12-02 21:32:23.6788 (StateSyncRequestHandler.cs:18) 玩家ID:482736422909116417 移动方向: -0.26037535 , 0 , 0.965536
2025-12-02 21:32:23.6788 (StateSyncRequestHandler.cs:18) 玩家ID:482736422909116417 移动到新位置: -2.5266314 , 0 , -5.838808
2025-12-02 21:32:23.7827 (StateSyncRequestHandler.cs:18) 玩家ID:482736422909116417 移动方向: -0.8488156 , 0 , 0.5286891
2025-12-02 21:32:23.7827 (StateSyncRequestHandler.cs:18) 玩家ID:482736422909116417 移动到新位置: -2.6963944 , 0 , -5.7330704
2025-12-02 21:32:23.8878 (StateSyncRequestHandler.cs:18) 玩家ID:482736422909116417 移动方向: -0.8337336 , 0 , 0.5521669
2025-12-02 21:32:23.8878 (StateSyncRequestHandler.cs:18) 玩家ID:482736422909116417 移动到新位置: -2.863141 , 0 , -5.622637
2025-12-02 21:32:23.9730 (StateSyncRequestHandler.cs:18) 玩家ID:482736422909116417 移动到新位置: -2.863141 , 0 , -5.622637
2025-12-02 21:32:24.6771 (StateSyncRequestHandler.cs:18) 玩家ID:482736422909116417 移动方向: -0.73423284 , 0 , 0.6788977
2025-12-02 21:32:24.6771 (StateSyncRequestHandler.cs:18) 玩家ID:482736422909116417 移动到新位置: -3.0099876 , 0 , -5.4868574
2025-12-02 21:32:24.7767 (StateSyncRequestHandler.cs:18) 玩家ID:482736422909116417 移动方向: -0.014431775 , 0 , 0.99989605
2025-12-02 21:32:24.7767 (StateSyncRequestHandler.cs:18) 玩家ID:482736422909116417 移动到新位置: -3.012874 , 0 , -5.286878
2025-12-02 21:32:24.8792 (StateSyncRequestHandler.cs:18) 玩家ID:482736422909116417 移动方向: -0.0051322877 , 0 , 0.9999869
2025-12-02 21:32:24.8792 (StateSyncRequestHandler.cs:18) 玩家ID:482736422909116417 移动到新位置: -3.0139003 , 0 , -5.0868807
2025-12-02 21:32:24.9738 (StateSyncRequestHandler.cs:18) 玩家ID:482736422909116417 移动方向: -0.0020355582 , 0 , 0.999998
2025-12-02 21:32:24.9738 (StateSyncRequestHandler.cs:18) 玩家ID:482736422909116417 移动到新位置: -3.0143075 , 0 , -4.886881
2025-12-02 21:32:25.0764 (StateSyncRequestHandler.cs:18) 玩家ID:482736422909116417 移动方向: -0.70765436 , 0 , 0.70655876
2025-12-02 21:32:25.0764 (StateSyncRequestHandler.cs:18) 玩家ID:482736422909116417 移动到新位置: -3.1558385 , 0 , -4.745569
2025-12-02 21:32:25.1796 (StateSyncRequestHandler.cs:18) 玩家ID:482736422909116417 移动方向: -0.70728976 , 0 , 0.7069238
2025-12-02 21:32:25.1796 (StateSyncRequestHandler.cs:18) 玩家ID:482736422909116417 移动到新位置: -3.2972965 , 0 , -4.6041846
2025-12-02 21:32:25.2749 (StateSyncRequestHandler.cs:18) 玩家ID:482736422909116417 移动方向: -0.7071771 , 0 , 0.7070365
2025-12-02 21:32:25.2749 (StateSyncRequestHandler.cs:18) 玩家ID:482736422909116417 移动到新位置: -3.438732 , 0 , -4.462777
2025-12-02 21:32:25.3777 (StateSyncRequestHandler.cs:18) 玩家ID:482736422909116417 移动方向: -3.9845705E-05 , 0 , 1
2025-12-02 21:32:25.3777 (StateSyncRequestHandler.cs:18) 玩家ID:482736422909116417 移动到新位置: -3.4387398 , 0 , -4.2627773
2025-12-02 21:32:25.4804 (StateSyncRequestHandler.cs:18) 玩家ID:482736422909116417 移动方向: -1 , 0 , -1.3947487E-05
2025-12-02 21:32:25.4804 (StateSyncRequestHandler.cs:18) 玩家ID:482736422909116417 移动到新位置: -3.6387398 , 0 , -4.26278
2025-12-02 21:32:25.5751 (StateSyncRequestHandler.cs:18) 玩家ID:482736422909116417 移动方向: -1 , 0 , -6.3478947E-06
2025-12-02 21:32:25.5751 (StateSyncRequestHandler.cs:18) 玩家ID:482736422909116417 移动到新位置: -3.8387399 , 0 , -4.2627816
2025-12-02 21:32:25.6754 (StateSyncRequestHandler.cs:18) 玩家ID:482736422909116417 移动方向: -0.707109 , 0 , 0.70710456
2025-12-02 21:32:25.6754 (StateSyncRequestHandler.cs:18) 玩家ID:482736422909116417 移动到新位置: -3.9801617 , 0 , -4.121361
2025-12-02 21:32:25.7848 (StateSyncRequestHandler.cs:18) 玩家ID:482736422909116417 移动到新位置: -3.9801617 , 0 , -4.121361
2025-12-02 21:32:41.8744 (StateSyncRequestHandler.cs:18) 玩家ID:482736422909116417 移动方向: -0.1901818 , 0 , 0.9817489
2025-12-02 21:32:41.8749 (StateSyncRequestHandler.cs:18) 玩家ID:482736422909116417 移动到新位置: -4.018198 , 0 , -3.925011
2025-12-02 21:32:41.9901 (StateSyncRequestHandler.cs:18) 玩家ID:482736422909116417 移动方向: -0.18667912 , 0 , 0.982421
2025-12-02 21:32:41.9901 (StateSyncRequestHandler.cs:18) 玩家ID:482736422909116417 移动到新位置: -4.055534 , 0 , -3.7285268
2025-12-02 21:32:42.0796 (StateSyncRequestHandler.cs:18) 玩家ID:482736422909116417 移动方向: -0.1821796 , 0 , 0.9832652
2025-12-02 21:32:42.0796 (StateSyncRequestHandler.cs:18) 玩家ID:482736422909116417 移动到新位置: -4.09197 , 0 , -3.5318737
2025-12-02 21:32:42.1756 (StateSyncRequestHandler.cs:18) 玩家ID:482736422909116417 移动方向: -0.17877135 , 0 , 0.98389065
2025-12-02 21:32:42.1756 (StateSyncRequestHandler.cs:18) 玩家ID:482736422909116417 移动到新位置: -4.127724 , 0 , -3.3350956
2025-12-02 21:32:42.2851 (StateSyncRequestHandler.cs:18) 玩家ID:482736422909116417 移动方向: -0.17466491 , 0 , 0.9846279
2025-12-02 21:32:42.2851 (StateSyncRequestHandler.cs:18) 玩家ID:482736422909116417 移动到新位置: -4.1626573 , 0 , -3.13817
2025-12-02 21:32:42.3808 (StateSyncRequestHandler.cs:18) 玩家ID:482736422909116417 移动方向: -0.1720669 , 0 , 0.98508525
2025-12-02 21:32:42.3808 (StateSyncRequestHandler.cs:18) 玩家ID:482736422909116417 移动到新位置: -4.1970706 , 0 , -2.941153
2025-12-02 21:32:42.4732 (StateSyncRequestHandler.cs:18) 玩家ID:482736422909116417 移动到新位置: -4.1970706 , 0 , -2.941153
2025-12-02 21:34:43.5055  收到登录请求
2025-12-02 21:34:43.5496  进入大厅成功，玩家ID:482736422909116417
2025-12-02 21:34:44.9133 (StateSyncRequestHandler.cs:18) 玩家ID:482736422909116417 移动方向: 0.74557906 , 0 , -0.6664172
2025-12-02 21:34:44.9133 (StateSyncRequestHandler.cs:18) 玩家ID:482736422909116417 移动到新位置: -4.0479546 , 0 , -3.0744364
2025-12-02 21:34:45.0058 (StateSyncRequestHandler.cs:18) 玩家ID:482736422909116417 移动方向: 0.7494179 , 0 , -0.6620973
2025-12-02 21:34:45.0058 (StateSyncRequestHandler.cs:18) 玩家ID:482736422909116417 移动到新位置: -3.898071 , 0 , -3.2068558
2025-12-02 21:34:45.1127 (StateSyncRequestHandler.cs:18) 玩家ID:482736422909116417 移动方向: 0.75003326 , 0 , -0.6614001
2025-12-02 21:34:45.1127 (StateSyncRequestHandler.cs:18) 玩家ID:482736422909116417 移动到新位置: -3.7480645 , 0 , -3.339136
2025-12-02 21:34:45.2069 (StateSyncRequestHandler.cs:18) 玩家ID:482736422909116417 移动方向: 0.7500992 , 0 , -0.66132534
2025-12-02 21:34:45.2069 (StateSyncRequestHandler.cs:18) 玩家ID:482736422909116417 移动到新位置: -3.5980446 , 0 , -3.471401
2025-12-02 21:34:45.3050 (StateSyncRequestHandler.cs:18) 玩家ID:482736422909116417 移动方向: 0.75010926 , 0 , -0.6613139
2025-12-02 21:34:45.3050 (StateSyncRequestHandler.cs:18) 玩家ID:482736422909116417 移动到新位置: -3.4480228 , 0 , -3.6036637
2025-12-02 21:34:45.4143 (StateSyncRequestHandler.cs:18) 玩家ID:482736422909116417 移动方向: -0.6613121 , 0 , -0.7501109
2025-12-02 21:34:45.4143 (StateSyncRequestHandler.cs:18) 玩家ID:482736422909116417 移动到新位置: -3.5802853 , 0 , -3.753686
2025-12-02 21:34:45.5044 (StateSyncRequestHandler.cs:18) 玩家ID:482736422909116417 移动方向: -0.6613121 , 0 , -0.7501109
2025-12-02 21:34:45.5044 (StateSyncRequestHandler.cs:18) 玩家ID:482736422909116417 移动到新位置: -3.7125478 , 0 , -3.9037082
2025-12-02 21:34:45.6177 (StateSyncRequestHandler.cs:18) 玩家ID:482736422909116417 移动方向: -0.9980267 , 0 , -0.062790245
2025-12-02 21:34:45.6177 (StateSyncRequestHandler.cs:18) 玩家ID:482736422909116417 移动到新位置: -3.9121532 , 0 , -3.9162662
2025-12-02 21:34:45.7102 (StateSyncRequestHandler.cs:18) 玩家ID:482736422909116417 移动方向: -0.75011086 , 0 , 0.6613121
2025-12-02 21:34:45.7102 (StateSyncRequestHandler.cs:18) 玩家ID:482736422909116417 移动到新位置: -4.0621753 , 0 , -3.7840037
2025-12-02 21:34:45.8058 (StateSyncRequestHandler.cs:18) 玩家ID:482736422909116417 移动方向: -0.062790185 , 0 , 0.9980267
2025-12-02 21:34:45.8058 (StateSyncRequestHandler.cs:18) 玩家ID:482736422909116417 移动到新位置: -4.0747333 , 0 , -3.5843983
2025-12-02 21:34:45.9050 (StateSyncRequestHandler.cs:18) 玩家ID:482736422909116417 移动方向: -0.062790185 , 0 , 0.9980267
2025-12-02 21:34:45.9050 (StateSyncRequestHandler.cs:18) 玩家ID:482736422909116417 移动到新位置: -4.0872912 , 0 , -3.3847928
2025-12-02 21:34:46.0106 (StateSyncRequestHandler.cs:18) 玩家ID:482736422909116417 移动方向: 0.6613121 , 0 , 0.7501109
2025-12-02 21:34:46.0106 (StateSyncRequestHandler.cs:18) 玩家ID:482736422909116417 移动到新位置: -3.9550288 , 0 , -3.2347705
2025-12-02 21:34:46.1029 (StateSyncRequestHandler.cs:18) 玩家ID:482736422909116417 移动方向: 0.6613121 , 0 , 0.7501109
2025-12-02 21:34:46.1029 (StateSyncRequestHandler.cs:18) 玩家ID:482736422909116417 移动到新位置: -3.8227663 , 0 , -3.0847483
2025-12-02 21:34:46.2054 (StateSyncRequestHandler.cs:18) 玩家ID:482736422909116417 移动方向: 0.6613121 , 0 , 0.7501109
2025-12-02 21:34:46.2054 (StateSyncRequestHandler.cs:18) 玩家ID:482736422909116417 移动到新位置: -3.6905038 , 0 , -2.934726
2025-12-02 21:34:46.3111 (StateSyncRequestHandler.cs:18) 玩家ID:482736422909116417 移动到新位置: -3.6905038 , 0 , -2.934726
2025-12-02 21:35:02.1690 (StateSyncRequestHandler.cs:18) 玩家ID:482736422909116417 移动方向: -0.95620805 , 0 , -0.2926878
2025-12-02 21:35:02.1690 (StateSyncRequestHandler.cs:18) 玩家ID:482736422909116417 移动到新位置: -3.8817453 , 0 , -2.9932635
2025-12-02 21:35:02.2634 (StateSyncRequestHandler.cs:18) 玩家ID:482736422909116417 移动方向: -0.9556096 , 0 , -0.29463562
2025-12-02 21:35:02.2634 (StateSyncRequestHandler.cs:18) 玩家ID:482736422909116417 移动到新位置: -4.0728674 , 0 , -3.0521905
2025-12-02 21:35:02.3656 (StateSyncRequestHandler.cs:18) 玩家ID:482736422909116417 移动方向: -0.29588482 , 0 , 0.9552237
2025-12-02 21:35:02.3656 (StateSyncRequestHandler.cs:18) 玩家ID:482736422909116417 移动到新位置: -4.1320443 , 0 , -2.8611457
2025-12-02 21:35:02.4609 (StateSyncRequestHandler.cs:18) 玩家ID:482736422909116417 移动方向: -0.29658327 , 0 , 0.95500696
2025-12-02 21:35:02.4609 (StateSyncRequestHandler.cs:18) 玩家ID:482736422909116417 移动到新位置: -4.191361 , 0 , -2.6701443
2025-12-02 21:35:02.5603 (StateSyncRequestHandler.cs:18) 玩家ID:482736422909116417 移动到新位置: -4.191361 , 0 , -2.6701443
2025-12-02 21:35:05.1657 (StateSyncRequestHandler.cs:18) 玩家ID:482736422909116417 移动方向: -0.9460837 , 0 , -0.32392222
2025-12-02 21:35:05.1657 (StateSyncRequestHandler.cs:18) 玩家ID:482736422909116417 移动到新位置: -4.3805776 , 0 , -2.7349288
2025-12-02 21:35:05.2651 (StateSyncRequestHandler.cs:18) 玩家ID:482736422909116417 移动方向: -0.8980291 , 0 , 0.43993604
2025-12-02 21:35:05.2651 (StateSyncRequestHandler.cs:18) 玩家ID:482736422909116417 移动到新位置: -4.5601835 , 0 , -2.6469417
2025-12-02 21:35:05.3697 (StateSyncRequestHandler.cs:18) 玩家ID:482736422909116417 移动方向: -0.32391924 , 0 , 0.94608474
2025-12-02 21:35:05.3697 (StateSyncRequestHandler.cs:18) 玩家ID:482736422909116417 移动到新位置: -4.6249676 , 0 , -2.4577248
2025-12-02 21:35:05.4730 (StateSyncRequestHandler.cs:18) 玩家ID:482736422909116417 移动方向: 0.43993765 , 0 , 0.89802825
2025-12-02 21:35:05.4730 (StateSyncRequestHandler.cs:18) 玩家ID:482736422909116417 移动到新位置: -4.53698 , 0 , -2.278119
2025-12-02 21:35:05.5686 (StateSyncRequestHandler.cs:18) 玩家ID:482736422909116417 移动方向: 0.95038956 , 0 , 0.3110623
2025-12-02 21:35:05.5686 (StateSyncRequestHandler.cs:18) 玩家ID:482736422909116417 移动到新位置: -4.3469024 , 0 , -2.2159066
2025-12-02 21:35:05.6753 (StateSyncRequestHandler.cs:18) 玩家ID:482736422909116417 移动方向: 0.9930558 , 0 , 0.11764426
2025-12-02 21:35:05.6753 (StateSyncRequestHandler.cs:18) 玩家ID:482736422909116417 移动到新位置: -4.148291 , 0 , -2.1923778
2025-12-02 21:35:05.7650 (StateSyncRequestHandler.cs:18) 玩家ID:482736422909116417 移动到新位置: -4.148291 , 0 , -2.1923778
2025-12-02 21:35:07.4661 (StateSyncRequestHandler.cs:18) 玩家ID:482736422909116417 移动方向: -0.88626975 , 0 , 0.46316946
2025-12-02 21:35:07.4661 (StateSyncRequestHandler.cs:18) 玩家ID:482736422909116417 移动到新位置: -4.325545 , 0 , -2.0997438
2025-12-02 21:35:07.5601 (StateSyncRequestHandler.cs:18) 玩家ID:482736422909116417 移动方向: -0.8587196 , 0 , 0.5124458
2025-12-02 21:35:07.5601 (StateSyncRequestHandler.cs:18) 玩家ID:482736422909116417 移动到新位置: -4.4972887 , 0 , -1.9972547
2025-12-02 21:35:07.6654 (StateSyncRequestHandler.cs:18) 玩家ID:482736422909116417 移动方向: 0.019595861 , 0 , 0.99980795
2025-12-02 21:35:07.6654 (StateSyncRequestHandler.cs:18) 玩家ID:482736422909116417 移动到新位置: -4.4933696 , 0 , -1.7972932
2025-12-02 21:35:07.7696 (StateSyncRequestHandler.cs:18) 玩家ID:482736422909116417 移动方向: 0.8421935 , 0 , 0.5391754
2025-12-02 21:35:07.7696 (StateSyncRequestHandler.cs:18) 玩家ID:482736422909116417 移动到新位置: -4.3249307 , 0 , -1.6894581
2025-12-02 21:35:07.8663 (StateSyncRequestHandler.cs:18) 玩家ID:482736422909116417 移动方向: 0.94920266 , 0 , -0.31466517
2025-12-02 21:35:07.8663 (StateSyncRequestHandler.cs:18) 玩家ID:482736422909116417 移动到新位置: -4.1350904 , 0 , -1.7523912
2025-12-02 21:35:07.9663 (StateSyncRequestHandler.cs:18) 玩家ID:482736422909116417 移动方向: 0.9241812 , 0 , -0.38195437
2025-12-02 21:35:07.9663 (StateSyncRequestHandler.cs:18) 玩家ID:482736422909116417 移动到新位置: -3.9502542 , 0 , -1.8287821
2025-12-02 21:35:08.0685 (StateSyncRequestHandler.cs:18) 玩家ID:482736422909116417 移动方向: 0.9288161 , 0 , 0.37054121
2025-12-02 21:35:08.0685 (StateSyncRequestHandler.cs:18) 玩家ID:482736422909116417 移动到新位置: -3.764491 , 0 , -1.7546738
2025-12-02 21:35:08.1671 (StateSyncRequestHandler.cs:18) 玩家ID:482736422909116417 移动方向: 0.9298423 , 0 , 0.36795837
2025-12-02 21:35:08.1671 (StateSyncRequestHandler.cs:18) 玩家ID:482736422909116417 移动到新位置: -3.5785227 , 0 , -1.6810821
2025-12-02 21:35:08.2642 (StateSyncRequestHandler.cs:18) 玩家ID:482736422909116417 移动方向: 0.3999607 , 0 , 0.91653216
2025-12-02 21:35:08.2642 (StateSyncRequestHandler.cs:18) 玩家ID:482736422909116417 移动到新位置: -3.4985306 , 0 , -1.4977757
2025-12-02 21:35:08.3663 (StateSyncRequestHandler.cs:18) 玩家ID:482736422909116417 移动方向: -0.34060946 , 0 , 0.94020486
2025-12-02 21:35:08.3663 (StateSyncRequestHandler.cs:18) 玩家ID:482736422909116417 移动到新位置: -3.5666525 , 0 , -1.3097347
2025-12-02 21:35:08.4617 (StateSyncRequestHandler.cs:18) 玩家ID:482736422909116417 移动方向: 0.42631805 , 0 , 0.9045733
2025-12-02 21:35:08.4617 (StateSyncRequestHandler.cs:18) 玩家ID:482736422909116417 移动到新位置: -3.481389 , 0 , -1.1288201
2025-12-02 21:35:08.5708 (StateSyncRequestHandler.cs:18) 玩家ID:482736422909116417 移动方向: 0.940995 , 0 , 0.3384205
2025-12-02 21:35:08.5708 (StateSyncRequestHandler.cs:18) 玩家ID:482736422909116417 移动到新位置: -3.29319 , 0 , -1.061136
2025-12-02 21:35:08.6690 (StateSyncRequestHandler.cs:18) 玩家ID:482736422909116417 移动方向: 0.9047369 , 0 , -0.4259708
2025-12-02 21:35:08.6690 (StateSyncRequestHandler.cs:18) 玩家ID:482736422909116417 移动到新位置: -3.1122427 , 0 , -1.1463301
2025-12-02 21:35:08.7596 (StateSyncRequestHandler.cs:18) 玩家ID:482736422909116417 移动到新位置: -3.1122427 , 0 , -1.1463301
2025-12-02 21:35:52.9790 (StateSyncRequestHandler.cs:18) 玩家ID:482736422909116417 移动方向: -0.38684738 , 0 , -0.92214376
2025-12-02 21:35:52.9790 (StateSyncRequestHandler.cs:18) 玩家ID:482736422909116417 移动到新位置: -3.1896122 , 0 , -1.3307588
2025-12-02 21:35:53.0656 (StateSyncRequestHandler.cs:18) 玩家ID:482736422909116417 移动方向: -0.39859712 , 0 , -0.9171262
2025-12-02 21:35:53.0656 (StateSyncRequestHandler.cs:18) 玩家ID:482736422909116417 移动到新位置: -3.2693315 , 0 , -1.514184
2025-12-02 21:35:53.1710 (StateSyncRequestHandler.cs:18) 玩家ID:482736422909116417 移动方向: -0.4004807 , 0 , -0.91630524
2025-12-02 21:35:53.1710 (StateSyncRequestHandler.cs:18) 玩家ID:482736422909116417 移动到新位置: -3.3494277 , 0 , -1.697445
2025-12-02 21:35:53.2713 (StateSyncRequestHandler.cs:18) 玩家ID:482736422909116417 移动方向: -0.9311999 , 0 , -0.3645089
2025-12-02 21:35:53.2713 (StateSyncRequestHandler.cs:18) 玩家ID:482736422909116417 移动到新位置: -3.5356677 , 0 , -1.7703468
2025-12-02 21:35:53.3641 (StateSyncRequestHandler.cs:18) 玩家ID:482736422909116417 移动方向: -0.9161916 , 0 , 0.4007405
2025-12-02 21:35:53.3641 (StateSyncRequestHandler.cs:18) 玩家ID:482736422909116417 移动到新位置: -3.718906 , 0 , -1.6901987
2025-12-02 21:35:53.4626 (StateSyncRequestHandler.cs:18) 玩家ID:482736422909116417 移动方向: -0.3644744 , 0 , 0.9312134
2025-12-02 21:35:53.4626 (StateSyncRequestHandler.cs:18) 玩家ID:482736422909116417 移动到新位置: -3.7918007 , 0 , -1.503956
2025-12-02 21:35:53.5616 (StateSyncRequestHandler.cs:18) 玩家ID:482736422909116417 移动方向: 0.40074593 , 0 , 0.9161892
2025-12-02 21:35:53.5616 (StateSyncRequestHandler.cs:18) 玩家ID:482736422909116417 移动到新位置: -3.7116516 , 0 , -1.3207182
2025-12-02 21:35:53.6686 (StateSyncRequestHandler.cs:18) 玩家ID:482736422909116417 移动方向: 0.93121374 , 0 , 0.3644734
2025-12-02 21:35:53.6686 (StateSyncRequestHandler.cs:18) 玩家ID:482736422909116417 移动到新位置: -3.5254087 , 0 , -1.2478235
2025-12-02 21:35:53.7626 (StateSyncRequestHandler.cs:18) 玩家ID:482736422909116417 移动方向: 0.93121374 , 0 , 0.3644734
2025-12-02 21:35:53.7626 (StateSyncRequestHandler.cs:18) 玩家ID:482736422909116417 移动到新位置: -3.339166 , 0 , -1.1749288
2025-12-02 21:35:53.8658 (StateSyncRequestHandler.cs:18) 玩家ID:482736422909116417 移动方向: 0.93121374 , 0 , 0.3644734
2025-12-02 21:35:53.8658 (StateSyncRequestHandler.cs:18) 玩家ID:482736422909116417 移动到新位置: -3.152923 , 0 , -1.1020341
2025-12-02 21:35:53.9745 (StateSyncRequestHandler.cs:18) 玩家ID:482736422909116417 移动方向: 0.93121374 , 0 , 0.3644734
2025-12-02 21:35:53.9745 (StateSyncRequestHandler.cs:18) 玩家ID:482736422909116417 移动到新位置: -2.9666803 , 0 , -1.0291394
2025-12-02 21:35:54.0731 (StateSyncRequestHandler.cs:18) 玩家ID:482736422909116417 移动方向: -0.36447343 , 0 , 0.9312138
2025-12-02 21:35:54.0731 (StateSyncRequestHandler.cs:18) 玩家ID:482736422909116417 移动到新位置: -3.0395749 , 0 , -0.84289664
2025-12-02 21:35:54.1713 (StateSyncRequestHandler.cs:18) 玩家ID:482736422909116417 移动方向: -0.36447343 , 0 , 0.9312138
2025-12-02 21:35:54.1718 (StateSyncRequestHandler.cs:18) 玩家ID:482736422909116417 移动到新位置: -3.1124694 , 0 , -0.6566539
2025-12-02 21:35:54.2610 (StateSyncRequestHandler.cs:18) 玩家ID:482736422909116417 移动方向: -0.36447343 , 0 , 0.9312138
2025-12-02 21:35:54.2610 (StateSyncRequestHandler.cs:18) 玩家ID:482736422909116417 移动到新位置: -3.185364 , 0 , -0.47041112
2025-12-02 21:35:54.3640 (StateSyncRequestHandler.cs:18) 玩家ID:482736422909116417 移动方向: 0.40074596 , 0 , 0.9161892
2025-12-02 21:35:54.3640 (StateSyncRequestHandler.cs:18) 玩家ID:482736422909116417 移动到新位置: -3.1052148 , 0 , -0.2871733
2025-12-02 21:35:54.4632 (StateSyncRequestHandler.cs:18) 玩家ID:482736422909116417 移动方向: 0.9489371 , 0 , 0.31546527
2025-12-02 21:35:54.4632 (StateSyncRequestHandler.cs:18) 玩家ID:482736422909116417 移动到新位置: -2.9154274 , 0 , -0.22408025
2025-12-02 21:35:54.5679 (StateSyncRequestHandler.cs:18) 玩家ID:482736422909116417 移动方向: 0.9999371 , 0 , -0.011210114
2025-12-02 21:35:54.5679 (StateSyncRequestHandler.cs:18) 玩家ID:482736422909116417 移动到新位置: -2.71544 , 0 , -0.22632228
2025-12-02 21:35:54.6676 (StateSyncRequestHandler.cs:18) 玩家ID:482736422909116417 移动方向: 0.9877109 , 0 , -0.15629196
2025-12-02 21:35:54.6676 (StateSyncRequestHandler.cs:18) 玩家ID:482736422909116417 移动到新位置: -2.5178978 , 0 , -0.25758067
2025-12-02 21:35:54.7664 (StateSyncRequestHandler.cs:18) 玩家ID:482736422909116417 移动方向: 0.820813 , 0 , 0.571197
2025-12-02 21:35:54.7664 (StateSyncRequestHandler.cs:18) 玩家ID:482736422909116417 移动到新位置: -2.3537352 , 0 , -0.14334127
2025-12-02 21:35:54.8618 (StateSyncRequestHandler.cs:18) 玩家ID:482736422909116417 移动方向: 0.8223655 , 0 , 0.56895953
2025-12-02 21:35:54.8618 (StateSyncRequestHandler.cs:18) 玩家ID:482736422909116417 移动到新位置: -2.1892622 , 0 , -0.029549368
2025-12-02 21:35:54.9651 (StateSyncRequestHandler.cs:18) 玩家ID:482736422909116417 移动方向: 0.82260215 , 0 , 0.56861734
2025-12-02 21:35:54.9651 (StateSyncRequestHandler.cs:18) 玩家ID:482736422909116417 移动到新位置: -2.0247416 , 0 , 0.0841741
2025-12-02 21:35:55.0625 (StateSyncRequestHandler.cs:18) 玩家ID:482736422909116417 移动方向: 0.82263315 , 0 , 0.5685725
2025-12-02 21:35:55.0625 (StateSyncRequestHandler.cs:18) 玩家ID:482736422909116417 移动到新位置: -1.8602151 , 0 , 0.1978886
2025-12-02 21:35:55.1714 (StateSyncRequestHandler.cs:18) 玩家ID:482736422909116417 移动方向: 0.82263744 , 0 , 0.5685663
2025-12-02 21:35:55.1714 (StateSyncRequestHandler.cs:18) 玩家ID:482736422909116417 移动到新位置: -1.6956875 , 0 , 0.31160188
2025-12-02 21:35:55.2710 (StateSyncRequestHandler.cs:18) 玩家ID:482736422909116417 移动方向: 0.822638 , 0 , 0.56856555
2025-12-02 21:35:55.2710 (StateSyncRequestHandler.cs:18) 玩家ID:482736422909116417 移动到新位置: -1.5311599 , 0 , 0.425315
2025-12-02 21:35:55.3632 (StateSyncRequestHandler.cs:18) 玩家ID:482736422909116417 移动方向: -0.5685655 , 0 , 0.82263803
2025-12-02 21:35:55.3632 (StateSyncRequestHandler.cs:18) 玩家ID:482736422909116417 移动到新位置: -1.644873 , 0 , 0.58984256
2025-12-02 21:35:55.4715 (StateSyncRequestHandler.cs:18) 玩家ID:482736422909116417 移动方向: -0.5685655 , 0 , 0.82263803
2025-12-02 21:35:55.4715 (StateSyncRequestHandler.cs:18) 玩家ID:482736422909116417 移动到新位置: -1.7585862 , 0 , 0.75437015
2025-12-02 21:35:55.5712 (StateSyncRequestHandler.cs:18) 玩家ID:482736422909116417 移动方向: -0.822638 , 0 , -0.56856555
2025-12-02 21:35:55.5712 (StateSyncRequestHandler.cs:18) 玩家ID:482736422909116417 移动到新位置: -1.9231138 , 0 , 0.64065707
2025-12-02 21:35:55.6609 (StateSyncRequestHandler.cs:18) 玩家ID:482736422909116417 移动方向: -0.822638 , 0 , -0.56856555
2025-12-02 21:35:55.6609 (StateSyncRequestHandler.cs:18) 玩家ID:482736422909116417 移动到新位置: -2.0876415 , 0 , 0.526944
2025-12-02 21:35:55.7688 (StateSyncRequestHandler.cs:18) 玩家ID:482736422909116417 移动方向: -0.822638 , 0 , -0.56856555
2025-12-02 21:35:55.7688 (StateSyncRequestHandler.cs:18) 玩家ID:482736422909116417 移动到新位置: -2.2521691 , 0 , 0.41323087
2025-12-02 21:35:55.8614 (StateSyncRequestHandler.cs:18) 玩家ID:482736422909116417 移动方向: -0.822638 , 0 , -0.56856555
2025-12-02 21:35:55.8614 (StateSyncRequestHandler.cs:18) 玩家ID:482736422909116417 移动到新位置: -2.4166968 , 0 , 0.29951775
2025-12-02 21:35:55.9708 (StateSyncRequestHandler.cs:18) 玩家ID:482736422909116417 移动方向: -0.98372936 , 0 , 0.17965639
2025-12-02 21:35:55.9708 (StateSyncRequestHandler.cs:18) 玩家ID:482736422909116417 移动到新位置: -2.6134427 , 0 , 0.33544904
2025-12-02 21:35:56.0674 (StateSyncRequestHandler.cs:18) 玩家ID:482736422909116417 移动方向: -0.98372936 , 0 , 0.17965639
2025-12-02 21:35:56.0674 (StateSyncRequestHandler.cs:18) 玩家ID:482736422909116417 移动到新位置: -2.8101885 , 0 , 0.37138033
2025-12-02 21:35:56.1710 (StateSyncRequestHandler.cs:18) 玩家ID:482736422909116417 移动方向: -0.5685655 , 0 , 0.82263803
2025-12-02 21:35:56.1710 (StateSyncRequestHandler.cs:18) 玩家ID:482736422909116417 移动到新位置: -2.9239016 , 0 , 0.5359079
2025-12-02 21:35:56.2713 (StateSyncRequestHandler.cs:18) 玩家ID:482736422909116417 移动方向: 0.17965636 , 0 , 0.9837295
2025-12-02 21:35:56.2713 (StateSyncRequestHandler.cs:18) 玩家ID:482736422909116417 移动到新位置: -2.8879702 , 0 , 0.73265386
2025-12-02 21:35:56.3640 (StateSyncRequestHandler.cs:18) 玩家ID:482736422909116417 移动方向: 0.822638 , 0 , 0.56856555
2025-12-02 21:35:56.3640 (StateSyncRequestHandler.cs:18) 玩家ID:482736422909116417 移动到新位置: -2.7234426 , 0 , 0.84636694
2025-12-02 21:35:56.4685 (StateSyncRequestHandler.cs:18) 玩家ID:482736422909116417 移动方向: 0.822638 , 0 , 0.56856555
2025-12-02 21:35:56.4685 (StateSyncRequestHandler.cs:18) 玩家ID:482736422909116417 移动到新位置: -2.558915 , 0 , 0.96008
2025-12-02 21:35:56.5704 (StateSyncRequestHandler.cs:18) 玩家ID:482736422909116417 移动方向: 0.822638 , 0 , 0.56856555
2025-12-02 21:35:56.5704 (StateSyncRequestHandler.cs:18) 玩家ID:482736422909116417 移动到新位置: -2.3943872 , 0 , 1.0737932
2025-12-02 21:35:56.6672 (StateSyncRequestHandler.cs:18) 玩家ID:482736422909116417 移动方向: 0.822638 , 0 , 0.56856555
2025-12-02 21:35:56.6672 (StateSyncRequestHandler.cs:18) 玩家ID:482736422909116417 移动到新位置: -2.2298596 , 0 , 1.1875063
2025-12-02 21:35:56.7687 (StateSyncRequestHandler.cs:18) 玩家ID:482736422909116417 移动方向: 0.17965636 , 0 , 0.9837295
2025-12-02 21:35:56.7687 (StateSyncRequestHandler.cs:18) 玩家ID:482736422909116417 移动到新位置: -2.1939282 , 0 , 1.3842522
2025-12-02 21:35:56.8762 (StateSyncRequestHandler.cs:18) 玩家ID:482736422909116417 移动方向: 0.17965636 , 0 , 0.9837295
2025-12-02 21:35:56.8762 (StateSyncRequestHandler.cs:18) 玩家ID:482736422909116417 移动到新位置: -2.157997 , 0 , 1.5809981
2025-12-02 21:35:56.9630 (StateSyncRequestHandler.cs:18) 玩家ID:482736422909116417 移动方向: 0.822638 , 0 , 0.56856555
2025-12-02 21:35:56.9630 (StateSyncRequestHandler.cs:18) 玩家ID:482736422909116417 移动到新位置: -1.9934692 , 0 , 1.6947112
2025-12-02 21:35:57.0629 (StateSyncRequestHandler.cs:18) 玩家ID:482736422909116417 移动方向: 0.97860885 , 0 , -0.20572963
2025-12-02 21:35:57.0629 (StateSyncRequestHandler.cs:18) 玩家ID:482736422909116417 移动到新位置: -1.7977475 , 0 , 1.6535653
2025-12-02 21:35:57.1720 (StateSyncRequestHandler.cs:18) 玩家ID:482736422909116417 移动方向: 0.97233164 , 0 , -0.23360446
2025-12-02 21:35:57.1720 (StateSyncRequestHandler.cs:18) 玩家ID:482736422909116417 移动到新位置: -1.6032811 , 0 , 1.6068444
2025-12-02 21:35:57.2629 (StateSyncRequestHandler.cs:18) 玩家ID:482736422909116417 移动方向: 0.8543679 , 0 , 0.51966864
2025-12-02 21:35:57.2629 (StateSyncRequestHandler.cs:18) 玩家ID:482736422909116417 移动到新位置: -1.4324076 , 0 , 1.7107781
2025-12-02 21:35:57.3708 (StateSyncRequestHandler.cs:18) 玩家ID:482736422909116417 移动方向: 0.854646 , 0 , 0.51921105
2025-12-02 21:35:57.3708 (StateSyncRequestHandler.cs:18) 玩家ID:482736422909116417 移动到新位置: -1.2614784 , 0 , 1.8146204
2025-12-02 21:35:57.4613 (StateSyncRequestHandler.cs:18) 玩家ID:482736422909116417 移动方向: 0.85467744 , 0 , 0.5191595
2025-12-02 21:35:57.4613 (StateSyncRequestHandler.cs:18) 玩家ID:482736422909116417 移动到新位置: -1.0905429 , 0 , 1.9184523
2025-12-02 21:35:57.5650 (StateSyncRequestHandler.cs:18) 玩家ID:482736422909116417 移动方向: 0.85468304 , 0 , 0.5191502
2025-12-02 21:35:57.5650 (StateSyncRequestHandler.cs:18) 玩家ID:482736422909116417 移动到新位置: -0.9196063 , 0 , 2.0222824
2025-12-02 21:35:57.6676 (StateSyncRequestHandler.cs:18) 玩家ID:482736422909116417 移动方向: 0.8546835 , 0 , 0.5191493
2025-12-02 21:35:57.6676 (StateSyncRequestHandler.cs:18) 玩家ID:482736422909116417 移动到新位置: -0.7486696 , 0 , 2.1261122
2025-12-02 21:35:57.7651 (StateSyncRequestHandler.cs:18) 玩家ID:482736422909116417 移动方向: 0.8546836 , 0 , 0.51914924
2025-12-02 21:35:57.7651 (StateSyncRequestHandler.cs:18) 玩家ID:482736422909116417 移动到新位置: -0.5777329 , 0 , 2.229942
2025-12-02 21:35:57.8679 (StateSyncRequestHandler.cs:18) 玩家ID:482736422909116417 移动到新位置: -0.5777329 , 0 , 2.229942
