2025-12-06 17:01:27.1161  

==========================================================================
 
  ███████╗ █████╗ ███╗   ██╗████████╗ █████╗  ██████╗ ██╗   ██╗
  ██╔════╝██╔══██╗████╗  ██║╚══██╔══╝██╔══██╗██╔════╝ ╚██╗ ██╔╝
  █████╗  ███████║██╔██╗ ██║   ██║   ███████║╚█████╗   ╚████╔╝ 
  ██╔══╝  ██╔══██║██║╚██╗██║   ██║   ██╔══██║╚════██║   ╚██╔╝  
  ██║     ██║  ██║██║ ╚████║   ██║   ██║  ██║██████╔╝    ██║   
  ╚═╝     ╚═╝  ╚═╝╚═╝  ╚═══╝   ╚═╝   ╚═╝  ╚═╝╚═════╝     ╚═╝   
                                                            
 Version : Fantasy 2.0 Official version
==========================================================================

2025-12-06 17:01:27.1616  Current inner network protocol:TCP
2025-12-06 17:01:27.1616  Max Message Size(byte):1048560
2025-12-06 17:01:27.1616  Current session idle timeout:8000
2025-12-06 17:01:27.1616  Session-check interval:5000 
2025-12-06 17:01:27.7507  dbName:OnlineTest Initialize the db database and connect to the target.
2025-12-06 17:01:28.0894  dbName:OnlineTest Database connection successful.
2025-12-06 17:01:28.4586  SceneConfigId = 1001 networkTarget = Inner TCPServer Listen 127.0.0.1:11002
2025-12-06 17:01:28.7787  SceneConfigId = 1001 networkTarget = Outer KCPServer Listen 0.0.0.0:20000
2025-12-06 17:01:28.7787  Process:1 Startup Complete SceneCount:1
2025-12-06 17:01:56.8360 (LoginRequestHandler.cs:16) 收到登录请求
2025-12-06 17:01:57.0777 (EntryLobbyRequestHandler.cs:32) 进入大厅成功，玩家ID:482736422909116417
2025-12-06 17:01:58.5172 (LobbyPlayerManagerComponentSystem.cs:162) 玩家ID:482736422909116417 移动方向: 0.1408495 , 0 , -0.990031
2025-12-06 17:01:58.5172 (LobbyPlayerManagerComponentSystem.cs:168) 玩家ID:482736422909116417 移动到新位置: -3.2791688 , 0 , 3.0993145
2025-12-06 17:01:58.6099 (LobbyPlayerManagerComponentSystem.cs:162) 玩家ID:482736422909116417 移动方向: 0.3656625 , 0 , -0.9307475
2025-12-06 17:01:58.6099 (LobbyPlayerManagerComponentSystem.cs:168) 玩家ID:482736422909116417 移动到新位置: -3.2060363 , 0 , 2.9131649
2025-12-06 17:01:58.7096 (LobbyPlayerManagerComponentSystem.cs:162) 玩家ID:482736422909116417 移动方向: 0.9941722 , 0 , -0.10780373
2025-12-06 17:01:58.7096 (LobbyPlayerManagerComponentSystem.cs:168) 玩家ID:482736422909116417 移动到新位置: -3.007202 , 0 , 2.8916042
2025-12-06 17:01:58.8077 (LobbyPlayerManagerComponentSystem.cs:162) 玩家ID:482736422909116417 移动方向: 0.6704744 , 0 , 0.74193263
2025-12-06 17:01:58.8077 (LobbyPlayerManagerComponentSystem.cs:168) 玩家ID:482736422909116417 移动到新位置: -2.873107 , 0 , 3.0399907
2025-12-06 17:01:58.9127 (LobbyPlayerManagerComponentSystem.cs:162) 玩家ID:482736422909116417 移动方向: -0.11709896 , 0 , 0.9931203
2025-12-06 17:01:58.9127 (LobbyPlayerManagerComponentSystem.cs:168) 玩家ID:482736422909116417 移动到新位置: -2.8965268 , 0 , 3.2386148
2025-12-06 17:01:59.0105 (LobbyPlayerManagerComponentSystem.cs:162) 玩家ID:482736422909116417 移动方向: -0.7861326 , 0 , 0.6180579
2025-12-06 17:01:59.0105 (LobbyPlayerManagerComponentSystem.cs:168) 玩家ID:482736422909116417 移动到新位置: -3.0537534 , 0 , 3.3622265
2025-12-06 17:01:59.1103 (LobbyPlayerManagerComponentSystem.cs:162) 玩家ID:482736422909116417 移动方向: -0.76642686 , 0 , 0.64233154
2025-12-06 17:01:59.1103 (LobbyPlayerManagerComponentSystem.cs:168) 玩家ID:482736422909116417 移动到新位置: -3.2070386 , 0 , 3.4906929
2025-12-06 17:01:59.2145 (LobbyPlayerManagerComponentSystem.cs:162) 玩家ID:482736422909116417 移动方向: -0.7479396 , 0 , 0.66376686
2025-12-06 17:01:59.2145 (LobbyPlayerManagerComponentSystem.cs:168) 玩家ID:482736422909116417 移动到新位置: -3.3566265 , 0 , 3.6234462
2025-12-06 17:01:59.3080 (LobbyPlayerManagerComponentSystem.cs:168) 玩家ID:482736422909116417 移动到新位置: -3.3566265 , 0 , 3.6234462
2025-12-06 17:02:02.1357 (CreateTeamRequestHandler.cs:32) 创建队伍成功 队伍ID：1000 玩家ID：482736422909116417
2025-12-06 17:02:03.0940 (EnterDungeonMessageHandler.cs:32) 收到进入副本消息，队伍ID：1000。队伍人数：0，已通知队伍中的玩家进入副本。
2025-12-06 17:02:03.1196 (LoadDungeonProgressMessageHandler.cs:16) 收到加载进度消息 队伍：1000 玩家ID：482736422909116417 进度：0
2025-12-06 17:02:03.1368 (LoadDungeonProgressMessageHandler.cs:16) 收到加载进度消息 队伍：1000 玩家ID：482736422909116417 进度：0.9
2025-12-06 17:02:03.1462 (LoadDungeonProgressMessageHandler.cs:16) 收到加载进度消息 队伍：1000 玩家ID：482736422909116417 进度：0.91
2025-12-06 17:02:03.1462 (LoadDungeonProgressMessageHandler.cs:16) 收到加载进度消息 队伍：1000 玩家ID：482736422909116417 进度：0.92
2025-12-06 17:02:03.1660 (LoadDungeonProgressMessageHandler.cs:16) 收到加载进度消息 队伍：1000 玩家ID：482736422909116417 进度：0.93
2025-12-06 17:02:03.1774 (LoadDungeonProgressMessageHandler.cs:16) 收到加载进度消息 队伍：1000 玩家ID：482736422909116417 进度：0.94
2025-12-06 17:02:03.1774 (LoadDungeonProgressMessageHandler.cs:16) 收到加载进度消息 队伍：1000 玩家ID：482736422909116417 进度：0.95
2025-12-06 17:02:03.1989 (LoadDungeonProgressMessageHandler.cs:16) 收到加载进度消息 队伍：1000 玩家ID：482736422909116417 进度：0.96
2025-12-06 17:02:03.2095 (LoadDungeonProgressMessageHandler.cs:16) 收到加载进度消息 队伍：1000 玩家ID：482736422909116417 进度：0.97
2025-12-06 17:02:03.2095 (LoadDungeonProgressMessageHandler.cs:16) 收到加载进度消息 队伍：1000 玩家ID：482736422909116417 进度：0.98
2025-12-06 17:02:03.2324 (LoadDungeonProgressMessageHandler.cs:16) 收到加载进度消息 队伍：1000 玩家ID：482736422909116417 进度：0.99
2025-12-06 17:02:03.2449 (LoadDungeonProgressMessageHandler.cs:16) 收到加载进度消息 队伍：1000 玩家ID：482736422909116417 进度：1
2025-12-06 17:02:03.2449 (LoadDungeonProgressMessageHandler.cs:22) 队伍：1000 所有玩家加载完成 可以进入战斗场景
2025-12-06 17:36:00.9602  

==========================================================================
 
  ███████╗ █████╗ ███╗   ██╗████████╗ █████╗  ██████╗ ██╗   ██╗
  ██╔════╝██╔══██╗████╗  ██║╚══██╔══╝██╔══██╗██╔════╝ ╚██╗ ██╔╝
  █████╗  ███████║██╔██╗ ██║   ██║   ███████║╚█████╗   ╚████╔╝ 
  ██╔══╝  ██╔══██║██║╚██╗██║   ██║   ██╔══██║╚════██║   ╚██╔╝  
  ██║     ██║  ██║██║ ╚████║   ██║   ██║  ██║██████╔╝    ██║   
  ╚═╝     ╚═╝  ╚═╝╚═╝  ╚═══╝   ╚═╝   ╚═╝  ╚═╝╚═════╝     ╚═╝   
                                                            
 Version : Fantasy 2.0 Official version
==========================================================================

2025-12-06 17:36:01.0096  Current inner network protocol:TCP
2025-12-06 17:36:01.0096  Max Message Size(byte):1048560
2025-12-06 17:36:01.0096  Current session idle timeout:8000
2025-12-06 17:36:01.0096  Session-check interval:5000 
2025-12-06 17:36:01.3583  dbName:OnlineTest Initialize the db database and connect to the target.
2025-12-06 17:36:01.5830  dbName:OnlineTest Database connection successful.
2025-12-06 17:36:01.9115  SceneConfigId = 1001 networkTarget = Inner TCPServer Listen 127.0.0.1:11002
2025-12-06 17:36:02.2067  SceneConfigId = 1001 networkTarget = Outer KCPServer Listen 0.0.0.0:20000
2025-12-06 17:36:02.2067  Process:1 Startup Complete SceneCount:1
2025-12-06 17:36:37.2809 (LoginRequestHandler.cs:16) 收到登录请求
2025-12-06 17:36:37.5840 (EntryLobbyRequestHandler.cs:32) 进入大厅成功，玩家ID:482736422909116417
2025-12-06 17:41:37.3528 (LoginRequestHandler.cs:16) 收到登录请求
2025-12-06 17:41:37.3933 (EntryLobbyRequestHandler.cs:32) 进入大厅成功，玩家ID:482736422909116417
2025-12-06 17:41:38.7493 (LobbyPlayerManagerComponentSystem.cs:162) 玩家ID:482736422909116417 移动方向: 0.40113205 , 0 , -0.9160202
2025-12-06 17:41:38.7493 (LobbyPlayerManagerComponentSystem.cs:168) 玩家ID:482736422909116417 移动到新位置: -3.2764 , 0 , 3.4402423
2025-12-06 17:41:38.8384 (LobbyPlayerManagerComponentSystem.cs:162) 玩家ID:482736422909116417 移动方向: 0.7609743 , 0 , -0.648782
2025-12-06 17:41:38.8384 (LobbyPlayerManagerComponentSystem.cs:168) 玩家ID:482736422909116417 移动到新位置: -3.124205 , 0 , 3.3104858
2025-12-06 17:41:38.9370 (LobbyPlayerManagerComponentSystem.cs:162) 玩家ID:482736422909116417 移动方向: 0.91363716 , 0 , 0.40653065
2025-12-06 17:41:38.9370 (LobbyPlayerManagerComponentSystem.cs:168) 玩家ID:482736422909116417 移动到新位置: -2.9414778 , 0 , 3.391792
2025-12-06 17:41:39.0338 (LobbyPlayerManagerComponentSystem.cs:162) 玩家ID:482736422909116417 移动方向: 0.21487151 , 0 , 0.9766423
2025-12-06 17:41:39.0338 (LobbyPlayerManagerComponentSystem.cs:168) 玩家ID:482736422909116417 移动到新位置: -2.8985035 , 0 , 3.5871205
2025-12-06 17:41:39.1352 (LobbyPlayerManagerComponentSystem.cs:162) 玩家ID:482736422909116417 移动方向: 0.1573498 , 0 , 0.9875429
2025-12-06 17:41:39.1352 (LobbyPlayerManagerComponentSystem.cs:168) 玩家ID:482736422909116417 移动到新位置: -2.8670335 , 0 , 3.784629
2025-12-06 17:41:39.2336 (LobbyPlayerManagerComponentSystem.cs:162) 玩家ID:482736422909116417 移动方向: -0.9892876 , 0 , 0.14597943
2025-12-06 17:41:39.2336 (LobbyPlayerManagerComponentSystem.cs:168) 玩家ID:482736422909116417 移动到新位置: -3.064891 , 0 , 3.813825
2025-12-06 17:41:39.3366 (LobbyPlayerManagerComponentSystem.cs:162) 玩家ID:482736422909116417 移动方向: -0.80394435 , 0 , -0.59470445
2025-12-06 17:41:39.3366 (LobbyPlayerManagerComponentSystem.cs:168) 玩家ID:482736422909116417 移动到新位置: -3.2256799 , 0 , 3.694884
2025-12-06 17:41:39.4318 (LobbyPlayerManagerComponentSystem.cs:162) 玩家ID:482736422909116417 移动方向: -0.14856896 , 0 , -0.9889021
2025-12-06 17:41:39.4318 (LobbyPlayerManagerComponentSystem.cs:168) 玩家ID:482736422909116417 移动到新位置: -3.2553937 , 0 , 3.4971037
2025-12-06 17:41:39.5376 (LobbyPlayerManagerComponentSystem.cs:162) 玩家ID:482736422909116417 移动方向: 0.9888868 , 0 , -0.1486705
2025-12-06 17:41:39.5376 (LobbyPlayerManagerComponentSystem.cs:168) 玩家ID:482736422909116417 移动到新位置: -3.0576165 , 0 , 3.4673696
2025-12-06 17:41:39.6310 (LobbyPlayerManagerComponentSystem.cs:162) 玩家ID:482736422909116417 移动方向: 0.98888564 , 0 , -0.14867796
2025-12-06 17:41:39.6310 (LobbyPlayerManagerComponentSystem.cs:168) 玩家ID:482736422909116417 移动到新位置: -2.8598394 , 0 , 3.437634
2025-12-06 17:41:39.7315 (LobbyPlayerManagerComponentSystem.cs:162) 玩家ID:482736422909116417 移动方向: 0.98888606 , 0 , -0.14867544
2025-12-06 17:41:39.7315 (LobbyPlayerManagerComponentSystem.cs:168) 玩家ID:482736422909116417 移动到新位置: -2.6620622 , 0 , 3.407899
2025-12-06 17:41:39.8365 (LobbyPlayerManagerComponentSystem.cs:162) 玩家ID:482736422909116417 移动方向: 0.98888636 , 0 , -0.14867343
2025-12-06 17:41:39.8365 (LobbyPlayerManagerComponentSystem.cs:168) 玩家ID:482736422909116417 移动到新位置: -2.464285 , 0 , 3.3781643
2025-12-06 17:41:39.9376 (LobbyPlayerManagerComponentSystem.cs:162) 玩家ID:482736422909116417 移动方向: 0.5941205 , 0 , -0.804376
2025-12-06 17:41:39.9376 (LobbyPlayerManagerComponentSystem.cs:168) 玩家ID:482736422909116417 移动到新位置: -2.345461 , 0 , 3.2172892
2025-12-06 17:41:40.0361 (LobbyPlayerManagerComponentSystem.cs:162) 玩家ID:482736422909116417 移动方向: -0.14867285 , 0 , -0.9888865
2025-12-06 17:41:40.0361 (LobbyPlayerManagerComponentSystem.cs:168) 玩家ID:482736422909116417 移动到新位置: -2.3751955 , 0 , 3.019512
2025-12-06 17:41:40.1323 (LobbyPlayerManagerComponentSystem.cs:162) 玩家ID:482736422909116417 移动方向: -0.9888865 , 0 , 0.1486729
2025-12-06 17:41:40.1323 (LobbyPlayerManagerComponentSystem.cs:168) 玩家ID:482736422909116417 移动到新位置: -2.5729728 , 0 , 3.0492465
2025-12-06 17:41:40.2340 (LobbyPlayerManagerComponentSystem.cs:168) 玩家ID:482736422909116417 移动到新位置: -2.5729728 , 0 , 3.0492465
2025-12-06 17:41:41.6749 (CreateTeamRequestHandler.cs:32) 创建队伍成功 队伍ID：1000 玩家ID：482736422909116417
2025-12-06 17:41:42.4439 (EnterDungeonMessageHandler.cs:32) 收到进入副本消息，队伍ID：1000。队伍人数：0，已通知队伍中的玩家进入副本。
2025-12-06 17:41:42.4705 (LoadDungeonProgressMessageHandler.cs:16) 收到加载进度消息 队伍：1000 玩家ID：482736422909116417 进度：0
2025-12-06 17:41:42.4912 (LoadDungeonProgressMessageHandler.cs:16) 收到加载进度消息 队伍：1000 玩家ID：482736422909116417 进度：0.9
2025-12-06 17:41:42.4912 (LoadDungeonProgressMessageHandler.cs:16) 收到加载进度消息 队伍：1000 玩家ID：482736422909116417 进度：0.91
2025-12-06 17:41:42.5156 (LoadDungeonProgressMessageHandler.cs:16) 收到加载进度消息 队伍：1000 玩家ID：482736422909116417 进度：0.92
2025-12-06 17:41:42.5277 (LoadDungeonProgressMessageHandler.cs:16) 收到加载进度消息 队伍：1000 玩家ID：482736422909116417 进度：0.93
2025-12-06 17:41:42.5422 (LoadDungeonProgressMessageHandler.cs:16) 收到加载进度消息 队伍：1000 玩家ID：482736422909116417 进度：0.94
2025-12-06 17:41:42.5553 (LoadDungeonProgressMessageHandler.cs:16) 收到加载进度消息 队伍：1000 玩家ID：482736422909116417 进度：0.95
2025-12-06 17:41:42.5680 (LoadDungeonProgressMessageHandler.cs:16) 收到加载进度消息 队伍：1000 玩家ID：482736422909116417 进度：0.96
2025-12-06 17:41:42.5680 (LoadDungeonProgressMessageHandler.cs:16) 收到加载进度消息 队伍：1000 玩家ID：482736422909116417 进度：0.97
2025-12-06 17:41:42.5912 (LoadDungeonProgressMessageHandler.cs:16) 收到加载进度消息 队伍：1000 玩家ID：482736422909116417 进度：0.98
2025-12-06 17:41:42.6023 (LoadDungeonProgressMessageHandler.cs:16) 收到加载进度消息 队伍：1000 玩家ID：482736422909116417 进度：0.99
2025-12-06 17:41:42.6023 (LoadDungeonProgressMessageHandler.cs:16) 收到加载进度消息 队伍：1000 玩家ID：482736422909116417 进度：1
2025-12-06 17:41:42.6023 (LoadDungeonProgressMessageHandler.cs:22) 队伍：1000 所有玩家加载完成 可以进入战斗场景
2025-12-06 17:45:43.3392 (LoginRequestHandler.cs:16) 收到登录请求
2025-12-06 17:45:43.4014 (EntryLobbyRequestHandler.cs:32) 进入大厅成功，玩家ID:482734309785206785
2025-12-06 17:45:45.6881 (LobbyPlayerManagerComponentSystem.cs:162) 玩家ID:482734309785206785 移动方向: -0.95720226 , 0 , 0.28941998
2025-12-06 17:45:45.6881 (LobbyPlayerManagerComponentSystem.cs:168) 玩家ID:482734309785206785 移动到新位置: 9.141778 , 0 , -3.439999
2025-12-06 17:45:45.7801 (LobbyPlayerManagerComponentSystem.cs:162) 玩家ID:482734309785206785 移动方向: -0.99141055 , 0 , 0.13078657
2025-12-06 17:45:45.7801 (LobbyPlayerManagerComponentSystem.cs:168) 玩家ID:482734309785206785 移动到新位置: 8.943496 , 0 , -3.4138417
2025-12-06 17:45:45.8736 (LobbyPlayerManagerComponentSystem.cs:162) 玩家ID:482734309785206785 移动方向: -0.7551709 , 0 , -0.6555279
2025-12-06 17:45:45.8736 (LobbyPlayerManagerComponentSystem.cs:168) 玩家ID:482734309785206785 移动到新位置: 8.792461 , 0 , -3.5449474
2025-12-06 17:45:45.9810 (StateSyncRequestHandler.cs:17) 玩家ID:482734309785206785 移动方向: -0.74552834 , 0 , -0.66647387
2025-12-06 17:45:45.9810 (StateSyncRequestHandler.cs:17) 玩家ID:482734309785206785 移动到新位置: 8.643355 , 0 , -3.6782422
2025-12-06 17:45:46.0749 (StateSyncRequestHandler.cs:17) 玩家ID:482734309785206785 移动方向: -0.75040734 , 0 , -0.6609756
2025-12-06 17:45:46.0749 (StateSyncRequestHandler.cs:17) 玩家ID:482734309785206785 移动到新位置: 8.493274 , 0 , -3.8104372
2025-12-06 17:45:46.1823 (StateSyncRequestHandler.cs:17) 玩家ID:482734309785206785 移动方向: -0.78101903 , 0 , -0.62450725
2025-12-06 17:45:46.1823 (StateSyncRequestHandler.cs:17) 玩家ID:482734309785206785 移动到新位置: 8.3370695 , 0 , -3.9353387
2025-12-06 17:45:46.2600 (StateSyncRequestHandler.cs:17) 玩家ID:482734309785206785 移动方向: -0.8011044 , 0 , -0.5985246
2025-12-06 17:45:46.2600 (StateSyncRequestHandler.cs:17) 玩家ID:482734309785206785 移动到新位置: 8.176848 , 0 , -4.0550437
2025-12-06 17:45:46.3677 (StateSyncRequestHandler.cs:17) 玩家ID:482734309785206785 移动方向: -0.9834776 , 0 , 0.18103015
2025-12-06 17:45:46.3677 (StateSyncRequestHandler.cs:17) 玩家ID:482734309785206785 移动到新位置: 7.980153 , 0 , -4.0188375
2025-12-06 17:45:46.4763 (StateSyncRequestHandler.cs:17) 玩家ID:482734309785206785 移动方向: -0.9810628 , 0 , 0.19368967
2025-12-06 17:45:46.4763 (StateSyncRequestHandler.cs:17) 玩家ID:482734309785206785 移动到新位置: 7.7839403 , 0 , -3.9800994
2025-12-06 17:45:46.5701 (StateSyncRequestHandler.cs:17) 玩家ID:482734309785206785 移动方向: -0.9818395 , 0 , 0.18971339
2025-12-06 17:45:46.5701 (StateSyncRequestHandler.cs:17) 玩家ID:482734309785206785 移动到新位置: 7.5875726 , 0 , -3.9421568
2025-12-06 17:45:46.6639 (StateSyncRequestHandler.cs:17) 玩家ID:482734309785206785 移动方向: -0.98222554 , 0 , 0.18770449
2025-12-06 17:45:46.6639 (StateSyncRequestHandler.cs:17) 玩家ID:482734309785206785 移动到新位置: 7.3911276 , 0 , -3.9046159
2025-12-06 17:45:46.7729 (StateSyncRequestHandler.cs:17) 玩家ID:482734309785206785 移动方向: -0.8332834 , 0 , -0.55284595
2025-12-06 17:45:46.7729 (StateSyncRequestHandler.cs:17) 玩家ID:482734309785206785 移动到新位置: 7.224471 , 0 , -4.015185
2025-12-06 17:45:46.8663 (StateSyncRequestHandler.cs:17) 玩家ID:482734309785206785 移动方向: -0.9787097 , 0 , 0.20524941
2025-12-06 17:45:46.8663 (StateSyncRequestHandler.cs:17) 玩家ID:482734309785206785 移动到新位置: 7.028729 , 0 , -3.974135
2025-12-06 17:45:46.9744 (StateSyncRequestHandler.cs:17) 玩家ID:482734309785206785 移动方向: -0.9779618 , 0 , 0.208784
2025-12-06 17:45:46.9744 (StateSyncRequestHandler.cs:17) 玩家ID:482734309785206785 移动到新位置: 6.8331366 , 0 , -3.932378
2025-12-06 17:45:47.0691 (StateSyncRequestHandler.cs:17) 玩家ID:482734309785206785 移动到新位置: 6.8331366 , 0 , -3.932378
2025-12-06 17:45:52.0245  收到登录请求
2025-12-06 17:45:52.0873  进入大厅成功，玩家ID:482736422909116417
2025-12-06 17:45:52.0873  获取其他玩家数据，玩家ID:482734309785206785
2025-12-06 17:45:54.3860 (StateSyncRequestHandler.cs:17) 玩家ID:482736422909116417 移动方向: 0.99661386 , 0 , 0.08222397
2025-12-06 17:45:54.3860 (StateSyncRequestHandler.cs:17) 玩家ID:482736422909116417 移动到新位置: -2.37365 , 0 , 3.0656912
2025-12-06 17:45:54.4782 (StateSyncRequestHandler.cs:17) 玩家ID:482736422909116417 移动方向: 0.98096687 , 0 , 0.19417529
2025-12-06 17:45:54.4782 (StateSyncRequestHandler.cs:17) 玩家ID:482736422909116417 移动到新位置: -2.1774566 , 0 , 3.1045263
2025-12-06 17:45:54.5708 (StateSyncRequestHandler.cs:17) 玩家ID:482736422909116417 移动方向: 0.8318153 , 0 , 0.5550525
2025-12-06 17:45:54.5708 (StateSyncRequestHandler.cs:17) 玩家ID:482736422909116417 移动到新位置: -2.0110936 , 0 , 3.2155368
2025-12-06 17:45:54.6652 (StateSyncRequestHandler.cs:17) 玩家ID:482736422909116417 移动方向: 0.98153186 , 0 , 0.19129857
2025-12-06 17:45:54.6652 (StateSyncRequestHandler.cs:17) 玩家ID:482736422909116417 移动到新位置: -1.8147873 , 0 , 3.2537966
2025-12-06 17:45:54.7713 (StateSyncRequestHandler.cs:17) 玩家ID:482736422909116417 移动方向: 0.93349105 , 0 , -0.35860065
2025-12-06 17:45:54.7713 (StateSyncRequestHandler.cs:17) 玩家ID:482736422909116417 移动到新位置: -1.6280891 , 0 , 3.1820765
2025-12-06 17:45:54.8660 (StateSyncRequestHandler.cs:17) 玩家ID:482736422909116417 移动方向: 0.970377 , 0 , -0.24159545
2025-12-06 17:45:54.8660 (StateSyncRequestHandler.cs:17) 玩家ID:482736422909116417 移动到新位置: -1.4340136 , 0 , 3.1337574
2025-12-06 17:45:54.9756 (StateSyncRequestHandler.cs:17) 玩家ID:482736422909116417 移动方向: 0.66299045 , 0 , -0.74862784
2025-12-06 17:45:54.9756 (StateSyncRequestHandler.cs:17) 玩家ID:482736422909116417 移动到新位置: -1.3014156 , 0 , 2.9840317
2025-12-06 17:45:55.0813 (StateSyncRequestHandler.cs:17) 玩家ID:482736422909116417 移动方向: 0.82487035 , 0 , -0.5653218
2025-12-06 17:45:55.0813 (StateSyncRequestHandler.cs:17) 玩家ID:482736422909116417 移动到新位置: -1.1364415 , 0 , 2.8709674
2025-12-06 17:45:55.1739 (StateSyncRequestHandler.cs:17) 玩家ID:482736422909116417 移动方向: 0.40881255 , 0 , -0.9126184
2025-12-06 17:45:55.1739 (StateSyncRequestHandler.cs:17) 玩家ID:482736422909116417 移动到新位置: -1.0546789 , 0 , 2.6884437
2025-12-06 17:45:55.2834 (StateSyncRequestHandler.cs:17) 玩家ID:482736422909116417 移动方向: -0.78484136 , 0 , -0.61969674
2025-12-06 17:45:55.2834 (StateSyncRequestHandler.cs:17) 玩家ID:482736422909116417 移动到新位置: -1.2116472 , 0 , 2.5645044
2025-12-06 17:45:55.3747 (StateSyncRequestHandler.cs:17) 玩家ID:482736422909116417 移动方向: -0.66308033 , 0 , -0.74854827
2025-12-06 17:45:55.3747 (StateSyncRequestHandler.cs:17) 玩家ID:482736422909116417 移动到新位置: -1.3442632 , 0 , 2.4147947
2025-12-06 17:45:55.4680 (StateSyncRequestHandler.cs:17) 玩家ID:482736422909116417 移动方向: -0.59321636 , 0 , -0.80504304
2025-12-06 17:45:55.4680 (StateSyncRequestHandler.cs:17) 玩家ID:482736422909116417 移动到新位置: -1.4629065 , 0 , 2.253786
2025-12-06 17:45:55.5772 (StateSyncRequestHandler.cs:17) 玩家ID:482736422909116417 移动方向: -0.5562559 , 0 , -0.83101106
2025-12-06 17:45:55.5772 (StateSyncRequestHandler.cs:17) 玩家ID:482736422909116417 移动到新位置: -1.5741577 , 0 , 2.0875838
2025-12-06 17:45:55.6689 (StateSyncRequestHandler.cs:17) 玩家ID:482736422909116417 移动到新位置: -1.5741577 , 0 , 2.0875838
2025-12-06 17:45:56.0843 (StateSyncRequestHandler.cs:17) 玩家ID:482736422909116417 移动方向: 0.86330175 , 0 , 0.504688
2025-12-06 17:45:56.0843 (StateSyncRequestHandler.cs:17) 玩家ID:482736422909116417 移动到新位置: -1.4014974 , 0 , 2.1885214
2025-12-06 17:45:56.1765 (StateSyncRequestHandler.cs:17) 玩家ID:482736422909116417 移动方向: 0.96673614 , 0 , 0.25577596
2025-12-06 17:45:56.1776 (StateSyncRequestHandler.cs:17) 玩家ID:482736422909116417 移动到新位置: -1.2081501 , 0 , 2.2396765
2025-12-06 17:45:56.2687 (StateSyncRequestHandler.cs:17) 玩家ID:482736422909116417 移动方向: 0.9864863 , 0 , 0.16384369
2025-12-06 17:45:56.2687 (StateSyncRequestHandler.cs:17) 玩家ID:482736422909116417 移动到新位置: -1.0108529 , 0 , 2.2724452
2025-12-06 17:45:56.3765 (StateSyncRequestHandler.cs:17) 玩家ID:482736422909116417 移动方向: 0.99971914 , 0 , -0.023700735
2025-12-06 17:45:56.3765 (StateSyncRequestHandler.cs:17) 玩家ID:482736422909116417 移动到新位置: -0.81090915 , 0 , 2.267705
2025-12-06 17:45:56.4690 (StateSyncRequestHandler.cs:17) 玩家ID:482736422909116417 移动方向: 0.8647993 , 0 , -0.50211763
2025-12-06 17:45:56.4690 (StateSyncRequestHandler.cs:17) 玩家ID:482736422909116417 移动到新位置: -0.6379493 , 0 , 2.1672814
2025-12-06 17:45:56.5789 (StateSyncRequestHandler.cs:17) 玩家ID:482736422909116417 移动方向: 0.5545488 , 0 , -0.8321512
2025-12-06 17:45:56.5789 (StateSyncRequestHandler.cs:17) 玩家ID:482736422909116417 移动到新位置: -0.5270395 , 0 , 2.0008512
2025-12-06 17:45:56.6720 (StateSyncRequestHandler.cs:17) 玩家ID:482736422909116417 移动方向: 0.39000472 , 0 , -0.92081285
2025-12-06 17:45:56.6720 (StateSyncRequestHandler.cs:17) 玩家ID:482736422909116417 移动到新位置: -0.4490386 , 0 , 1.8166885
2025-12-06 17:45:56.7818 (StateSyncRequestHandler.cs:17) 玩家ID:482736422909116417 移动方向: 0.35098067 , 0 , -0.93638265
2025-12-06 17:45:56.7818 (StateSyncRequestHandler.cs:17) 玩家ID:482736422909116417 移动到新位置: -0.37884247 , 0 , 1.629412
2025-12-06 17:45:56.8752 (StateSyncRequestHandler.cs:17) 玩家ID:482736422909116417 移动方向: 0.93546784 , 0 , -0.35341164
2025-12-06 17:45:56.8752 (StateSyncRequestHandler.cs:17) 玩家ID:482736422909116417 移动到新位置: -0.19174892 , 0 , 1.5587298
2025-12-06 17:45:56.9821 (StateSyncRequestHandler.cs:17) 玩家ID:482736422909116417 移动方向: 0.9852902 , 0 , -0.17088956
2025-12-06 17:45:56.9821 (StateSyncRequestHandler.cs:17) 玩家ID:482736422909116417 移动到新位置: 0.00530912 , 0 , 1.5245519
2025-12-06 17:45:57.0763 (StateSyncRequestHandler.cs:17) 玩家ID:482736422909116417 移动方向: 0.6660536 , 0 , -0.7459039
2025-12-06 17:45:57.0763 (StateSyncRequestHandler.cs:17) 玩家ID:482736422909116417 移动到新位置: 0.13851984 , 0 , 1.3753711
2025-12-06 17:45:57.1857 (StateSyncRequestHandler.cs:17) 玩家ID:482736422909116417 移动方向: 0.71186393 , 0 , -0.70231736
2025-12-06 17:45:57.1857 (StateSyncRequestHandler.cs:17) 玩家ID:482736422909116417 移动到新位置: 0.2808926 , 0 , 1.2349076
2025-12-06 17:45:57.2767 (StateSyncRequestHandler.cs:17) 玩家ID:482736422909116417 移动方向: 0.711224 , 0 , -0.70296544
2025-12-06 17:45:57.2767 (StateSyncRequestHandler.cs:17) 玩家ID:482736422909116417 移动到新位置: 0.42313743 , 0 , 1.0943146
2025-12-06 17:45:57.3694 (StateSyncRequestHandler.cs:17) 玩家ID:482736422909116417 移动方向: 0.66602397 , 0 , -0.7459303
2025-12-06 17:45:57.3694 (StateSyncRequestHandler.cs:17) 玩家ID:482736422909116417 移动到新位置: 0.55634224 , 0 , 0.9451285
2025-12-06 17:45:57.4767 (StateSyncRequestHandler.cs:17) 玩家ID:482736422909116417 移动方向: -0.13180107 , 0 , -0.99127614
2025-12-06 17:45:57.4767 (StateSyncRequestHandler.cs:17) 玩家ID:482736422909116417 移动到新位置: 0.52998203 , 0 , 0.74687326
2025-12-06 17:45:57.5719 (StateSyncRequestHandler.cs:17) 玩家ID:482736422909116417 移动方向: 0.5808124 , 0 , -0.81403744
2025-12-06 17:45:57.5719 (StateSyncRequestHandler.cs:17) 玩家ID:482736422909116417 移动到新位置: 0.6461445 , 0 , 0.5840658
2025-12-06 17:45:57.6783 (StateSyncRequestHandler.cs:17) 玩家ID:482736422909116417 移动方向: 0.5705872 , 0 , -0.82123697
2025-12-06 17:45:57.6783 (StateSyncRequestHandler.cs:17) 玩家ID:482736422909116417 移动到新位置: 0.76026195 , 0 , 0.4198184
2025-12-06 17:45:57.7711 (StateSyncRequestHandler.cs:17) 玩家ID:482736422909116417 移动方向: 0.56713 , 0 , -0.82362825
2025-12-06 17:45:57.7711 (StateSyncRequestHandler.cs:17) 玩家ID:482736422909116417 移动到新位置: 0.873688 , 0 , 0.25509274
2025-12-06 17:45:57.8797 (StateSyncRequestHandler.cs:17) 玩家ID:482736422909116417 移动方向: 0.5677526 , 0 , -0.8231992
2025-12-06 17:45:57.8805 (StateSyncRequestHandler.cs:17) 玩家ID:482736422909116417 移动到新位置: 0.9872385 , 0 , 0.09045291
2025-12-06 17:45:57.9726 (StateSyncRequestHandler.cs:17) 玩家ID:482736422909116417 移动方向: 0.6014786 , 0 , -0.7988889
2025-12-06 17:45:57.9726 (StateSyncRequestHandler.cs:17) 玩家ID:482736422909116417 移动到新位置: 1.1075343 , 0 , -0.069324866
2025-12-06 17:45:58.0663 (StateSyncRequestHandler.cs:17) 玩家ID:482736422909116417 移动方向: 0.62895626 , 0 , -0.77744067
2025-12-06 17:45:58.0663 (StateSyncRequestHandler.cs:17) 玩家ID:482736422909116417 移动到新位置: 1.2333255 , 0 , -0.224813
2025-12-06 17:45:58.1742 (StateSyncRequestHandler.cs:17) 玩家ID:482736422909116417 移动到新位置: 1.2333255 , 0 , -0.224813
2025-12-06 17:45:58.2680 (StateSyncRequestHandler.cs:17) 玩家ID:482736422909116417 移动方向: 0.7563529 , 0 , 0.6541637
2025-12-06 17:45:58.2680 (StateSyncRequestHandler.cs:17) 玩家ID:482736422909116417 移动到新位置: 1.3845961 , 0 , -0.09398025
2025-12-06 17:45:58.3757 (StateSyncRequestHandler.cs:17) 玩家ID:482736422909116417 移动方向: 0.0682883 , 0 , 0.99766564
2025-12-06 17:45:58.3757 (StateSyncRequestHandler.cs:17) 玩家ID:482736422909116417 移动到新位置: 1.3982538 , 0 , 0.10555287
2025-12-06 17:45:58.4691 (StateSyncRequestHandler.cs:17) 玩家ID:482736422909116417 移动方向: -0.65795577 , 0 , 0.7530566
2025-12-06 17:45:58.4691 (StateSyncRequestHandler.cs:17) 玩家ID:482736422909116417 移动到新位置: 1.2666626 , 0 , 0.2561642
2025-12-06 17:45:58.5774 (StateSyncRequestHandler.cs:17) 玩家ID:482736422909116417 移动方向: -0.6582449 , 0 , 0.75280386
2025-12-06 17:45:58.5774 (StateSyncRequestHandler.cs:17) 玩家ID:482736422909116417 移动到新位置: 1.1350136 , 0 , 0.40672496
2025-12-06 17:45:58.6722 (StateSyncRequestHandler.cs:17) 玩家ID:482736422909116417 移动方向: -0.99776936 , 0 , 0.066755235
2025-12-06 17:45:58.6722 (StateSyncRequestHandler.cs:17) 玩家ID:482736422909116417 移动到新位置: 0.93545973 , 0 , 0.420076
2025-12-06 17:45:58.7650 (StateSyncRequestHandler.cs:17) 玩家ID:482736422909116417 移动方向: -0.9977714 , 0 , 0.06672451
2025-12-06 17:45:58.7650 (StateSyncRequestHandler.cs:17) 玩家ID:482736422909116417 移动到新位置: 0.73590547 , 0 , 0.43342093
2025-12-06 17:45:58.8735 (StateSyncRequestHandler.cs:17) 玩家ID:482736422909116417 移动方向: -0.997772 , 0 , 0.06671479
2025-12-06 17:45:58.8735 (StateSyncRequestHandler.cs:17) 玩家ID:482736422909116417 移动到新位置: 0.5363511 , 0 , 0.44676387
2025-12-06 17:45:58.9657 (StateSyncRequestHandler.cs:17) 玩家ID:482736422909116417 移动方向: 0.06671187 , 0 , 0.99777234
2025-12-06 17:45:58.9657 (StateSyncRequestHandler.cs:17) 玩家ID:482736422909116417 移动到新位置: 0.54969347 , 0 , 0.6463183
2025-12-06 17:45:59.0744 (StateSyncRequestHandler.cs:17) 玩家ID:482736422909116417 移动方向: 0.7527032 , 0 , 0.65835994
2025-12-06 17:45:59.0744 (StateSyncRequestHandler.cs:17) 玩家ID:482736422909116417 移动到新位置: 0.7002341 , 0 , 0.77799034
2025-12-06 17:45:59.1671 (StateSyncRequestHandler.cs:17) 玩家ID:482736422909116417 移动方向: 0.7527032 , 0 , 0.65835994
2025-12-06 17:45:59.1671 (StateSyncRequestHandler.cs:17) 玩家ID:482736422909116417 移动到新位置: 0.85077477 , 0 , 0.90966237
2025-12-06 17:45:59.2753 (StateSyncRequestHandler.cs:17) 玩家ID:482736422909116417 移动方向: 0.6583599 , 0 , -0.75270325
2025-12-06 17:45:59.2753 (StateSyncRequestHandler.cs:17) 玩家ID:482736422909116417 移动到新位置: 0.98244673 , 0 , 0.7591217
2025-12-06 17:45:59.3677 (StateSyncRequestHandler.cs:17) 玩家ID:482736422909116417 移动方向: 0.6583599 , 0 , -0.75270325
2025-12-06 17:45:59.3677 (StateSyncRequestHandler.cs:17) 玩家ID:482736422909116417 移动到新位置: 1.1141187 , 0 , 0.60858107
2025-12-06 17:45:59.4771 (StateSyncRequestHandler.cs:17) 玩家ID:482736422909116417 移动方向: 0.6583599 , 0 , -0.75270325
2025-12-06 17:45:59.4771 (StateSyncRequestHandler.cs:17) 玩家ID:482736422909116417 移动到新位置: 1.2457907 , 0 , 0.45804042
2025-12-06 17:45:59.5869 (StateSyncRequestHandler.cs:17) 玩家ID:482736422909116417 移动方向: -0.0667108 , 0 , -0.99777234
2025-12-06 17:45:59.5869 (StateSyncRequestHandler.cs:17) 玩家ID:482736422909116417 移动到新位置: 1.2324486 , 0 , 0.25848594
2025-12-06 17:45:59.6635 (StateSyncRequestHandler.cs:17) 玩家ID:482736422909116417 移动方向: -0.0667108 , 0 , -0.99777234
2025-12-06 17:45:59.6635 (StateSyncRequestHandler.cs:17) 玩家ID:482736422909116417 移动到新位置: 1.2191064 , 0 , 0.05893147
2025-12-06 17:45:59.7702 (StateSyncRequestHandler.cs:17) 玩家ID:482736422909116417 移动方向: 0.6583599 , 0 , -0.75270325
2025-12-06 17:45:59.7709 (StateSyncRequestHandler.cs:17) 玩家ID:482736422909116417 移动到新位置: 1.3507785 , 0 , -0.09160918
2025-12-06 17:45:59.8797 (StateSyncRequestHandler.cs:17) 玩家ID:482736422909116417 移动方向: 0.6583599 , 0 , -0.75270325
2025-12-06 17:45:59.8806 (StateSyncRequestHandler.cs:17) 玩家ID:482736422909116417 移动到新位置: 1.4824505 , 0 , -0.24214983
2025-12-06 17:45:59.9729 (StateSyncRequestHandler.cs:17) 玩家ID:482736422909116417 移动方向: 0.6583599 , 0 , -0.75270325
2025-12-06 17:45:59.9729 (StateSyncRequestHandler.cs:17) 玩家ID:482736422909116417 移动到新位置: 1.6141225 , 0 , -0.39269048
2025-12-06 17:46:00.0653 (StateSyncRequestHandler.cs:17) 玩家ID:482736422909116417 移动方向: 0.6583599 , 0 , -0.75270325
2025-12-06 17:46:00.0653 (StateSyncRequestHandler.cs:17) 玩家ID:482736422909116417 移动到新位置: 1.7457945 , 0 , -0.5432311
2025-12-06 17:46:00.1744 (StateSyncRequestHandler.cs:17) 玩家ID:482736422909116417 移动方向: 0.6583599 , 0 , -0.75270325
2025-12-06 17:46:00.1744 (StateSyncRequestHandler.cs:17) 玩家ID:482736422909116417 移动到新位置: 1.8774666 , 0 , -0.6937718
2025-12-06 17:46:00.2823 (StateSyncRequestHandler.cs:17) 玩家ID:482736422909116417 移动方向: 0.6583599 , 0 , -0.75270325
2025-12-06 17:46:00.2823 (StateSyncRequestHandler.cs:17) 玩家ID:482736422909116417 移动到新位置: 2.0091386 , 0 , -0.8443124
2025-12-06 17:46:00.3892 (StateSyncRequestHandler.cs:17) 玩家ID:482736422909116417 移动方向: 0.6583599 , 0 , -0.75270325
2025-12-06 17:46:00.3892 (StateSyncRequestHandler.cs:17) 玩家ID:482736422909116417 移动到新位置: 2.1408105 , 0 , -0.9948531
2025-12-06 17:46:00.4811 (StateSyncRequestHandler.cs:17) 玩家ID:482736422909116417 移动到新位置: 2.1408105 , 0 , -0.9948531
2025-12-06 17:46:02.4044  创建队伍成功 队伍ID：1001 玩家ID：482736422909116417
2025-12-06 17:46:10.1262  收到加入队伍请求 玩家ID：482734309785206785 队伍ID：1001
2025-12-06 17:46:10.1262  加入队伍成功 玩家ID：482734309785206785 队伍ID：1001
2025-12-06 17:46:33.5732 (StateSyncRequestHandler.cs:17) 玩家ID:482734309785206785 移动方向: -0.8235078 , 0 , -0.5673049
2025-12-06 17:46:33.5732 (StateSyncRequestHandler.cs:17) 玩家ID:482734309785206785 移动到新位置: 6.668435 , 0 , -4.045839
2025-12-06 17:46:33.6819 (StateSyncRequestHandler.cs:17) 玩家ID:482734309785206785 移动方向: -0.8699629 , 0 , -0.49311724
2025-12-06 17:46:33.6819 (StateSyncRequestHandler.cs:17) 玩家ID:482734309785206785 移动到新位置: 6.4944425 , 0 , -4.144462
2025-12-06 17:46:33.7743 (StateSyncRequestHandler.cs:17) 玩家ID:482734309785206785 移动方向: -0.33333504 , 0 , -0.9428084
2025-12-06 17:46:33.7743 (StateSyncRequestHandler.cs:17) 玩家ID:482734309785206785 移动到新位置: 6.4277754 , 0 , -4.333024
2025-12-06 17:46:33.8681 (StateSyncRequestHandler.cs:17) 玩家ID:482734309785206785 移动到新位置: 6.4277754 , 0 , -4.333024
2025-12-06 17:46:36.1756 (StateSyncRequestHandler.cs:17) 玩家ID:482734309785206785 移动方向: 0.14141308 , 0 , -0.98995066
2025-12-06 17:46:36.1756 (StateSyncRequestHandler.cs:17) 玩家ID:482734309785206785 移动到新位置: 6.456058 , 0 , -4.531014
2025-12-06 17:46:36.2670 (StateSyncRequestHandler.cs:17) 玩家ID:482734309785206785 移动方向: 0.1804897 , 0 , -0.9835769
2025-12-06 17:46:36.2670 (StateSyncRequestHandler.cs:17) 玩家ID:482734309785206785 移动到新位置: 6.492156 , 0 , -4.7277293
2025-12-06 17:46:36.3757 (StateSyncRequestHandler.cs:17) 玩家ID:482734309785206785 移动方向: 0.98442876 , 0 , 0.17578389
2025-12-06 17:46:36.3757 (StateSyncRequestHandler.cs:17) 玩家ID:482734309785206785 移动到新位置: 6.6890416 , 0 , -4.6925726
2025-12-06 17:46:36.4695 (StateSyncRequestHandler.cs:17) 玩家ID:482734309785206785 移动方向: 0.99003524 , 0 , 0.14081995
2025-12-06 17:46:36.4695 (StateSyncRequestHandler.cs:17) 玩家ID:482734309785206785 移动到新位置: 6.8870487 , 0 , -4.6644087
2025-12-06 17:46:36.5769 (StateSyncRequestHandler.cs:17) 玩家ID:482734309785206785 移动方向: 0.78169566 , 0 , -0.6236601
2025-12-06 17:46:36.5769 (StateSyncRequestHandler.cs:17) 玩家ID:482734309785206785 移动到新位置: 7.043388 , 0 , -4.7891407
2025-12-06 17:46:36.6707 (StateSyncRequestHandler.cs:17) 玩家ID:482734309785206785 移动方向: 0.09528418 , 0 , -0.9954501
2025-12-06 17:46:36.6707 (StateSyncRequestHandler.cs:17) 玩家ID:482734309785206785 移动到新位置: 7.0624447 , 0 , -4.9882307
2025-12-06 17:46:36.7804 (StateSyncRequestHandler.cs:17) 玩家ID:482734309785206785 移动方向: -0.99658245 , 0 , -0.08260403
2025-12-06 17:46:36.7804 (StateSyncRequestHandler.cs:17) 玩家ID:482734309785206785 移动到新位置: 6.863128 , 0 , -5.0047517
2025-12-06 17:46:36.8733 (StateSyncRequestHandler.cs:17) 玩家ID:482734309785206785 移动方向: -0.9973918 , 0 , -0.07217704
2025-12-06 17:46:36.8733 (StateSyncRequestHandler.cs:17) 玩家ID:482734309785206785 移动到新位置: 6.66365 , 0 , -5.019187
2025-12-06 17:46:36.9683 (StateSyncRequestHandler.cs:17) 玩家ID:482734309785206785 移动方向: -0.99809027 , 0 , -0.061771985
2025-12-06 17:46:36.9683 (StateSyncRequestHandler.cs:17) 玩家ID:482734309785206785 移动到新位置: 6.464032 , 0 , -5.0315413
2025-12-06 17:46:37.0745 (StateSyncRequestHandler.cs:17) 玩家ID:482734309785206785 移动方向: -0.9991582 , 0 , -0.041023657
2025-12-06 17:46:37.0745 (StateSyncRequestHandler.cs:17) 玩家ID:482734309785206785 移动到新位置: 6.2642007 , 0 , -5.0397463
2025-12-06 17:46:37.1683 (StateSyncRequestHandler.cs:17) 玩家ID:482734309785206785 移动方向: -0.9998918 , 0 , -0.014711967
2025-12-06 17:46:37.1683 (StateSyncRequestHandler.cs:17) 玩家ID:482734309785206785 移动到新位置: 6.0642223 , 0 , -5.042689
2025-12-06 17:46:37.2622 (StateSyncRequestHandler.cs:17) 玩家ID:482734309785206785 移动方向: -0.9999983 , 0 , -0.0018743821
2025-12-06 17:46:37.2622 (StateSyncRequestHandler.cs:17) 玩家ID:482734309785206785 移动到新位置: 5.8642225 , 0 , -5.0430636
2025-12-06 17:46:37.3696 (StateSyncRequestHandler.cs:17) 玩家ID:482734309785206785 移动方向: -0.71032673 , 0 , -0.7038721
2025-12-06 17:46:37.3696 (StateSyncRequestHandler.cs:17) 玩家ID:482734309785206785 移动到新位置: 5.722157 , 0 , -5.183838
2025-12-06 17:46:37.4793 (StateSyncRequestHandler.cs:17) 玩家ID:482734309785206785 移动方向: -0.0068787863 , 0 , -0.99997634
2025-12-06 17:46:37.4793 (StateSyncRequestHandler.cs:17) 玩家ID:482734309785206785 移动到新位置: 5.7207813 , 0 , -5.383833
2025-12-06 17:46:37.5716 (StateSyncRequestHandler.cs:17) 玩家ID:482734309785206785 移动方向: 0.9999716 , 0 , -0.007529104
2025-12-06 17:46:37.5716 (StateSyncRequestHandler.cs:17) 玩家ID:482734309785206785 移动到新位置: 5.9207754 , 0 , -5.385339
2025-12-06 17:46:37.6659 (StateSyncRequestHandler.cs:17) 玩家ID:482734309785206785 移动方向: 0.71256626 , 0 , 0.70160484
2025-12-06 17:46:37.6659 (StateSyncRequestHandler.cs:17) 玩家ID:482734309785206785 移动到新位置: 6.0632887 , 0 , -5.245018
2025-12-06 17:46:37.7736 (StateSyncRequestHandler.cs:17) 玩家ID:482734309785206785 移动方向: 0.007825673 , 0 , 0.9999694
2025-12-06 17:46:37.7736 (StateSyncRequestHandler.cs:17) 玩家ID:482734309785206785 移动到新位置: 6.0648537 , 0 , -5.045024
2025-12-06 17:46:37.8812 (StateSyncRequestHandler.cs:17) 玩家ID:482734309785206785 移动方向: 0.007848136 , 0 , 0.99996924
2025-12-06 17:46:37.8812 (StateSyncRequestHandler.cs:17) 玩家ID:482734309785206785 移动到新位置: 6.0664234 , 0 , -4.84503
2025-12-06 17:46:37.9740 (StateSyncRequestHandler.cs:17) 玩家ID:482734309785206785 移动方向: -0.7015317 , 0 , 0.7126382
2025-12-06 17:46:37.9740 (StateSyncRequestHandler.cs:17) 玩家ID:482734309785206785 移动到新位置: 5.926117 , 0 , -4.7025023
2025-12-06 17:46:38.0818 (StateSyncRequestHandler.cs:17) 玩家ID:482734309785206785 移动方向: -0.9999691 , 0 , 0.007855353
2025-12-06 17:46:38.0818 (StateSyncRequestHandler.cs:17) 玩家ID:482734309785206785 移动到新位置: 5.7261233 , 0 , -4.700931
2025-12-06 17:46:38.1742 (StateSyncRequestHandler.cs:17) 玩家ID:482734309785206785 移动方向: -0.7126395 , 0 , -0.7015304
2025-12-06 17:46:38.1742 (StateSyncRequestHandler.cs:17) 玩家ID:482734309785206785 移动到新位置: 5.5835953 , 0 , -4.841237
2025-12-06 17:46:38.2667 (StateSyncRequestHandler.cs:17) 玩家ID:482734309785206785 移动方向: -0.007855198 , 0 , -0.9999692
2025-12-06 17:46:38.2667 (StateSyncRequestHandler.cs:17) 玩家ID:482734309785206785 移动到新位置: 5.582024 , 0 , -5.0412307
2025-12-06 17:46:38.3745 (StateSyncRequestHandler.cs:17) 玩家ID:482734309785206785 移动方向: -0.007855221 , 0 , -0.9999692
2025-12-06 17:46:38.3745 (StateSyncRequestHandler.cs:17) 玩家ID:482734309785206785 移动到新位置: 5.580453 , 0 , -5.2412243
2025-12-06 17:46:38.4702 (StateSyncRequestHandler.cs:17) 玩家ID:482734309785206785 移动方向: -0.007855221 , 0 , -0.9999692
2025-12-06 17:46:38.4702 (StateSyncRequestHandler.cs:17) 玩家ID:482734309785206785 移动到新位置: 5.5788817 , 0 , -5.441218
2025-12-06 17:46:38.5769 (StateSyncRequestHandler.cs:17) 玩家ID:482734309785206785 移动方向: -0.007855221 , 0 , -0.9999692
2025-12-06 17:46:38.5769 (StateSyncRequestHandler.cs:17) 玩家ID:482734309785206785 移动到新位置: 5.5773106 , 0 , -5.6412115
2025-12-06 17:46:38.6683 (StateSyncRequestHandler.cs:17) 玩家ID:482734309785206785 移动方向: -0.007855221 , 0 , -0.9999692
2025-12-06 17:46:38.6683 (StateSyncRequestHandler.cs:17) 玩家ID:482734309785206785 移动到新位置: 5.5757394 , 0 , -5.841205
2025-12-06 17:46:38.7623 (StateSyncRequestHandler.cs:17) 玩家ID:482734309785206785 移动方向: -0.007855221 , 0 , -0.9999692
2025-12-06 17:46:38.7623 (StateSyncRequestHandler.cs:17) 玩家ID:482734309785206785 移动到新位置: 5.574168 , 0 , -6.0411987
2025-12-06 17:46:38.8703 (StateSyncRequestHandler.cs:17) 玩家ID:482734309785206785 移动方向: -0.71263945 , 0 , -0.70153046
2025-12-06 17:46:38.8703 (StateSyncRequestHandler.cs:17) 玩家ID:482734309785206785 移动到新位置: 5.43164 , 0 , -6.1815047
2025-12-06 17:46:38.9628 (StateSyncRequestHandler.cs:17) 玩家ID:482734309785206785 移动方向: -0.9999174 , 0 , 0.012853745
2025-12-06 17:46:38.9628 (StateSyncRequestHandler.cs:17) 玩家ID:482734309785206785 移动到新位置: 5.2316566 , 0 , -6.178934
2025-12-06 17:46:39.0715 (StateSyncRequestHandler.cs:17) 玩家ID:482734309785206785 移动方向: -0.99350625 , 0 , 0.11377768
2025-12-06 17:46:39.0715 (StateSyncRequestHandler.cs:17) 玩家ID:482734309785206785 移动到新位置: 5.032955 , 0 , -6.1561785
2025-12-06 17:46:39.1813 (StateSyncRequestHandler.cs:17) 玩家ID:482734309785206785 移动方向: -0.9302592 , 0 , 0.36690298
2025-12-06 17:46:39.1813 (StateSyncRequestHandler.cs:17) 玩家ID:482734309785206785 移动到新位置: 4.8469033 , 0 , -6.082798
2025-12-06 17:46:39.2580 (StateSyncRequestHandler.cs:17) 玩家ID:482734309785206785 移动方向: -0.8237577 , 0 , 0.56694204
2025-12-06 17:46:39.2580 (StateSyncRequestHandler.cs:17) 玩家ID:482734309785206785 移动到新位置: 4.682152 , 0 , -5.9694095
2025-12-06 17:46:39.3676 (StateSyncRequestHandler.cs:17) 玩家ID:482734309785206785 移动方向: -0.7393879 , 0 , 0.67327964
2025-12-06 17:46:39.3676 (StateSyncRequestHandler.cs:17) 玩家ID:482734309785206785 移动到新位置: 4.534274 , 0 , -5.8347535
2025-12-06 17:46:39.4764 (StateSyncRequestHandler.cs:17) 玩家ID:482734309785206785 移动方向: -0.70527023 , 0 , 0.70893854
2025-12-06 17:46:39.4764 (StateSyncRequestHandler.cs:17) 玩家ID:482734309785206785 移动到新位置: 4.39322 , 0 , -5.692966
2025-12-06 17:46:39.5710 (StateSyncRequestHandler.cs:17) 玩家ID:482734309785206785 移动方向: -0.6936505 , 0 , 0.7203117
2025-12-06 17:46:39.5710 (StateSyncRequestHandler.cs:17) 玩家ID:482734309785206785 移动到新位置: 4.25449 , 0 , -5.5489035
2025-12-06 17:46:39.6778 (StateSyncRequestHandler.cs:17) 玩家ID:482734309785206785 移动方向: -0.6892916 , 0 , 0.724484
2025-12-06 17:46:39.6778 (StateSyncRequestHandler.cs:17) 玩家ID:482734309785206785 移动到新位置: 4.1166315 , 0 , -5.4040065
2025-12-06 17:46:39.7689 (StateSyncRequestHandler.cs:17) 玩家ID:482734309785206785 移动方向: -0.6879528 , 0 , 0.72575545
2025-12-06 17:46:39.7689 (StateSyncRequestHandler.cs:17) 玩家ID:482734309785206785 移动到新位置: 3.9790409 , 0 , -5.2588553
2025-12-06 17:46:39.8780 (StateSyncRequestHandler.cs:17) 玩家ID:482734309785206785 移动方向: -0.6875672 , 0 , 0.7261208
2025-12-06 17:46:39.8780 (StateSyncRequestHandler.cs:17) 玩家ID:482734309785206785 移动到新位置: 3.8415275 , 0 , -5.1136312
2025-12-06 17:46:39.9719 (StateSyncRequestHandler.cs:17) 玩家ID:482734309785206785 移动方向: -0.6874536 , 0 , 0.72622824
2025-12-06 17:46:39.9719 (StateSyncRequestHandler.cs:17) 玩家ID:482734309785206785 移动到新位置: 3.7040367 , 0 , -4.9683857
2025-12-06 17:46:40.0800 (StateSyncRequestHandler.cs:17) 玩家ID:482734309785206785 移动方向: -0.68741727 , 0 , 0.72626275
2025-12-06 17:46:40.0800 (StateSyncRequestHandler.cs:17) 玩家ID:482734309785206785 移动到新位置: 3.5665534 , 0 , -4.823133
2025-12-06 17:46:40.1726 (StateSyncRequestHandler.cs:17) 玩家ID:482734309785206785 移动方向: 0.7262722 , 0 , 0.6874072
2025-12-06 17:46:40.1726 (StateSyncRequestHandler.cs:17) 玩家ID:482734309785206785 移动到新位置: 3.7118077 , 0 , -4.685652
2025-12-06 17:46:40.2816 (StateSyncRequestHandler.cs:17) 玩家ID:482734309785206785 移动方向: 0.72627556 , 0 , 0.6874037
2025-12-06 17:46:40.2816 (StateSyncRequestHandler.cs:17) 玩家ID:482734309785206785 移动到新位置: 3.8570628 , 0 , -4.548171
2025-12-06 17:46:40.3589 (StateSyncRequestHandler.cs:17) 玩家ID:482734309785206785 移动方向: 0.72627556 , 0 , 0.6874037
2025-12-06 17:46:40.3589 (StateSyncRequestHandler.cs:17) 玩家ID:482734309785206785 移动到新位置: 4.002318 , 0 , -4.4106903
2025-12-06 17:46:40.4842 (StateSyncRequestHandler.cs:17) 玩家ID:482734309785206785 移动到新位置: 4.002318 , 0 , -4.4106903
2025-12-06 17:46:40.7627 (StateSyncRequestHandler.cs:17) 玩家ID:482734309785206785 移动方向: -0.5132022 , 0 , 0.8582677
2025-12-06 17:46:40.7627 (StateSyncRequestHandler.cs:17) 玩家ID:482734309785206785 移动到新位置: 3.8996775 , 0 , -4.2390366
2025-12-06 17:46:40.8719 (StateSyncRequestHandler.cs:17) 玩家ID:482734309785206785 移动方向: -0.49103823 , 0 , 0.87113804
2025-12-06 17:46:40.8719 (StateSyncRequestHandler.cs:17) 玩家ID:482734309785206785 移动到新位置: 3.8014698 , 0 , -4.064809
2025-12-06 17:46:40.9795 (StateSyncRequestHandler.cs:17) 玩家ID:482734309785206785 移动方向: -0.5021262 , 0 , 0.8647944
2025-12-06 17:46:40.9795 (StateSyncRequestHandler.cs:17) 玩家ID:482734309785206785 移动到新位置: 3.7010446 , 0 , -3.89185
2025-12-06 17:46:41.0752 (StateSyncRequestHandler.cs:17) 玩家ID:482734309785206785 移动方向: -0.51676565 , 0 , 0.8561269
2025-12-06 17:46:41.0752 (StateSyncRequestHandler.cs:17) 玩家ID:482734309785206785 移动到新位置: 3.5976915 , 0 , -3.7206247
2025-12-06 17:46:41.1685 (StateSyncRequestHandler.cs:17) 玩家ID:482734309785206785 移动方向: -0.52468425 , 0 , 0.8512969
2025-12-06 17:46:41.1685 (StateSyncRequestHandler.cs:17) 玩家ID:482734309785206785 移动到新位置: 3.4927547 , 0 , -3.5503652
2025-12-06 17:46:41.2761 (StateSyncRequestHandler.cs:17) 玩家ID:482734309785206785 移动方向: -0.5276614 , 0 , 0.8494548
2025-12-06 17:46:41.2761 (StateSyncRequestHandler.cs:17) 玩家ID:482734309785206785 移动到新位置: 3.3872225 , 0 , -3.3804743
2025-12-06 17:46:41.3842 (StateSyncRequestHandler.cs:17) 玩家ID:482734309785206785 移动方向: 0.22632194 , 0 , 0.97405255
2025-12-06 17:46:41.3842 (StateSyncRequestHandler.cs:17) 玩家ID:482734309785206785 移动到新位置: 3.432487 , 0 , -3.185664
2025-12-06 17:46:41.4604 (StateSyncRequestHandler.cs:17) 玩家ID:482734309785206785 移动方向: -0.52900344 , 0 , 0.8486197
2025-12-06 17:46:41.4604 (StateSyncRequestHandler.cs:17) 玩家ID:482734309785206785 移动到新位置: 3.3266864 , 0 , -3.01594
2025-12-06 17:46:41.5687 (StateSyncRequestHandler.cs:17) 玩家ID:482734309785206785 移动方向: -0.5291302 , 0 , 0.84854066
2025-12-06 17:46:41.5687 (StateSyncRequestHandler.cs:17) 玩家ID:482734309785206785 移动到新位置: 3.2208602 , 0 , -2.846232
2025-12-06 17:46:41.6788 (StateSyncRequestHandler.cs:17) 玩家ID:482734309785206785 移动方向: -0.5291645 , 0 , 0.8485193
2025-12-06 17:46:41.6788 (StateSyncRequestHandler.cs:17) 玩家ID:482734309785206785 移动到新位置: 3.1150274 , 0 , -2.676528
2025-12-06 17:46:41.7712 (StateSyncRequestHandler.cs:17) 玩家ID:482734309785206785 移动方向: -0.5291738 , 0 , 0.8485135
2025-12-06 17:46:41.7712 (StateSyncRequestHandler.cs:17) 玩家ID:482734309785206785 移动到新位置: 3.0091927 , 0 , -2.5068252
2025-12-06 17:46:41.8647 (StateSyncRequestHandler.cs:17) 玩家ID:482734309785206785 移动方向: -0.52917665 , 0 , 0.8485117
2025-12-06 17:46:41.8651 (StateSyncRequestHandler.cs:17) 玩家ID:482734309785206785 移动到新位置: 2.9033573 , 0 , -2.337123
2025-12-06 17:46:41.9721 (StateSyncRequestHandler.cs:17) 玩家ID:482734309785206785 移动到新位置: 2.9033573 , 0 , -2.337123
2025-12-06 17:46:42.6662 (StateSyncRequestHandler.cs:17) 玩家ID:482734309785206785 移动方向: 0.5291766 , 0 , -0.84851176
2025-12-06 17:46:42.6662 (StateSyncRequestHandler.cs:17) 玩家ID:482734309785206785 移动到新位置: 3.0091925 , 0 , -2.5068252
2025-12-06 17:46:42.7760 (StateSyncRequestHandler.cs:17) 玩家ID:482734309785206785 移动方向: 0.5291766 , 0 , -0.84851176
2025-12-06 17:46:42.7760 (StateSyncRequestHandler.cs:17) 玩家ID:482734309785206785 移动到新位置: 3.115028 , 0 , -2.6765275
2025-12-06 17:46:42.8699 (StateSyncRequestHandler.cs:17) 玩家ID:482734309785206785 移动方向: 0.5291766 , 0 , -0.84851176
2025-12-06 17:46:42.8699 (StateSyncRequestHandler.cs:17) 玩家ID:482734309785206785 移动到新位置: 3.2208633 , 0 , -2.8462298
2025-12-06 17:46:42.9618 (StateSyncRequestHandler.cs:17) 玩家ID:482734309785206785 移动方向: 0.5291766 , 0 , -0.84851176
2025-12-06 17:46:42.9618 (StateSyncRequestHandler.cs:17) 玩家ID:482734309785206785 移动到新位置: 3.3266988 , 0 , -3.015932
2025-12-06 17:46:43.0699 (StateSyncRequestHandler.cs:17) 玩家ID:482734309785206785 移动方向: 0.5291766 , 0 , -0.84851176
2025-12-06 17:46:43.0699 (StateSyncRequestHandler.cs:17) 玩家ID:482734309785206785 移动到新位置: 3.4325342 , 0 , -3.1856344
2025-12-06 17:46:43.1772 (StateSyncRequestHandler.cs:17) 玩家ID:482734309785206785 移动方向: 0.5291766 , 0 , -0.84851176
2025-12-06 17:46:43.1772 (StateSyncRequestHandler.cs:17) 玩家ID:482734309785206785 移动到新位置: 3.5383697 , 0 , -3.3553367
2025-12-06 17:46:43.2705 (StateSyncRequestHandler.cs:17) 玩家ID:482734309785206785 移动方向: 0.5291766 , 0 , -0.84851176
2025-12-06 17:46:43.2711 (StateSyncRequestHandler.cs:17) 玩家ID:482734309785206785 移动到新位置: 3.644205 , 0 , -3.525039
2025-12-06 17:46:43.3619 (StateSyncRequestHandler.cs:17) 玩家ID:482734309785206785 移动方向: 0.9741727 , 0 , -0.22580406
2025-12-06 17:46:43.3619 (StateSyncRequestHandler.cs:17) 玩家ID:482734309785206785 移动到新位置: 3.8390396 , 0 , -3.5701997
2025-12-06 17:46:43.4710 (StateSyncRequestHandler.cs:17) 玩家ID:482734309785206785 移动方向: 0.9741727 , 0 , -0.22580406
2025-12-06 17:46:43.4710 (StateSyncRequestHandler.cs:17) 玩家ID:482734309785206785 移动到新位置: 4.033874 , 0 , -3.6153605
2025-12-06 17:46:43.5624 (StateSyncRequestHandler.cs:17) 玩家ID:482734309785206785 移动方向: 0.5291766 , 0 , -0.84851176
2025-12-06 17:46:43.5624 (StateSyncRequestHandler.cs:17) 玩家ID:482734309785206785 移动到新位置: 4.1397095 , 0 , -3.7850628
2025-12-06 17:46:43.6697 (StateSyncRequestHandler.cs:17) 玩家ID:482734309785206785 移动方向: 0.5291766 , 0 , -0.84851176
2025-12-06 17:46:43.6697 (StateSyncRequestHandler.cs:17) 玩家ID:482734309785206785 移动到新位置: 4.245545 , 0 , -3.954765
2025-12-06 17:46:43.7809 (StateSyncRequestHandler.cs:17) 玩家ID:482734309785206785 移动到新位置: 4.245545 , 0 , -3.954765
2025-12-06 17:46:43.8724 (StateSyncRequestHandler.cs:17) 玩家ID:482734309785206785 移动方向: -0.84851176 , 0 , -0.5291766
2025-12-06 17:46:43.8724 (StateSyncRequestHandler.cs:17) 玩家ID:482734309785206785 移动到新位置: 4.0758424 , 0 , -4.0606003
2025-12-06 17:46:43.9667 (StateSyncRequestHandler.cs:17) 玩家ID:482734309785206785 移动方向: -0.84851176 , 0 , -0.5291766
2025-12-06 17:46:43.9667 (StateSyncRequestHandler.cs:17) 玩家ID:482734309785206785 移动到新位置: 3.90614 , 0 , -4.1664357
2025-12-06 17:46:44.0767 (StateSyncRequestHandler.cs:17) 玩家ID:482734309785206785 移动方向: -0.84851176 , 0 , -0.5291766
2025-12-06 17:46:44.0767 (StateSyncRequestHandler.cs:17) 玩家ID:482734309785206785 移动到新位置: 3.7364378 , 0 , -4.272271
2025-12-06 17:46:44.1852 (StateSyncRequestHandler.cs:17) 玩家ID:482734309785206785 移动到新位置: 3.7364378 , 0 , -4.272271
2025-12-06 17:46:46.4724 (StateSyncRequestHandler.cs:17) 玩家ID:482734309785206785 移动方向: 0.22580406 , 0 , 0.9741727
2025-12-06 17:46:46.4724 (StateSyncRequestHandler.cs:17) 玩家ID:482734309785206785 移动到新位置: 3.7815986 , 0 , -4.0774364
2025-12-06 17:46:46.5805 (StateSyncRequestHandler.cs:17) 玩家ID:482734309785206785 移动方向: 0.22580406 , 0 , 0.9741727
2025-12-06 17:46:46.5805 (StateSyncRequestHandler.cs:17) 玩家ID:482734309785206785 移动到新位置: 3.8267593 , 0 , -3.882602
2025-12-06 17:46:46.6716 (StateSyncRequestHandler.cs:17) 玩家ID:482734309785206785 移动方向: 0.22580406 , 0 , 0.9741727
2025-12-06 17:46:46.6716 (StateSyncRequestHandler.cs:17) 玩家ID:482734309785206785 移动到新位置: 3.87192 , 0 , -3.6877675
2025-12-06 17:46:46.7645 (StateSyncRequestHandler.cs:17) 玩家ID:482734309785206785 移动方向: 0.22580406 , 0 , 0.9741727
2025-12-06 17:46:46.7645 (StateSyncRequestHandler.cs:17) 玩家ID:482734309785206785 移动到新位置: 3.9170809 , 0 , -3.492933
2025-12-06 17:46:46.8729 (StateSyncRequestHandler.cs:17) 玩家ID:482734309785206785 移动方向: -0.5291766 , 0 , 0.84851176
2025-12-06 17:46:46.8729 (StateSyncRequestHandler.cs:17) 玩家ID:482734309785206785 移动到新位置: 3.8112454 , 0 , -3.3232307
2025-12-06 17:46:46.9661 (StateSyncRequestHandler.cs:17) 玩家ID:482734309785206785 移动方向: -0.5291766 , 0 , 0.84851176
2025-12-06 17:46:46.9661 (StateSyncRequestHandler.cs:17) 玩家ID:482734309785206785 移动到新位置: 3.70541 , 0 , -3.1535285
2025-12-06 17:46:47.0745 (StateSyncRequestHandler.cs:17) 玩家ID:482734309785206785 移动方向: -0.9741727 , 0 , 0.22580406
2025-12-06 17:46:47.0745 (StateSyncRequestHandler.cs:17) 玩家ID:482734309785206785 移动到新位置: 3.5105755 , 0 , -3.1083677
2025-12-06 17:46:47.1820 (StateSyncRequestHandler.cs:17) 玩家ID:482734309785206785 移动方向: -0.5291766 , 0 , 0.84851176
2025-12-06 17:46:47.1820 (StateSyncRequestHandler.cs:17) 玩家ID:482734309785206785 移动到新位置: 3.4047403 , 0 , -2.9386654
2025-12-06 17:46:47.2740 (StateSyncRequestHandler.cs:17) 玩家ID:482734309785206785 移动方向: 0.84851176 , 0 , 0.5291766
2025-12-06 17:46:47.2740 (StateSyncRequestHandler.cs:17) 玩家ID:482734309785206785 移动到新位置: 3.5744426 , 0 , -2.83283
2025-12-06 17:46:47.3675 (StateSyncRequestHandler.cs:17) 玩家ID:482734309785206785 移动方向: 0.84851176 , 0 , 0.5291766
2025-12-06 17:46:47.3675 (StateSyncRequestHandler.cs:17) 玩家ID:482734309785206785 移动到新位置: 3.8289962 , 0 , -2.674077
2025-12-06 17:46:47.4599 (StateSyncRequestHandler.cs:17) 玩家ID:482734309785206785 移动方向: 0.84851176 , 0 , 0.5291766
2025-12-06 17:46:47.4599 (StateSyncRequestHandler.cs:17) 玩家ID:482734309785206785 移动到新位置: 4.0835495 , 0 , -2.515324
2025-12-06 17:46:47.5848 (StateSyncRequestHandler.cs:17) 玩家ID:482734309785206785 移动方向: 0.84851176 , 0 , 0.5291766
2025-12-06 17:46:47.5848 (StateSyncRequestHandler.cs:17) 玩家ID:482734309785206785 移动到新位置: 4.338103 , 0 , -2.3565712
2025-12-06 17:46:47.6776 (StateSyncRequestHandler.cs:17) 玩家ID:482734309785206785 移动方向: 0.9741727 , 0 , -0.22580406
2025-12-06 17:46:47.6776 (StateSyncRequestHandler.cs:17) 玩家ID:482734309785206785 移动到新位置: 4.630355 , 0 , -2.4243124
2025-12-06 17:46:47.7713 (StateSyncRequestHandler.cs:17) 玩家ID:482734309785206785 移动方向: 0.9741727 , 0 , -0.22580406
2025-12-06 17:46:47.7713 (StateSyncRequestHandler.cs:17) 玩家ID:482734309785206785 移动到新位置: 4.9226065 , 0 , -2.4920535
2025-12-06 17:46:47.8640 (StateSyncRequestHandler.cs:17) 玩家ID:482734309785206785 移动方向: 0.5291766 , 0 , -0.84851176
2025-12-06 17:46:47.8640 (StateSyncRequestHandler.cs:17) 玩家ID:482734309785206785 移动到新位置: 5.0813594 , 0 , -2.746607
2025-12-06 17:46:47.9713 (StateSyncRequestHandler.cs:17) 玩家ID:482734309785206785 移动方向: -0.22580406 , 0 , -0.9741727
2025-12-06 17:46:47.9713 (StateSyncRequestHandler.cs:17) 玩家ID:482734309785206785 移动到新位置: 5.013618 , 0 , -3.038859
2025-12-06 17:46:48.0649 (StateSyncRequestHandler.cs:17) 玩家ID:482734309785206785 移动方向: -0.22580406 , 0 , -0.9741727
2025-12-06 17:46:48.0649 (StateSyncRequestHandler.cs:17) 玩家ID:482734309785206785 移动到新位置: 4.9458766 , 0 , -3.3311107
2025-12-06 17:46:48.1735 (StateSyncRequestHandler.cs:17) 玩家ID:482734309785206785 移动方向: -0.22580406 , 0 , -0.9741727
2025-12-06 17:46:48.1735 (StateSyncRequestHandler.cs:17) 玩家ID:482734309785206785 移动到新位置: 4.878135 , 0 , -3.6233625
2025-12-06 17:46:48.2668 (StateSyncRequestHandler.cs:17) 玩家ID:482734309785206785 移动方向: -0.22580406 , 0 , -0.9741727
2025-12-06 17:46:48.2668 (StateSyncRequestHandler.cs:17) 玩家ID:482734309785206785 移动到新位置: 4.810394 , 0 , -3.9156144
2025-12-06 17:46:48.3742 (StateSyncRequestHandler.cs:17) 玩家ID:482734309785206785 移动方向: -0.22580406 , 0 , -0.9741727
2025-12-06 17:46:48.3742 (StateSyncRequestHandler.cs:17) 玩家ID:482734309785206785 移动到新位置: 4.7426524 , 0 , -4.207866
2025-12-06 17:46:48.4815 (StateSyncRequestHandler.cs:17) 玩家ID:482734309785206785 移动方向: -0.22580406 , 0 , -0.9741727
2025-12-06 17:46:48.4815 (StateSyncRequestHandler.cs:17) 玩家ID:482734309785206785 移动到新位置: 4.674911 , 0 , -4.5001183
2025-12-06 17:46:48.5752 (StateSyncRequestHandler.cs:17) 玩家ID:482734309785206785 移动方向: -0.22580406 , 0 , -0.9741727
2025-12-06 17:46:48.5752 (StateSyncRequestHandler.cs:17) 玩家ID:482734309785206785 移动到新位置: 4.6071696 , 0 , -4.79237
2025-12-06 17:46:48.6842 (StateSyncRequestHandler.cs:17) 玩家ID:482734309785206785 移动方向: -0.22580406 , 0 , -0.9741727
2025-12-06 17:46:48.6842 (StateSyncRequestHandler.cs:17) 玩家ID:482734309785206785 移动到新位置: 4.539428 , 0 , -5.0846214
2025-12-06 17:46:48.7768 (StateSyncRequestHandler.cs:17) 玩家ID:482734309785206785 移动方向: -0.22580406 , 0 , -0.9741727
2025-12-06 17:46:48.7768 (StateSyncRequestHandler.cs:17) 玩家ID:482734309785206785 移动到新位置: 4.471687 , 0 , -5.376873
2025-12-06 17:46:48.8712 (StateSyncRequestHandler.cs:17) 玩家ID:482734309785206785 移动方向: -0.84851176 , 0 , -0.5291766
2025-12-06 17:46:48.8712 (StateSyncRequestHandler.cs:17) 玩家ID:482734309785206785 移动到新位置: 4.2171335 , 0 , -5.535626
2025-12-06 17:46:48.9665 (StateSyncRequestHandler.cs:17) 玩家ID:482734309785206785 移动方向: -0.84851176 , 0 , -0.5291766
2025-12-06 17:46:48.9665 (StateSyncRequestHandler.cs:17) 玩家ID:482734309785206785 移动到新位置: 3.96258 , 0 , -5.694379
2025-12-06 17:46:49.0744 (StateSyncRequestHandler.cs:17) 玩家ID:482734309785206785 移动方向: -0.84851176 , 0 , -0.5291766
2025-12-06 17:46:49.0744 (StateSyncRequestHandler.cs:17) 玩家ID:482734309785206785 移动到新位置: 3.7080264 , 0 , -5.853132
2025-12-06 17:46:49.1676 (StateSyncRequestHandler.cs:17) 玩家ID:482734309785206785 移动方向: -0.84851176 , 0 , -0.5291766
2025-12-06 17:46:49.1676 (StateSyncRequestHandler.cs:17) 玩家ID:482734309785206785 移动到新位置: 3.4534729 , 0 , -6.0118847
2025-12-06 17:46:49.2762 (StateSyncRequestHandler.cs:17) 玩家ID:482734309785206785 移动方向: -0.5291766 , 0 , 0.84851176
2025-12-06 17:46:49.2762 (StateSyncRequestHandler.cs:17) 玩家ID:482734309785206785 移动到新位置: 3.29472 , 0 , -5.7573314
2025-12-06 17:46:49.4309 (StateSyncRequestHandler.cs:17) 玩家ID:482734309785206785 移动方向: -0.5291766 , 0 , 0.84851176
2025-12-06 17:46:49.4309 (StateSyncRequestHandler.cs:17) 玩家ID:482734309785206785 移动到新位置: 3.135967 , 0 , -5.502778
2025-12-06 17:46:49.4776 (StateSyncRequestHandler.cs:17) 玩家ID:482734309785206785 移动方向: 0.22580358 , 0 , 0.97417283
2025-12-06 17:46:49.4776 (StateSyncRequestHandler.cs:17) 玩家ID:482734309785206785 移动到新位置: 3.2037082 , 0 , -5.210526
2025-12-06 17:46:49.5709 (StateSyncRequestHandler.cs:17) 玩家ID:482734309785206785 移动方向: 0.22580358 , 0 , 0.97417283
2025-12-06 17:46:49.5709 (StateSyncRequestHandler.cs:17) 玩家ID:482734309785206785 移动到新位置: 3.2714493 , 0 , -4.918274
2025-12-06 17:46:49.6798 (StateSyncRequestHandler.cs:17) 玩家ID:482734309785206785 移动方向: 0.22580358 , 0 , 0.97417283
2025-12-06 17:46:49.6798 (StateSyncRequestHandler.cs:17) 玩家ID:482734309785206785 移动到新位置: 3.3391905 , 0 , -4.626022
2025-12-06 17:46:49.7573 (StateSyncRequestHandler.cs:17) 玩家ID:482734309785206785 移动方向: 0.22580358 , 0 , 0.97417283
2025-12-06 17:46:49.7573 (StateSyncRequestHandler.cs:17) 玩家ID:482734309785206785 移动到新位置: 3.4069316 , 0 , -4.33377
2025-12-06 17:46:49.8679 (StateSyncRequestHandler.cs:17) 玩家ID:482734309785206785 移动方向: 0.22580358 , 0 , 0.97417283
2025-12-06 17:46:49.8679 (StateSyncRequestHandler.cs:17) 玩家ID:482734309785206785 移动到新位置: 3.4746728 , 0 , -4.0415177
2025-12-06 17:46:49.9593 (StateSyncRequestHandler.cs:17) 玩家ID:482734309785206785 移动方向: 0.22580358 , 0 , 0.97417283
2025-12-06 17:46:49.9593 (StateSyncRequestHandler.cs:17) 玩家ID:482734309785206785 移动到新位置: 3.542414 , 0 , -3.749266
2025-12-06 17:46:50.0675 (StateSyncRequestHandler.cs:17) 玩家ID:482734309785206785 移动方向: 0.22580358 , 0 , 0.97417283
2025-12-06 17:46:50.0680 (StateSyncRequestHandler.cs:17) 玩家ID:482734309785206785 移动到新位置: 3.610155 , 0 , -3.457014
2025-12-06 17:46:50.1744 (StateSyncRequestHandler.cs:17) 玩家ID:482734309785206785 移动方向: 0.22580358 , 0 , 0.97417283
2025-12-06 17:46:50.1744 (StateSyncRequestHandler.cs:17) 玩家ID:482734309785206785 移动到新位置: 3.6778963 , 0 , -3.1647623
2025-12-06 17:46:50.2679 (StateSyncRequestHandler.cs:17) 玩家ID:482734309785206785 移动方向: 0.22580358 , 0 , 0.97417283
2025-12-06 17:46:50.2679 (StateSyncRequestHandler.cs:17) 玩家ID:482734309785206785 移动到新位置: 3.7456374 , 0 , -2.8725104
2025-12-06 17:46:50.3751 (StateSyncRequestHandler.cs:17) 玩家ID:482734309785206785 移动方向: 0.22580358 , 0 , 0.97417283
2025-12-06 17:46:50.3751 (StateSyncRequestHandler.cs:17) 玩家ID:482734309785206785 移动到新位置: 3.8133786 , 0 , -2.5802586
2025-12-06 17:46:50.4669 (StateSyncRequestHandler.cs:17) 玩家ID:482734309785206785 移动方向: 0.22580358 , 0 , 0.97417283
2025-12-06 17:46:50.4669 (StateSyncRequestHandler.cs:17) 玩家ID:482734309785206785 移动到新位置: 3.8811197 , 0 , -2.2880068
2025-12-06 17:46:50.5599 (StateSyncRequestHandler.cs:17) 玩家ID:482734309785206785 移动方向: 0.22580358 , 0 , 0.97417283
2025-12-06 17:46:50.5599 (StateSyncRequestHandler.cs:17) 玩家ID:482734309785206785 移动到新位置: 3.948861 , 0 , -1.995755
2025-12-06 17:46:50.6664 (StateSyncRequestHandler.cs:17) 玩家ID:482734309785206785 移动方向: -0.97417283 , 0 , 0.22580358
2025-12-06 17:46:50.6664 (StateSyncRequestHandler.cs:17) 玩家ID:482734309785206785 移动到新位置: 3.656609 , 0 , -1.9280139
2025-12-06 17:46:50.7735 (StateSyncRequestHandler.cs:17) 玩家ID:482734309785206785 移动方向: -0.97417283 , 0 , 0.22580358
2025-12-06 17:46:50.7735 (StateSyncRequestHandler.cs:17) 玩家ID:482734309785206785 移动到新位置: 3.3643572 , 0 , -1.8602729
2025-12-06 17:46:50.8818 (StateSyncRequestHandler.cs:17) 玩家ID:482734309785206785 移动方向: -0.97417283 , 0 , 0.22580358
2025-12-06 17:46:50.8818 (StateSyncRequestHandler.cs:17) 玩家ID:482734309785206785 移动到新位置: 3.0721054 , 0 , -1.7925318
2025-12-06 17:46:50.9579 (StateSyncRequestHandler.cs:17) 玩家ID:482734309785206785 移动方向: -0.84851146 , 0 , -0.529177
2025-12-06 17:46:50.9579 (StateSyncRequestHandler.cs:17) 玩家ID:482734309785206785 移动到新位置: 2.817552 , 0 , -1.951285
2025-12-06 17:46:51.0672 (StateSyncRequestHandler.cs:17) 玩家ID:482734309785206785 移动方向: -0.84851146 , 0 , -0.529177
2025-12-06 17:46:51.0679 (StateSyncRequestHandler.cs:17) 玩家ID:482734309785206785 移动到新位置: 2.5629988 , 0 , -2.110038
2025-12-06 17:46:51.1611 (StateSyncRequestHandler.cs:17) 玩家ID:482734309785206785 移动方向: -0.84851146 , 0 , -0.529177
2025-12-06 17:46:51.1616 (StateSyncRequestHandler.cs:17) 玩家ID:482734309785206785 移动到新位置: 2.3084455 , 0 , -2.2687912
2025-12-06 17:46:51.2696 (StateSyncRequestHandler.cs:17) 玩家ID:482734309785206785 移动方向: 0.529177 , 0 , -0.84851146
2025-12-06 17:46:51.2707 (StateSyncRequestHandler.cs:17) 玩家ID:482734309785206785 移动到新位置: 2.4671986 , 0 , -2.5233445
2025-12-06 17:46:51.3762 (StateSyncRequestHandler.cs:17) 玩家ID:482734309785206785 移动方向: 0.529177 , 0 , -0.84851146
2025-12-06 17:46:51.3762 (StateSyncRequestHandler.cs:17) 玩家ID:482734309785206785 移动到新位置: 2.6259518 , 0 , -2.7778978
2025-12-06 17:46:51.4845 (StateSyncRequestHandler.cs:17) 玩家ID:482734309785206785 移动方向: 0.529177 , 0 , -0.84851146
2025-12-06 17:46:51.4845 (StateSyncRequestHandler.cs:17) 玩家ID:482734309785206785 移动到新位置: 2.784705 , 0 , -3.0324512
2025-12-06 17:46:51.5626 (StateSyncRequestHandler.cs:17) 玩家ID:482734309785206785 移动方向: 0.529177 , 0 , -0.84851146
2025-12-06 17:46:51.5626 (StateSyncRequestHandler.cs:17) 玩家ID:482734309785206785 移动到新位置: 2.943458 , 0 , -3.2870045
2025-12-06 17:46:51.6699 (StateSyncRequestHandler.cs:17) 玩家ID:482734309785206785 移动到新位置: 2.943458 , 0 , -3.2870045
2025-12-06 17:46:53.9763 (StateSyncRequestHandler.cs:17) 玩家ID:482734309785206785 移动方向: 0.84851146 , 0 , 0.529177
2025-12-06 17:46:53.9763 (StateSyncRequestHandler.cs:17) 玩家ID:482734309785206785 移动到新位置: 3.1980114 , 0 , -3.1282513
2025-12-06 17:46:54.0835 (StateSyncRequestHandler.cs:17) 玩家ID:482734309785206785 移动方向: 0.84851146 , 0 , 0.529177
2025-12-06 17:46:54.0843 (StateSyncRequestHandler.cs:17) 玩家ID:482734309785206785 移动到新位置: 3.4525647 , 0 , -2.9694982
2025-12-06 17:46:54.1622 (StateSyncRequestHandler.cs:17) 玩家ID:482734309785206785 移动方向: 0.84851146 , 0 , 0.529177
2025-12-06 17:46:54.1622 (StateSyncRequestHandler.cs:17) 玩家ID:482734309785206785 移动到新位置: 3.707118 , 0 , -2.810745
2025-12-06 17:46:54.2680 (StateSyncRequestHandler.cs:17) 玩家ID:482734309785206785 移动方向: 0.84851146 , 0 , 0.529177
2025-12-06 17:46:54.2680 (StateSyncRequestHandler.cs:17) 玩家ID:482734309785206785 移动到新位置: 3.9616714 , 0 , -2.6519918
2025-12-06 17:46:54.3751 (StateSyncRequestHandler.cs:17) 玩家ID:482734309785206785 移动方向: 0.84851146 , 0 , 0.529177
2025-12-06 17:46:54.3751 (StateSyncRequestHandler.cs:17) 玩家ID:482734309785206785 移动到新位置: 4.2162247 , 0 , -2.4932387
2025-12-06 17:46:54.4819 (StateSyncRequestHandler.cs:17) 玩家ID:482734309785206785 移动方向: 0.84851146 , 0 , 0.529177
2025-12-06 17:46:54.4819 (StateSyncRequestHandler.cs:17) 玩家ID:482734309785206785 移动到新位置: 4.470778 , 0 , -2.3344855
2025-12-06 17:46:54.5599 (StateSyncRequestHandler.cs:17) 玩家ID:482734309785206785 移动方向: 0.84851146 , 0 , 0.529177
2025-12-06 17:46:54.5599 (StateSyncRequestHandler.cs:17) 玩家ID:482734309785206785 移动到新位置: 4.7253313 , 0 , -2.1757324
2025-12-06 17:46:54.6827 (StateSyncRequestHandler.cs:17) 玩家ID:482734309785206785 移动方向: 0.84851146 , 0 , 0.529177
2025-12-06 17:46:54.6827 (StateSyncRequestHandler.cs:17) 玩家ID:482734309785206785 移动到新位置: 4.9798846 , 0 , -2.0169792
2025-12-06 17:46:54.7756 (StateSyncRequestHandler.cs:17) 玩家ID:482734309785206785 移动到新位置: 4.9798846 , 0 , -2.0169792
2025-12-06 17:46:55.5746 (StateSyncRequestHandler.cs:17) 玩家ID:482734309785206785 移动方向: -0.84851146 , 0 , -0.529177
2025-12-06 17:46:55.5746 (StateSyncRequestHandler.cs:17) 玩家ID:482734309785206785 移动到新位置: 4.7253313 , 0 , -2.1757324
2025-12-06 17:46:55.6677 (StateSyncRequestHandler.cs:17) 玩家ID:482734309785206785 移动方向: -0.84851146 , 0 , -0.529177
2025-12-06 17:46:55.6677 (StateSyncRequestHandler.cs:17) 玩家ID:482734309785206785 移动到新位置: 4.470778 , 0 , -2.3344855
2025-12-06 17:46:55.7609 (StateSyncRequestHandler.cs:17) 玩家ID:482734309785206785 移动方向: -0.84851146 , 0 , -0.529177
2025-12-06 17:46:55.7609 (StateSyncRequestHandler.cs:17) 玩家ID:482734309785206785 移动到新位置: 4.2162247 , 0 , -2.4932387
2025-12-06 17:46:55.8865 (StateSyncRequestHandler.cs:17) 玩家ID:482734309785206785 移动方向: -0.84851146 , 0 , -0.529177
2025-12-06 17:46:55.8865 (StateSyncRequestHandler.cs:17) 玩家ID:482734309785206785 移动到新位置: 3.9616714 , 0 , -2.6519918
2025-12-06 17:46:55.9795 (StateSyncRequestHandler.cs:17) 玩家ID:482734309785206785 移动方向: -0.84851146 , 0 , -0.529177
2025-12-06 17:46:55.9795 (StateSyncRequestHandler.cs:17) 玩家ID:482734309785206785 移动到新位置: 3.707118 , 0 , -2.810745
2025-12-06 17:46:56.0736 (StateSyncRequestHandler.cs:17) 玩家ID:482734309785206785 移动方向: -0.84851146 , 0 , -0.529177
2025-12-06 17:46:56.0736 (StateSyncRequestHandler.cs:17) 玩家ID:482734309785206785 移动到新位置: 3.4525647 , 0 , -2.9694982
2025-12-06 17:46:56.1816 (StateSyncRequestHandler.cs:17) 玩家ID:482734309785206785 移动方向: -0.84851146 , 0 , -0.529177
2025-12-06 17:46:56.1816 (StateSyncRequestHandler.cs:17) 玩家ID:482734309785206785 移动到新位置: 3.1980114 , 0 , -3.1282513
2025-12-06 17:46:56.2749 (StateSyncRequestHandler.cs:17) 玩家ID:482734309785206785 移动方向: -0.84851146 , 0 , -0.529177
2025-12-06 17:46:56.2749 (StateSyncRequestHandler.cs:17) 玩家ID:482734309785206785 移动到新位置: 2.943458 , 0 , -3.2870045
2025-12-06 17:46:56.3684 (StateSyncRequestHandler.cs:17) 玩家ID:482734309785206785 移动方向: -0.84851146 , 0 , -0.529177
2025-12-06 17:46:56.3684 (StateSyncRequestHandler.cs:17) 玩家ID:482734309785206785 移动到新位置: 2.6889048 , 0 , -3.4457576
2025-12-06 17:46:56.4771 (StateSyncRequestHandler.cs:17) 玩家ID:482734309785206785 移动方向: -0.84851146 , 0 , -0.529177
2025-12-06 17:46:56.4771 (StateSyncRequestHandler.cs:17) 玩家ID:482734309785206785 移动到新位置: 2.4343514 , 0 , -3.6045108
2025-12-06 17:46:56.5715 (StateSyncRequestHandler.cs:17) 玩家ID:482734309785206785 移动方向: -0.84851146 , 0 , -0.529177
2025-12-06 17:46:56.5715 (StateSyncRequestHandler.cs:17) 玩家ID:482734309785206785 移动到新位置: 2.1797981 , 0 , -3.763264
2025-12-06 17:46:56.6652 (StateSyncRequestHandler.cs:17) 玩家ID:482734309785206785 移动方向: 0.529177 , 0 , -0.84851146
2025-12-06 17:46:56.6652 (StateSyncRequestHandler.cs:17) 玩家ID:482734309785206785 移动到新位置: 2.3385513 , 0 , -4.0178175
2025-12-06 17:46:56.7731 (StateSyncRequestHandler.cs:17) 玩家ID:482734309785206785 移动方向: 0.529177 , 0 , -0.84851146
2025-12-06 17:46:56.7731 (StateSyncRequestHandler.cs:17) 玩家ID:482734309785206785 移动到新位置: 2.4973044 , 0 , -4.272371
2025-12-06 17:46:56.8649 (StateSyncRequestHandler.cs:17) 玩家ID:482734309785206785 移动方向: 0.529177 , 0 , -0.84851146
2025-12-06 17:46:56.8649 (StateSyncRequestHandler.cs:17) 玩家ID:482734309785206785 移动到新位置: 2.6560576 , 0 , -4.526924
2025-12-06 17:46:56.9730 (StateSyncRequestHandler.cs:17) 玩家ID:482734309785206785 移动方向: 0.529177 , 0 , -0.84851146
2025-12-06 17:46:56.9744 (StateSyncRequestHandler.cs:17) 玩家ID:482734309785206785 移动到新位置: 2.8148108 , 0 , -4.7814775
2025-12-06 17:46:57.0657 (StateSyncRequestHandler.cs:17) 玩家ID:482734309785206785 移动到新位置: 2.8148108 , 0 , -4.7814775
2025-12-06 17:46:57.1740 (StateSyncRequestHandler.cs:17) 玩家ID:482734309785206785 移动方向: -0.84851146 , 0 , -0.529177
2025-12-06 17:46:57.1740 (StateSyncRequestHandler.cs:17) 玩家ID:482734309785206785 移动到新位置: 2.5602574 , 0 , -4.9402304
2025-12-06 17:46:57.2825 (StateSyncRequestHandler.cs:17) 玩家ID:482734309785206785 移动方向: -0.84851146 , 0 , -0.529177
2025-12-06 17:46:57.2825 (StateSyncRequestHandler.cs:17) 玩家ID:482734309785206785 移动到新位置: 2.305704 , 0 , -5.0989833
2025-12-06 17:46:57.3743 (StateSyncRequestHandler.cs:17) 玩家ID:482734309785206785 移动方向: 0.529177 , 0 , -0.84851146
2025-12-06 17:46:57.3743 (StateSyncRequestHandler.cs:17) 玩家ID:482734309785206785 移动到新位置: 2.4644573 , 0 , -5.3535366
2025-12-06 17:46:57.4684 (StateSyncRequestHandler.cs:17) 玩家ID:482734309785206785 移动方向: 0.529177 , 0 , -0.84851146
2025-12-06 17:46:57.4684 (StateSyncRequestHandler.cs:17) 玩家ID:482734309785206785 移动到新位置: 2.6232104 , 0 , -5.60809
2025-12-06 17:46:57.5772 (StateSyncRequestHandler.cs:17) 玩家ID:482734309785206785 移动方向: 0.529177 , 0 , -0.84851146
2025-12-06 17:46:57.5772 (StateSyncRequestHandler.cs:17) 玩家ID:482734309785206785 移动到新位置: 2.7819636 , 0 , -5.8626432
2025-12-06 17:46:57.6699 (StateSyncRequestHandler.cs:17) 玩家ID:482734309785206785 移动方向: 0.529177 , 0 , -0.84851146
2025-12-06 17:46:57.6699 (StateSyncRequestHandler.cs:17) 玩家ID:482734309785206785 移动到新位置: 2.9407167 , 0 , -6.1171966
2025-12-06 17:46:57.7633 (StateSyncRequestHandler.cs:17) 玩家ID:482734309785206785 移动方向: 0.529177 , 0 , -0.84851146
2025-12-06 17:46:57.7633 (StateSyncRequestHandler.cs:17) 玩家ID:482734309785206785 移动到新位置: 3.09947 , 0 , -6.37175
2025-12-06 17:46:57.8729 (StateSyncRequestHandler.cs:17) 玩家ID:482734309785206785 移动方向: -0.22580358 , 0 , -0.97417283
2025-12-06 17:46:57.8729 (StateSyncRequestHandler.cs:17) 玩家ID:482734309785206785 移动到新位置: 3.0317287 , 0 , -6.664002
2025-12-06 17:46:57.9819 (StateSyncRequestHandler.cs:17) 玩家ID:482734309785206785 移动方向: -0.22580358 , 0 , -0.97417283
2025-12-06 17:46:57.9819 (StateSyncRequestHandler.cs:17) 玩家ID:482734309785206785 移动到新位置: 2.9639876 , 0 , -6.956254
2025-12-06 17:46:58.0723 (StateSyncRequestHandler.cs:17) 玩家ID:482734309785206785 移动方向: -0.22580358 , 0 , -0.97417283
2025-12-06 17:46:58.0723 (StateSyncRequestHandler.cs:17) 玩家ID:482734309785206785 移动到新位置: 2.8962464 , 0 , -7.248506
2025-12-06 17:46:58.1796 (StateSyncRequestHandler.cs:17) 玩家ID:482734309785206785 移动方向: 0.529177 , 0 , -0.84851146
2025-12-06 17:46:58.1796 (StateSyncRequestHandler.cs:17) 玩家ID:482734309785206785 移动到新位置: 3.0549996 , 0 , -7.5030594
2025-12-06 17:46:58.2727 (StateSyncRequestHandler.cs:17) 玩家ID:482734309785206785 移动方向: 0.97417283 , 0 , -0.22580358
2025-12-06 17:46:58.2727 (StateSyncRequestHandler.cs:17) 玩家ID:482734309785206785 移动到新位置: 3.3472514 , 0 , -7.5708003
2025-12-06 17:46:58.3658 (StateSyncRequestHandler.cs:17) 玩家ID:482734309785206785 移动方向: 0.97417283 , 0 , -0.22580358
2025-12-06 17:46:58.3658 (StateSyncRequestHandler.cs:17) 玩家ID:482734309785206785 移动到新位置: 3.6395032 , 0 , -7.638541
2025-12-06 17:46:58.4745 (StateSyncRequestHandler.cs:17) 玩家ID:482734309785206785 移动方向: 0.97417283 , 0 , -0.22580358
2025-12-06 17:46:58.4745 (StateSyncRequestHandler.cs:17) 玩家ID:482734309785206785 移动到新位置: 3.931755 , 0 , -7.706282
2025-12-06 17:46:58.5661 (StateSyncRequestHandler.cs:17) 玩家ID:482734309785206785 移动方向: 0.97417283 , 0 , -0.22580358
2025-12-06 17:46:58.5661 (StateSyncRequestHandler.cs:17) 玩家ID:482734309785206785 移动到新位置: 4.224007 , 0 , -7.774023
2025-12-06 17:46:58.6753 (StateSyncRequestHandler.cs:17) 玩家ID:482734309785206785 移动方向: 0.97417283 , 0 , -0.22580358
2025-12-06 17:46:58.6753 (StateSyncRequestHandler.cs:17) 玩家ID:482734309785206785 移动到新位置: 4.516259 , 0 , -7.841764
2025-12-06 17:46:58.7696 (StateSyncRequestHandler.cs:17) 玩家ID:482734309785206785 移动方向: 0.84851146 , 0 , 0.529177
2025-12-06 17:46:58.7696 (StateSyncRequestHandler.cs:17) 玩家ID:482734309785206785 移动到新位置: 4.7708125 , 0 , -7.683011
2025-12-06 17:46:58.8778 (StateSyncRequestHandler.cs:17) 玩家ID:482734309785206785 移动方向: 0.22580358 , 0 , 0.97417283
2025-12-06 17:46:58.8778 (StateSyncRequestHandler.cs:17) 玩家ID:482734309785206785 移动到新位置: 4.8385534 , 0 , -7.390759
2025-12-06 17:46:58.9701 (StateSyncRequestHandler.cs:17) 玩家ID:482734309785206785 移动方向: 0.22580358 , 0 , 0.97417283
2025-12-06 17:46:58.9701 (StateSyncRequestHandler.cs:17) 玩家ID:482734309785206785 移动到新位置: 4.9062943 , 0 , -7.098507
2025-12-06 17:46:59.0632 (StateSyncRequestHandler.cs:17) 玩家ID:482734309785206785 移动方向: 0.22580358 , 0 , 0.97417283
2025-12-06 17:46:59.0632 (StateSyncRequestHandler.cs:17) 玩家ID:482734309785206785 移动到新位置: 4.9740353 , 0 , -6.806255
2025-12-06 17:46:59.1709 (StateSyncRequestHandler.cs:17) 玩家ID:482734309785206785 移动方向: -0.529177 , 0 , 0.84851146
2025-12-06 17:46:59.1709 (StateSyncRequestHandler.cs:17) 玩家ID:482734309785206785 移动到新位置: 4.8152823 , 0 , -6.5517015
2025-12-06 17:46:59.2783 (StateSyncRequestHandler.cs:17) 玩家ID:482734309785206785 移动方向: -0.97417283 , 0 , 0.22580358
2025-12-06 17:46:59.2783 (StateSyncRequestHandler.cs:17) 玩家ID:482734309785206785 移动到新位置: 4.5230303 , 0 , -6.4839606
2025-12-06 17:46:59.3840 (StateSyncRequestHandler.cs:17) 玩家ID:482734309785206785 移动方向: -0.84851146 , 0 , -0.529177
2025-12-06 17:46:59.3840 (StateSyncRequestHandler.cs:17) 玩家ID:482734309785206785 移动到新位置: 4.268477 , 0 , -6.6427135
2025-12-06 17:46:59.4770 (StateSyncRequestHandler.cs:17) 玩家ID:482734309785206785 移动方向: -0.84851146 , 0 , -0.529177
2025-12-06 17:46:59.4770 (StateSyncRequestHandler.cs:17) 玩家ID:482734309785206785 移动到新位置: 4.0139236 , 0 , -6.8014665
2025-12-06 17:46:59.5861 (StateSyncRequestHandler.cs:17) 玩家ID:482734309785206785 移动方向: -0.22580358 , 0 , -0.97417283
2025-12-06 17:46:59.5861 (StateSyncRequestHandler.cs:17) 玩家ID:482734309785206785 移动到新位置: 3.9461825 , 0 , -7.0937185
2025-12-06 17:46:59.6794 (StateSyncRequestHandler.cs:17) 玩家ID:482734309785206785 移动方向: -0.22580358 , 0 , -0.97417283
2025-12-06 17:46:59.6794 (StateSyncRequestHandler.cs:17) 玩家ID:482734309785206785 移动到新位置: 3.8784413 , 0 , -7.3859706
2025-12-06 17:46:59.7708 (StateSyncRequestHandler.cs:17) 玩家ID:482734309785206785 移动方向: -0.22580358 , 0 , -0.97417283
2025-12-06 17:46:59.7708 (StateSyncRequestHandler.cs:17) 玩家ID:482734309785206785 移动到新位置: 3.8107002 , 0 , -7.6782227
2025-12-06 17:46:59.8630 (StateSyncRequestHandler.cs:17) 玩家ID:482734309785206785 移动方向: -0.22580358 , 0 , -0.97417283
2025-12-06 17:46:59.8649 (StateSyncRequestHandler.cs:17) 玩家ID:482734309785206785 移动到新位置: 3.742959 , 0 , -7.9704747
2025-12-06 17:46:59.9726 (StateSyncRequestHandler.cs:17) 玩家ID:482734309785206785 移动方向: -0.22580358 , 0 , -0.97417283
2025-12-06 17:46:59.9726 (StateSyncRequestHandler.cs:17) 玩家ID:482734309785206785 移动到新位置: 3.6752179 , 0 , -8.262727
2025-12-06 17:47:00.0831 (StateSyncRequestHandler.cs:17) 玩家ID:482734309785206785 移动方向: -0.22580358 , 0 , -0.97417283
2025-12-06 17:47:00.0840 (StateSyncRequestHandler.cs:17) 玩家ID:482734309785206785 移动到新位置: 3.6074767 , 0 , -8.554978
2025-12-06 17:47:00.1769 (StateSyncRequestHandler.cs:17) 玩家ID:482734309785206785 移动方向: 0.529177 , 0 , -0.84851146
2025-12-06 17:47:00.1779 (StateSyncRequestHandler.cs:17) 玩家ID:482734309785206785 移动到新位置: 3.7662299 , 0 , -8.809532
2025-12-06 17:47:00.2706 (StateSyncRequestHandler.cs:17) 玩家ID:482734309785206785 移动方向: 0.529177 , 0 , -0.84851146
2025-12-06 17:47:00.2711 (StateSyncRequestHandler.cs:17) 玩家ID:482734309785206785 移动到新位置: 3.924983 , 0 , -9.064086
2025-12-06 17:47:00.3791 (StateSyncRequestHandler.cs:17) 玩家ID:482734309785206785 移动方向: 0.97417283 , 0 , -0.22580358
2025-12-06 17:47:00.3791 (StateSyncRequestHandler.cs:17) 玩家ID:482734309785206785 移动到新位置: 4.217235 , 0 , -9.131827
2025-12-06 17:47:00.4721 (StateSyncRequestHandler.cs:17) 玩家ID:482734309785206785 移动方向: 0.97417283 , 0 , -0.22580358
2025-12-06 17:47:00.4721 (StateSyncRequestHandler.cs:17) 玩家ID:482734309785206785 移动到新位置: 4.509487 , 0 , -9.199569
2025-12-06 17:47:00.5797 (StateSyncRequestHandler.cs:17) 玩家ID:482734309785206785 移动方向: 0.529177 , 0 , -0.84851146
2025-12-06 17:47:00.5797 (StateSyncRequestHandler.cs:17) 玩家ID:482734309785206785 移动到新位置: 4.66824 , 0 , -9.454123
2025-12-06 17:47:00.6730 (StateSyncRequestHandler.cs:17) 玩家ID:482734309785206785 移动方向: -0.22580358 , 0 , -0.97417283
2025-12-06 17:47:00.6730 (StateSyncRequestHandler.cs:17) 玩家ID:482734309785206785 移动到新位置: 4.600499 , 0 , -9.746374
2025-12-06 17:47:00.7661 (StateSyncRequestHandler.cs:17) 玩家ID:482734309785206785 移动方向: -0.22580358 , 0 , -0.97417283
2025-12-06 17:47:00.7661 (StateSyncRequestHandler.cs:17) 玩家ID:482734309785206785 移动到新位置: 4.532758 , 0 , -10.038626
2025-12-06 17:47:00.8749 (StateSyncRequestHandler.cs:17) 玩家ID:482734309785206785 移动方向: -0.22580358 , 0 , -0.97417283
2025-12-06 17:47:00.8749 (StateSyncRequestHandler.cs:17) 玩家ID:482734309785206785 移动到新位置: 4.4650173 , 0 , -10.330877
2025-12-06 17:47:00.9843 (StateSyncRequestHandler.cs:17) 玩家ID:482734309785206785 移动方向: -0.22580358 , 0 , -0.97417283
2025-12-06 17:47:00.9843 (StateSyncRequestHandler.cs:17) 玩家ID:482734309785206785 移动到新位置: 4.3972764 , 0 , -10.623129
2025-12-06 17:47:01.0630 (StateSyncRequestHandler.cs:17) 玩家ID:482734309785206785 移动方向: -0.22580358 , 0 , -0.97417283
2025-12-06 17:47:01.0630 (StateSyncRequestHandler.cs:17) 玩家ID:482734309785206785 移动到新位置: 4.3295355 , 0 , -10.9153805
2025-12-06 17:47:01.1703 (StateSyncRequestHandler.cs:17) 玩家ID:482734309785206785 移动方向: 0.529177 , 0 , -0.84851146
2025-12-06 17:47:01.1703 (StateSyncRequestHandler.cs:17) 玩家ID:482734309785206785 移动到新位置: 4.4882884 , 0 , -11.169934
2025-12-06 17:47:01.2618 (StateSyncRequestHandler.cs:17) 玩家ID:482734309785206785 移动方向: 0.97417283 , 0 , -0.22580358
2025-12-06 17:47:01.2618 (StateSyncRequestHandler.cs:17) 玩家ID:482734309785206785 移动到新位置: 4.7805405 , 0 , -11.237676
2025-12-06 17:47:01.3712 (StateSyncRequestHandler.cs:17) 玩家ID:482734309785206785 移动方向: 0.97417283 , 0 , -0.22580358
2025-12-06 17:47:01.3712 (StateSyncRequestHandler.cs:17) 玩家ID:482734309785206785 移动到新位置: 5.0727925 , 0 , -11.305417
2025-12-06 17:47:01.4796 (StateSyncRequestHandler.cs:17) 玩家ID:482734309785206785 移动方向: 0.97417283 , 0 , -0.22580358
2025-12-06 17:47:01.4796 (StateSyncRequestHandler.cs:17) 玩家ID:482734309785206785 移动到新位置: 5.3650446 , 0 , -11.373158
2025-12-06 17:47:01.5723 (StateSyncRequestHandler.cs:17) 玩家ID:482734309785206785 移动方向: 0.97417283 , 0 , -0.22580358
2025-12-06 17:47:01.5723 (StateSyncRequestHandler.cs:17) 玩家ID:482734309785206785 移动到新位置: 5.6572967 , 0 , -11.4409
2025-12-06 17:47:01.6664 (StateSyncRequestHandler.cs:17) 玩家ID:482734309785206785 移动方向: 0.97417283 , 0 , -0.22580358
2025-12-06 17:47:01.6664 (StateSyncRequestHandler.cs:17) 玩家ID:482734309785206785 移动到新位置: 5.9495487 , 0 , -11.508641
2025-12-06 17:47:01.7750 (StateSyncRequestHandler.cs:17) 玩家ID:482734309785206785 移动方向: 0.529177 , 0 , -0.84851146
2025-12-06 17:47:01.7750 (StateSyncRequestHandler.cs:17) 玩家ID:482734309785206785 移动到新位置: 6.1083016 , 0 , -11.763195
2025-12-06 17:47:01.8827 (StateSyncRequestHandler.cs:17) 玩家ID:482734309785206785 移动方向: 0.84851146 , 0 , 0.529177
2025-12-06 17:47:01.8827 (StateSyncRequestHandler.cs:17) 玩家ID:482734309785206785 移动到新位置: 6.362855 , 0 , -11.604442
2025-12-06 17:47:01.9751 (StateSyncRequestHandler.cs:17) 玩家ID:482734309785206785 移动方向: 0.22580358 , 0 , 0.97417283
2025-12-06 17:47:01.9751 (StateSyncRequestHandler.cs:17) 玩家ID:482734309785206785 移动到新位置: 6.430596 , 0 , -11.31219
2025-12-06 17:47:02.0831 (StateSyncRequestHandler.cs:17) 玩家ID:482734309785206785 移动方向: 0.22580358 , 0 , 0.97417283
2025-12-06 17:47:02.0839 (StateSyncRequestHandler.cs:17) 玩家ID:482734309785206785 移动到新位置: 6.498337 , 0 , -11.019938
2025-12-06 17:47:02.1751 (StateSyncRequestHandler.cs:17) 玩家ID:482734309785206785 移动方向: 0.22580358 , 0 , 0.97417283
2025-12-06 17:47:02.1751 (StateSyncRequestHandler.cs:17) 玩家ID:482734309785206785 移动到新位置: 6.5660777 , 0 , -10.727687
2025-12-06 17:47:02.2671 (StateSyncRequestHandler.cs:17) 玩家ID:482734309785206785 移动方向: -0.529177 , 0 , 0.84851146
2025-12-06 17:47:02.2671 (StateSyncRequestHandler.cs:17) 玩家ID:482734309785206785 移动到新位置: 6.407325 , 0 , -10.473133
2025-12-06 17:47:02.3739 (StateSyncRequestHandler.cs:17) 玩家ID:482734309785206785 移动方向: -0.529177 , 0 , 0.84851146
2025-12-06 17:47:02.3739 (StateSyncRequestHandler.cs:17) 玩家ID:482734309785206785 移动到新位置: 6.248572 , 0 , -10.218579
2025-12-06 17:47:02.4829 (StateSyncRequestHandler.cs:17) 玩家ID:482734309785206785 移动方向: -0.529177 , 0 , 0.84851146
2025-12-06 17:47:02.4829 (StateSyncRequestHandler.cs:17) 玩家ID:482734309785206785 移动到新位置: 6.089819 , 0 , -9.9640255
2025-12-06 17:47:02.5731 (StateSyncRequestHandler.cs:17) 玩家ID:482734309785206785 移动方向: -0.97417283 , 0 , 0.22580358
2025-12-06 17:47:02.5731 (StateSyncRequestHandler.cs:17) 玩家ID:482734309785206785 移动到新位置: 5.797567 , 0 , -9.896284
2025-12-06 17:47:02.6645 (StateSyncRequestHandler.cs:17) 玩家ID:482734309785206785 移动方向: -0.97417283 , 0 , 0.22580358
2025-12-06 17:47:02.6645 (StateSyncRequestHandler.cs:17) 玩家ID:482734309785206785 移动到新位置: 5.505315 , 0 , -9.828543
2025-12-06 17:47:02.7720 (StateSyncRequestHandler.cs:17) 玩家ID:482734309785206785 移动方向: -0.97417283 , 0 , 0.22580358
2025-12-06 17:47:02.7720 (StateSyncRequestHandler.cs:17) 玩家ID:482734309785206785 移动到新位置: 5.213063 , 0 , -9.760801
2025-12-06 17:47:02.8646 (StateSyncRequestHandler.cs:17) 玩家ID:482734309785206785 移动方向: -0.529177 , 0 , 0.84851146
2025-12-06 17:47:02.8646 (StateSyncRequestHandler.cs:17) 玩家ID:482734309785206785 移动到新位置: 5.05431 , 0 , -9.5062475
2025-12-06 17:47:02.9713 (StateSyncRequestHandler.cs:17) 玩家ID:482734309785206785 移动方向: 0.22580358 , 0 , 0.97417283
2025-12-06 17:47:02.9713 (StateSyncRequestHandler.cs:17) 玩家ID:482734309785206785 移动到新位置: 5.122051 , 0 , -9.213996
2025-12-06 17:47:03.0806 (StateSyncRequestHandler.cs:17) 玩家ID:482734309785206785 移动方向: 0.22580358 , 0 , 0.97417283
2025-12-06 17:47:03.0806 (StateSyncRequestHandler.cs:17) 玩家ID:482734309785206785 移动到新位置: 5.1897917 , 0 , -8.921744
2025-12-06 17:47:03.1728 (StateSyncRequestHandler.cs:17) 玩家ID:482734309785206785 移动方向: -0.529177 , 0 , 0.84851146
2025-12-06 17:47:03.1728 (StateSyncRequestHandler.cs:17) 玩家ID:482734309785206785 移动到新位置: 5.0310388 , 0 , -8.667191
2025-12-06 17:47:03.2812 (StateSyncRequestHandler.cs:17) 玩家ID:482734309785206785 移动方向: -0.529177 , 0 , 0.84851146
2025-12-06 17:47:03.2812 (StateSyncRequestHandler.cs:17) 玩家ID:482734309785206785 移动到新位置: 4.872286 , 0 , -8.412637
2025-12-06 17:47:03.3732 (StateSyncRequestHandler.cs:17) 玩家ID:482734309785206785 移动方向: -0.529177 , 0 , 0.84851146
2025-12-06 17:47:03.3732 (StateSyncRequestHandler.cs:17) 玩家ID:482734309785206785 移动到新位置: 4.713533 , 0 , -8.158083
2025-12-06 17:47:03.4649 (StateSyncRequestHandler.cs:17) 玩家ID:482734309785206785 移动方向: -0.529177 , 0 , 0.84851146
2025-12-06 17:47:03.4649 (StateSyncRequestHandler.cs:17) 玩家ID:482734309785206785 移动到新位置: 4.55478 , 0 , -7.9035296
2025-12-06 17:47:03.5738 (StateSyncRequestHandler.cs:17) 玩家ID:482734309785206785 移动方向: -0.529177 , 0 , 0.84851146
2025-12-06 17:47:03.5738 (StateSyncRequestHandler.cs:17) 玩家ID:482734309785206785 移动到新位置: 4.396027 , 0 , -7.6489763
2025-12-06 17:47:03.6653 (StateSyncRequestHandler.cs:17) 玩家ID:482734309785206785 移动方向: 0.22580358 , 0 , 0.97417283
2025-12-06 17:47:03.6653 (StateSyncRequestHandler.cs:17) 玩家ID:482734309785206785 移动到新位置: 4.463768 , 0 , -7.3567243
2025-12-06 17:47:03.7737 (StateSyncRequestHandler.cs:17) 玩家ID:482734309785206785 移动方向: -0.529177 , 0 , 0.84851146
2025-12-06 17:47:03.7737 (StateSyncRequestHandler.cs:17) 玩家ID:482734309785206785 移动到新位置: 4.305015 , 0 , -7.102171
2025-12-06 17:47:03.8806 (StateSyncRequestHandler.cs:17) 玩家ID:482734309785206785 移动方向: -0.529177 , 0 , 0.84851146
2025-12-06 17:47:03.8806 (StateSyncRequestHandler.cs:17) 玩家ID:482734309785206785 移动到新位置: 4.146262 , 0 , -6.8476176
2025-12-06 17:47:03.9723 (StateSyncRequestHandler.cs:17) 玩家ID:482734309785206785 移动方向: -0.529177 , 0 , 0.84851146
2025-12-06 17:47:03.9723 (StateSyncRequestHandler.cs:17) 玩家ID:482734309785206785 移动到新位置: 3.987509 , 0 , -6.5930643
2025-12-06 17:47:04.0669 (StateSyncRequestHandler.cs:17) 玩家ID:482734309785206785 移动方向: -0.529177 , 0 , 0.84851146
2025-12-06 17:47:04.0669 (StateSyncRequestHandler.cs:17) 玩家ID:482734309785206785 移动到新位置: 3.8287559 , 0 , -6.338511
2025-12-06 17:47:04.1761 (StateSyncRequestHandler.cs:17) 玩家ID:482734309785206785 移动方向: -0.529177 , 0 , 0.84851146
2025-12-06 17:47:04.1761 (StateSyncRequestHandler.cs:17) 玩家ID:482734309785206785 移动到新位置: 3.7229204 , 0 , -6.168809
2025-12-06 17:47:04.2672 (StateSyncRequestHandler.cs:17) 玩家ID:482734309785206785 移动到新位置: 3.7229204 , 0 , -6.168809
2025-12-06 17:48:43.6810  收到进入副本消息，队伍ID：1001。队伍人数：0，已通知队伍中的玩家进入副本。
2025-12-06 17:48:43.7236  收到加载进度消息 队伍：1001 玩家ID：482734309785206785 进度：0
2025-12-06 17:48:43.7396  收到加载进度消息 队伍：1001 玩家ID：482736422909116417 进度：0
2025-12-06 17:48:43.7402  收到加载进度消息 队伍：1001 玩家ID：482734309785206785 进度：0.9
2025-12-06 17:48:43.7554  收到加载进度消息 队伍：1001 玩家ID：482736422909116417 进度：0.9
2025-12-06 17:48:43.7554  收到加载进度消息 队伍：1001 玩家ID：482734309785206785 进度：0.91
2025-12-06 17:48:43.7554  收到加载进度消息 队伍：1001 玩家ID：482734309785206785 进度：0.92
2025-12-06 17:48:43.7712  收到加载进度消息 队伍：1001 玩家ID：482736422909116417 进度：0.91
2025-12-06 17:48:43.7712  收到加载进度消息 队伍：1001 玩家ID：482734309785206785 进度：0.93
2025-12-06 17:48:43.7876  收到加载进度消息 队伍：1001 玩家ID：482736422909116417 进度：0.92
2025-12-06 17:48:43.8168  收到加载进度消息 队伍：1001 玩家ID：482734309785206785 进度：0.94
2025-12-06 17:48:43.8177  收到加载进度消息 队伍：1001 玩家ID：482736422909116417 进度：0.93
2025-12-06 17:48:43.8177  收到加载进度消息 队伍：1001 玩家ID：482734309785206785 进度：0.95
2025-12-06 17:48:43.8177  收到加载进度消息 队伍：1001 玩家ID：482736422909116417 进度：0.94
2025-12-06 17:48:43.8463  收到加载进度消息 队伍：1001 玩家ID：482734309785206785 进度：0.96
2025-12-06 17:48:43.8463  收到加载进度消息 队伍：1001 玩家ID：482736422909116417 进度：0.95
2025-12-06 17:48:43.8616  收到加载进度消息 队伍：1001 玩家ID：482734309785206785 进度：0.97
2025-12-06 17:48:43.8616  收到加载进度消息 队伍：1001 玩家ID：482736422909116417 进度：0.96
2025-12-06 17:48:43.8768  收到加载进度消息 队伍：1001 玩家ID：482736422909116417 进度：0.97
2025-12-06 17:48:43.8768  收到加载进度消息 队伍：1001 玩家ID：482734309785206785 进度：0.98
2025-12-06 17:48:43.8935  收到加载进度消息 队伍：1001 玩家ID：482734309785206785 进度：0.99
2025-12-06 17:48:43.9243  收到加载进度消息 队伍：1001 玩家ID：482734309785206785 进度：1
2025-12-06 17:48:43.9243  收到加载进度消息 队伍：1001 玩家ID：482736422909116417 进度：0.98
2025-12-06 17:48:43.9394  收到加载进度消息 队伍：1001 玩家ID：482736422909116417 进度：0.99
2025-12-06 17:48:43.9558  收到加载进度消息 队伍：1001 玩家ID：482736422909116417 进度：1
2025-12-06 17:48:43.9558  队伍：1001 所有玩家加载完成 可以进入战斗场景
2025-12-06 17:50:38.6070 (SessionDisposeComponentSystem.cs:46) 队伍ID:1001 已经没有成员，不需要发送离开消息
