2025-12-06 16:52:22.0670  

==========================================================================
 
  ███████╗ █████╗ ███╗   ██╗████████╗ █████╗  ██████╗ ██╗   ██╗
  ██╔════╝██╔══██╗████╗  ██║╚══██╔══╝██╔══██╗██╔════╝ ╚██╗ ██╔╝
  █████╗  ███████║██╔██╗ ██║   ██║   ███████║╚█████╗   ╚████╔╝ 
  ██╔══╝  ██╔══██║██║╚██╗██║   ██║   ██╔══██║╚════██║   ╚██╔╝  
  ██║     ██║  ██║██║ ╚████║   ██║   ██║  ██║██████╔╝    ██║   
  ╚═╝     ╚═╝  ╚═╝╚═╝  ╚═══╝   ╚═╝   ╚═╝  ╚═╝╚═════╝     ╚═╝   
                                                            
 Version : Fantasy 2.0 Official version
==========================================================================

2025-12-06 16:52:22.1275  Current inner network protocol:TCP
2025-12-06 16:52:22.1275  Max Message Size(byte):1048560
2025-12-06 16:52:22.1275  Current session idle timeout:8000
2025-12-06 16:52:22.1275  Session-check interval:5000 
2025-12-06 16:52:23.3674  dbName:OnlineTest Initialize the db database and connect to the target.
2025-12-06 16:52:23.8926  dbName:OnlineTest Database connection successful.
2025-12-06 16:52:24.2287  SceneConfigId = 1001 networkTarget = Inner TCPServer Listen 127.0.0.1:11002
2025-12-06 16:52:24.5307  SceneConfigId = 1001 networkTarget = Outer KCPServer Listen 0.0.0.0:20000
2025-12-06 16:52:24.5307  Process:1 Startup Complete SceneCount:1
2025-12-06 16:52:38.5927 (LoginRequestHandler.cs:16) 收到登录请求
2025-12-06 16:52:38.8727 (EntryLobbyRequestHandler.cs:32) 进入大厅成功，玩家ID:482736422909116417
2025-12-06 16:52:40.7546 (LobbyPlayerManagerComponentSystem.cs:162) 玩家ID:482736422909116417 移动方向: 0.43837196 , 0 , -0.89879364
2025-12-06 16:52:40.7546 (LobbyPlayerManagerComponentSystem.cs:168) 玩家ID:482736422909116417 移动到新位置: 3.8798714 , 0 , -0.31672335
2025-12-06 16:52:40.7554 (LobbyPlayerManagerComponentSystem.cs:162) 玩家ID:482736422909116417 移动方向: 0.61163574 , 0 , -0.79113954
2025-12-06 16:52:40.7554 (LobbyPlayerManagerComponentSystem.cs:168) 玩家ID:482736422909116417 移动到新位置: 4.0021987 , 0 , -0.47495127
2025-12-06 16:52:40.7768 (LobbyPlayerManagerComponentSystem.cs:162) 玩家ID:482736422909116417 移动方向: 0.61163574 , 0 , -0.79113954
2025-12-06 16:52:40.7768 (LobbyPlayerManagerComponentSystem.cs:168) 玩家ID:482736422909116417 移动到新位置: 4.124526 , 0 , -0.6331792
2025-12-06 16:52:40.7768 (LobbyPlayerManagerComponentSystem.cs:162) 玩家ID:482736422909116417 移动方向: 0.61163574 , 0 , -0.79113954
2025-12-06 16:52:40.7768 (LobbyPlayerManagerComponentSystem.cs:168) 玩家ID:482736422909116417 移动到新位置: 4.2468534 , 0 , -0.7914071
2025-12-06 16:52:40.8180 (LobbyPlayerManagerComponentSystem.cs:162) 玩家ID:482736422909116417 移动方向: 0.9731335 , 0 , 0.23024166
2025-12-06 16:52:40.8180 (LobbyPlayerManagerComponentSystem.cs:168) 玩家ID:482736422909116417 移动到新位置: 4.44148 , 0 , -0.74535877
2025-12-06 16:52:40.9195 (LobbyPlayerManagerComponentSystem.cs:162) 玩家ID:482736422909116417 移动方向: 0.9689325 , 0 , 0.24732491
2025-12-06 16:52:40.9195 (LobbyPlayerManagerComponentSystem.cs:168) 玩家ID:482736422909116417 移动到新位置: 4.635267 , 0 , -0.69589376
2025-12-06 16:52:41.0151 (LobbyPlayerManagerComponentSystem.cs:162) 玩家ID:482736422909116417 移动方向: 0.50545716 , 0 , 0.8628517
2025-12-06 16:52:41.0151 (LobbyPlayerManagerComponentSystem.cs:168) 玩家ID:482736422909116417 移动到新位置: 4.736358 , 0 , -0.5233234
2025-12-06 16:52:41.1182 (LobbyPlayerManagerComponentSystem.cs:168) 玩家ID:482736422909116417 移动到新位置: 4.736358 , 0 , -0.5233234
2025-12-06 16:52:41.3170 (LobbyPlayerManagerComponentSystem.cs:162) 玩家ID:482736422909116417 移动方向: 0.6632028 , 0 , -0.7484397
2025-12-06 16:52:41.3178 (LobbyPlayerManagerComponentSystem.cs:168) 玩家ID:482736422909116417 移动到新位置: 4.8689985 , 0 , -0.67301136
2025-12-06 16:52:41.4194 (LobbyPlayerManagerComponentSystem.cs:162) 玩家ID:482736422909116417 移动方向: 0.56010723 , 0 , -0.8284201
2025-12-06 16:52:41.4194 (LobbyPlayerManagerComponentSystem.cs:168) 玩家ID:482736422909116417 移动到新位置: 4.98102 , 0 , -0.8386954
2025-12-06 16:52:41.5183 (LobbyPlayerManagerComponentSystem.cs:162) 玩家ID:482736422909116417 移动方向: 0.96996963 , 0 , -0.24322614
2025-12-06 16:52:41.5183 (LobbyPlayerManagerComponentSystem.cs:168) 玩家ID:482736422909116417 移动到新位置: 5.175014 , 0 , -0.88734066
2025-12-06 16:52:41.6197 (LobbyPlayerManagerComponentSystem.cs:162) 玩家ID:482736422909116417 移动方向: 0.8677486 , 0 , 0.49700335
2025-12-06 16:52:41.6197 (LobbyPlayerManagerComponentSystem.cs:168) 玩家ID:482736422909116417 移动到新位置: 5.3485637 , 0 , -0.78794
2025-12-06 16:52:41.7189 (LobbyPlayerManagerComponentSystem.cs:162) 玩家ID:482736422909116417 移动方向: 0.2684413 , 0 , 0.96329606
2025-12-06 16:52:41.7189 (LobbyPlayerManagerComponentSystem.cs:168) 玩家ID:482736422909116417 移动到新位置: 5.4022517 , 0 , -0.5952808
2025-12-06 16:52:41.8220 (LobbyPlayerManagerComponentSystem.cs:162) 玩家ID:482736422909116417 移动方向: -0.48943722 , 0 , 0.8720385
2025-12-06 16:52:41.8220 (LobbyPlayerManagerComponentSystem.cs:168) 玩家ID:482736422909116417 移动到新位置: 5.304364 , 0 , -0.42087314
2025-12-06 16:52:41.9174 (LobbyPlayerManagerComponentSystem.cs:162) 玩家ID:482736422909116417 移动方向: -0.48887825 , 0 , 0.87235206
2025-12-06 16:52:41.9174 (LobbyPlayerManagerComponentSystem.cs:168) 玩家ID:482736422909116417 移动到新位置: 5.2065887 , 0 , -0.24640273
2025-12-06 16:52:42.0140 (LobbyPlayerManagerComponentSystem.cs:162) 玩家ID:482736422909116417 移动方向: -0.48869872 , 0 , 0.8724526
2025-12-06 16:52:42.0140 (LobbyPlayerManagerComponentSystem.cs:168) 玩家ID:482736422909116417 移动到新位置: 5.108849 , 0 , -0.071912214
2025-12-06 16:52:42.1261 (LobbyPlayerManagerComponentSystem.cs:162) 玩家ID:482736422909116417 移动方向: -0.48864198 , 0 , 0.8724844
2025-12-06 16:52:42.1261 (LobbyPlayerManagerComponentSystem.cs:168) 玩家ID:482736422909116417 移动到新位置: 5.011121 , 0 , 0.102584675
2025-12-06 16:52:42.2181 (LobbyPlayerManagerComponentSystem.cs:162) 玩家ID:482736422909116417 移动方向: -0.8724926 , 0 , -0.48862737
2025-12-06 16:52:42.2181 (LobbyPlayerManagerComponentSystem.cs:168) 玩家ID:482736422909116417 移动到新位置: 4.836622 , 0 , 0.0048592016
2025-12-06 16:52:42.3141 (LobbyPlayerManagerComponentSystem.cs:162) 玩家ID:482736422909116417 移动方向: -0.8727689 , 0 , -0.48813376
2025-12-06 16:52:42.3141 (LobbyPlayerManagerComponentSystem.cs:168) 玩家ID:482736422909116417 移动到新位置: 4.6620684 , 0 , -0.092767544
2025-12-06 16:52:42.4195 (LobbyPlayerManagerComponentSystem.cs:162) 玩家ID:482736422909116417 移动方向: -0.89524275 , 0 , -0.44557872
2025-12-06 16:52:42.4195 (LobbyPlayerManagerComponentSystem.cs:168) 玩家ID:482736422909116417 移动到新位置: 4.48302 , 0 , -0.18188328
2025-12-06 16:52:42.5293 (LobbyPlayerManagerComponentSystem.cs:162) 玩家ID:482736422909116417 移动方向: -0.9552452 , 0 , -0.2958152
2025-12-06 16:52:42.5293 (LobbyPlayerManagerComponentSystem.cs:168) 玩家ID:482736422909116417 移动到新位置: 4.2919707 , 0 , -0.24104631
2025-12-06 16:52:42.6199 (LobbyPlayerManagerComponentSystem.cs:162) 玩家ID:482736422909116417 移动方向: -0.7866531 , 0 , 0.6173953
2025-12-06 16:52:42.6199 (LobbyPlayerManagerComponentSystem.cs:168) 玩家ID:482736422909116417 移动到新位置: 4.13464 , 0 , -0.117567256
2025-12-06 16:52:42.7214 (LobbyPlayerManagerComponentSystem.cs:162) 玩家ID:482736422909116417 移动方向: 0.060356446 , 0 , 0.9981769
2025-12-06 16:52:42.7214 (LobbyPlayerManagerComponentSystem.cs:168) 玩家ID:482736422909116417 移动到新位置: 4.1467113 , 0 , 0.0820681
2025-12-06 16:52:42.8199 (LobbyPlayerManagerComponentSystem.cs:162) 玩家ID:482736422909116417 移动方向: 0.20756628 , 0 , 0.97822094
2025-12-06 16:52:42.8199 (LobbyPlayerManagerComponentSystem.cs:168) 玩家ID:482736422909116417 移动到新位置: 4.208981 , 0 , 0.37553436
2025-12-06 16:52:42.9224 (LobbyPlayerManagerComponentSystem.cs:162) 玩家ID:482736422909116417 移动方向: 0.33539453 , 0 , 0.94207776
2025-12-06 16:52:42.9224 (LobbyPlayerManagerComponentSystem.cs:168) 玩家ID:482736422909116417 移动到新位置: 4.3095994 , 0 , 0.6581577
2025-12-06 16:52:43.0196 (LobbyPlayerManagerComponentSystem.cs:162) 玩家ID:482736422909116417 移动方向: 0.38567773 , 0 , 0.9226336
2025-12-06 16:52:43.0196 (LobbyPlayerManagerComponentSystem.cs:168) 玩家ID:482736422909116417 移动到新位置: 4.4253025 , 0 , 0.9349477
2025-12-06 16:52:43.1162 (LobbyPlayerManagerComponentSystem.cs:162) 玩家ID:482736422909116417 移动方向: -0.35530078 , 0 , 0.934752
2025-12-06 16:52:43.1162 (LobbyPlayerManagerComponentSystem.cs:168) 玩家ID:482736422909116417 移动到新位置: 4.318712 , 0 , 1.2153733
2025-12-06 16:52:43.2293 (LobbyPlayerManagerComponentSystem.cs:162) 玩家ID:482736422909116417 移动方向: -0.9083039 , 0 , 0.41831088
2025-12-06 16:52:43.2293 (LobbyPlayerManagerComponentSystem.cs:168) 玩家ID:482736422909116417 移动到新位置: 4.0462213 , 0 , 1.3408666
2025-12-06 16:52:43.3184 (StateSyncRequestHandler.cs:17) 玩家ID:482736422909116417 移动方向: -0.9045672 , 0 , 0.4263311
2025-12-06 16:52:43.3184 (StateSyncRequestHandler.cs:17) 玩家ID:482736422909116417 移动到新位置: 3.774851 , 0 , 1.4687659
2025-12-06 16:52:43.4227 (StateSyncRequestHandler.cs:17) 玩家ID:482736422909116417 移动方向: -0.97012484 , 0 , -0.24260643
2025-12-06 16:52:43.4227 (StateSyncRequestHandler.cs:17) 玩家ID:482736422909116417 移动到新位置: 3.4838138 , 0 , 1.3959839
2025-12-06 16:52:43.5148 (StateSyncRequestHandler.cs:17) 玩家ID:482736422909116417 移动方向: -0.9882732 , 0 , -0.15269598
2025-12-06 16:52:43.5148 (StateSyncRequestHandler.cs:17) 玩家ID:482736422909116417 移动到新位置: 3.187332 , 0 , 1.3501751
2025-12-06 16:52:43.6225 (StateSyncRequestHandler.cs:17) 玩家ID:482736422909116417 移动方向: -0.99496806 , 0 , -0.10019258
2025-12-06 16:52:43.6225 (StateSyncRequestHandler.cs:17) 玩家ID:482736422909116417 移动到新位置: 2.8888416 , 0 , 1.3201174
2025-12-06 16:52:43.7206 (StateSyncRequestHandler.cs:17) 玩家ID:482736422909116417 移动方向: -0.9984344 , 0 , -0.055933863
2025-12-06 16:52:43.7206 (StateSyncRequestHandler.cs:17) 玩家ID:482736422909116417 移动到新位置: 2.5893114 , 0 , 1.3033372
2025-12-06 16:52:43.8156 (StateSyncRequestHandler.cs:17) 玩家ID:482736422909116417 移动方向: -0.7221319 , 0 , 0.6917554
2025-12-06 16:52:43.8156 (StateSyncRequestHandler.cs:17) 玩家ID:482736422909116417 移动到新位置: 2.3726718 , 0 , 1.5108638
2025-12-06 16:52:43.9160 (StateSyncRequestHandler.cs:17) 玩家ID:482736422909116417 移动方向: -0.710943 , 0 , 0.7032497
2025-12-06 16:52:43.9160 (StateSyncRequestHandler.cs:17) 玩家ID:482736422909116417 移动到新位置: 2.159389 , 0 , 1.7218387
2025-12-06 16:52:44.0216 (StateSyncRequestHandler.cs:17) 玩家ID:482736422909116417 移动方向: 0.0010774136 , 0 , 0.9999994
2025-12-06 16:52:44.0216 (StateSyncRequestHandler.cs:17) 玩家ID:482736422909116417 移动到新位置: 2.1597123 , 0 , 2.0218387
2025-12-06 16:52:44.1183 (StateSyncRequestHandler.cs:17) 玩家ID:482736422909116417 移动方向: 0.0029750168 , 0 , 0.9999956
2025-12-06 16:52:44.1183 (StateSyncRequestHandler.cs:17) 玩家ID:482736422909116417 移动到新位置: 2.1606047 , 0 , 2.3218374
2025-12-06 16:52:44.2136 (StateSyncRequestHandler.cs:17) 玩家ID:482736422909116417 移动方向: 0.0036213696 , 0 , 0.99999344
2025-12-06 16:52:44.2136 (StateSyncRequestHandler.cs:17) 玩家ID:482736422909116417 移动到新位置: 2.1616912 , 0 , 2.6218355
2025-12-06 16:52:44.3194 (StateSyncRequestHandler.cs:17) 玩家ID:482736422909116417 移动方向: 0.0038399398 , 0 , 0.9999926
2025-12-06 16:52:44.3194 (StateSyncRequestHandler.cs:17) 玩家ID:482736422909116417 移动到新位置: 2.1628432 , 0 , 2.9218333
2025-12-06 16:52:44.4247 (StateSyncRequestHandler.cs:17) 玩家ID:482736422909116417 移动方向: 0.0039012432 , 0 , 0.9999924
2025-12-06 16:52:44.4247 (StateSyncRequestHandler.cs:17) 玩家ID:482736422909116417 移动到新位置: 2.1640136 , 0 , 3.2218308
2025-12-06 16:52:44.5295 (StateSyncRequestHandler.cs:17) 玩家ID:482736422909116417 移动方向: -0.70432967 , 0 , 0.7098731
2025-12-06 16:52:44.5295 (StateSyncRequestHandler.cs:17) 玩家ID:482736422909116417 移动到新位置: 1.9527147 , 0 , 3.4347928
2025-12-06 16:52:44.6154 (StateSyncRequestHandler.cs:17) 玩家ID:482736422909116417 移动方向: -0.7043261 , 0 , 0.7098766
2025-12-06 16:52:44.6154 (StateSyncRequestHandler.cs:17) 玩家ID:482736422909116417 移动到新位置: 1.7414168 , 0 , 3.6477556
2025-12-06 16:52:44.7236 (StateSyncRequestHandler.cs:17) 玩家ID:482736422909116417 移动方向: -0.7043249 , 0 , 0.7098778
2025-12-06 16:52:44.7236 (StateSyncRequestHandler.cs:17) 玩家ID:482736422909116417 移动到新位置: 1.5301193 , 0 , 3.860719
2025-12-06 16:52:44.8176 (StateSyncRequestHandler.cs:17) 玩家ID:482736422909116417 移动方向: -0.99999225 , 0 , 0.0039269626
2025-12-06 16:52:44.8176 (StateSyncRequestHandler.cs:17) 玩家ID:482736422909116417 移动到新位置: 1.2301216 , 0 , 3.861897
2025-12-06 16:52:44.9214 (StateSyncRequestHandler.cs:17) 玩家ID:482736422909116417 移动方向: -0.99999225 , 0 , 0.0039269626
2025-12-06 16:52:44.9214 (StateSyncRequestHandler.cs:17) 玩家ID:482736422909116417 移动到新位置: 0.9301239 , 0 , 3.863075
2025-12-06 16:52:45.0219 (StateSyncRequestHandler.cs:17) 玩家ID:482736422909116417 移动方向: -0.99999225 , 0 , 0.0039269626
2025-12-06 16:52:45.0219 (StateSyncRequestHandler.cs:17) 玩家ID:482736422909116417 移动到新位置: 0.63012624 , 0 , 3.864253
2025-12-06 16:52:45.1135 (StateSyncRequestHandler.cs:17) 玩家ID:482736422909116417 移动方向: -0.99999225 , 0 , 0.0039269626
2025-12-06 16:52:45.1135 (StateSyncRequestHandler.cs:17) 玩家ID:482736422909116417 移动到新位置: 0.33012855 , 0 , 3.865431
2025-12-06 16:52:45.2211 (StateSyncRequestHandler.cs:17) 玩家ID:482736422909116417 移动方向: -0.99999225 , 0 , 0.0039269626
2025-12-06 16:52:45.2211 (StateSyncRequestHandler.cs:17) 玩家ID:482736422909116417 移动到新位置: 0.030130863 , 0 , 3.866609
2025-12-06 16:52:45.3207 (StateSyncRequestHandler.cs:17) 玩家ID:482736422909116417 移动方向: -0.99999225 , 0 , 0.0039269626
2025-12-06 16:52:45.3207 (StateSyncRequestHandler.cs:17) 玩家ID:482736422909116417 移动到新位置: -0.26986682 , 0 , 3.8677871
2025-12-06 16:52:45.4197 (StateSyncRequestHandler.cs:17) 玩家ID:482736422909116417 移动方向: -0.99999225 , 0 , 0.0039269626
2025-12-06 16:52:45.4197 (StateSyncRequestHandler.cs:17) 玩家ID:482736422909116417 移动到新位置: -0.5698645 , 0 , 3.8689651
2025-12-06 16:52:45.5200 (StateSyncRequestHandler.cs:17) 玩家ID:482736422909116417 移动方向: -0.99999225 , 0 , 0.0039269626
2025-12-06 16:52:45.5200 (StateSyncRequestHandler.cs:17) 玩家ID:482736422909116417 移动到新位置: -0.8698622 , 0 , 3.8701432
2025-12-06 16:52:45.6151 (StateSyncRequestHandler.cs:17) 玩家ID:482736422909116417 移动方向: -0.70432454 , 0 , 0.70987815
2025-12-06 16:52:45.6151 (StateSyncRequestHandler.cs:17) 玩家ID:482736422909116417 移动到新位置: -1.0811596 , 0 , 4.0831065
2025-12-06 16:52:45.7153 (StateSyncRequestHandler.cs:17) 玩家ID:482736422909116417 移动方向: -0.70432454 , 0 , 0.70987815
2025-12-06 16:52:45.7153 (StateSyncRequestHandler.cs:17) 玩家ID:482736422909116417 移动到新位置: -1.292457 , 0 , 4.29607
2025-12-06 16:52:45.8140 (StateSyncRequestHandler.cs:17) 玩家ID:482736422909116417 移动方向: 0.0039269626 , 0 , 0.99999225
2025-12-06 16:52:45.8140 (StateSyncRequestHandler.cs:17) 玩家ID:482736422909116417 移动到新位置: -1.2912788 , 0 , 4.596068
2025-12-06 16:52:45.9161 (StateSyncRequestHandler.cs:17) 玩家ID:482736422909116417 移动方向: 0.0039269626 , 0 , 0.99999225
2025-12-06 16:52:45.9161 (StateSyncRequestHandler.cs:17) 玩家ID:482736422909116417 移动到新位置: -1.2901007 , 0 , 4.8960657
2025-12-06 16:52:46.0153 (StateSyncRequestHandler.cs:17) 玩家ID:482736422909116417 移动方向: 0.70987815 , 0 , 0.70432454
2025-12-06 16:52:46.0153 (StateSyncRequestHandler.cs:17) 玩家ID:482736422909116417 移动到新位置: -1.0771372 , 0 , 5.107363
2025-12-06 16:52:46.1179 (StateSyncRequestHandler.cs:17) 玩家ID:482736422909116417 移动方向: 0.70987815 , 0 , 0.70432454
2025-12-06 16:52:46.1179 (StateSyncRequestHandler.cs:17) 玩家ID:482736422909116417 移动到新位置: -0.86417377 , 0 , 5.3186607
2025-12-06 16:52:46.2192 (StateSyncRequestHandler.cs:17) 玩家ID:482736422909116417 移动方向: 0.9999255 , 0 , -0.012206107
2025-12-06 16:52:46.2192 (StateSyncRequestHandler.cs:17) 玩家ID:482736422909116417 移动到新位置: -0.5641961 , 0 , 5.314999
2025-12-06 16:52:46.3145 (StateSyncRequestHandler.cs:17) 玩家ID:482736422909116417 移动方向: 0.98493874 , 0 , -0.17290354
2025-12-06 16:52:46.3145 (StateSyncRequestHandler.cs:17) 玩家ID:482736422909116417 移动到新位置: -0.2687145 , 0 , 5.2631283
2025-12-06 16:52:46.4178 (StateSyncRequestHandler.cs:17) 玩家ID:482736422909116417 移动方向: 0.31078443 , 0 , -0.95048046
2025-12-06 16:52:46.4178 (StateSyncRequestHandler.cs:17) 玩家ID:482736422909116417 移动到新位置: -0.17547917 , 0 , 4.977984
2025-12-06 16:52:46.5225 (StateSyncRequestHandler.cs:17) 玩家ID:482736422909116417 移动方向: 0.14685462 , 0 , -0.9891581
2025-12-06 16:52:46.5225 (StateSyncRequestHandler.cs:17) 玩家ID:482736422909116417 移动到新位置: -0.13142279 , 0 , 4.6812367
2025-12-06 16:52:46.6145 (StateSyncRequestHandler.cs:17) 玩家ID:482736422909116417 移动方向: -0.647811 , 0 , -0.76180106
2025-12-06 16:52:46.6145 (StateSyncRequestHandler.cs:17) 玩家ID:482736422909116417 移动到新位置: -0.3257661 , 0 , 4.4526963
2025-12-06 16:52:46.7178 (StateSyncRequestHandler.cs:17) 玩家ID:482736422909116417 移动方向: -0.66724074 , 0 , -0.74484205
2025-12-06 16:52:46.7178 (StateSyncRequestHandler.cs:17) 玩家ID:482736422909116417 移动到新位置: -0.5259383 , 0 , 4.2292438
2025-12-06 16:52:46.8163 (StateSyncRequestHandler.cs:17) 玩家ID:482736422909116417 移动方向: -0.99889326 , 0 , -0.047035065
2025-12-06 16:52:46.8163 (StateSyncRequestHandler.cs:17) 玩家ID:482736422909116417 移动到新位置: -0.8256062 , 0 , 4.215133
2025-12-06 16:52:46.9213 (StateSyncRequestHandler.cs:17) 玩家ID:482736422909116417 移动方向: -0.04430151 , 0 , 0.99901825
2025-12-06 16:52:46.9213 (StateSyncRequestHandler.cs:17) 玩家ID:482736422909116417 移动到新位置: -0.8388967 , 0 , 4.5148387
2025-12-06 16:52:47.0161 (StateSyncRequestHandler.cs:17) 玩家ID:482736422909116417 移动方向: -0.043541595 , 0 , 0.99905163
2025-12-06 16:52:47.0161 (StateSyncRequestHandler.cs:17) 玩家ID:482736422909116417 移动到新位置: -0.85195917 , 0 , 4.814554
2025-12-06 16:52:47.1139 (StateSyncRequestHandler.cs:17) 玩家ID:482736422909116417 移动方向: 0.99906266 , 0 , 0.04328751
2025-12-06 16:52:47.1150 (StateSyncRequestHandler.cs:17) 玩家ID:482736422909116417 移动到新位置: -0.5522404 , 0 , 4.8275404
2025-12-06 16:52:47.2205 (StateSyncRequestHandler.cs:17) 玩家ID:482736422909116417 移动方向: 0.7370018 , 0 , -0.6758908
2025-12-06 16:52:47.2205 (StateSyncRequestHandler.cs:17) 玩家ID:482736422909116417 移动到新位置: -0.33113986 , 0 , 4.624773
2025-12-06 16:52:47.3161 (StateSyncRequestHandler.cs:17) 玩家ID:482736422909116417 移动方向: 0.73698837 , 0 , -0.6759054
2025-12-06 16:52:47.3161 (StateSyncRequestHandler.cs:17) 玩家ID:482736422909116417 移动到新位置: -0.11004336 , 0 , 4.4220014
2025-12-06 16:52:47.4194 (StateSyncRequestHandler.cs:17) 玩家ID:482736422909116417 移动方向: 0.999067 , 0 , 0.043185852
2025-12-06 16:52:47.4194 (StateSyncRequestHandler.cs:17) 玩家ID:482736422909116417 移动到新位置: 0.18967675 , 0 , 4.434957
2025-12-06 16:52:47.5227 (StateSyncRequestHandler.cs:17) 玩家ID:482736422909116417 移动方向: 0.9990671 , 0 , 0.043184187
2025-12-06 16:52:47.5227 (StateSyncRequestHandler.cs:17) 玩家ID:482736422909116417 移动到新位置: 0.48939687 , 0 , 4.447912
2025-12-06 16:52:47.6233 (StateSyncRequestHandler.cs:17) 玩家ID:482736422909116417 移动方向: 0.9990671 , 0 , 0.043183688
2025-12-06 16:52:47.6233 (StateSyncRequestHandler.cs:17) 玩家ID:482736422909116417 移动到新位置: 0.789117 , 0 , 4.4608674
2025-12-06 16:52:47.7171 (StateSyncRequestHandler.cs:17) 玩家ID:482736422909116417 移动方向: -0.9990671 , 0 , -0.043183688
2025-12-06 16:52:47.7171 (StateSyncRequestHandler.cs:17) 玩家ID:482736422909116417 移动到新位置: 0.48939687 , 0 , 4.447912
2025-12-06 16:52:47.8144 (StateSyncRequestHandler.cs:17) 玩家ID:482736422909116417 移动方向: -0.9990671 , 0 , -0.043183688
2025-12-06 16:52:47.8144 (StateSyncRequestHandler.cs:17) 玩家ID:482736422909116417 移动到新位置: 0.18967676 , 0 , 4.434957
2025-12-06 16:52:47.9191 (StateSyncRequestHandler.cs:17) 玩家ID:482736422909116417 移动方向: -0.9990671 , 0 , -0.043183688
2025-12-06 16:52:47.9191 (StateSyncRequestHandler.cs:17) 玩家ID:482736422909116417 移动到新位置: -0.11004335 , 0 , 4.422002
2025-12-06 16:52:48.0157 (StateSyncRequestHandler.cs:17) 玩家ID:482736422909116417 移动方向: -0.9990671 , 0 , -0.043183688
2025-12-06 16:52:48.0157 (StateSyncRequestHandler.cs:17) 玩家ID:482736422909116417 移动到新位置: -0.40976346 , 0 , 4.4090466
2025-12-06 16:52:48.1194 (StateSyncRequestHandler.cs:17) 玩家ID:482736422909116417 移动方向: -0.9990671 , 0 , -0.043183688
2025-12-06 16:52:48.1194 (StateSyncRequestHandler.cs:17) 玩家ID:482736422909116417 移动到新位置: -0.70948356 , 0 , 4.3960915
2025-12-06 16:52:48.2209 (StateSyncRequestHandler.cs:17) 玩家ID:482736422909116417 移动方向: 0.9990671 , 0 , 0.043183688
2025-12-06 16:52:48.2209 (StateSyncRequestHandler.cs:17) 玩家ID:482736422909116417 移动到新位置: -0.40976346 , 0 , 4.4090466
2025-12-06 16:52:48.3168 (StateSyncRequestHandler.cs:17) 玩家ID:482736422909116417 移动方向: 0.9990671 , 0 , 0.043183688
2025-12-06 16:52:48.3168 (StateSyncRequestHandler.cs:17) 玩家ID:482736422909116417 移动到新位置: -0.11004335 , 0 , 4.422002
2025-12-06 16:52:48.4167 (StateSyncRequestHandler.cs:17) 玩家ID:482736422909116417 移动方向: 0.9990671 , 0 , 0.043183688
2025-12-06 16:52:48.4167 (StateSyncRequestHandler.cs:17) 玩家ID:482736422909116417 移动到新位置: 0.18967676 , 0 , 4.434957
2025-12-06 16:52:48.5197 (StateSyncRequestHandler.cs:17) 玩家ID:482736422909116417 移动方向: 0.9990671 , 0 , 0.043183688
2025-12-06 16:52:48.5197 (StateSyncRequestHandler.cs:17) 玩家ID:482736422909116417 移动到新位置: 0.48939687 , 0 , 4.447912
2025-12-06 16:52:48.6174 (StateSyncRequestHandler.cs:17) 玩家ID:482736422909116417 移动方向: 0.9990671 , 0 , 0.043183688
2025-12-06 16:52:48.6174 (StateSyncRequestHandler.cs:17) 玩家ID:482736422909116417 移动到新位置: 0.789117 , 0 , 4.4608674
2025-12-06 16:52:48.7200 (StateSyncRequestHandler.cs:17) 玩家ID:482736422909116417 移动方向: -0.9990671 , 0 , -0.043183688
2025-12-06 16:52:48.7200 (StateSyncRequestHandler.cs:17) 玩家ID:482736422909116417 移动到新位置: 0.48939687 , 0 , 4.447912
2025-12-06 16:52:48.8201 (StateSyncRequestHandler.cs:17) 玩家ID:482736422909116417 移动方向: -0.9990671 , 0 , -0.043183688
2025-12-06 16:52:48.8201 (StateSyncRequestHandler.cs:17) 玩家ID:482736422909116417 移动到新位置: 0.18967676 , 0 , 4.434957
2025-12-06 16:52:48.9155 (StateSyncRequestHandler.cs:17) 玩家ID:482736422909116417 移动方向: -0.9990671 , 0 , -0.043183688
2025-12-06 16:52:48.9155 (StateSyncRequestHandler.cs:17) 玩家ID:482736422909116417 移动到新位置: -0.11004335 , 0 , 4.422002
2025-12-06 16:52:49.0158 (StateSyncRequestHandler.cs:17) 玩家ID:482736422909116417 移动方向: -0.9990671 , 0 , -0.043183688
2025-12-06 16:52:49.0158 (StateSyncRequestHandler.cs:17) 玩家ID:482736422909116417 移动到新位置: -0.40976346 , 0 , 4.4090466
2025-12-06 16:52:49.1180 (StateSyncRequestHandler.cs:17) 玩家ID:482736422909116417 移动方向: -0.9990671 , 0 , -0.043183688
2025-12-06 16:52:49.1180 (StateSyncRequestHandler.cs:17) 玩家ID:482736422909116417 移动到新位置: -0.70948356 , 0 , 4.3960915
2025-12-06 16:52:49.2147 (StateSyncRequestHandler.cs:17) 玩家ID:482736422909116417 移动方向: -0.9990671 , 0 , -0.043183688
2025-12-06 16:52:49.2147 (StateSyncRequestHandler.cs:17) 玩家ID:482736422909116417 移动到新位置: -1.0092037 , 0 , 4.3831363
2025-12-06 16:52:49.3194 (StateSyncRequestHandler.cs:17) 玩家ID:482736422909116417 移动方向: -0.9990671 , 0 , -0.043183688
2025-12-06 16:52:49.3194 (StateSyncRequestHandler.cs:17) 玩家ID:482736422909116417 移动到新位置: -1.3089237 , 0 , 4.370181
2025-12-06 16:52:49.4154 (StateSyncRequestHandler.cs:17) 玩家ID:482736422909116417 移动方向: -0.9990671 , 0 , -0.043183688
2025-12-06 16:52:49.4154 (StateSyncRequestHandler.cs:17) 玩家ID:482736422909116417 移动到新位置: -1.6086438 , 0 , 4.357226
2025-12-06 16:52:49.5146 (StateSyncRequestHandler.cs:17) 玩家ID:482736422909116417 移动方向: -0.9990671 , 0 , -0.043183688
2025-12-06 16:52:49.5146 (StateSyncRequestHandler.cs:17) 玩家ID:482736422909116417 移动到新位置: -1.9083638 , 0 , 4.3442707
2025-12-06 16:52:49.6183 (StateSyncRequestHandler.cs:17) 玩家ID:482736422909116417 移动方向: -0.9990671 , 0 , -0.043183688
2025-12-06 16:52:49.6183 (StateSyncRequestHandler.cs:17) 玩家ID:482736422909116417 移动到新位置: -2.2080839 , 0 , 4.3313155
2025-12-06 16:52:49.7152 (StateSyncRequestHandler.cs:17) 玩家ID:482736422909116417 移动方向: -0.9990671 , 0 , -0.043183688
2025-12-06 16:52:49.7152 (StateSyncRequestHandler.cs:17) 玩家ID:482736422909116417 移动到新位置: -2.507804 , 0 , 4.3183603
2025-12-06 16:52:49.8160 (StateSyncRequestHandler.cs:17) 玩家ID:482736422909116417 移动方向: -0.9990671 , 0 , -0.043183688
2025-12-06 16:52:49.8160 (StateSyncRequestHandler.cs:17) 玩家ID:482736422909116417 移动到新位置: -2.807524 , 0 , 4.305405
2025-12-06 16:52:49.9158 (StateSyncRequestHandler.cs:17) 玩家ID:482736422909116417 移动方向: -0.9990671 , 0 , -0.043183688
2025-12-06 16:52:49.9158 (StateSyncRequestHandler.cs:17) 玩家ID:482736422909116417 移动到新位置: -3.107244 , 0 , 4.29245
2025-12-06 16:52:50.0192 (StateSyncRequestHandler.cs:17) 玩家ID:482736422909116417 移动方向: -0.9990671 , 0 , -0.043183688
2025-12-06 16:52:50.0192 (StateSyncRequestHandler.cs:17) 玩家ID:482736422909116417 移动到新位置: -3.406964 , 0 , 4.279495
2025-12-06 16:52:50.1206 (StateSyncRequestHandler.cs:17) 玩家ID:482736422909116417 移动方向: -0.9990671 , 0 , -0.043183688
2025-12-06 16:52:50.1206 (StateSyncRequestHandler.cs:17) 玩家ID:482736422909116417 移动到新位置: -3.706684 , 0 , 4.2665396
2025-12-06 16:52:50.2209 (StateSyncRequestHandler.cs:17) 玩家ID:482736422909116417 移动方向: -0.9990671 , 0 , -0.043183688
2025-12-06 16:52:50.2209 (StateSyncRequestHandler.cs:17) 玩家ID:482736422909116417 移动到新位置: -4.0064044 , 0 , 4.2535844
2025-12-06 16:52:50.3168 (StateSyncRequestHandler.cs:17) 玩家ID:482736422909116417 移动方向: 0.9990671 , 0 , 0.043183688
2025-12-06 16:52:50.3168 (StateSyncRequestHandler.cs:17) 玩家ID:482736422909116417 移动到新位置: -3.7066844 , 0 , 4.2665396
2025-12-06 16:52:50.4177 (StateSyncRequestHandler.cs:17) 玩家ID:482736422909116417 移动方向: 0.9990557 , 0 , 0.043448843
2025-12-06 16:52:50.4177 (StateSyncRequestHandler.cs:17) 玩家ID:482736422909116417 移动到新位置: -3.4069676 , 0 , 4.2795744
2025-12-06 16:52:50.5203 (StateSyncRequestHandler.cs:17) 玩家ID:482736422909116417 移动方向: 0.99888754 , 0 , 0.04715589
2025-12-06 16:52:50.5203 (StateSyncRequestHandler.cs:17) 玩家ID:482736422909116417 移动到新位置: -3.1073015 , 0 , 4.293721
2025-12-06 16:52:50.6193 (StateSyncRequestHandler.cs:17) 玩家ID:482736422909116417 移动方向: 0.9987781 , 0 , 0.049420375
2025-12-06 16:52:50.6193 (StateSyncRequestHandler.cs:17) 玩家ID:482736422909116417 移动到新位置: -2.807668 , 0 , 4.3085475
2025-12-06 16:52:50.7199 (StateSyncRequestHandler.cs:17) 玩家ID:482736422909116417 移动方向: 0.99872476 , 0 , 0.05048594
2025-12-06 16:52:50.7199 (StateSyncRequestHandler.cs:17) 玩家ID:482736422909116417 移动到新位置: -2.5080504 , 0 , 4.3236933
2025-12-06 16:52:50.8148 (StateSyncRequestHandler.cs:17) 玩家ID:482736422909116417 移动方向: 0.99870694 , 0 , 0.050837655
2025-12-06 16:52:50.8148 (StateSyncRequestHandler.cs:17) 玩家ID:482736422909116417 移动到新位置: -2.2084384 , 0 , 4.3389444
2025-12-06 16:52:50.9146 (StateSyncRequestHandler.cs:17) 玩家ID:482736422909116417 移动方向: 0.9987003 , 0 , 0.050968174
2025-12-06 16:52:50.9146 (StateSyncRequestHandler.cs:17) 玩家ID:482736422909116417 移动到新位置: -1.9088283 , 0 , 4.3542347
2025-12-06 16:52:51.0152 (StateSyncRequestHandler.cs:17) 玩家ID:482736422909116417 移动方向: 0.9986982 , 0 , 0.05100928
2025-12-06 16:52:51.0152 (StateSyncRequestHandler.cs:17) 玩家ID:482736422909116417 移动到新位置: -1.6092188 , 0 , 4.3695374
2025-12-06 16:52:51.1188 (StateSyncRequestHandler.cs:17) 玩家ID:482736422909116417 移动方向: 0.99869746 , 0 , 0.05102329
2025-12-06 16:52:51.1188 (StateSyncRequestHandler.cs:17) 玩家ID:482736422909116417 移动到新位置: -1.3096097 , 0 , 4.3848443
2025-12-06 16:52:51.2222 (StateSyncRequestHandler.cs:17) 玩家ID:482736422909116417 移动方向: 0.9986972 , 0 , 0.051027097
2025-12-06 16:52:51.2222 (StateSyncRequestHandler.cs:17) 玩家ID:482736422909116417 移动到新位置: -1.0100005 , 0 , 4.400152
2025-12-06 16:52:51.3207 (StateSyncRequestHandler.cs:17) 玩家ID:482736422909116417 移动方向: 0.99869716 , 0 , 0.05102834
2025-12-06 16:52:51.3207 (StateSyncRequestHandler.cs:17) 玩家ID:482736422909116417 移动到新位置: -0.7103913 , 0 , 4.4154606
2025-12-06 16:52:51.4219 (StateSyncRequestHandler.cs:17) 玩家ID:482736422909116417 移动方向: 0.9985796 , 0 , 0.05327915
2025-12-06 16:52:51.4219 (StateSyncRequestHandler.cs:17) 玩家ID:482736422909116417 移动到新位置: -0.41081738 , 0 , 4.431444
2025-12-06 16:52:51.5180 (StateSyncRequestHandler.cs:17) 玩家ID:482736422909116417 移动方向: 0.99841005 , 0 , 0.05636748
2025-12-06 16:52:51.5180 (StateSyncRequestHandler.cs:17) 玩家ID:482736422909116417 移动到新位置: -0.11129439 , 0 , 4.4483542
2025-12-06 16:52:51.6204 (StateSyncRequestHandler.cs:17) 玩家ID:482736422909116417 移动方向: 0.9983199 , 0 , 0.057942044
2025-12-06 16:52:51.6204 (StateSyncRequestHandler.cs:17) 玩家ID:482736422909116417 移动到新位置: 0.18820158 , 0 , 4.465737
2025-12-06 16:52:51.7187 (StateSyncRequestHandler.cs:17) 玩家ID:482736422909116417 移动方向: 0.99828523 , 0 , 0.058537405
2025-12-06 16:52:51.7187 (StateSyncRequestHandler.cs:17) 玩家ID:482736422909116417 移动到新位置: 0.48768714 , 0 , 4.4832983
2025-12-06 16:52:51.8205 (StateSyncRequestHandler.cs:17) 玩家ID:482736422909116417 移动方向: -0.99827677 , 0 , -0.058680467
2025-12-06 16:52:51.8205 (StateSyncRequestHandler.cs:17) 玩家ID:482736422909116417 移动到新位置: 0.18820411 , 0 , 4.465694
2025-12-06 16:52:51.9138 (StateSyncRequestHandler.cs:17) 玩家ID:482736422909116417 移动方向: -0.9986826 , 0 , -0.051313803
2025-12-06 16:52:51.9138 (StateSyncRequestHandler.cs:17) 玩家ID:482736422909116417 移动到新位置: -0.111400664 , 0 , 4.4502997
2025-12-06 16:52:52.0227 (StateSyncRequestHandler.cs:17) 玩家ID:482736422909116417 移动方向: -0.9990297 , 0 , -0.044042923
2025-12-06 16:52:52.0227 (StateSyncRequestHandler.cs:17) 玩家ID:482736422909116417 移动到新位置: -0.41110957 , 0 , 4.437087
2025-12-06 16:52:52.1149 (StateSyncRequestHandler.cs:17) 玩家ID:482736422909116417 移动方向: -0.9991583 , 0 , -0.041020468
2025-12-06 16:52:52.1149 (StateSyncRequestHandler.cs:17) 玩家ID:482736422909116417 移动到新位置: -0.71085703 , 0 , 4.424781
2025-12-06 16:52:52.2219 (StateSyncRequestHandler.cs:17) 玩家ID:482736422909116417 移动方向: -0.99920636 , 0 , -0.039832406
2025-12-06 16:52:52.2219 (StateSyncRequestHandler.cs:17) 玩家ID:482736422909116417 移动到新位置: -1.0106189 , 0 , 4.4128313
2025-12-06 16:52:52.3154 (StateSyncRequestHandler.cs:17) 玩家ID:482736422909116417 移动方向: -0.9992212 , 0 , -0.039458137
2025-12-06 16:52:52.3154 (StateSyncRequestHandler.cs:17) 玩家ID:482736422909116417 移动到新位置: -1.3103852 , 0 , 4.400994
2025-12-06 16:52:52.4319 (StateSyncRequestHandler.cs:17) 玩家ID:482736422909116417 移动方向: -0.99922675 , 0 , -0.03931796
2025-12-06 16:52:52.4319 (StateSyncRequestHandler.cs:17) 玩家ID:482736422909116417 移动到新位置: -1.6101532 , 0 , 4.3891983
2025-12-06 16:52:52.5179 (StateSyncRequestHandler.cs:17) 玩家ID:482736422909116417 移动方向: -0.99922824 , 0 , -0.0392787
2025-12-06 16:52:52.5179 (StateSyncRequestHandler.cs:17) 玩家ID:482736422909116417 移动到新位置: -1.9099216 , 0 , 4.3774147
2025-12-06 16:52:52.6203 (StateSyncRequestHandler.cs:17) 玩家ID:482736422909116417 移动方向: -0.9992288 , 0 , -0.03926512
2025-12-06 16:52:52.6203 (StateSyncRequestHandler.cs:17) 玩家ID:482736422909116417 移动到新位置: -2.2096903 , 0 , 4.3656354
2025-12-06 16:52:52.7272 (StateSyncRequestHandler.cs:17) 玩家ID:482736422909116417 移动方向: -0.99922895 , 0 , -0.039261527
2025-12-06 16:52:52.7272 (StateSyncRequestHandler.cs:17) 玩家ID:482736422909116417 移动到新位置: -2.509459 , 0 , 4.353857
2025-12-06 16:52:52.8155 (StateSyncRequestHandler.cs:17) 玩家ID:482736422909116417 移动方向: -0.999229 , 0 , -0.039260343
2025-12-06 16:52:52.8155 (StateSyncRequestHandler.cs:17) 玩家ID:482736422909116417 移动到新位置: -2.8092277 , 0 , 4.342079
2025-12-06 16:52:52.9177 (StateSyncRequestHandler.cs:17) 玩家ID:482736422909116417 移动方向: -0.999229 , 0 , -0.039260346
2025-12-06 16:52:52.9177 (StateSyncRequestHandler.cs:17) 玩家ID:482736422909116417 移动到新位置: -3.1089964 , 0 , 4.3303013
2025-12-06 16:52:53.0163 (StateSyncRequestHandler.cs:17) 玩家ID:482736422909116417 移动方向: -0.999229 , 0 , -0.039260346
2025-12-06 16:52:53.0163 (StateSyncRequestHandler.cs:17) 玩家ID:482736422909116417 移动到新位置: -3.408765 , 0 , 4.3185234
2025-12-06 16:52:53.1143 (StateSyncRequestHandler.cs:17) 玩家ID:482736422909116417 移动方向: -0.999229 , 0 , -0.039260346
2025-12-06 16:52:53.1143 (StateSyncRequestHandler.cs:17) 玩家ID:482736422909116417 移动到新位置: -3.7085338 , 0 , 4.3067455
2025-12-06 16:52:53.2198 (StateSyncRequestHandler.cs:17) 玩家ID:482736422909116417 移动方向: 0.999229 , 0 , 0.039260346
2025-12-06 16:52:53.2198 (StateSyncRequestHandler.cs:17) 玩家ID:482736422909116417 移动到新位置: -3.408765 , 0 , 4.3185234
2025-12-06 16:52:53.3177 (StateSyncRequestHandler.cs:17) 玩家ID:482736422909116417 移动方向: 0.999229 , 0 , 0.039260346
2025-12-06 16:52:53.3177 (StateSyncRequestHandler.cs:17) 玩家ID:482736422909116417 移动到新位置: -3.1089964 , 0 , 4.3303013
2025-12-06 16:52:53.4190 (StateSyncRequestHandler.cs:17) 玩家ID:482736422909116417 移动方向: 0.999229 , 0 , 0.039260346
2025-12-06 16:52:53.4190 (StateSyncRequestHandler.cs:17) 玩家ID:482736422909116417 移动到新位置: -2.8092277 , 0 , 4.342079
2025-12-06 16:52:53.5164 (StateSyncRequestHandler.cs:17) 玩家ID:482736422909116417 移动方向: 0.999229 , 0 , 0.039260346
2025-12-06 16:52:53.5164 (StateSyncRequestHandler.cs:17) 玩家ID:482736422909116417 移动到新位置: -2.509459 , 0 , 4.353857
2025-12-06 16:52:53.6147 (StateSyncRequestHandler.cs:17) 玩家ID:482736422909116417 移动方向: 0.999229 , 0 , 0.039260346
2025-12-06 16:52:53.6147 (StateSyncRequestHandler.cs:17) 玩家ID:482736422909116417 移动到新位置: -2.2096903 , 0 , 4.365635
2025-12-06 16:52:53.7222 (StateSyncRequestHandler.cs:17) 玩家ID:482736422909116417 移动方向: 0.999229 , 0 , 0.039260346
2025-12-06 16:52:53.7222 (StateSyncRequestHandler.cs:17) 玩家ID:482736422909116417 移动到新位置: -1.9099216 , 0 , 4.377413
2025-12-06 16:52:53.8154 (StateSyncRequestHandler.cs:17) 玩家ID:482736422909116417 移动方向: 0.999229 , 0 , 0.039260346
2025-12-06 16:52:53.8154 (StateSyncRequestHandler.cs:17) 玩家ID:482736422909116417 移动到新位置: -1.610153 , 0 , 4.3891907
2025-12-06 16:52:53.9152 (StateSyncRequestHandler.cs:17) 玩家ID:482736422909116417 移动方向: 0.999229 , 0 , 0.039260346
2025-12-06 16:52:53.9152 (StateSyncRequestHandler.cs:17) 玩家ID:482736422909116417 移动到新位置: -1.3103843 , 0 , 4.4009686
2025-12-06 16:52:54.0166 (StateSyncRequestHandler.cs:17) 玩家ID:482736422909116417 移动方向: 0.999229 , 0 , 0.039260346
2025-12-06 16:52:54.0166 (StateSyncRequestHandler.cs:17) 玩家ID:482736422909116417 移动到新位置: -1.0106156 , 0 , 4.4127464
2025-12-06 16:52:54.1208 (StateSyncRequestHandler.cs:17) 玩家ID:482736422909116417 移动方向: 0.999229 , 0 , 0.039260346
2025-12-06 16:52:54.1208 (StateSyncRequestHandler.cs:17) 玩家ID:482736422909116417 移动到新位置: -0.7108469 , 0 , 4.4245243
2025-12-06 16:52:54.2182 (StateSyncRequestHandler.cs:17) 玩家ID:482736422909116417 移动方向: 0.999229 , 0 , 0.039260346
2025-12-06 16:52:54.2182 (StateSyncRequestHandler.cs:17) 玩家ID:482736422909116417 移动到新位置: -0.41107818 , 0 , 4.436302
2025-12-06 16:52:54.3146 (StateSyncRequestHandler.cs:17) 玩家ID:482736422909116417 移动方向: 0.999229 , 0 , 0.039260346
2025-12-06 16:52:54.3146 (StateSyncRequestHandler.cs:17) 玩家ID:482736422909116417 移动到新位置: -0.11130947 , 0 , 4.44808
2025-12-06 16:52:54.4216 (StateSyncRequestHandler.cs:17) 玩家ID:482736422909116417 移动方向: 0.999229 , 0 , 0.039260346
2025-12-06 16:52:54.4216 (StateSyncRequestHandler.cs:17) 玩家ID:482736422909116417 移动到新位置: 0.18845925 , 0 , 4.459858
2025-12-06 16:52:54.5180 (StateSyncRequestHandler.cs:17) 玩家ID:482736422909116417 移动方向: 0.999229 , 0 , 0.039260346
2025-12-06 16:52:54.5180 (StateSyncRequestHandler.cs:17) 玩家ID:482736422909116417 移动到新位置: 0.48822796 , 0 , 4.471636
2025-12-06 16:52:54.6178 (StateSyncRequestHandler.cs:17) 玩家ID:482736422909116417 移动方向: 0.99932134 , 0 , 0.03683575
2025-12-06 16:52:54.6178 (StateSyncRequestHandler.cs:17) 玩家ID:482736422909116417 移动到新位置: 0.78802437 , 0 , 4.4826865
2025-12-06 16:52:54.7202 (StateSyncRequestHandler.cs:17) 玩家ID:482736422909116417 移动方向: 0.99943 , 0 , 0.033759415
2025-12-06 16:52:54.7202 (StateSyncRequestHandler.cs:17) 玩家ID:482736422909116417 移动到新位置: 1.0878534 , 0 , 4.4928145
2025-12-06 16:52:54.8218 (StateSyncRequestHandler.cs:17) 玩家ID:482736422909116417 移动方向: 0.9994806 , 0 , 0.03222534
2025-12-06 16:52:54.8218 (StateSyncRequestHandler.cs:17) 玩家ID:482736422909116417 移动到新位置: 1.3876976 , 0 , 4.502482
2025-12-06 16:52:54.9236 (StateSyncRequestHandler.cs:17) 玩家ID:482736422909116417 移动方向: 0.999498 , 0 , 0.031682048
2025-12-06 16:52:54.9236 (StateSyncRequestHandler.cs:17) 玩家ID:482736422909116417 移动到新位置: 1.687547 , 0 , 4.5119867
2025-12-06 16:52:55.0157 (StateSyncRequestHandler.cs:17) 玩家ID:482736422909116417 移动方向: 0.9995037 , 0 , 0.03150311
2025-12-06 16:52:55.0157 (StateSyncRequestHandler.cs:17) 玩家ID:482736422909116417 移动到新位置: 1.987398 , 0 , 4.5214376
2025-12-06 16:52:55.1188 (StateSyncRequestHandler.cs:17) 玩家ID:482736422909116417 移动方向: 0.99962157 , 0 , 0.027507126
2025-12-06 16:52:55.1188 (StateSyncRequestHandler.cs:17) 玩家ID:482736422909116417 移动到新位置: 2.2872844 , 0 , 4.52969
2025-12-06 16:52:55.2146 (StateSyncRequestHandler.cs:17) 玩家ID:482736422909116417 移动方向: -0.9997839 , 0 , -0.020791063
2025-12-06 16:52:55.2146 (StateSyncRequestHandler.cs:17) 玩家ID:482736422909116417 移动到新位置: 1.9873493 , 0 , 4.5234523
2025-12-06 16:52:55.3174 (StateSyncRequestHandler.cs:17) 玩家ID:482736422909116417 移动方向: -0.99984545 , 0 , -0.017579855
2025-12-06 16:52:55.3178 (StateSyncRequestHandler.cs:17) 玩家ID:482736422909116417 移动到新位置: 1.6873957 , 0 , 4.5181785
2025-12-06 16:52:55.4228 (StateSyncRequestHandler.cs:17) 玩家ID:482736422909116417 移动方向: -0.9998668 , 0 , -0.016324325
2025-12-06 16:52:55.4228 (StateSyncRequestHandler.cs:17) 玩家ID:482736422909116417 移动到新位置: 1.3874357 , 0 , 4.5132813
2025-12-06 16:52:55.5281 (StateSyncRequestHandler.cs:17) 玩家ID:482736422909116417 移动方向: -0.9998735 , 0 , -0.015902704
2025-12-06 16:52:55.5281 (StateSyncRequestHandler.cs:17) 玩家ID:482736422909116417 移动到新位置: 1.0874736 , 0 , 4.5085106
2025-12-06 16:52:55.6211 (StateSyncRequestHandler.cs:17) 玩家ID:482736422909116417 移动方向: -0.9998756 , 0 , -0.015770217
2025-12-06 16:52:55.6211 (StateSyncRequestHandler.cs:17) 玩家ID:482736422909116417 移动到新位置: 0.787511 , 0 , 4.5037794
2025-12-06 16:52:55.7170 (StateSyncRequestHandler.cs:17) 玩家ID:482736422909116417 移动方向: -0.9998763 , 0 , -0.015727516
2025-12-06 16:52:55.7170 (StateSyncRequestHandler.cs:17) 玩家ID:482736422909116417 移动到新位置: 0.4875481 , 0 , 4.499061
2025-12-06 16:52:55.8216 (StateSyncRequestHandler.cs:17) 玩家ID:482736422909116417 移动方向: -0.99987656 , 0 , -0.015712949
2025-12-06 16:52:55.8216 (StateSyncRequestHandler.cs:17) 玩家ID:482736422909116417 移动到新位置: 0.18758515 , 0 , 4.494347
2025-12-06 16:52:55.9230 (StateSyncRequestHandler.cs:17) 玩家ID:482736422909116417 移动方向: -0.9998766 , 0 , -0.015708994
2025-12-06 16:52:55.9230 (StateSyncRequestHandler.cs:17) 玩家ID:482736422909116417 移动到新位置: -0.11237782 , 0 , 4.4896345
2025-12-06 16:52:56.0278 (StateSyncRequestHandler.cs:17) 玩家ID:482736422909116417 移动方向: -0.9998766 , 0 , -0.01570798
2025-12-06 16:52:56.0278 (StateSyncRequestHandler.cs:17) 玩家ID:482736422909116417 移动到新位置: -0.4123408 , 0 , 4.484922
2025-12-06 16:52:56.1179 (StateSyncRequestHandler.cs:17) 玩家ID:482736422909116417 移动方向: -0.9998766 , 0 , -0.015707739
2025-12-06 16:52:56.1179 (StateSyncRequestHandler.cs:17) 玩家ID:482736422909116417 移动到新位置: -0.71230376 , 0 , 4.48021
2025-12-06 16:52:56.2152 (StateSyncRequestHandler.cs:17) 玩家ID:482736422909116417 移动方向: -0.9998766 , 0 , -0.015707722
2025-12-06 16:52:56.2152 (StateSyncRequestHandler.cs:17) 玩家ID:482736422909116417 移动到新位置: -1.0122668 , 0 , 4.4754977
2025-12-06 16:52:56.3168 (StateSyncRequestHandler.cs:17) 玩家ID:482736422909116417 移动方向: -0.9998766 , 0 , -0.015707718
2025-12-06 16:52:56.3168 (StateSyncRequestHandler.cs:17) 玩家ID:482736422909116417 移动到新位置: -1.3122298 , 0 , 4.4707856
2025-12-06 16:52:56.4169 (StateSyncRequestHandler.cs:17) 玩家ID:482736422909116417 移动方向: -0.9998766 , 0 , -0.015707716
2025-12-06 16:52:56.4169 (StateSyncRequestHandler.cs:17) 玩家ID:482736422909116417 移动到新位置: -1.6121927 , 0 , 4.4660735
2025-12-06 16:52:56.5158 (StateSyncRequestHandler.cs:17) 玩家ID:482736422909116417 移动方向: -0.9998766 , 0 , -0.015707716
2025-12-06 16:52:56.5158 (StateSyncRequestHandler.cs:17) 玩家ID:482736422909116417 移动到新位置: -1.9121557 , 0 , 4.4613614
2025-12-06 16:52:56.6167 (StateSyncRequestHandler.cs:17) 玩家ID:482736422909116417 移动方向: -0.9998766 , 0 , -0.015707716
2025-12-06 16:52:56.6167 (StateSyncRequestHandler.cs:17) 玩家ID:482736422909116417 移动到新位置: -2.2121186 , 0 , 4.4566493
2025-12-06 16:52:56.7171 (StateSyncRequestHandler.cs:17) 玩家ID:482736422909116417 移动方向: -0.9998766 , 0 , -0.015707716
2025-12-06 16:52:56.7171 (StateSyncRequestHandler.cs:17) 玩家ID:482736422909116417 移动到新位置: -2.5120816 , 0 , 4.451937
2025-12-06 16:52:56.8162 (StateSyncRequestHandler.cs:17) 玩家ID:482736422909116417 移动方向: 0.9998766 , 0 , 0.015707716
2025-12-06 16:52:56.8162 (StateSyncRequestHandler.cs:17) 玩家ID:482736422909116417 移动到新位置: -2.2121186 , 0 , 4.4566493
2025-12-06 16:52:56.9236 (StateSyncRequestHandler.cs:17) 玩家ID:482736422909116417 移动方向: 0.9998766 , 0 , 0.015707716
2025-12-06 16:52:56.9236 (StateSyncRequestHandler.cs:17) 玩家ID:482736422909116417 移动到新位置: -1.9121556 , 0 , 4.4613614
2025-12-06 16:52:57.0191 (StateSyncRequestHandler.cs:17) 玩家ID:482736422909116417 移动方向: 0.9998766 , 0 , 0.015707716
2025-12-06 16:52:57.0191 (StateSyncRequestHandler.cs:17) 玩家ID:482736422909116417 移动到新位置: -1.6121926 , 0 , 4.4660735
2025-12-06 16:52:57.1220 (StateSyncRequestHandler.cs:17) 玩家ID:482736422909116417 移动方向: 0.9998766 , 0 , 0.015707716
2025-12-06 16:52:57.1220 (StateSyncRequestHandler.cs:17) 玩家ID:482736422909116417 移动到新位置: -1.3122296 , 0 , 4.4707856
2025-12-06 16:52:57.2242 (StateSyncRequestHandler.cs:17) 玩家ID:482736422909116417 移动方向: 0.9998766 , 0 , 0.015707716
2025-12-06 16:52:57.2242 (StateSyncRequestHandler.cs:17) 玩家ID:482736422909116417 移动到新位置: -1.0122666 , 0 , 4.4754977
2025-12-06 16:52:57.3158 (StateSyncRequestHandler.cs:17) 玩家ID:482736422909116417 移动方向: 0.9998766 , 0 , 0.015707716
2025-12-06 16:52:57.3158 (StateSyncRequestHandler.cs:17) 玩家ID:482736422909116417 移动到新位置: -0.71230364 , 0 , 4.48021
2025-12-06 16:52:57.4263 (StateSyncRequestHandler.cs:17) 玩家ID:482736422909116417 移动方向: 0.9998766 , 0 , 0.015707716
2025-12-06 16:52:57.4263 (StateSyncRequestHandler.cs:17) 玩家ID:482736422909116417 移动到新位置: -0.41234067 , 0 , 4.484922
2025-12-06 16:52:57.5195 (StateSyncRequestHandler.cs:17) 玩家ID:482736422909116417 移动方向: 0.9998766 , 0 , 0.015707716
2025-12-06 16:52:57.5195 (StateSyncRequestHandler.cs:17) 玩家ID:482736422909116417 移动到新位置: -0.1123777 , 0 , 4.489634
2025-12-06 16:52:57.6202 (StateSyncRequestHandler.cs:17) 玩家ID:482736422909116417 移动方向: 0.9998766 , 0 , 0.015707716
2025-12-06 16:52:57.6202 (StateSyncRequestHandler.cs:17) 玩家ID:482736422909116417 移动到新位置: 0.18758526 , 0 , 4.494346
2025-12-06 16:52:57.7255 (StateSyncRequestHandler.cs:17) 玩家ID:482736422909116417 移动方向: 0.9998766 , 0 , 0.015707716
2025-12-06 16:52:57.7255 (StateSyncRequestHandler.cs:17) 玩家ID:482736422909116417 移动到新位置: 0.48754823 , 0 , 4.4990582
2025-12-06 16:52:57.8216 (StateSyncRequestHandler.cs:17) 玩家ID:482736422909116417 移动方向: 0.9998766 , 0 , 0.015707716
2025-12-06 16:52:57.8216 (StateSyncRequestHandler.cs:17) 玩家ID:482736422909116417 移动到新位置: 0.7875112 , 0 , 4.5037704
2025-12-06 16:52:57.9274 (StateSyncRequestHandler.cs:17) 玩家ID:482736422909116417 移动方向: 0.9998766 , 0 , 0.015707716
2025-12-06 16:52:57.9274 (StateSyncRequestHandler.cs:17) 玩家ID:482736422909116417 移动到新位置: 1.0874742 , 0 , 4.5084825
2025-12-06 16:52:58.0172 (StateSyncRequestHandler.cs:17) 玩家ID:482736422909116417 移动方向: 0.9998766 , 0 , 0.015707716
2025-12-06 16:52:58.0172 (StateSyncRequestHandler.cs:17) 玩家ID:482736422909116417 移动到新位置: 1.3874372 , 0 , 4.5131946
2025-12-06 16:52:58.1142 (StateSyncRequestHandler.cs:17) 玩家ID:482736422909116417 移动方向: 0.9998766 , 0 , 0.015707716
2025-12-06 16:52:58.1142 (StateSyncRequestHandler.cs:17) 玩家ID:482736422909116417 移动到新位置: 1.6874002 , 0 , 4.5179067
2025-12-06 16:52:58.2264 (StateSyncRequestHandler.cs:17) 玩家ID:482736422909116417 移动方向: 0.9998766 , 0 , 0.015707716
2025-12-06 16:52:58.2264 (StateSyncRequestHandler.cs:17) 玩家ID:482736422909116417 移动到新位置: 1.9873632 , 0 , 4.522619
2025-12-06 16:52:58.3194 (StateSyncRequestHandler.cs:17) 玩家ID:482736422909116417 移动方向: 0.9998766 , 0 , 0.015707716
2025-12-06 16:52:58.3194 (StateSyncRequestHandler.cs:17) 玩家ID:482736422909116417 移动到新位置: 2.287326 , 0 , 4.527331
2025-12-06 16:52:58.4149 (StateSyncRequestHandler.cs:17) 玩家ID:482736422909116417 移动方向: 0.9998766 , 0 , 0.015707716
2025-12-06 16:52:58.4149 (StateSyncRequestHandler.cs:17) 玩家ID:482736422909116417 移动到新位置: 2.587289 , 0 , 4.532043
2025-12-06 16:52:58.5158 (StateSyncRequestHandler.cs:17) 玩家ID:482736422909116417 移动方向: 0.9998766 , 0 , 0.015707716
2025-12-06 16:52:58.5158 (StateSyncRequestHandler.cs:17) 玩家ID:482736422909116417 移动到新位置: 2.887252 , 0 , 4.536755
2025-12-06 16:52:58.6201 (StateSyncRequestHandler.cs:17) 玩家ID:482736422909116417 移动方向: -0.9998766 , 0 , -0.015707716
2025-12-06 16:52:58.6201 (StateSyncRequestHandler.cs:17) 玩家ID:482736422909116417 移动到新位置: 2.587289 , 0 , 4.532043
2025-12-06 16:52:58.7274 (StateSyncRequestHandler.cs:17) 玩家ID:482736422909116417 移动方向: -0.9998766 , 0 , -0.015707716
2025-12-06 16:52:58.7274 (StateSyncRequestHandler.cs:17) 玩家ID:482736422909116417 移动到新位置: 2.287326 , 0 , 4.527331
2025-12-06 16:52:58.8189 (StateSyncRequestHandler.cs:17) 玩家ID:482736422909116417 移动方向: -0.9998766 , 0 , -0.015707716
2025-12-06 16:52:58.8189 (StateSyncRequestHandler.cs:17) 玩家ID:482736422909116417 移动到新位置: 1.9873631 , 0 , 4.522619
2025-12-06 16:52:58.9228 (StateSyncRequestHandler.cs:17) 玩家ID:482736422909116417 移动方向: -0.9998766 , 0 , -0.015707716
2025-12-06 16:52:58.9228 (StateSyncRequestHandler.cs:17) 玩家ID:482736422909116417 移动到新位置: 1.6874001 , 0 , 4.5179067
2025-12-06 16:52:59.0205 (StateSyncRequestHandler.cs:17) 玩家ID:482736422909116417 移动方向: -0.9998766 , 0 , -0.015707716
2025-12-06 16:52:59.0205 (StateSyncRequestHandler.cs:17) 玩家ID:482736422909116417 移动到新位置: 1.3874371 , 0 , 4.5131946
2025-12-06 16:52:59.1228 (StateSyncRequestHandler.cs:17) 玩家ID:482736422909116417 移动方向: -0.9998766 , 0 , -0.015707716
2025-12-06 16:52:59.1228 (StateSyncRequestHandler.cs:17) 玩家ID:482736422909116417 移动到新位置: 1.0874741 , 0 , 4.5084825
2025-12-06 16:52:59.2150 (StateSyncRequestHandler.cs:17) 玩家ID:482736422909116417 移动方向: -0.9998766 , 0 , -0.015707716
2025-12-06 16:52:59.2150 (StateSyncRequestHandler.cs:17) 玩家ID:482736422909116417 移动到新位置: 0.7875111 , 0 , 4.5037704
2025-12-06 16:52:59.3179 (StateSyncRequestHandler.cs:17) 玩家ID:482736422909116417 移动方向: -0.9998766 , 0 , -0.015707716
2025-12-06 16:52:59.3179 (StateSyncRequestHandler.cs:17) 玩家ID:482736422909116417 移动到新位置: 0.48754814 , 0 , 4.4990582
2025-12-06 16:52:59.4157 (StateSyncRequestHandler.cs:17) 玩家ID:482736422909116417 移动方向: -0.9998766 , 0 , -0.015707716
2025-12-06 16:52:59.4157 (StateSyncRequestHandler.cs:17) 玩家ID:482736422909116417 移动到新位置: 0.18758518 , 0 , 4.494346
2025-12-06 16:52:59.5223 (StateSyncRequestHandler.cs:17) 玩家ID:482736422909116417 移动方向: -0.9998766 , 0 , -0.015707716
2025-12-06 16:52:59.5223 (StateSyncRequestHandler.cs:17) 玩家ID:482736422909116417 移动到新位置: -0.11237779 , 0 , 4.489634
2025-12-06 16:52:59.6199 (StateSyncRequestHandler.cs:17) 玩家ID:482736422909116417 移动方向: -0.9998766 , 0 , -0.015707716
2025-12-06 16:52:59.6199 (StateSyncRequestHandler.cs:17) 玩家ID:482736422909116417 移动到新位置: -0.41234076 , 0 , 4.484922
2025-12-06 16:52:59.7246 (StateSyncRequestHandler.cs:17) 玩家ID:482736422909116417 移动方向: -0.9998766 , 0 , -0.015707716
2025-12-06 16:52:59.7246 (StateSyncRequestHandler.cs:17) 玩家ID:482736422909116417 移动到新位置: -0.71230376 , 0 , 4.48021
2025-12-06 16:52:59.8181 (StateSyncRequestHandler.cs:17) 玩家ID:482736422909116417 移动方向: -0.9998766 , 0 , -0.015707716
2025-12-06 16:52:59.8181 (StateSyncRequestHandler.cs:17) 玩家ID:482736422909116417 移动到新位置: -1.0122668 , 0 , 4.4754977
2025-12-06 16:52:59.9179 (StateSyncRequestHandler.cs:17) 玩家ID:482736422909116417 移动方向: -0.9998766 , 0 , -0.015707716
2025-12-06 16:52:59.9179 (StateSyncRequestHandler.cs:17) 玩家ID:482736422909116417 移动到新位置: -1.3122298 , 0 , 4.4707856
2025-12-06 16:53:00.0199 (StateSyncRequestHandler.cs:17) 玩家ID:482736422909116417 移动方向: -0.9998766 , 0 , -0.015707716
2025-12-06 16:53:00.0199 (StateSyncRequestHandler.cs:17) 玩家ID:482736422909116417 移动到新位置: -1.6121927 , 0 , 4.4660735
2025-12-06 16:53:00.1186 (StateSyncRequestHandler.cs:17) 玩家ID:482736422909116417 移动方向: -0.9998766 , 0 , -0.015707716
2025-12-06 16:53:00.1186 (StateSyncRequestHandler.cs:17) 玩家ID:482736422909116417 移动到新位置: -1.9121557 , 0 , 4.4613614
2025-12-06 16:53:00.2217 (StateSyncRequestHandler.cs:17) 玩家ID:482736422909116417 移动方向: -0.9998766 , 0 , -0.015707716
2025-12-06 16:53:00.2217 (StateSyncRequestHandler.cs:17) 玩家ID:482736422909116417 移动到新位置: -2.2121186 , 0 , 4.4566493
2025-12-06 16:53:00.3209 (StateSyncRequestHandler.cs:17) 玩家ID:482736422909116417 移动方向: 0.9998766 , 0 , 0.015707716
2025-12-06 16:53:00.3209 (StateSyncRequestHandler.cs:17) 玩家ID:482736422909116417 移动到新位置: -1.9121556 , 0 , 4.4613614
2025-12-06 16:53:00.4251 (StateSyncRequestHandler.cs:17) 玩家ID:482736422909116417 移动方向: 0.9998766 , 0 , 0.015707716
2025-12-06 16:53:00.4251 (StateSyncRequestHandler.cs:17) 玩家ID:482736422909116417 移动到新位置: -1.6121926 , 0 , 4.4660735
2025-12-06 16:53:00.5215 (StateSyncRequestHandler.cs:17) 玩家ID:482736422909116417 移动方向: 0.9998766 , 0 , 0.015707716
2025-12-06 16:53:00.5215 (StateSyncRequestHandler.cs:17) 玩家ID:482736422909116417 移动到新位置: -1.3122296 , 0 , 4.4707856
2025-12-06 16:53:00.6193 (StateSyncRequestHandler.cs:17) 玩家ID:482736422909116417 移动方向: 0.9998766 , 0 , 0.015707716
2025-12-06 16:53:00.6193 (StateSyncRequestHandler.cs:17) 玩家ID:482736422909116417 移动到新位置: -1.0122666 , 0 , 4.4754977
2025-12-06 16:53:00.7173 (StateSyncRequestHandler.cs:17) 玩家ID:482736422909116417 移动方向: 0.9998766 , 0 , 0.015707716
2025-12-06 16:53:00.7173 (StateSyncRequestHandler.cs:17) 玩家ID:482736422909116417 移动到新位置: -0.71230364 , 0 , 4.48021
2025-12-06 16:53:00.8197 (StateSyncRequestHandler.cs:17) 玩家ID:482736422909116417 移动方向: 0.9998766 , 0 , 0.015707716
2025-12-06 16:53:00.8197 (StateSyncRequestHandler.cs:17) 玩家ID:482736422909116417 移动到新位置: -0.41234067 , 0 , 4.484922
2025-12-06 16:53:00.9141 (StateSyncRequestHandler.cs:17) 玩家ID:482736422909116417 移动方向: 0.9998766 , 0 , 0.015707716
2025-12-06 16:53:00.9141 (StateSyncRequestHandler.cs:17) 玩家ID:482736422909116417 移动到新位置: -0.1123777 , 0 , 4.489634
2025-12-06 16:53:01.0156 (StateSyncRequestHandler.cs:17) 玩家ID:482736422909116417 移动方向: 0.9998766 , 0 , 0.015707716
2025-12-06 16:53:01.0156 (StateSyncRequestHandler.cs:17) 玩家ID:482736422909116417 移动到新位置: 0.18758526 , 0 , 4.494346
2025-12-06 16:53:01.1191 (StateSyncRequestHandler.cs:17) 玩家ID:482736422909116417 移动方向: 0.9998766 , 0 , 0.015707716
2025-12-06 16:53:01.1191 (StateSyncRequestHandler.cs:17) 玩家ID:482736422909116417 移动到新位置: 0.48754823 , 0 , 4.4990582
2025-12-06 16:53:01.2209 (StateSyncRequestHandler.cs:17) 玩家ID:482736422909116417 移动方向: 0.9998766 , 0 , 0.015707716
2025-12-06 16:53:01.2209 (StateSyncRequestHandler.cs:17) 玩家ID:482736422909116417 移动到新位置: 0.7875112 , 0 , 4.5037704
2025-12-06 16:53:01.3199 (StateSyncRequestHandler.cs:17) 玩家ID:482736422909116417 移动方向: 0.9998766 , 0 , 0.015707716
2025-12-06 16:53:01.3199 (StateSyncRequestHandler.cs:17) 玩家ID:482736422909116417 移动到新位置: 1.0874742 , 0 , 4.5084825
2025-12-06 16:53:01.4229 (StateSyncRequestHandler.cs:17) 玩家ID:482736422909116417 移动方向: 0.9998766 , 0 , 0.015707716
2025-12-06 16:53:01.4229 (StateSyncRequestHandler.cs:17) 玩家ID:482736422909116417 移动到新位置: 1.3874372 , 0 , 4.5131946
2025-12-06 16:53:01.5236 (StateSyncRequestHandler.cs:17) 玩家ID:482736422909116417 移动方向: 0.71812654 , 0 , -0.6959125
2025-12-06 16:53:01.5236 (StateSyncRequestHandler.cs:17) 玩家ID:482736422909116417 移动到新位置: 1.6028752 , 0 , 4.304421
2025-12-06 16:53:01.6203 (StateSyncRequestHandler.cs:17) 玩家ID:482736422909116417 移动方向: 0.9998766 , 0 , 0.015707716
2025-12-06 16:53:01.6203 (StateSyncRequestHandler.cs:17) 玩家ID:482736422909116417 移动到新位置: 1.9028382 , 0 , 4.309133
2025-12-06 16:53:01.7182 (StateSyncRequestHandler.cs:17) 玩家ID:482736422909116417 移动方向: 0.9998766 , 0 , 0.015707716
2025-12-06 16:53:01.7182 (StateSyncRequestHandler.cs:17) 玩家ID:482736422909116417 移动到新位置: 2.2028012 , 0 , 4.313845
2025-12-06 16:53:01.8232 (StateSyncRequestHandler.cs:17) 玩家ID:482736422909116417 移动方向: 0.9998766 , 0 , 0.015707716
2025-12-06 16:53:01.8232 (StateSyncRequestHandler.cs:17) 玩家ID:482736422909116417 移动到新位置: 2.5027642 , 0 , 4.3185573
2025-12-06 16:53:01.9166 (StateSyncRequestHandler.cs:17) 玩家ID:482736422909116417 移动方向: 0.9998766 , 0 , 0.015707716
2025-12-06 16:53:01.9166 (StateSyncRequestHandler.cs:17) 玩家ID:482736422909116417 移动到新位置: 2.8027272 , 0 , 4.3232694
2025-12-06 16:53:02.0208 (StateSyncRequestHandler.cs:17) 玩家ID:482736422909116417 移动方向: 0.99993515 , 0 , 0.01138688
2025-12-06 16:53:02.0208 (StateSyncRequestHandler.cs:17) 玩家ID:482736422909116417 移动到新位置: 3.1027079 , 0 , 4.3266854
2025-12-06 16:53:02.1209 (StateSyncRequestHandler.cs:17) 玩家ID:482736422909116417 移动方向: 0.997781 , 0 , -0.06658172
2025-12-06 16:53:02.1209 (StateSyncRequestHandler.cs:17) 玩家ID:482736422909116417 移动到新位置: 3.4020422 , 0 , 4.3067107
2025-12-06 16:53:02.2162 (StateSyncRequestHandler.cs:17) 玩家ID:482736422909116417 移动方向: 0.990602 , 0 , -0.13677584
2025-12-06 16:53:02.2162 (StateSyncRequestHandler.cs:17) 玩家ID:482736422909116417 移动到新位置: 3.6992228 , 0 , 4.265678
2025-12-06 16:53:02.3156 (StateSyncRequestHandler.cs:17) 玩家ID:482736422909116417 移动方向: 0.98302525 , 0 , -0.18347022
2025-12-06 16:53:02.3156 (StateSyncRequestHandler.cs:17) 玩家ID:482736422909116417 移动到新位置: 3.9941304 , 0 , 4.210637
2025-12-06 16:53:02.4171 (StateSyncRequestHandler.cs:17) 玩家ID:482736422909116417 移动方向: 0.9786628 , 0 , -0.20547296
2025-12-06 16:53:02.4171 (StateSyncRequestHandler.cs:17) 玩家ID:482736422909116417 移动到新位置: 4.2877293 , 0 , 4.1489954
2025-12-06 16:53:02.5294 (StateSyncRequestHandler.cs:17) 玩家ID:482736422909116417 移动方向: 0.97681993 , 0 , -0.2140627
2025-12-06 16:53:02.5294 (StateSyncRequestHandler.cs:17) 玩家ID:482736422909116417 移动到新位置: 4.5807753 , 0 , 4.0847764
2025-12-06 16:53:02.6198 (StateSyncRequestHandler.cs:17) 玩家ID:482736422909116417 移动方向: 0.97623235 , 0 , -0.21672645
2025-12-06 16:53:02.6198 (StateSyncRequestHandler.cs:17) 玩家ID:482736422909116417 移动到新位置: 4.873645 , 0 , 4.0197587
2025-12-06 16:53:02.7211 (StateSyncRequestHandler.cs:17) 玩家ID:482736422909116417 移动方向: 0.9760412 , 0 , -0.21758589
2025-12-06 16:53:02.7211 (StateSyncRequestHandler.cs:17) 玩家ID:482736422909116417 移动到新位置: 5.166457 , 0 , 3.954483
2025-12-06 16:53:02.8152 (StateSyncRequestHandler.cs:17) 玩家ID:482736422909116417 移动方向: 0.98338723 , 0 , -0.18152013
2025-12-06 16:53:02.8152 (StateSyncRequestHandler.cs:17) 玩家ID:482736422909116417 移动到新位置: 5.4614735 , 0 , 3.900027
2025-12-06 16:53:02.9168 (StateSyncRequestHandler.cs:17) 玩家ID:482736422909116417 移动方向: 0.99424255 , 0 , -0.10715302
2025-12-06 16:53:02.9168 (StateSyncRequestHandler.cs:17) 玩家ID:482736422909116417 移动到新位置: 5.759746 , 0 , 3.867881
2025-12-06 16:53:03.0231 (StateSyncRequestHandler.cs:17) 玩家ID:482736422909116417 移动方向: 0.9977675 , 0 , -0.06678277
2025-12-06 16:53:03.0231 (StateSyncRequestHandler.cs:17) 玩家ID:482736422909116417 移动到新位置: 6.0590763 , 0 , 3.8478463
2025-12-06 16:53:03.1203 (StateSyncRequestHandler.cs:17) 玩家ID:482736422909116417 移动方向: 0.9986828 , 0 , -0.051308483
2025-12-06 16:53:03.1203 (StateSyncRequestHandler.cs:17) 玩家ID:482736422909116417 移动到新位置: 6.358681 , 0 , 3.8324537
2025-12-06 16:53:03.2173 (StateSyncRequestHandler.cs:17) 玩家ID:482736422909116417 移动方向: 0.998935 , 0 , -0.046140697
2025-12-06 16:53:03.2173 (StateSyncRequestHandler.cs:17) 玩家ID:482736422909116417 移动到新位置: 6.6583614 , 0 , 3.8186116
2025-12-06 16:53:03.3193 (StateSyncRequestHandler.cs:17) 玩家ID:482736422909116417 移动方向: 0.99837697 , 0 , -0.056951605
2025-12-06 16:53:03.3193 (StateSyncRequestHandler.cs:17) 玩家ID:482736422909116417 移动到新位置: 6.9578743 , 0 , 3.801526
2025-12-06 16:53:03.4170 (StateSyncRequestHandler.cs:17) 玩家ID:482736422909116417 移动方向: 0.99753976 , 0 , -0.07010272
2025-12-06 16:53:03.4170 (StateSyncRequestHandler.cs:17) 玩家ID:482736422909116417 移动到新位置: 7.2571363 , 0 , 3.7804952
2025-12-06 16:53:03.5230 (StateSyncRequestHandler.cs:17) 玩家ID:482736422909116417 移动方向: 0.99670863 , 0 , -0.08106744
2025-12-06 16:53:03.5230 (StateSyncRequestHandler.cs:17) 玩家ID:482736422909116417 移动到新位置: 7.556149 , 0 , 3.756175
2025-12-06 16:53:03.6166 (StateSyncRequestHandler.cs:17) 玩家ID:482736422909116417 移动方向: 0.9962298 , 0 , -0.08675284
2025-12-06 16:53:03.6166 (StateSyncRequestHandler.cs:17) 玩家ID:482736422909116417 移动到新位置: 7.855018 , 0 , 3.7301493
2025-12-06 16:53:03.7203 (StateSyncRequestHandler.cs:17) 玩家ID:482736422909116417 移动到新位置: 7.855018 , 0 , 3.7301493
2025-12-06 16:53:08.9262 (StateSyncRequestHandler.cs:17) 玩家ID:482736422909116417 移动方向: -0.99802667 , 0 , 0.06279053
2025-12-06 16:53:08.9262 (StateSyncRequestHandler.cs:17) 玩家ID:482736422909116417 移动到新位置: 7.6554127 , 0 , 3.7427075
2025-12-06 16:53:09.0281 (StateSyncRequestHandler.cs:17) 玩家ID:482736422909116417 移动方向: -0.99802667 , 0 , 0.06279053
2025-12-06 16:53:09.0281 (StateSyncRequestHandler.cs:17) 玩家ID:482736422909116417 移动到新位置: 7.455807 , 0 , 3.7552657
2025-12-06 16:53:09.1269 (StateSyncRequestHandler.cs:17) 玩家ID:482736422909116417 移动方向: -0.99802667 , 0 , 0.06279053
2025-12-06 16:53:09.1269 (StateSyncRequestHandler.cs:17) 玩家ID:482736422909116417 移动到新位置: 7.2562017 , 0 , 3.767824
2025-12-06 16:53:09.2274 (StateSyncRequestHandler.cs:17) 玩家ID:482736422909116417 移动方向: -0.99802667 , 0 , 0.06279053
2025-12-06 16:53:09.2274 (StateSyncRequestHandler.cs:17) 玩家ID:482736422909116417 移动到新位置: 7.0565963 , 0 , 3.7803822
2025-12-06 16:53:09.3234 (StateSyncRequestHandler.cs:17) 玩家ID:482736422909116417 移动方向: -0.99802667 , 0 , 0.06279053
2025-12-06 16:53:09.3234 (StateSyncRequestHandler.cs:17) 玩家ID:482736422909116417 移动到新位置: 6.856991 , 0 , 3.7929404
2025-12-06 16:53:09.4151 (StateSyncRequestHandler.cs:17) 玩家ID:482736422909116417 移动方向: -0.99802667 , 0 , 0.06279053
2025-12-06 16:53:09.4151 (StateSyncRequestHandler.cs:17) 玩家ID:482736422909116417 移动到新位置: 6.6573853 , 0 , 3.8054986
2025-12-06 16:53:09.5158 (StateSyncRequestHandler.cs:17) 玩家ID:482736422909116417 移动方向: -0.6613118 , 0 , 0.7501111
2025-12-06 16:53:09.5158 (StateSyncRequestHandler.cs:17) 玩家ID:482736422909116417 移动到新位置: 6.525123 , 0 , 3.9555209
2025-12-06 16:53:09.6180 (StateSyncRequestHandler.cs:17) 玩家ID:482736422909116417 移动方向: -0.6613118 , 0 , 0.7501111
2025-12-06 16:53:09.6180 (StateSyncRequestHandler.cs:17) 玩家ID:482736422909116417 移动到新位置: 6.392861 , 0 , 4.105543
2025-12-06 16:53:09.7179 (StateSyncRequestHandler.cs:17) 玩家ID:482736422909116417 移动方向: 0.06279053 , 0 , 0.9980267
2025-12-06 16:53:09.7179 (StateSyncRequestHandler.cs:17) 玩家ID:482736422909116417 移动到新位置: 6.405419 , 0 , 4.3051486
2025-12-06 16:53:09.8179 (StateSyncRequestHandler.cs:17) 玩家ID:482736422909116417 移动方向: 0.06279053 , 0 , 0.9980267
2025-12-06 16:53:09.8179 (StateSyncRequestHandler.cs:17) 玩家ID:482736422909116417 移动到新位置: 6.417977 , 0 , 4.504754
2025-12-06 16:53:09.9191 (StateSyncRequestHandler.cs:17) 玩家ID:482736422909116417 移动方向: 0.06279053 , 0 , 0.9980267
2025-12-06 16:53:09.9191 (StateSyncRequestHandler.cs:17) 玩家ID:482736422909116417 移动到新位置: 6.430535 , 0 , 4.7043595
2025-12-06 16:53:10.0221 (StateSyncRequestHandler.cs:17) 玩家ID:482736422909116417 移动方向: -0.6613118 , 0 , 0.7501111
2025-12-06 16:53:10.0221 (StateSyncRequestHandler.cs:17) 玩家ID:482736422909116417 移动到新位置: 6.2982726 , 0 , 4.8543816
2025-12-06 16:53:10.1201 (StateSyncRequestHandler.cs:17) 玩家ID:482736422909116417 移动方向: -0.99802667 , 0 , 0.06279053
2025-12-06 16:53:10.1201 (StateSyncRequestHandler.cs:17) 玩家ID:482736422909116417 移动到新位置: 6.098667 , 0 , 4.8669395
2025-12-06 16:53:10.2203 (StateSyncRequestHandler.cs:17) 玩家ID:482736422909116417 移动方向: -0.99802667 , 0 , 0.06279053
2025-12-06 16:53:10.2203 (StateSyncRequestHandler.cs:17) 玩家ID:482736422909116417 移动到新位置: 5.8990617 , 0 , 4.8794975
2025-12-06 16:53:10.3207 (StateSyncRequestHandler.cs:17) 玩家ID:482736422909116417 移动方向: -0.99802667 , 0 , 0.06279053
2025-12-06 16:53:10.3207 (StateSyncRequestHandler.cs:17) 玩家ID:482736422909116417 移动到新位置: 5.699456 , 0 , 4.8920555
2025-12-06 16:53:10.4209 (StateSyncRequestHandler.cs:17) 玩家ID:482736422909116417 移动方向: -0.75011104 , 0 , -0.66131186
2025-12-06 16:53:10.4209 (StateSyncRequestHandler.cs:17) 玩家ID:482736422909116417 移动到新位置: 5.549434 , 0 , 4.7597933
2025-12-06 16:53:10.5144 (StateSyncRequestHandler.cs:17) 玩家ID:482736422909116417 移动方向: -0.75011104 , 0 , -0.66131186
2025-12-06 16:53:10.5144 (StateSyncRequestHandler.cs:17) 玩家ID:482736422909116417 移动到新位置: 5.399412 , 0 , 4.627531
2025-12-06 16:53:10.6162 (StateSyncRequestHandler.cs:17) 玩家ID:482736422909116417 移动方向: -0.75011104 , 0 , -0.66131186
2025-12-06 16:53:10.6162 (StateSyncRequestHandler.cs:17) 玩家ID:482736422909116417 移动到新位置: 5.24939 , 0 , 4.495269
2025-12-06 16:53:10.7213 (StateSyncRequestHandler.cs:17) 玩家ID:482736422909116417 移动方向: -0.75011104 , 0 , -0.66131186
2025-12-06 16:53:10.7213 (StateSyncRequestHandler.cs:17) 玩家ID:482736422909116417 移动到新位置: 5.099368 , 0 , 4.3630066
2025-12-06 16:53:10.8206 (StateSyncRequestHandler.cs:17) 玩家ID:482736422909116417 移动方向: -0.99802667 , 0 , 0.06279053
2025-12-06 16:53:10.8206 (StateSyncRequestHandler.cs:17) 玩家ID:482736422909116417 移动到新位置: 4.8997626 , 0 , 4.3755646
2025-12-06 16:53:10.9184 (StateSyncRequestHandler.cs:17) 玩家ID:482736422909116417 移动方向: -0.6613118 , 0 , 0.7501111
2025-12-06 16:53:10.9184 (StateSyncRequestHandler.cs:17) 玩家ID:482736422909116417 移动到新位置: 4.7675004 , 0 , 4.5255866
2025-12-06 16:53:11.0213 (StateSyncRequestHandler.cs:17) 玩家ID:482736422909116417 移动方向: -0.6613118 , 0 , 0.7501111
2025-12-06 16:53:11.0213 (StateSyncRequestHandler.cs:17) 玩家ID:482736422909116417 移动到新位置: 4.635238 , 0 , 4.6756086
2025-12-06 16:53:11.1148 (StateSyncRequestHandler.cs:17) 玩家ID:482736422909116417 移动方向: -0.6613118 , 0 , 0.7501111
2025-12-06 16:53:11.1148 (StateSyncRequestHandler.cs:17) 玩家ID:482736422909116417 移动到新位置: 4.502976 , 0 , 4.8256307
2025-12-06 16:53:11.2251 (StateSyncRequestHandler.cs:17) 玩家ID:482736422909116417 移动方向: -0.6613118 , 0 , 0.7501111
2025-12-06 16:53:11.2251 (StateSyncRequestHandler.cs:17) 玩家ID:482736422909116417 移动到新位置: 4.3707137 , 0 , 4.9756527
2025-12-06 16:53:11.3238 (StateSyncRequestHandler.cs:17) 玩家ID:482736422909116417 移动方向: -0.6613118 , 0 , 0.7501111
2025-12-06 16:53:11.3238 (StateSyncRequestHandler.cs:17) 玩家ID:482736422909116417 移动到新位置: 4.2384515 , 0 , 5.1256747
2025-12-06 16:53:11.4195 (StateSyncRequestHandler.cs:17) 玩家ID:482736422909116417 移动方向: -0.6613118 , 0 , 0.7501111
2025-12-06 16:53:11.4195 (StateSyncRequestHandler.cs:17) 玩家ID:482736422909116417 移动到新位置: 4.1061893 , 0 , 5.2756968
2025-12-06 16:53:11.5215 (StateSyncRequestHandler.cs:17) 玩家ID:482736422909116417 移动方向: 0.06279053 , 0 , 0.9980267
2025-12-06 16:53:11.5215 (StateSyncRequestHandler.cs:17) 玩家ID:482736422909116417 移动到新位置: 4.118747 , 0 , 5.475302
2025-12-06 16:53:11.6201 (StateSyncRequestHandler.cs:17) 玩家ID:482736422909116417 移动方向: 0.06279053 , 0 , 0.9980267
2025-12-06 16:53:11.6201 (StateSyncRequestHandler.cs:17) 玩家ID:482736422909116417 移动到新位置: 4.131305 , 0 , 5.6749077
2025-12-06 16:53:11.7170 (StateSyncRequestHandler.cs:17) 玩家ID:482736422909116417 移动方向: 0.06279053 , 0 , 0.9980267
2025-12-06 16:53:11.7170 (StateSyncRequestHandler.cs:17) 玩家ID:482736422909116417 移动到新位置: 4.143863 , 0 , 5.874513
2025-12-06 16:53:11.8252 (StateSyncRequestHandler.cs:17) 玩家ID:482736422909116417 移动方向: 0.06279053 , 0 , 0.9980267
2025-12-06 16:53:11.8252 (StateSyncRequestHandler.cs:17) 玩家ID:482736422909116417 移动到新位置: 4.156421 , 0 , 6.0741186
2025-12-06 16:53:11.9178 (StateSyncRequestHandler.cs:17) 玩家ID:482736422909116417 移动方向: 0.06279053 , 0 , 0.9980267
2025-12-06 16:53:11.9178 (StateSyncRequestHandler.cs:17) 玩家ID:482736422909116417 移动到新位置: 4.168979 , 0 , 6.273724
2025-12-06 16:53:12.0151 (StateSyncRequestHandler.cs:17) 玩家ID:482736422909116417 移动方向: 0.06279053 , 0 , 0.9980267
2025-12-06 16:53:12.0151 (StateSyncRequestHandler.cs:17) 玩家ID:482736422909116417 移动到新位置: 4.181537 , 0 , 6.4733295
2025-12-06 16:53:12.1164 (StateSyncRequestHandler.cs:17) 玩家ID:482736422909116417 移动方向: 0.06279053 , 0 , 0.9980267
2025-12-06 16:53:12.1164 (StateSyncRequestHandler.cs:17) 玩家ID:482736422909116417 移动到新位置: 4.194095 , 0 , 6.672935
2025-12-06 16:53:12.2154 (StateSyncRequestHandler.cs:17) 玩家ID:482736422909116417 移动方向: 0.06279053 , 0 , 0.9980267
2025-12-06 16:53:12.2154 (StateSyncRequestHandler.cs:17) 玩家ID:482736422909116417 移动到新位置: 4.206653 , 0 , 6.8725405
2025-12-06 16:53:12.3268 (StateSyncRequestHandler.cs:17) 玩家ID:482736422909116417 移动方向: -0.99802667 , 0 , 0.06279053
2025-12-06 16:53:12.3268 (StateSyncRequestHandler.cs:17) 玩家ID:482736422909116417 移动到新位置: 4.0070477 , 0 , 6.8850985
2025-12-06 16:53:12.4260 (StateSyncRequestHandler.cs:17) 玩家ID:482736422909116417 移动方向: -0.99802667 , 0 , 0.06279053
2025-12-06 16:53:12.4260 (StateSyncRequestHandler.cs:17) 玩家ID:482736422909116417 移动到新位置: 3.8074422 , 0 , 6.8976564
2025-12-06 16:53:12.5160 (StateSyncRequestHandler.cs:17) 玩家ID:482736422909116417 移动方向: -0.99802667 , 0 , 0.06279053
2025-12-06 16:53:12.5160 (StateSyncRequestHandler.cs:17) 玩家ID:482736422909116417 移动到新位置: 3.6078367 , 0 , 6.9102144
2025-12-06 16:53:12.6223 (StateSyncRequestHandler.cs:17) 玩家ID:482736422909116417 移动方向: -0.99802667 , 0 , 0.06279053
2025-12-06 16:53:12.6223 (StateSyncRequestHandler.cs:17) 玩家ID:482736422909116417 移动到新位置: 3.4082313 , 0 , 6.9227724
2025-12-06 16:53:12.7174 (StateSyncRequestHandler.cs:17) 玩家ID:482736422909116417 移动方向: -0.99802667 , 0 , 0.06279053
2025-12-06 16:53:12.7174 (StateSyncRequestHandler.cs:17) 玩家ID:482736422909116417 移动到新位置: 3.2086258 , 0 , 6.9353304
2025-12-06 16:53:12.8239 (StateSyncRequestHandler.cs:17) 玩家ID:482736422909116417 移动方向: -0.99802667 , 0 , 0.06279053
2025-12-06 16:53:12.8239 (StateSyncRequestHandler.cs:17) 玩家ID:482736422909116417 移动到新位置: 3.0090203 , 0 , 6.9478884
2025-12-06 16:53:12.9228 (StateSyncRequestHandler.cs:17) 玩家ID:482736422909116417 移动方向: -0.99802667 , 0 , 0.06279053
2025-12-06 16:53:12.9228 (StateSyncRequestHandler.cs:17) 玩家ID:482736422909116417 移动到新位置: 2.8094149 , 0 , 6.9604464
2025-12-06 16:53:13.0146 (StateSyncRequestHandler.cs:17) 玩家ID:482736422909116417 移动方向: -0.99802667 , 0 , 0.06279053
2025-12-06 16:53:13.0146 (StateSyncRequestHandler.cs:17) 玩家ID:482736422909116417 移动到新位置: 2.6098094 , 0 , 6.9730043
2025-12-06 16:53:13.1180 (StateSyncRequestHandler.cs:17) 玩家ID:482736422909116417 移动方向: -0.99802667 , 0 , 0.06279053
2025-12-06 16:53:13.1180 (StateSyncRequestHandler.cs:17) 玩家ID:482736422909116417 移动到新位置: 2.410204 , 0 , 6.9855623
2025-12-06 16:53:13.2151 (StateSyncRequestHandler.cs:17) 玩家ID:482736422909116417 移动方向: -0.99802667 , 0 , 0.06279053
2025-12-06 16:53:13.2151 (StateSyncRequestHandler.cs:17) 玩家ID:482736422909116417 移动到新位置: 2.2105985 , 0 , 6.9981203
2025-12-06 16:53:13.3279 (StateSyncRequestHandler.cs:17) 玩家ID:482736422909116417 移动方向: -0.99802667 , 0 , 0.06279053
2025-12-06 16:53:13.3279 (StateSyncRequestHandler.cs:17) 玩家ID:482736422909116417 移动到新位置: 2.010993 , 0 , 7.0106783
2025-12-06 16:53:13.4147 (StateSyncRequestHandler.cs:17) 玩家ID:482736422909116417 移动方向: -0.99802667 , 0 , 0.06279053
2025-12-06 16:53:13.4147 (StateSyncRequestHandler.cs:17) 玩家ID:482736422909116417 移动到新位置: 1.8113877 , 0 , 7.0232363
2025-12-06 16:53:13.5237 (StateSyncRequestHandler.cs:17) 玩家ID:482736422909116417 移动方向: -0.99802667 , 0 , 0.06279053
2025-12-06 16:53:13.5237 (StateSyncRequestHandler.cs:17) 玩家ID:482736422909116417 移动到新位置: 1.6117823 , 0 , 7.0357943
2025-12-06 16:53:13.6196 (StateSyncRequestHandler.cs:17) 玩家ID:482736422909116417 移动方向: -0.99802667 , 0 , 0.06279053
2025-12-06 16:53:13.6196 (StateSyncRequestHandler.cs:17) 玩家ID:482736422909116417 移动到新位置: 1.412177 , 0 , 7.0483522
2025-12-06 16:53:13.7232 (StateSyncRequestHandler.cs:17) 玩家ID:482736422909116417 移动方向: -0.99802667 , 0 , 0.06279053
2025-12-06 16:53:13.7232 (StateSyncRequestHandler.cs:17) 玩家ID:482736422909116417 移动到新位置: 1.2125716 , 0 , 7.06091
2025-12-06 16:53:13.8194 (StateSyncRequestHandler.cs:17) 玩家ID:482736422909116417 移动方向: -0.75011104 , 0 , -0.66131186
2025-12-06 16:53:13.8194 (StateSyncRequestHandler.cs:17) 玩家ID:482736422909116417 移动到新位置: 1.0625494 , 0 , 6.928648
2025-12-06 16:53:13.9205 (StateSyncRequestHandler.cs:17) 玩家ID:482736422909116417 移动方向: -0.75011104 , 0 , -0.66131186
2025-12-06 16:53:13.9205 (StateSyncRequestHandler.cs:17) 玩家ID:482736422909116417 移动到新位置: 0.91252714 , 0 , 6.796386
2025-12-06 16:53:14.0249 (StateSyncRequestHandler.cs:17) 玩家ID:482736422909116417 移动方向: -0.75011104 , 0 , -0.66131186
2025-12-06 16:53:14.0249 (StateSyncRequestHandler.cs:17) 玩家ID:482736422909116417 移动到新位置: 0.76250494 , 0 , 6.6641235
2025-12-06 16:53:14.1254 (StateSyncRequestHandler.cs:17) 玩家ID:482736422909116417 移动方向: -0.75011104 , 0 , -0.66131186
2025-12-06 16:53:14.1254 (StateSyncRequestHandler.cs:17) 玩家ID:482736422909116417 移动到新位置: 0.53747165 , 0 , 6.46573
2025-12-06 16:53:14.2239 (StateSyncRequestHandler.cs:17) 玩家ID:482736422909116417 移动方向: -0.75011104 , 0 , -0.66131186
2025-12-06 16:53:14.2239 (StateSyncRequestHandler.cs:17) 玩家ID:482736422909116417 移动到新位置: 0.31243834 , 0 , 6.267337
2025-12-06 16:53:14.3262 (StateSyncRequestHandler.cs:17) 玩家ID:482736422909116417 移动方向: -0.75011104 , 0 , -0.66131186
2025-12-06 16:53:14.3262 (StateSyncRequestHandler.cs:17) 玩家ID:482736422909116417 移动到新位置: 0.087405026 , 0 , 6.0689435
2025-12-06 16:53:14.4201 (StateSyncRequestHandler.cs:17) 玩家ID:482736422909116417 移动方向: -0.75011104 , 0 , -0.66131186
2025-12-06 16:53:14.4201 (StateSyncRequestHandler.cs:17) 玩家ID:482736422909116417 移动到新位置: -0.13762829 , 0 , 5.87055
2025-12-06 16:53:14.5245 (StateSyncRequestHandler.cs:17) 玩家ID:482736422909116417 移动方向: -0.75011104 , 0 , -0.66131186
2025-12-06 16:53:14.5245 (StateSyncRequestHandler.cs:17) 玩家ID:482736422909116417 移动到新位置: -0.3626616 , 0 , 5.672157
2025-12-06 16:53:14.6195 (StateSyncRequestHandler.cs:17) 玩家ID:482736422909116417 移动方向: -0.75011104 , 0 , -0.66131186
2025-12-06 16:53:14.6195 (StateSyncRequestHandler.cs:17) 玩家ID:482736422909116417 移动到新位置: -0.5876949 , 0 , 5.4737635
2025-12-06 16:53:14.7293 (StateSyncRequestHandler.cs:17) 玩家ID:482736422909116417 移动方向: -0.75011104 , 0 , -0.66131186
2025-12-06 16:53:14.7293 (StateSyncRequestHandler.cs:17) 玩家ID:482736422909116417 移动到新位置: -0.81272817 , 0 , 5.27537
2025-12-06 16:53:14.8170 (StateSyncRequestHandler.cs:17) 玩家ID:482736422909116417 移动方向: -0.75011104 , 0 , -0.66131186
2025-12-06 16:53:14.8170 (StateSyncRequestHandler.cs:17) 玩家ID:482736422909116417 移动到新位置: -1.0377614 , 0 , 5.076977
2025-12-06 16:53:14.9157 (StateSyncRequestHandler.cs:17) 玩家ID:482736422909116417 移动方向: -0.75011104 , 0 , -0.66131186
2025-12-06 16:53:14.9157 (StateSyncRequestHandler.cs:17) 玩家ID:482736422909116417 移动到新位置: -1.2627947 , 0 , 4.8785834
2025-12-06 16:53:15.0162 (StateSyncRequestHandler.cs:17) 玩家ID:482736422909116417 移动方向: -0.75011104 , 0 , -0.66131186
2025-12-06 16:53:15.0162 (StateSyncRequestHandler.cs:17) 玩家ID:482736422909116417 移动到新位置: -1.487828 , 0 , 4.68019
2025-12-06 16:53:15.1216 (StateSyncRequestHandler.cs:17) 玩家ID:482736422909116417 移动方向: -0.06279053 , 0 , -0.9980267
2025-12-06 16:53:15.1216 (StateSyncRequestHandler.cs:17) 玩家ID:482736422909116417 移动到新位置: -1.5066652 , 0 , 4.380782
2025-12-06 16:53:15.2226 (StateSyncRequestHandler.cs:17) 玩家ID:482736422909116417 移动方向: -0.06279053 , 0 , -0.9980267
2025-12-06 16:53:15.2226 (StateSyncRequestHandler.cs:17) 玩家ID:482736422909116417 移动到新位置: -1.5255024 , 0 , 4.081374
2025-12-06 16:53:15.3164 (StateSyncRequestHandler.cs:17) 玩家ID:482736422909116417 移动方向: 0.6613118 , 0 , -0.7501111
2025-12-06 16:53:15.3164 (StateSyncRequestHandler.cs:17) 玩家ID:482736422909116417 移动到新位置: -1.3271089 , 0 , 3.856341
2025-12-06 16:53:15.4347 (StateSyncRequestHandler.cs:17) 玩家ID:482736422909116417 移动方向: 0.6613118 , 0 , -0.7501111
2025-12-06 16:53:15.4347 (StateSyncRequestHandler.cs:17) 玩家ID:482736422909116417 移动到新位置: -1.1287153 , 0 , 3.6313076
2025-12-06 16:53:15.5181 (StateSyncRequestHandler.cs:17) 玩家ID:482736422909116417 移动方向: 0.99802667 , 0 , -0.06279053
2025-12-06 16:53:15.5181 (StateSyncRequestHandler.cs:17) 玩家ID:482736422909116417 移动到新位置: -0.82930726 , 0 , 3.6124704
2025-12-06 16:53:15.6207 (StateSyncRequestHandler.cs:17) 玩家ID:482736422909116417 移动方向: 0.99802667 , 0 , -0.06279053
2025-12-06 16:53:15.6207 (StateSyncRequestHandler.cs:17) 玩家ID:482736422909116417 移动到新位置: -0.52989924 , 0 , 3.5936332
2025-12-06 16:53:15.7160 (StateSyncRequestHandler.cs:17) 玩家ID:482736422909116417 移动方向: 0.99802667 , 0 , -0.06279053
2025-12-06 16:53:15.7160 (StateSyncRequestHandler.cs:17) 玩家ID:482736422909116417 移动到新位置: -0.23049122 , 0 , 3.574796
2025-12-06 16:53:15.8182 (StateSyncRequestHandler.cs:17) 玩家ID:482736422909116417 移动方向: 0.99802667 , 0 , -0.06279053
2025-12-06 16:53:15.8182 (StateSyncRequestHandler.cs:17) 玩家ID:482736422909116417 移动到新位置: 0.0689168 , 0 , 3.5559587
2025-12-06 16:53:15.9223 (StateSyncRequestHandler.cs:17) 玩家ID:482736422909116417 移动方向: 0.99802667 , 0 , -0.06279053
2025-12-06 16:53:15.9223 (StateSyncRequestHandler.cs:17) 玩家ID:482736422909116417 移动到新位置: 0.36832482 , 0 , 3.5371215
2025-12-06 16:53:16.0160 (StateSyncRequestHandler.cs:17) 玩家ID:482736422909116417 移动方向: 0.99802667 , 0 , -0.06279053
2025-12-06 16:53:16.0160 (StateSyncRequestHandler.cs:17) 玩家ID:482736422909116417 移动到新位置: 0.66773283 , 0 , 3.5182843
2025-12-06 16:53:16.1176 (StateSyncRequestHandler.cs:17) 玩家ID:482736422909116417 移动方向: 0.75011104 , 0 , 0.66131186
2025-12-06 16:53:16.1176 (StateSyncRequestHandler.cs:17) 玩家ID:482736422909116417 移动到新位置: 0.8927661 , 0 , 3.716678
2025-12-06 16:53:16.2216 (StateSyncRequestHandler.cs:17) 玩家ID:482736422909116417 移动方向: 0.06279053 , 0 , 0.9980267
2025-12-06 16:53:16.2216 (StateSyncRequestHandler.cs:17) 玩家ID:482736422909116417 移动到新位置: 0.9116033 , 0 , 4.016086
2025-12-06 16:53:16.3201 (StateSyncRequestHandler.cs:17) 玩家ID:482736422909116417 移动方向: 0.06279053 , 0 , 0.9980267
2025-12-06 16:53:16.3201 (StateSyncRequestHandler.cs:17) 玩家ID:482736422909116417 移动到新位置: 0.9304404 , 0 , 4.315494
2025-12-06 16:53:16.4190 (StateSyncRequestHandler.cs:17) 玩家ID:482736422909116417 移动方向: 0.06279053 , 0 , 0.9980267
2025-12-06 16:53:16.4190 (StateSyncRequestHandler.cs:17) 玩家ID:482736422909116417 移动到新位置: 0.9492776 , 0 , 4.614902
2025-12-06 16:53:16.5217 (StateSyncRequestHandler.cs:17) 玩家ID:482736422909116417 移动方向: 0.75011104 , 0 , 0.66131186
2025-12-06 16:53:16.5217 (StateSyncRequestHandler.cs:17) 玩家ID:482736422909116417 移动到新位置: 1.1743109 , 0 , 4.8132954
2025-12-06 16:53:16.6198 (StateSyncRequestHandler.cs:17) 玩家ID:482736422909116417 移动方向: 0.75011104 , 0 , 0.66131186
2025-12-06 16:53:16.6198 (StateSyncRequestHandler.cs:17) 玩家ID:482736422909116417 移动到新位置: 1.3993442 , 0 , 5.0116887
2025-12-06 16:53:16.7212 (StateSyncRequestHandler.cs:17) 玩家ID:482736422909116417 移动方向: 0.99802667 , 0 , -0.06279053
2025-12-06 16:53:16.7212 (StateSyncRequestHandler.cs:17) 玩家ID:482736422909116417 移动到新位置: 1.6987522 , 0 , 4.9928517
2025-12-06 16:53:16.8279 (StateSyncRequestHandler.cs:17) 玩家ID:482736422909116417 移动方向: 0.99802667 , 0 , -0.06279053
2025-12-06 16:53:16.8279 (StateSyncRequestHandler.cs:17) 玩家ID:482736422909116417 移动到新位置: 1.9981601 , 0 , 4.9740148
2025-12-06 16:53:16.9178 (StateSyncRequestHandler.cs:17) 玩家ID:482736422909116417 移动方向: 0.99803036 , 0 , -0.062732756
2025-12-06 16:53:16.9178 (StateSyncRequestHandler.cs:17) 玩家ID:482736422909116417 移动到新位置: 2.2975693 , 0 , 4.955195
2025-12-06 16:53:17.0196 (StateSyncRequestHandler.cs:17) 玩家ID:482736422909116417 移动方向: 0.9979354 , 0 , -0.06422592
2025-12-06 16:53:17.0196 (StateSyncRequestHandler.cs:17) 玩家ID:482736422909116417 移动到新位置: 2.5969498 , 0 , 4.9359274
2025-12-06 16:53:17.1314 (StateSyncRequestHandler.cs:17) 玩家ID:482736422909116417 移动方向: 0.20824479 , 0 , 0.97807676
2025-12-06 16:53:17.1314 (StateSyncRequestHandler.cs:17) 玩家ID:482736422909116417 移动到新位置: 2.6594234 , 0 , 5.2293506
2025-12-06 16:53:17.2219 (StateSyncRequestHandler.cs:17) 玩家ID:482736422909116417 移动方向: 0.6432729 , 0 , 0.76563704
2025-12-06 16:53:17.2219 (StateSyncRequestHandler.cs:17) 玩家ID:482736422909116417 移动到新位置: 2.8524053 , 0 , 5.4590416
2025-12-06 16:53:17.3309 (StateSyncRequestHandler.cs:17) 玩家ID:482736422909116417 移动方向: 0.93232167 , 0 , 0.3616299
2025-12-06 16:53:17.3309 (StateSyncRequestHandler.cs:17) 玩家ID:482736422909116417 移动到新位置: 3.1321018 , 0 , 5.5675306
2025-12-06 16:53:17.4167 (StateSyncRequestHandler.cs:17) 玩家ID:482736422909116417 移动方向: 0.99259675 , 0 , 0.12145656
2025-12-06 16:53:17.4167 (StateSyncRequestHandler.cs:17) 玩家ID:482736422909116417 移动到新位置: 3.4298809 , 0 , 5.6039677
2025-12-06 16:53:17.5181 (StateSyncRequestHandler.cs:17) 玩家ID:482736422909116417 移动方向: 0.9998763 , 0 , 0.015727263
2025-12-06 16:53:17.5181 (StateSyncRequestHandler.cs:17) 玩家ID:482736422909116417 移动到新位置: 3.7298436 , 0 , 5.608686
2025-12-06 16:53:17.6222 (StateSyncRequestHandler.cs:17) 玩家ID:482736422909116417 移动方向: 0.9996969 , 0 , -0.024618844
2025-12-06 16:53:17.6222 (StateSyncRequestHandler.cs:17) 玩家ID:482736422909116417 移动到新位置: 4.0297527 , 0 , 5.6013002
2025-12-06 16:53:17.7143 (StateSyncRequestHandler.cs:17) 玩家ID:482736422909116417 移动方向: 0.999306 , 0 , -0.03725009
2025-12-06 16:53:17.7143 (StateSyncRequestHandler.cs:17) 玩家ID:482736422909116417 移动到新位置: 4.3295445 , 0 , 5.590125
2025-12-06 16:53:17.8214 (StateSyncRequestHandler.cs:17) 玩家ID:482736422909116417 移动方向: 0.99913806 , 0 , -0.04150994
2025-12-06 16:53:17.8214 (StateSyncRequestHandler.cs:17) 玩家ID:482736422909116417 移动到新位置: 4.629286 , 0 , 5.577672
2025-12-06 16:53:17.9203 (StateSyncRequestHandler.cs:17) 玩家ID:482736422909116417 移动方向: 0.999089 , 0 , -0.042675007
2025-12-06 16:53:17.9203 (StateSyncRequestHandler.cs:17) 玩家ID:482736422909116417 移动到新位置: 4.9290123 , 0 , 5.5648694
2025-12-06 16:53:18.0180 (StateSyncRequestHandler.cs:17) 玩家ID:482736422909116417 移动方向: 0.99907404 , 0 , -0.043023977
2025-12-06 16:53:18.0180 (StateSyncRequestHandler.cs:17) 玩家ID:482736422909116417 移动到新位置: 5.2287345 , 0 , 5.5519624
2025-12-06 16:53:18.1194 (StateSyncRequestHandler.cs:17) 玩家ID:482736422909116417 移动方向: 0.99906904 , 0 , -0.043138783
2025-12-06 16:53:18.1194 (StateSyncRequestHandler.cs:17) 玩家ID:482736422909116417 移动到新位置: 5.5284553 , 0 , 5.5390205
2025-12-06 16:53:18.2177 (StateSyncRequestHandler.cs:17) 玩家ID:482736422909116417 移动方向: 0.9990678 , 0 , -0.043169755
2025-12-06 16:53:18.2177 (StateSyncRequestHandler.cs:17) 玩家ID:482736422909116417 移动到新位置: 5.8281755 , 0 , 5.5260696
2025-12-06 16:53:18.3215 (StateSyncRequestHandler.cs:17) 玩家ID:482736422909116417 移动方向: 0.99906737 , 0 , -0.04317976
2025-12-06 16:53:18.3215 (StateSyncRequestHandler.cs:17) 玩家ID:482736422909116417 移动到新位置: 6.127896 , 0 , 5.513116
2025-12-06 16:53:18.4144 (StateSyncRequestHandler.cs:17) 玩家ID:482736422909116417 移动方向: -0.9990672 , 0 , 0.04318238
2025-12-06 16:53:18.4144 (StateSyncRequestHandler.cs:17) 玩家ID:482736422909116417 移动到新位置: 5.8281755 , 0 , 5.5260706
2025-12-06 16:53:18.5247 (StateSyncRequestHandler.cs:17) 玩家ID:482736422909116417 移动方向: -0.9990672 , 0 , 0.04318238
2025-12-06 16:53:18.5247 (StateSyncRequestHandler.cs:17) 玩家ID:482736422909116417 移动到新位置: 5.5284553 , 0 , 5.5390253
2025-12-06 16:53:18.6151 (StateSyncRequestHandler.cs:17) 玩家ID:482736422909116417 移动方向: -0.9990672 , 0 , 0.04318238
2025-12-06 16:53:18.6151 (StateSyncRequestHandler.cs:17) 玩家ID:482736422909116417 移动到新位置: 5.228735 , 0 , 5.55198
2025-12-06 16:53:18.7184 (StateSyncRequestHandler.cs:17) 玩家ID:482736422909116417 移动方向: -0.9990672 , 0 , 0.04318238
2025-12-06 16:53:18.7184 (StateSyncRequestHandler.cs:17) 玩家ID:482736422909116417 移动到新位置: 4.9290147 , 0 , 5.5649347
2025-12-06 16:53:18.8167 (StateSyncRequestHandler.cs:17) 玩家ID:482736422909116417 移动方向: -0.9990672 , 0 , 0.04318238
2025-12-06 16:53:18.8167 (StateSyncRequestHandler.cs:17) 玩家ID:482736422909116417 移动到新位置: 4.6292944 , 0 , 5.5778894
2025-12-06 16:53:18.9180 (StateSyncRequestHandler.cs:17) 玩家ID:482736422909116417 移动方向: -0.9990672 , 0 , 0.04318238
2025-12-06 16:53:18.9180 (StateSyncRequestHandler.cs:17) 玩家ID:482736422909116417 移动到新位置: 4.329574 , 0 , 5.590844
2025-12-06 16:53:19.0177 (StateSyncRequestHandler.cs:17) 玩家ID:482736422909116417 移动方向: -0.9990672 , 0 , 0.04318238
2025-12-06 16:53:19.0177 (StateSyncRequestHandler.cs:17) 玩家ID:482736422909116417 移动到新位置: 4.029854 , 0 , 5.603799
2025-12-06 16:53:19.1181 (StateSyncRequestHandler.cs:17) 玩家ID:482736422909116417 移动方向: -0.9990672 , 0 , 0.04318238
2025-12-06 16:53:19.1181 (StateSyncRequestHandler.cs:17) 玩家ID:482736422909116417 移动到新位置: 3.7301338 , 0 , 5.6167536
2025-12-06 16:53:19.2180 (StateSyncRequestHandler.cs:17) 玩家ID:482736422909116417 移动方向: -0.9990672 , 0 , 0.04318238
2025-12-06 16:53:19.2180 (StateSyncRequestHandler.cs:17) 玩家ID:482736422909116417 移动到新位置: 3.4304137 , 0 , 5.6297083
2025-12-06 16:53:19.3182 (StateSyncRequestHandler.cs:17) 玩家ID:482736422909116417 移动到新位置: 3.4304137 , 0 , 5.6297083
2025-12-06 16:53:19.4174 (StateSyncRequestHandler.cs:17) 玩家ID:482736422909116417 移动方向: 0.9990672 , 0 , -0.04318238
2025-12-06 16:53:19.4174 (StateSyncRequestHandler.cs:17) 玩家ID:482736422909116417 移动到新位置: 3.7301338 , 0 , 5.6167536
2025-12-06 16:53:19.5165 (StateSyncRequestHandler.cs:17) 玩家ID:482736422909116417 移动方向: 0.9990672 , 0 , -0.04318238
2025-12-06 16:53:19.5165 (StateSyncRequestHandler.cs:17) 玩家ID:482736422909116417 移动到新位置: 4.029854 , 0 , 5.603799
2025-12-06 16:53:19.6223 (StateSyncRequestHandler.cs:17) 玩家ID:482736422909116417 移动方向: 0.9990672 , 0 , -0.04318238
2025-12-06 16:53:19.6223 (StateSyncRequestHandler.cs:17) 玩家ID:482736422909116417 移动到新位置: 4.329574 , 0 , 5.590844
2025-12-06 16:53:19.7223 (StateSyncRequestHandler.cs:17) 玩家ID:482736422909116417 移动方向: 0.9990672 , 0 , -0.04318238
2025-12-06 16:53:19.7223 (StateSyncRequestHandler.cs:17) 玩家ID:482736422909116417 移动到新位置: 4.6292944 , 0 , 5.5778894
2025-12-06 16:53:19.8182 (StateSyncRequestHandler.cs:17) 玩家ID:482736422909116417 移动方向: 0.73698175 , 0 , 0.6759126
2025-12-06 16:53:19.8182 (StateSyncRequestHandler.cs:17) 玩家ID:482736422909116417 移动到新位置: 4.850389 , 0 , 5.780663
2025-12-06 16:53:19.9166 (StateSyncRequestHandler.cs:17) 玩家ID:482736422909116417 移动方向: 0.04318238 , 0 , 0.9990672
2025-12-06 16:53:19.9166 (StateSyncRequestHandler.cs:17) 玩家ID:482736422909116417 移动到新位置: 4.8633437 , 0 , 6.0803833
2025-12-06 16:53:20.0222 (StateSyncRequestHandler.cs:17) 玩家ID:482736422909116417 移动方向: -0.9990672 , 0 , 0.04318238
2025-12-06 16:53:20.0222 (StateSyncRequestHandler.cs:17) 玩家ID:482736422909116417 移动到新位置: 4.5636234 , 0 , 6.093338
2025-12-06 16:53:20.1182 (StateSyncRequestHandler.cs:17) 玩家ID:482736422909116417 移动方向: -0.9990672 , 0 , 0.04318238
2025-12-06 16:53:20.1182 (StateSyncRequestHandler.cs:17) 玩家ID:482736422909116417 移动到新位置: 4.263903 , 0 , 6.1062927
2025-12-06 16:53:20.2211 (StateSyncRequestHandler.cs:17) 玩家ID:482736422909116417 移动方向: -0.9990672 , 0 , 0.04318238
2025-12-06 16:53:20.2211 (StateSyncRequestHandler.cs:17) 玩家ID:482736422909116417 移动到新位置: 3.964183 , 0 , 6.1192474
2025-12-06 16:53:20.3169 (StateSyncRequestHandler.cs:17) 玩家ID:482736422909116417 移动方向: -0.9990672 , 0 , 0.04318238
2025-12-06 16:53:20.3169 (StateSyncRequestHandler.cs:17) 玩家ID:482736422909116417 移动到新位置: 3.664463 , 0 , 6.132202
2025-12-06 16:53:20.4156 (StateSyncRequestHandler.cs:17) 玩家ID:482736422909116417 移动方向: -0.9990672 , 0 , 0.04318238
2025-12-06 16:53:20.4156 (StateSyncRequestHandler.cs:17) 玩家ID:482736422909116417 移动到新位置: 3.364743 , 0 , 6.145157
2025-12-06 16:53:20.5152 (StateSyncRequestHandler.cs:17) 玩家ID:482736422909116417 移动方向: -0.99906874 , 0 , 0.043147843
2025-12-06 16:53:20.5152 (StateSyncRequestHandler.cs:17) 玩家ID:482736422909116417 移动到新位置: 3.0650225 , 0 , 6.158101
2025-12-06 16:53:20.6139 (StateSyncRequestHandler.cs:17) 玩家ID:482736422909116417 移动方向: -0.9991407 , 0 , 0.041446578
2025-12-06 16:53:20.6139 (StateSyncRequestHandler.cs:17) 玩家ID:482736422909116417 移动到新位置: 2.7652802 , 0 , 6.170535
2025-12-06 16:53:20.7157 (StateSyncRequestHandler.cs:17) 玩家ID:482736422909116417 移动方向: -0.99919355 , 0 , 0.04015257
2025-12-06 16:53:20.7157 (StateSyncRequestHandler.cs:17) 玩家ID:482736422909116417 移动到新位置: 2.4655223 , 0 , 6.182581
2025-12-06 16:53:20.8273 (StateSyncRequestHandler.cs:17) 玩家ID:482736422909116417 移动方向: 0.9992171 , 0 , -0.039561518
2025-12-06 16:53:20.8273 (StateSyncRequestHandler.cs:17) 玩家ID:482736422909116417 移动到新位置: 2.7652874 , 0 , 6.1707125
2025-12-06 16:53:20.9146 (StateSyncRequestHandler.cs:17) 玩家ID:482736422909116417 移动方向: 0.99922496 , 0 , -0.039363552
2025-12-06 16:53:20.9146 (StateSyncRequestHandler.cs:17) 玩家ID:482736422909116417 移动到新位置: 3.065055 , 0 , 6.1589036
2025-12-06 16:53:21.0266 (StateSyncRequestHandler.cs:17) 玩家ID:482736422909116417 移动方向: 0.99922776 , 0 , -0.03929184
2025-12-06 16:53:21.0266 (StateSyncRequestHandler.cs:17) 玩家ID:482736422909116417 移动到新位置: 3.3648233 , 0 , 6.147116
2025-12-06 16:53:21.1191 (StateSyncRequestHandler.cs:17) 玩家ID:482736422909116417 移动方向: 0.9992287 , 0 , -0.039269213
2025-12-06 16:53:21.1191 (StateSyncRequestHandler.cs:17) 玩家ID:482736422909116417 移动到新位置: 3.664592 , 0 , 6.1353354
2025-12-06 16:53:21.2190 (StateSyncRequestHandler.cs:17) 玩家ID:482736422909116417 移动方向: 0.99922895 , 0 , -0.03926278
2025-12-06 16:53:21.2190 (StateSyncRequestHandler.cs:17) 玩家ID:482736422909116417 移动到新位置: 3.9643607 , 0 , 6.1235566
2025-12-06 16:53:21.3184 (StateSyncRequestHandler.cs:17) 玩家ID:482736422909116417 移动方向: 0.99922895 , 0 , -0.03926039
2025-12-06 16:53:21.3184 (StateSyncRequestHandler.cs:17) 玩家ID:482736422909116417 移动到新位置: 4.2641296 , 0 , 6.1117783
2025-12-06 16:53:21.4199 (StateSyncRequestHandler.cs:17) 玩家ID:482736422909116417 移动方向: 0.99922895 , 0 , -0.03926039
2025-12-06 16:53:21.4199 (StateSyncRequestHandler.cs:17) 玩家ID:482736422909116417 移动到新位置: 4.563898 , 0 , 6.1
2025-12-06 16:53:21.5161 (StateSyncRequestHandler.cs:17) 玩家ID:482736422909116417 移动方向: 0.99922895 , 0 , -0.03926039
2025-12-06 16:53:21.5161 (StateSyncRequestHandler.cs:17) 玩家ID:482736422909116417 移动到新位置: 4.8636665 , 0 , 6.0882215
2025-12-06 16:53:21.6215 (StateSyncRequestHandler.cs:17) 玩家ID:482736422909116417 移动方向: 0.99922895 , 0 , -0.03926039
2025-12-06 16:53:21.6215 (StateSyncRequestHandler.cs:17) 玩家ID:482736422909116417 移动到新位置: 5.163435 , 0 , 6.076443
2025-12-06 16:53:21.7186 (StateSyncRequestHandler.cs:17) 玩家ID:482736422909116417 移动方向: 0.99922895 , 0 , -0.03926039
2025-12-06 16:53:21.7186 (StateSyncRequestHandler.cs:17) 玩家ID:482736422909116417 移动到新位置: 5.4632034 , 0 , 6.064665
2025-12-06 16:53:21.8163 (StateSyncRequestHandler.cs:17) 玩家ID:482736422909116417 移动方向: -0.99922895 , 0 , 0.03926039
2025-12-06 16:53:21.8163 (StateSyncRequestHandler.cs:17) 玩家ID:482736422909116417 移动到新位置: 5.163435 , 0 , 6.076443
2025-12-06 16:53:21.9251 (StateSyncRequestHandler.cs:17) 玩家ID:482736422909116417 移动方向: -0.99922895 , 0 , 0.03926039
2025-12-06 16:53:21.9251 (StateSyncRequestHandler.cs:17) 玩家ID:482736422909116417 移动到新位置: 4.8636665 , 0 , 6.0882215
2025-12-06 16:53:22.0219 (StateSyncRequestHandler.cs:17) 玩家ID:482736422909116417 移动方向: -0.99922895 , 0 , 0.03926039
2025-12-06 16:53:22.0219 (StateSyncRequestHandler.cs:17) 玩家ID:482736422909116417 移动到新位置: 4.563898 , 0 , 6.1
2025-12-06 16:53:22.1166 (StateSyncRequestHandler.cs:17) 玩家ID:482736422909116417 移动方向: -0.99922895 , 0 , 0.03926039
2025-12-06 16:53:22.1166 (StateSyncRequestHandler.cs:17) 玩家ID:482736422909116417 移动到新位置: 4.2641296 , 0 , 6.1117783
2025-12-06 16:53:22.2274 (StateSyncRequestHandler.cs:17) 玩家ID:482736422909116417 移动方向: -0.99922895 , 0 , 0.03926039
2025-12-06 16:53:22.2274 (StateSyncRequestHandler.cs:17) 玩家ID:482736422909116417 移动到新位置: 3.964361 , 0 , 6.1235566
2025-12-06 16:53:22.3178 (StateSyncRequestHandler.cs:17) 玩家ID:482736422909116417 移动方向: -0.99922895 , 0 , 0.03926039
2025-12-06 16:53:22.3178 (StateSyncRequestHandler.cs:17) 玩家ID:482736422909116417 移动到新位置: 3.6645923 , 0 , 6.135335
2025-12-06 16:53:22.4236 (StateSyncRequestHandler.cs:17) 玩家ID:482736422909116417 移动方向: -0.99922895 , 0 , 0.03926039
2025-12-06 16:53:22.4236 (StateSyncRequestHandler.cs:17) 玩家ID:482736422909116417 移动到新位置: 3.3648236 , 0 , 6.1471133
2025-12-06 16:53:22.5140 (StateSyncRequestHandler.cs:17) 玩家ID:482736422909116417 移动方向: -0.99922895 , 0 , 0.03926039
2025-12-06 16:53:22.5140 (StateSyncRequestHandler.cs:17) 玩家ID:482736422909116417 移动到新位置: 3.065055 , 0 , 6.1588917
2025-12-06 16:53:22.6224 (StateSyncRequestHandler.cs:17) 玩家ID:482736422909116417 移动方向: -0.99922895 , 0 , 0.03926039
2025-12-06 16:53:22.6224 (StateSyncRequestHandler.cs:17) 玩家ID:482736422909116417 移动到新位置: 2.7652862 , 0 , 6.17067
2025-12-06 16:53:22.7231 (StateSyncRequestHandler.cs:17) 玩家ID:482736422909116417 移动方向: -0.99922895 , 0 , 0.03926039
2025-12-06 16:53:22.7231 (StateSyncRequestHandler.cs:17) 玩家ID:482736422909116417 移动到新位置: 2.4655175 , 0 , 6.1824484
2025-12-06 16:53:22.8180 (StateSyncRequestHandler.cs:17) 玩家ID:482736422909116417 移动方向: -0.99922895 , 0 , 0.03926039
2025-12-06 16:53:22.8180 (StateSyncRequestHandler.cs:17) 玩家ID:482736422909116417 移动到新位置: 2.1657488 , 0 , 6.1942267
2025-12-06 16:53:22.9146 (StateSyncRequestHandler.cs:17) 玩家ID:482736422909116417 移动方向: -0.99922895 , 0 , 0.03926039
2025-12-06 16:53:22.9146 (StateSyncRequestHandler.cs:17) 玩家ID:482736422909116417 移动到新位置: 1.8659801 , 0 , 6.206005
2025-12-06 16:53:23.0133 (StateSyncRequestHandler.cs:17) 玩家ID:482736422909116417 移动方向: -0.99922895 , 0 , 0.03926039
2025-12-06 16:53:23.0133 (StateSyncRequestHandler.cs:17) 玩家ID:482736422909116417 移动到新位置: 1.5662115 , 0 , 6.2177835
2025-12-06 16:53:23.1215 (StateSyncRequestHandler.cs:17) 玩家ID:482736422909116417 移动方向: -0.99922895 , 0 , 0.03926039
2025-12-06 16:53:23.1215 (StateSyncRequestHandler.cs:17) 玩家ID:482736422909116417 移动到新位置: 1.2664428 , 0 , 6.229562
2025-12-06 16:53:23.2191 (StateSyncRequestHandler.cs:17) 玩家ID:482736422909116417 移动方向: -0.99922895 , 0 , 0.03926039
2025-12-06 16:53:23.2191 (StateSyncRequestHandler.cs:17) 玩家ID:482736422909116417 移动到新位置: 0.9666741 , 0 , 6.24134
2025-12-06 16:53:23.3249 (StateSyncRequestHandler.cs:17) 玩家ID:482736422909116417 移动方向: -0.99922997 , 0 , 0.03923752
2025-12-06 16:53:23.3249 (StateSyncRequestHandler.cs:17) 玩家ID:482736422909116417 移动到新位置: 0.6669051 , 0 , 6.2531114
2025-12-06 16:53:23.4215 (StateSyncRequestHandler.cs:17) 玩家ID:482736422909116417 移动方向: -0.9996565 , 0 , 0.026208824
2025-12-06 16:53:23.4215 (StateSyncRequestHandler.cs:17) 玩家ID:482736422909116417 移动到新位置: 0.36700815 , 0 , 6.260974
2025-12-06 16:53:23.5200 (StateSyncRequestHandler.cs:17) 玩家ID:482736422909116417 移动方向: -0.99991417 , 0 , 0.013099859
2025-12-06 16:53:23.5200 (StateSyncRequestHandler.cs:17) 玩家ID:482736422909116417 移动到新位置: 0.06703392 , 0 , 6.264904
2025-12-06 16:53:23.6200 (StateSyncRequestHandler.cs:17) 玩家ID:482736422909116417 移动方向: -0.9999731 , 0 , 0.0073280553
2025-12-06 16:53:23.6200 (StateSyncRequestHandler.cs:17) 玩家ID:482736422909116417 移动到新位置: -0.23295799 , 0 , 6.2671022
2025-12-06 16:53:23.7157 (StateSyncRequestHandler.cs:17) 玩家ID:482736422909116417 移动方向: -0.99998707 , 0 , 0.0050941166
2025-12-06 16:53:23.7157 (StateSyncRequestHandler.cs:17) 玩家ID:482736422909116417 移动到新位置: -0.5329541 , 0 , 6.2686305
2025-12-06 16:53:23.8251 (StateSyncRequestHandler.cs:17) 玩家ID:482736422909116417 移动方向: -0.9999907 , 0 , 0.0043044835
2025-12-06 16:53:23.8251 (StateSyncRequestHandler.cs:17) 玩家ID:482736422909116417 移动到新位置: -0.8329513 , 0 , 6.269922
2025-12-06 16:53:23.9162 (StateSyncRequestHandler.cs:17) 玩家ID:482736422909116417 移动方向: -0.99999183 , 0 , 0.00404294
2025-12-06 16:53:23.9162 (StateSyncRequestHandler.cs:17) 玩家ID:482736422909116417 移动到新位置: -1.1329489 , 0 , 6.271135
2025-12-06 16:53:24.0230 (StateSyncRequestHandler.cs:17) 玩家ID:482736422909116417 移动方向: -0.9999922 , 0 , 0.003959971
2025-12-06 16:53:24.0230 (StateSyncRequestHandler.cs:17) 玩家ID:482736422909116417 移动到新位置: -1.4329466 , 0 , 6.2723227
2025-12-06 16:53:24.1199 (StateSyncRequestHandler.cs:17) 玩家ID:482736422909116417 移动方向: -0.9999923 , 0 , 0.0039366065
2025-12-06 16:53:24.1199 (StateSyncRequestHandler.cs:17) 玩家ID:482736422909116417 移动到新位置: -1.7329443 , 0 , 6.273504
2025-12-06 16:53:24.2215 (StateSyncRequestHandler.cs:17) 玩家ID:482736422909116417 移动方向: -0.9999923 , 0 , 0.003929692
2025-12-06 16:53:24.2215 (StateSyncRequestHandler.cs:17) 玩家ID:482736422909116417 移动到新位置: -2.0329418 , 0 , 6.2746825
2025-12-06 16:53:24.3178 (StateSyncRequestHandler.cs:17) 玩家ID:482736422909116417 移动到新位置: -2.0329418 , 0 , 6.2746825
2025-12-06 16:53:29.0436  创建队伍成功 队伍ID：1000 玩家ID：482736422909116417
2025-12-06 16:53:41.1756  创建队伍成功 队伍ID：1001 玩家ID：482736422909116417
2025-12-06 16:55:20.6856  收到登录请求
2025-12-06 16:55:20.7478  进入大厅成功，玩家ID:482736422909116417
2025-12-06 16:55:24.3555 (StateSyncRequestHandler.cs:17) 玩家ID:482736422909116417 移动方向: 0.97833866 , 0 , 0.20701091
2025-12-06 16:55:24.3555 (StateSyncRequestHandler.cs:17) 玩家ID:482736422909116417 移动到新位置: -1.8372741 , 0 , 6.316085
2025-12-06 16:55:24.4657 (StateSyncRequestHandler.cs:17) 玩家ID:482736422909116417 移动方向: 0.9699992 , 0 , 0.24310818
2025-12-06 16:55:24.4657 (StateSyncRequestHandler.cs:17) 玩家ID:482736422909116417 移动到新位置: -1.6432742 , 0 , 6.3647065
2025-12-06 16:55:24.5577 (StateSyncRequestHandler.cs:17) 玩家ID:482736422909116417 移动方向: 0.9661565 , 0 , 0.25795665
2025-12-06 16:55:24.5577 (StateSyncRequestHandler.cs:17) 玩家ID:482736422909116417 移动到新位置: -1.450043 , 0 , 6.416298
2025-12-06 16:55:24.6508 (StateSyncRequestHandler.cs:17) 玩家ID:482736422909116417 移动方向: 0.96443766 , 0 , 0.26431048
2025-12-06 16:55:24.6508 (StateSyncRequestHandler.cs:17) 玩家ID:482736422909116417 移动到新位置: -1.2571554 , 0 , 6.46916
2025-12-06 16:55:24.7586 (StateSyncRequestHandler.cs:17) 玩家ID:482736422909116417 移动方向: 0.9637906 , 0 , 0.26666018
2025-12-06 16:55:24.7586 (StateSyncRequestHandler.cs:17) 玩家ID:482736422909116417 移动到新位置: -1.0643973 , 0 , 6.522492
2025-12-06 16:55:24.8516 (StateSyncRequestHandler.cs:17) 玩家ID:482736422909116417 移动方向: 0.87039393 , 0 , -0.492356
2025-12-06 16:55:24.8516 (StateSyncRequestHandler.cs:17) 玩家ID:482736422909116417 移动到新位置: -0.8903186 , 0 , 6.424021
2025-12-06 16:55:24.9620 (StateSyncRequestHandler.cs:17) 玩家ID:482736422909116417 移动方向: 0.2675307 , 0 , -0.9635494
2025-12-06 16:55:24.9620 (StateSyncRequestHandler.cs:17) 玩家ID:482736422909116417 移动到新位置: -0.83681244 , 0 , 6.231311
2025-12-06 16:55:25.0551 (StateSyncRequestHandler.cs:17) 玩家ID:482736422909116417 移动方向: 0.26762453 , 0 , -0.9635233
2025-12-06 16:55:25.0551 (StateSyncRequestHandler.cs:17) 玩家ID:482736422909116417 移动到新位置: -0.7832875 , 0 , 6.038606
2025-12-06 16:55:25.1483 (StateSyncRequestHandler.cs:17) 玩家ID:482736422909116417 移动方向: -0.49205196 , 0 , -0.8705658
2025-12-06 16:55:25.1483 (StateSyncRequestHandler.cs:17) 玩家ID:482736422909116417 移动到新位置: -0.8816979 , 0 , 5.864493
2025-12-06 16:55:25.2581 (StateSyncRequestHandler.cs:17) 玩家ID:482736422909116417 移动方向: -0.96351445 , 0 , -0.26765636
2025-12-06 16:55:25.2581 (StateSyncRequestHandler.cs:17) 玩家ID:482736422909116417 移动到新位置: -1.0744008 , 0 , 5.8109617
2025-12-06 16:55:25.3517 (StateSyncRequestHandler.cs:17) 玩家ID:482736422909116417 移动方向: -0.96351415 , 0 , -0.2676575
2025-12-06 16:55:25.3517 (StateSyncRequestHandler.cs:17) 玩家ID:482736422909116417 移动到新位置: -1.2671037 , 0 , 5.75743
2025-12-06 16:55:25.4443 (StateSyncRequestHandler.cs:17) 玩家ID:482736422909116417 移动方向: -0.96351385 , 0 , -0.26765856
2025-12-06 16:55:25.4443 (StateSyncRequestHandler.cs:17) 玩家ID:482736422909116417 移动到新位置: -1.4598064 , 0 , 5.7038984
2025-12-06 16:55:25.5546 (StateSyncRequestHandler.cs:17) 玩家ID:482736422909116417 移动方向: -0.9635138 , 0 , -0.2676587
2025-12-06 16:55:25.5546 (StateSyncRequestHandler.cs:17) 玩家ID:482736422909116417 移动到新位置: -1.6525092 , 0 , 5.650367
2025-12-06 16:55:25.6630 (StateSyncRequestHandler.cs:17) 玩家ID:482736422909116417 移动方向: -0.9635138 , 0 , -0.26765877
2025-12-06 16:55:25.6630 (StateSyncRequestHandler.cs:17) 玩家ID:482736422909116417 移动到新位置: -1.845212 , 0 , 5.596835
2025-12-06 16:55:25.7554 (StateSyncRequestHandler.cs:17) 玩家ID:482736422909116417 移动方向: -0.9635138 , 0 , -0.26765877
2025-12-06 16:55:25.7561 (StateSyncRequestHandler.cs:17) 玩家ID:482736422909116417 移动到新位置: -2.0379148 , 0 , 5.5433035
2025-12-06 16:55:25.8636 (StateSyncRequestHandler.cs:17) 玩家ID:482736422909116417 移动方向: -0.9635138 , 0 , -0.26765877
2025-12-06 16:55:25.8636 (StateSyncRequestHandler.cs:17) 玩家ID:482736422909116417 移动到新位置: -2.2306175 , 0 , 5.489772
2025-12-06 16:55:25.9572 (StateSyncRequestHandler.cs:17) 玩家ID:482736422909116417 移动方向: -0.9635138 , 0 , -0.26765877
2025-12-06 16:55:25.9572 (StateSyncRequestHandler.cs:17) 玩家ID:482736422909116417 移动到新位置: -2.4233203 , 0 , 5.43624
2025-12-06 16:55:26.0669 (StateSyncRequestHandler.cs:17) 玩家ID:482736422909116417 移动方向: -0.9635138 , 0 , -0.26765877
2025-12-06 16:55:26.0669 (StateSyncRequestHandler.cs:17) 玩家ID:482736422909116417 移动到新位置: -2.616023 , 0 , 5.3827085
2025-12-06 16:55:26.1446 (StateSyncRequestHandler.cs:17) 玩家ID:482736422909116417 移动方向: 0.26765877 , 0 , -0.9635138
2025-12-06 16:55:26.1446 (StateSyncRequestHandler.cs:17) 玩家ID:482736422909116417 移动到新位置: -2.5624914 , 0 , 5.190006
2025-12-06 16:55:26.2551 (StateSyncRequestHandler.cs:17) 玩家ID:482736422909116417 移动方向: 0.26765877 , 0 , -0.9635138
2025-12-06 16:55:26.2557 (StateSyncRequestHandler.cs:17) 玩家ID:482736422909116417 移动到新位置: -2.5089598 , 0 , 4.997303
2025-12-06 16:55:26.3466 (StateSyncRequestHandler.cs:17) 玩家ID:482736422909116417 移动方向: 0.26765877 , 0 , -0.9635138
2025-12-06 16:55:26.3466 (StateSyncRequestHandler.cs:17) 玩家ID:482736422909116417 移动到新位置: -2.4554281 , 0 , 4.8046002
2025-12-06 16:55:26.4532 (StateSyncRequestHandler.cs:17) 玩家ID:482736422909116417 移动方向: 0.26765877 , 0 , -0.9635138
2025-12-06 16:55:26.4532 (StateSyncRequestHandler.cs:17) 玩家ID:482736422909116417 移动到新位置: -2.4018965 , 0 , 4.6118975
2025-12-06 16:55:26.5497 (StateSyncRequestHandler.cs:17) 玩家ID:482736422909116417 移动方向: 0.26765877 , 0 , -0.9635138
2025-12-06 16:55:26.5497 (StateSyncRequestHandler.cs:17) 玩家ID:482736422909116417 移动到新位置: -2.3483648 , 0 , 4.4191947
2025-12-06 16:55:26.6562 (StateSyncRequestHandler.cs:17) 玩家ID:482736422909116417 移动方向: 0.26765877 , 0 , -0.9635138
2025-12-06 16:55:26.6562 (StateSyncRequestHandler.cs:17) 玩家ID:482736422909116417 移动到新位置: -2.2948332 , 0 , 4.226492
2025-12-06 16:55:26.7502 (StateSyncRequestHandler.cs:17) 玩家ID:482736422909116417 移动方向: 0.26765877 , 0 , -0.9635138
2025-12-06 16:55:26.7502 (StateSyncRequestHandler.cs:17) 玩家ID:482736422909116417 移动到新位置: -2.2413015 , 0 , 4.033789
2025-12-06 16:55:26.8590 (StateSyncRequestHandler.cs:17) 玩家ID:482736422909116417 移动方向: -0.4920438 , 0 , -0.8705705
2025-12-06 16:55:26.8590 (StateSyncRequestHandler.cs:17) 玩家ID:482736422909116417 移动到新位置: -2.3397102 , 0 , 3.8596752
2025-12-06 16:55:26.9519 (StateSyncRequestHandler.cs:17) 玩家ID:482736422909116417 移动方向: -0.4920438 , 0 , -0.8705705
2025-12-06 16:55:26.9519 (StateSyncRequestHandler.cs:17) 玩家ID:482736422909116417 移动到新位置: -2.438119 , 0 , 3.6855612
2025-12-06 16:55:27.0449 (StateSyncRequestHandler.cs:17) 玩家ID:482736422909116417 移动方向: -0.4920438 , 0 , -0.8705705
2025-12-06 16:55:27.0449 (StateSyncRequestHandler.cs:17) 玩家ID:482736422909116417 移动到新位置: -2.5365276 , 0 , 3.5114472
2025-12-06 16:55:27.1531 (StateSyncRequestHandler.cs:17) 玩家ID:482736422909116417 移动方向: -0.9635138 , 0 , -0.26765877
2025-12-06 16:55:27.1531 (StateSyncRequestHandler.cs:17) 玩家ID:482736422909116417 移动到新位置: -2.7292304 , 0 , 3.4579155
2025-12-06 16:55:27.2606 (StateSyncRequestHandler.cs:17) 玩家ID:482736422909116417 移动方向: -0.9635138 , 0 , -0.26765877
2025-12-06 16:55:27.2606 (StateSyncRequestHandler.cs:17) 玩家ID:482736422909116417 移动到新位置: -2.9219332 , 0 , 3.404384
2025-12-06 16:55:27.3534 (StateSyncRequestHandler.cs:17) 玩家ID:482736422909116417 移动方向: -0.9635138 , 0 , -0.26765877
2025-12-06 16:55:27.3534 (StateSyncRequestHandler.cs:17) 玩家ID:482736422909116417 移动到新位置: -3.114636 , 0 , 3.3508523
2025-12-06 16:55:27.4464 (StateSyncRequestHandler.cs:17) 玩家ID:482736422909116417 移动方向: -0.9635138 , 0 , -0.26765877
2025-12-06 16:55:27.4464 (StateSyncRequestHandler.cs:17) 玩家ID:482736422909116417 移动到新位置: -3.3073387 , 0 , 3.2973206
2025-12-06 16:55:27.5552 (StateSyncRequestHandler.cs:17) 玩家ID:482736422909116417 移动到新位置: -3.3073387 , 0 , 3.2973206
2025-12-06 16:55:37.7332  创建队伍成功 队伍ID：1002 玩家ID：482736422909116417
2025-12-06 16:55:39.0437  EnterDungeonMessageHandler: Found 1 team members
