2025-12-06 16:52:38.8928 (EntryLobbyRequestHandler.cs:65) 玩家上次上线位置：x:3.792197, y:0, z:-0.1369646
2025-12-06 16:52:38.8928 (EntryLobbyRequestHandler.cs:83) 当前没有其他玩家在线，无需广播
2025-12-06 16:52:40.7554 (StateSyncRequestHandler.cs:35) 当前没有其他玩家在线，无需广播状态同步消息
2025-12-06 16:52:40.7554 (StateSyncRequestHandler.cs:35) 当前没有其他玩家在线，无需广播状态同步消息
2025-12-06 16:52:40.7768 (StateSyncRequestHandler.cs:35) 当前没有其他玩家在线，无需广播状态同步消息
2025-12-06 16:52:40.7768 (StateSyncRequestHandler.cs:35) 当前没有其他玩家在线，无需广播状态同步消息
2025-12-06 16:52:40.8180 (StateSyncRequestHandler.cs:35) 当前没有其他玩家在线，无需广播状态同步消息
2025-12-06 16:52:40.9195 (StateSyncRequestHandler.cs:35) 当前没有其他玩家在线，无需广播状态同步消息
2025-12-06 16:52:41.0151 (StateSyncRequestHandler.cs:35) 当前没有其他玩家在线，无需广播状态同步消息
2025-12-06 16:52:41.1182 (StateSyncRequestHandler.cs:35) 当前没有其他玩家在线，无需广播状态同步消息
2025-12-06 16:52:41.3178 (StateSyncRequestHandler.cs:35) 当前没有其他玩家在线，无需广播状态同步消息
2025-12-06 16:52:41.4194 (StateSyncRequestHandler.cs:35) 当前没有其他玩家在线，无需广播状态同步消息
2025-12-06 16:52:41.5183 (StateSyncRequestHandler.cs:35) 当前没有其他玩家在线，无需广播状态同步消息
2025-12-06 16:52:41.6197 (StateSyncRequestHandler.cs:35) 当前没有其他玩家在线，无需广播状态同步消息
2025-12-06 16:52:41.7189 (StateSyncRequestHandler.cs:35) 当前没有其他玩家在线，无需广播状态同步消息
2025-12-06 16:52:41.8220 (StateSyncRequestHandler.cs:35) 当前没有其他玩家在线，无需广播状态同步消息
2025-12-06 16:52:41.9174 (StateSyncRequestHandler.cs:35) 当前没有其他玩家在线，无需广播状态同步消息
2025-12-06 16:52:42.0140 (StateSyncRequestHandler.cs:35) 当前没有其他玩家在线，无需广播状态同步消息
2025-12-06 16:52:42.1261 (StateSyncRequestHandler.cs:35) 当前没有其他玩家在线，无需广播状态同步消息
2025-12-06 16:52:42.2181 (StateSyncRequestHandler.cs:35) 当前没有其他玩家在线，无需广播状态同步消息
2025-12-06 16:52:42.3141 (StateSyncRequestHandler.cs:35) 当前没有其他玩家在线，无需广播状态同步消息
2025-12-06 16:52:42.4195 (StateSyncRequestHandler.cs:35) 当前没有其他玩家在线，无需广播状态同步消息
2025-12-06 16:52:42.5293 (StateSyncRequestHandler.cs:35) 当前没有其他玩家在线，无需广播状态同步消息
2025-12-06 16:52:42.6199 (StateSyncRequestHandler.cs:35) 当前没有其他玩家在线，无需广播状态同步消息
2025-12-06 16:52:42.7214 (StateSyncRequestHandler.cs:35) 当前没有其他玩家在线，无需广播状态同步消息
2025-12-06 16:52:42.8199 (StateSyncRequestHandler.cs:35) 当前没有其他玩家在线，无需广播状态同步消息
2025-12-06 16:52:42.9224 (StateSyncRequestHandler.cs:35) 当前没有其他玩家在线，无需广播状态同步消息
2025-12-06 16:52:43.0196 (StateSyncRequestHandler.cs:35) 当前没有其他玩家在线，无需广播状态同步消息
2025-12-06 16:52:43.1162 (StateSyncRequestHandler.cs:35) 当前没有其他玩家在线，无需广播状态同步消息
2025-12-06 16:52:43.2293 (StateSyncRequestHandler.cs:35) 当前没有其他玩家在线，无需广播状态同步消息
2025-12-06 16:52:43.3184 (StateSyncRequestHandler.cs:35) 当前没有其他玩家在线，无需广播状态同步消息
2025-12-06 16:52:43.4227 (StateSyncRequestHandler.cs:35) 当前没有其他玩家在线，无需广播状态同步消息
2025-12-06 16:52:43.5148 (StateSyncRequestHandler.cs:35) 当前没有其他玩家在线，无需广播状态同步消息
2025-12-06 16:52:43.6225 (StateSyncRequestHandler.cs:35) 当前没有其他玩家在线，无需广播状态同步消息
2025-12-06 16:52:43.7206 (StateSyncRequestHandler.cs:35) 当前没有其他玩家在线，无需广播状态同步消息
2025-12-06 16:52:43.8156 (StateSyncRequestHandler.cs:35) 当前没有其他玩家在线，无需广播状态同步消息
2025-12-06 16:52:43.9160 (StateSyncRequestHandler.cs:35) 当前没有其他玩家在线，无需广播状态同步消息
2025-12-06 16:52:44.0216 (StateSyncRequestHandler.cs:35) 当前没有其他玩家在线，无需广播状态同步消息
2025-12-06 16:52:44.1183 (StateSyncRequestHandler.cs:35) 当前没有其他玩家在线，无需广播状态同步消息
2025-12-06 16:52:44.2136 (StateSyncRequestHandler.cs:35) 当前没有其他玩家在线，无需广播状态同步消息
2025-12-06 16:52:44.3194 (StateSyncRequestHandler.cs:35) 当前没有其他玩家在线，无需广播状态同步消息
2025-12-06 16:52:44.4247 (StateSyncRequestHandler.cs:35) 当前没有其他玩家在线，无需广播状态同步消息
2025-12-06 16:52:44.5295 (StateSyncRequestHandler.cs:35) 当前没有其他玩家在线，无需广播状态同步消息
2025-12-06 16:52:44.6154 (StateSyncRequestHandler.cs:35) 当前没有其他玩家在线，无需广播状态同步消息
2025-12-06 16:52:44.7236 (StateSyncRequestHandler.cs:35) 当前没有其他玩家在线，无需广播状态同步消息
2025-12-06 16:52:44.8176 (StateSyncRequestHandler.cs:35) 当前没有其他玩家在线，无需广播状态同步消息
2025-12-06 16:52:44.9214 (StateSyncRequestHandler.cs:35) 当前没有其他玩家在线，无需广播状态同步消息
2025-12-06 16:52:45.0219 (StateSyncRequestHandler.cs:35) 当前没有其他玩家在线，无需广播状态同步消息
2025-12-06 16:52:45.1135 (StateSyncRequestHandler.cs:35) 当前没有其他玩家在线，无需广播状态同步消息
2025-12-06 16:52:45.2211 (StateSyncRequestHandler.cs:35) 当前没有其他玩家在线，无需广播状态同步消息
2025-12-06 16:52:45.3207 (StateSyncRequestHandler.cs:35) 当前没有其他玩家在线，无需广播状态同步消息
2025-12-06 16:52:45.4197 (StateSyncRequestHandler.cs:35) 当前没有其他玩家在线，无需广播状态同步消息
2025-12-06 16:52:45.5200 (StateSyncRequestHandler.cs:35) 当前没有其他玩家在线，无需广播状态同步消息
2025-12-06 16:52:45.6151 (StateSyncRequestHandler.cs:35) 当前没有其他玩家在线，无需广播状态同步消息
2025-12-06 16:52:45.7153 (StateSyncRequestHandler.cs:35) 当前没有其他玩家在线，无需广播状态同步消息
2025-12-06 16:52:45.8140 (StateSyncRequestHandler.cs:35) 当前没有其他玩家在线，无需广播状态同步消息
2025-12-06 16:52:45.9161 (StateSyncRequestHandler.cs:35) 当前没有其他玩家在线，无需广播状态同步消息
2025-12-06 16:52:46.0153 (StateSyncRequestHandler.cs:35) 当前没有其他玩家在线，无需广播状态同步消息
2025-12-06 16:52:46.1179 (StateSyncRequestHandler.cs:35) 当前没有其他玩家在线，无需广播状态同步消息
2025-12-06 16:52:46.2192 (StateSyncRequestHandler.cs:35) 当前没有其他玩家在线，无需广播状态同步消息
2025-12-06 16:52:46.3145 (StateSyncRequestHandler.cs:35) 当前没有其他玩家在线，无需广播状态同步消息
2025-12-06 16:52:46.4178 (StateSyncRequestHandler.cs:35) 当前没有其他玩家在线，无需广播状态同步消息
2025-12-06 16:52:46.5225 (StateSyncRequestHandler.cs:35) 当前没有其他玩家在线，无需广播状态同步消息
2025-12-06 16:52:46.6145 (StateSyncRequestHandler.cs:35) 当前没有其他玩家在线，无需广播状态同步消息
2025-12-06 16:52:46.7178  当前没有其他玩家在线，无需广播状态同步消息
2025-12-06 16:52:46.8163  当前没有其他玩家在线，无需广播状态同步消息
2025-12-06 16:52:46.9213  当前没有其他玩家在线，无需广播状态同步消息
2025-12-06 16:52:47.0161  当前没有其他玩家在线，无需广播状态同步消息
2025-12-06 16:52:47.1150  当前没有其他玩家在线，无需广播状态同步消息
2025-12-06 16:52:47.2205  当前没有其他玩家在线，无需广播状态同步消息
2025-12-06 16:52:47.3161  当前没有其他玩家在线，无需广播状态同步消息
2025-12-06 16:52:47.4194  当前没有其他玩家在线，无需广播状态同步消息
2025-12-06 16:52:47.5227  当前没有其他玩家在线，无需广播状态同步消息
2025-12-06 16:52:47.6233  当前没有其他玩家在线，无需广播状态同步消息
2025-12-06 16:52:47.7171  当前没有其他玩家在线，无需广播状态同步消息
2025-12-06 16:52:47.8144  当前没有其他玩家在线，无需广播状态同步消息
2025-12-06 16:52:47.9191  当前没有其他玩家在线，无需广播状态同步消息
2025-12-06 16:52:48.0157  当前没有其他玩家在线，无需广播状态同步消息
2025-12-06 16:52:48.1194  当前没有其他玩家在线，无需广播状态同步消息
2025-12-06 16:52:48.2209  当前没有其他玩家在线，无需广播状态同步消息
2025-12-06 16:52:48.3168  当前没有其他玩家在线，无需广播状态同步消息
2025-12-06 16:52:48.4167  当前没有其他玩家在线，无需广播状态同步消息
2025-12-06 16:52:48.5197  当前没有其他玩家在线，无需广播状态同步消息
2025-12-06 16:52:48.6174  当前没有其他玩家在线，无需广播状态同步消息
2025-12-06 16:52:48.7200  当前没有其他玩家在线，无需广播状态同步消息
2025-12-06 16:52:48.8201  当前没有其他玩家在线，无需广播状态同步消息
2025-12-06 16:52:48.9155  当前没有其他玩家在线，无需广播状态同步消息
2025-12-06 16:52:49.0158  当前没有其他玩家在线，无需广播状态同步消息
2025-12-06 16:52:49.1180  当前没有其他玩家在线，无需广播状态同步消息
2025-12-06 16:52:49.2147  当前没有其他玩家在线，无需广播状态同步消息
2025-12-06 16:52:49.3194  当前没有其他玩家在线，无需广播状态同步消息
2025-12-06 16:52:49.4154  当前没有其他玩家在线，无需广播状态同步消息
2025-12-06 16:52:49.5146  当前没有其他玩家在线，无需广播状态同步消息
2025-12-06 16:52:49.6183  当前没有其他玩家在线，无需广播状态同步消息
2025-12-06 16:52:49.7152  当前没有其他玩家在线，无需广播状态同步消息
2025-12-06 16:52:49.8160  当前没有其他玩家在线，无需广播状态同步消息
2025-12-06 16:52:49.9158  当前没有其他玩家在线，无需广播状态同步消息
2025-12-06 16:52:50.0192  当前没有其他玩家在线，无需广播状态同步消息
2025-12-06 16:52:50.1206  当前没有其他玩家在线，无需广播状态同步消息
2025-12-06 16:52:50.2209  当前没有其他玩家在线，无需广播状态同步消息
2025-12-06 16:52:50.3168  当前没有其他玩家在线，无需广播状态同步消息
2025-12-06 16:52:50.4177  当前没有其他玩家在线，无需广播状态同步消息
2025-12-06 16:52:50.5203  当前没有其他玩家在线，无需广播状态同步消息
2025-12-06 16:52:50.6193  当前没有其他玩家在线，无需广播状态同步消息
2025-12-06 16:52:50.7199  当前没有其他玩家在线，无需广播状态同步消息
2025-12-06 16:52:50.8148  当前没有其他玩家在线，无需广播状态同步消息
2025-12-06 16:52:50.9146  当前没有其他玩家在线，无需广播状态同步消息
2025-12-06 16:52:51.0152  当前没有其他玩家在线，无需广播状态同步消息
2025-12-06 16:52:51.1188  当前没有其他玩家在线，无需广播状态同步消息
2025-12-06 16:52:51.2222  当前没有其他玩家在线，无需广播状态同步消息
2025-12-06 16:52:51.3207  当前没有其他玩家在线，无需广播状态同步消息
2025-12-06 16:52:51.4219  当前没有其他玩家在线，无需广播状态同步消息
2025-12-06 16:52:51.5180  当前没有其他玩家在线，无需广播状态同步消息
2025-12-06 16:52:51.6204  当前没有其他玩家在线，无需广播状态同步消息
2025-12-06 16:52:51.7187  当前没有其他玩家在线，无需广播状态同步消息
2025-12-06 16:52:51.8205  当前没有其他玩家在线，无需广播状态同步消息
2025-12-06 16:52:51.9138  当前没有其他玩家在线，无需广播状态同步消息
2025-12-06 16:52:52.0227  当前没有其他玩家在线，无需广播状态同步消息
2025-12-06 16:52:52.1149  当前没有其他玩家在线，无需广播状态同步消息
2025-12-06 16:52:52.2219  当前没有其他玩家在线，无需广播状态同步消息
2025-12-06 16:52:52.3154  当前没有其他玩家在线，无需广播状态同步消息
2025-12-06 16:52:52.4319  当前没有其他玩家在线，无需广播状态同步消息
2025-12-06 16:52:52.5179  当前没有其他玩家在线，无需广播状态同步消息
2025-12-06 16:52:52.6203  当前没有其他玩家在线，无需广播状态同步消息
2025-12-06 16:52:52.7272  当前没有其他玩家在线，无需广播状态同步消息
2025-12-06 16:52:52.8155  当前没有其他玩家在线，无需广播状态同步消息
2025-12-06 16:52:52.9177  当前没有其他玩家在线，无需广播状态同步消息
2025-12-06 16:52:53.0163  当前没有其他玩家在线，无需广播状态同步消息
2025-12-06 16:52:53.1143  当前没有其他玩家在线，无需广播状态同步消息
2025-12-06 16:52:53.2198  当前没有其他玩家在线，无需广播状态同步消息
2025-12-06 16:52:53.3177  当前没有其他玩家在线，无需广播状态同步消息
2025-12-06 16:52:53.4190  当前没有其他玩家在线，无需广播状态同步消息
2025-12-06 16:52:53.5164  当前没有其他玩家在线，无需广播状态同步消息
2025-12-06 16:52:53.6147  当前没有其他玩家在线，无需广播状态同步消息
2025-12-06 16:52:53.7222  当前没有其他玩家在线，无需广播状态同步消息
2025-12-06 16:52:53.8154  当前没有其他玩家在线，无需广播状态同步消息
2025-12-06 16:52:53.9152  当前没有其他玩家在线，无需广播状态同步消息
2025-12-06 16:52:54.0166  当前没有其他玩家在线，无需广播状态同步消息
2025-12-06 16:52:54.1208  当前没有其他玩家在线，无需广播状态同步消息
2025-12-06 16:52:54.2182  当前没有其他玩家在线，无需广播状态同步消息
2025-12-06 16:52:54.3146  当前没有其他玩家在线，无需广播状态同步消息
2025-12-06 16:52:54.4216  当前没有其他玩家在线，无需广播状态同步消息
2025-12-06 16:52:54.5180  当前没有其他玩家在线，无需广播状态同步消息
2025-12-06 16:52:54.6178  当前没有其他玩家在线，无需广播状态同步消息
2025-12-06 16:52:54.7202  当前没有其他玩家在线，无需广播状态同步消息
2025-12-06 16:52:54.8218  当前没有其他玩家在线，无需广播状态同步消息
2025-12-06 16:52:54.9236  当前没有其他玩家在线，无需广播状态同步消息
2025-12-06 16:52:55.0157  当前没有其他玩家在线，无需广播状态同步消息
2025-12-06 16:52:55.1188  当前没有其他玩家在线，无需广播状态同步消息
2025-12-06 16:52:55.2146  当前没有其他玩家在线，无需广播状态同步消息
2025-12-06 16:52:55.3178  当前没有其他玩家在线，无需广播状态同步消息
2025-12-06 16:52:55.4228  当前没有其他玩家在线，无需广播状态同步消息
2025-12-06 16:52:55.5281  当前没有其他玩家在线，无需广播状态同步消息
2025-12-06 16:52:55.6211  当前没有其他玩家在线，无需广播状态同步消息
2025-12-06 16:52:55.7170  当前没有其他玩家在线，无需广播状态同步消息
2025-12-06 16:52:55.8216  当前没有其他玩家在线，无需广播状态同步消息
2025-12-06 16:52:55.9230  当前没有其他玩家在线，无需广播状态同步消息
2025-12-06 16:52:56.0278  当前没有其他玩家在线，无需广播状态同步消息
2025-12-06 16:52:56.1179  当前没有其他玩家在线，无需广播状态同步消息
2025-12-06 16:52:56.2152  当前没有其他玩家在线，无需广播状态同步消息
2025-12-06 16:52:56.3168  当前没有其他玩家在线，无需广播状态同步消息
2025-12-06 16:52:56.4169  当前没有其他玩家在线，无需广播状态同步消息
2025-12-06 16:52:56.5158  当前没有其他玩家在线，无需广播状态同步消息
2025-12-06 16:52:56.6167  当前没有其他玩家在线，无需广播状态同步消息
2025-12-06 16:52:56.7171  当前没有其他玩家在线，无需广播状态同步消息
2025-12-06 16:52:56.8162  当前没有其他玩家在线，无需广播状态同步消息
2025-12-06 16:52:56.9236  当前没有其他玩家在线，无需广播状态同步消息
2025-12-06 16:52:57.0191  当前没有其他玩家在线，无需广播状态同步消息
2025-12-06 16:52:57.1220  当前没有其他玩家在线，无需广播状态同步消息
2025-12-06 16:52:57.2242  当前没有其他玩家在线，无需广播状态同步消息
2025-12-06 16:52:57.3158  当前没有其他玩家在线，无需广播状态同步消息
2025-12-06 16:52:57.4263  当前没有其他玩家在线，无需广播状态同步消息
2025-12-06 16:52:57.5195  当前没有其他玩家在线，无需广播状态同步消息
2025-12-06 16:52:57.6202  当前没有其他玩家在线，无需广播状态同步消息
2025-12-06 16:52:57.7255  当前没有其他玩家在线，无需广播状态同步消息
2025-12-06 16:52:57.8216  当前没有其他玩家在线，无需广播状态同步消息
2025-12-06 16:52:57.9274  当前没有其他玩家在线，无需广播状态同步消息
2025-12-06 16:52:58.0172  当前没有其他玩家在线，无需广播状态同步消息
2025-12-06 16:52:58.1142  当前没有其他玩家在线，无需广播状态同步消息
2025-12-06 16:52:58.2264  当前没有其他玩家在线，无需广播状态同步消息
2025-12-06 16:52:58.3194  当前没有其他玩家在线，无需广播状态同步消息
2025-12-06 16:52:58.4149  当前没有其他玩家在线，无需广播状态同步消息
2025-12-06 16:52:58.5158  当前没有其他玩家在线，无需广播状态同步消息
2025-12-06 16:52:58.6201  当前没有其他玩家在线，无需广播状态同步消息
2025-12-06 16:52:58.7274  当前没有其他玩家在线，无需广播状态同步消息
2025-12-06 16:52:58.8189  当前没有其他玩家在线，无需广播状态同步消息
2025-12-06 16:52:58.9228  当前没有其他玩家在线，无需广播状态同步消息
2025-12-06 16:52:59.0205  当前没有其他玩家在线，无需广播状态同步消息
2025-12-06 16:52:59.1228  当前没有其他玩家在线，无需广播状态同步消息
2025-12-06 16:52:59.2150  当前没有其他玩家在线，无需广播状态同步消息
2025-12-06 16:52:59.3179  当前没有其他玩家在线，无需广播状态同步消息
2025-12-06 16:52:59.4157  当前没有其他玩家在线，无需广播状态同步消息
2025-12-06 16:52:59.5223  当前没有其他玩家在线，无需广播状态同步消息
2025-12-06 16:52:59.6199  当前没有其他玩家在线，无需广播状态同步消息
2025-12-06 16:52:59.7246  当前没有其他玩家在线，无需广播状态同步消息
2025-12-06 16:52:59.8181  当前没有其他玩家在线，无需广播状态同步消息
2025-12-06 16:52:59.9179  当前没有其他玩家在线，无需广播状态同步消息
2025-12-06 16:53:00.0199  当前没有其他玩家在线，无需广播状态同步消息
2025-12-06 16:53:00.1186  当前没有其他玩家在线，无需广播状态同步消息
2025-12-06 16:53:00.2217  当前没有其他玩家在线，无需广播状态同步消息
2025-12-06 16:53:00.3209  当前没有其他玩家在线，无需广播状态同步消息
2025-12-06 16:53:00.4251  当前没有其他玩家在线，无需广播状态同步消息
2025-12-06 16:53:00.5215  当前没有其他玩家在线，无需广播状态同步消息
2025-12-06 16:53:00.6193  当前没有其他玩家在线，无需广播状态同步消息
2025-12-06 16:53:00.7173  当前没有其他玩家在线，无需广播状态同步消息
2025-12-06 16:53:00.8197  当前没有其他玩家在线，无需广播状态同步消息
2025-12-06 16:53:00.9141  当前没有其他玩家在线，无需广播状态同步消息
2025-12-06 16:53:01.0156  当前没有其他玩家在线，无需广播状态同步消息
2025-12-06 16:53:01.1191  当前没有其他玩家在线，无需广播状态同步消息
2025-12-06 16:53:01.2209  当前没有其他玩家在线，无需广播状态同步消息
2025-12-06 16:53:01.3199  当前没有其他玩家在线，无需广播状态同步消息
2025-12-06 16:53:01.4229  当前没有其他玩家在线，无需广播状态同步消息
2025-12-06 16:53:01.5236  当前没有其他玩家在线，无需广播状态同步消息
2025-12-06 16:53:01.6203  当前没有其他玩家在线，无需广播状态同步消息
2025-12-06 16:53:01.7182  当前没有其他玩家在线，无需广播状态同步消息
2025-12-06 16:53:01.8232  当前没有其他玩家在线，无需广播状态同步消息
2025-12-06 16:53:01.9166  当前没有其他玩家在线，无需广播状态同步消息
2025-12-06 16:53:02.0208  当前没有其他玩家在线，无需广播状态同步消息
2025-12-06 16:53:02.1209  当前没有其他玩家在线，无需广播状态同步消息
2025-12-06 16:53:02.2162  当前没有其他玩家在线，无需广播状态同步消息
2025-12-06 16:53:02.3156  当前没有其他玩家在线，无需广播状态同步消息
2025-12-06 16:53:02.4171  当前没有其他玩家在线，无需广播状态同步消息
2025-12-06 16:53:02.5294  当前没有其他玩家在线，无需广播状态同步消息
2025-12-06 16:53:02.6198  当前没有其他玩家在线，无需广播状态同步消息
2025-12-06 16:53:02.7211  当前没有其他玩家在线，无需广播状态同步消息
2025-12-06 16:53:02.8152  当前没有其他玩家在线，无需广播状态同步消息
2025-12-06 16:53:02.9168  当前没有其他玩家在线，无需广播状态同步消息
2025-12-06 16:53:03.0231  当前没有其他玩家在线，无需广播状态同步消息
2025-12-06 16:53:03.1203  当前没有其他玩家在线，无需广播状态同步消息
2025-12-06 16:53:03.2173  当前没有其他玩家在线，无需广播状态同步消息
2025-12-06 16:53:03.3193  当前没有其他玩家在线，无需广播状态同步消息
2025-12-06 16:53:03.4170  当前没有其他玩家在线，无需广播状态同步消息
2025-12-06 16:53:03.5230  当前没有其他玩家在线，无需广播状态同步消息
2025-12-06 16:53:03.6166  当前没有其他玩家在线，无需广播状态同步消息
2025-12-06 16:53:03.7203  当前没有其他玩家在线，无需广播状态同步消息
2025-12-06 16:53:08.9262  当前没有其他玩家在线，无需广播状态同步消息
2025-12-06 16:53:09.0281  当前没有其他玩家在线，无需广播状态同步消息
2025-12-06 16:53:09.1269  当前没有其他玩家在线，无需广播状态同步消息
2025-12-06 16:53:09.2274  当前没有其他玩家在线，无需广播状态同步消息
2025-12-06 16:53:09.3234  当前没有其他玩家在线，无需广播状态同步消息
2025-12-06 16:53:09.4151  当前没有其他玩家在线，无需广播状态同步消息
2025-12-06 16:53:09.5158  当前没有其他玩家在线，无需广播状态同步消息
2025-12-06 16:53:09.6180  当前没有其他玩家在线，无需广播状态同步消息
2025-12-06 16:53:09.7179  当前没有其他玩家在线，无需广播状态同步消息
2025-12-06 16:53:09.8179  当前没有其他玩家在线，无需广播状态同步消息
2025-12-06 16:53:09.9191  当前没有其他玩家在线，无需广播状态同步消息
2025-12-06 16:53:10.0221  当前没有其他玩家在线，无需广播状态同步消息
2025-12-06 16:53:10.1201  当前没有其他玩家在线，无需广播状态同步消息
2025-12-06 16:53:10.2203  当前没有其他玩家在线，无需广播状态同步消息
2025-12-06 16:53:10.3207  当前没有其他玩家在线，无需广播状态同步消息
2025-12-06 16:53:10.4209  当前没有其他玩家在线，无需广播状态同步消息
2025-12-06 16:53:10.5144  当前没有其他玩家在线，无需广播状态同步消息
2025-12-06 16:53:10.6162  当前没有其他玩家在线，无需广播状态同步消息
2025-12-06 16:53:10.7213  当前没有其他玩家在线，无需广播状态同步消息
2025-12-06 16:53:10.8206  当前没有其他玩家在线，无需广播状态同步消息
2025-12-06 16:53:10.9184  当前没有其他玩家在线，无需广播状态同步消息
2025-12-06 16:53:11.0213  当前没有其他玩家在线，无需广播状态同步消息
2025-12-06 16:53:11.1148  当前没有其他玩家在线，无需广播状态同步消息
2025-12-06 16:53:11.2251  当前没有其他玩家在线，无需广播状态同步消息
2025-12-06 16:53:11.3238  当前没有其他玩家在线，无需广播状态同步消息
2025-12-06 16:53:11.4195  当前没有其他玩家在线，无需广播状态同步消息
2025-12-06 16:53:11.5215  当前没有其他玩家在线，无需广播状态同步消息
2025-12-06 16:53:11.6201  当前没有其他玩家在线，无需广播状态同步消息
2025-12-06 16:53:11.7170  当前没有其他玩家在线，无需广播状态同步消息
2025-12-06 16:53:11.8252  当前没有其他玩家在线，无需广播状态同步消息
2025-12-06 16:53:11.9178  当前没有其他玩家在线，无需广播状态同步消息
2025-12-06 16:53:12.0151  当前没有其他玩家在线，无需广播状态同步消息
2025-12-06 16:53:12.1164  当前没有其他玩家在线，无需广播状态同步消息
2025-12-06 16:53:12.2154  当前没有其他玩家在线，无需广播状态同步消息
2025-12-06 16:53:12.3268  当前没有其他玩家在线，无需广播状态同步消息
2025-12-06 16:53:12.4260  当前没有其他玩家在线，无需广播状态同步消息
2025-12-06 16:53:12.5160  当前没有其他玩家在线，无需广播状态同步消息
2025-12-06 16:53:12.6223  当前没有其他玩家在线，无需广播状态同步消息
2025-12-06 16:53:12.7174  当前没有其他玩家在线，无需广播状态同步消息
2025-12-06 16:53:12.8239  当前没有其他玩家在线，无需广播状态同步消息
2025-12-06 16:53:12.9228  当前没有其他玩家在线，无需广播状态同步消息
2025-12-06 16:53:13.0146  当前没有其他玩家在线，无需广播状态同步消息
2025-12-06 16:53:13.1180  当前没有其他玩家在线，无需广播状态同步消息
2025-12-06 16:53:13.2151  当前没有其他玩家在线，无需广播状态同步消息
2025-12-06 16:53:13.3279  当前没有其他玩家在线，无需广播状态同步消息
2025-12-06 16:53:13.4147  当前没有其他玩家在线，无需广播状态同步消息
2025-12-06 16:53:13.5237  当前没有其他玩家在线，无需广播状态同步消息
2025-12-06 16:53:13.6196  当前没有其他玩家在线，无需广播状态同步消息
2025-12-06 16:53:13.7232  当前没有其他玩家在线，无需广播状态同步消息
2025-12-06 16:53:13.8194  当前没有其他玩家在线，无需广播状态同步消息
2025-12-06 16:53:13.9205  当前没有其他玩家在线，无需广播状态同步消息
2025-12-06 16:53:14.0249  当前没有其他玩家在线，无需广播状态同步消息
2025-12-06 16:53:14.1254  当前没有其他玩家在线，无需广播状态同步消息
2025-12-06 16:53:14.2239  当前没有其他玩家在线，无需广播状态同步消息
2025-12-06 16:53:14.3262  当前没有其他玩家在线，无需广播状态同步消息
2025-12-06 16:53:14.4201  当前没有其他玩家在线，无需广播状态同步消息
2025-12-06 16:53:14.5245  当前没有其他玩家在线，无需广播状态同步消息
2025-12-06 16:53:14.6195  当前没有其他玩家在线，无需广播状态同步消息
2025-12-06 16:53:14.7293  当前没有其他玩家在线，无需广播状态同步消息
2025-12-06 16:53:14.8170  当前没有其他玩家在线，无需广播状态同步消息
2025-12-06 16:53:14.9157  当前没有其他玩家在线，无需广播状态同步消息
2025-12-06 16:53:15.0162  当前没有其他玩家在线，无需广播状态同步消息
2025-12-06 16:53:15.1216  当前没有其他玩家在线，无需广播状态同步消息
2025-12-06 16:53:15.2226  当前没有其他玩家在线，无需广播状态同步消息
2025-12-06 16:53:15.3164  当前没有其他玩家在线，无需广播状态同步消息
2025-12-06 16:53:15.4347  当前没有其他玩家在线，无需广播状态同步消息
2025-12-06 16:53:15.5181  当前没有其他玩家在线，无需广播状态同步消息
2025-12-06 16:53:15.6207  当前没有其他玩家在线，无需广播状态同步消息
2025-12-06 16:53:15.7160  当前没有其他玩家在线，无需广播状态同步消息
2025-12-06 16:53:15.8182  当前没有其他玩家在线，无需广播状态同步消息
2025-12-06 16:53:15.9223  当前没有其他玩家在线，无需广播状态同步消息
2025-12-06 16:53:16.0160  当前没有其他玩家在线，无需广播状态同步消息
2025-12-06 16:53:16.1176  当前没有其他玩家在线，无需广播状态同步消息
2025-12-06 16:53:16.2216  当前没有其他玩家在线，无需广播状态同步消息
2025-12-06 16:53:16.3201  当前没有其他玩家在线，无需广播状态同步消息
2025-12-06 16:53:16.4190  当前没有其他玩家在线，无需广播状态同步消息
2025-12-06 16:53:16.5217  当前没有其他玩家在线，无需广播状态同步消息
2025-12-06 16:53:16.6198  当前没有其他玩家在线，无需广播状态同步消息
2025-12-06 16:53:16.7212  当前没有其他玩家在线，无需广播状态同步消息
2025-12-06 16:53:16.8279  当前没有其他玩家在线，无需广播状态同步消息
2025-12-06 16:53:16.9178  当前没有其他玩家在线，无需广播状态同步消息
2025-12-06 16:53:17.0196  当前没有其他玩家在线，无需广播状态同步消息
2025-12-06 16:53:17.1314  当前没有其他玩家在线，无需广播状态同步消息
2025-12-06 16:53:17.2219  当前没有其他玩家在线，无需广播状态同步消息
2025-12-06 16:53:17.3309  当前没有其他玩家在线，无需广播状态同步消息
2025-12-06 16:53:17.4167  当前没有其他玩家在线，无需广播状态同步消息
2025-12-06 16:53:17.5181  当前没有其他玩家在线，无需广播状态同步消息
2025-12-06 16:53:17.6222  当前没有其他玩家在线，无需广播状态同步消息
2025-12-06 16:53:17.7143  当前没有其他玩家在线，无需广播状态同步消息
2025-12-06 16:53:17.8214  当前没有其他玩家在线，无需广播状态同步消息
2025-12-06 16:53:17.9203  当前没有其他玩家在线，无需广播状态同步消息
2025-12-06 16:53:18.0180  当前没有其他玩家在线，无需广播状态同步消息
2025-12-06 16:53:18.1194  当前没有其他玩家在线，无需广播状态同步消息
2025-12-06 16:53:18.2177  当前没有其他玩家在线，无需广播状态同步消息
2025-12-06 16:53:18.3215  当前没有其他玩家在线，无需广播状态同步消息
2025-12-06 16:53:18.4144  当前没有其他玩家在线，无需广播状态同步消息
2025-12-06 16:53:18.5247  当前没有其他玩家在线，无需广播状态同步消息
2025-12-06 16:53:18.6151  当前没有其他玩家在线，无需广播状态同步消息
2025-12-06 16:53:18.7184  当前没有其他玩家在线，无需广播状态同步消息
2025-12-06 16:53:18.8167  当前没有其他玩家在线，无需广播状态同步消息
2025-12-06 16:53:18.9180  当前没有其他玩家在线，无需广播状态同步消息
2025-12-06 16:53:19.0177  当前没有其他玩家在线，无需广播状态同步消息
2025-12-06 16:53:19.1181  当前没有其他玩家在线，无需广播状态同步消息
2025-12-06 16:53:19.2180  当前没有其他玩家在线，无需广播状态同步消息
2025-12-06 16:53:19.3182  当前没有其他玩家在线，无需广播状态同步消息
2025-12-06 16:53:19.4174  当前没有其他玩家在线，无需广播状态同步消息
2025-12-06 16:53:19.5165  当前没有其他玩家在线，无需广播状态同步消息
2025-12-06 16:53:19.6223  当前没有其他玩家在线，无需广播状态同步消息
2025-12-06 16:53:19.7223  当前没有其他玩家在线，无需广播状态同步消息
2025-12-06 16:53:19.8182  当前没有其他玩家在线，无需广播状态同步消息
2025-12-06 16:53:19.9166  当前没有其他玩家在线，无需广播状态同步消息
2025-12-06 16:53:20.0222  当前没有其他玩家在线，无需广播状态同步消息
2025-12-06 16:53:20.1182  当前没有其他玩家在线，无需广播状态同步消息
2025-12-06 16:53:20.2211  当前没有其他玩家在线，无需广播状态同步消息
2025-12-06 16:53:20.3169  当前没有其他玩家在线，无需广播状态同步消息
2025-12-06 16:53:20.4156  当前没有其他玩家在线，无需广播状态同步消息
2025-12-06 16:53:20.5152  当前没有其他玩家在线，无需广播状态同步消息
2025-12-06 16:53:20.6139  当前没有其他玩家在线，无需广播状态同步消息
2025-12-06 16:53:20.7157  当前没有其他玩家在线，无需广播状态同步消息
2025-12-06 16:53:20.8273  当前没有其他玩家在线，无需广播状态同步消息
2025-12-06 16:53:20.9146  当前没有其他玩家在线，无需广播状态同步消息
2025-12-06 16:53:21.0266  当前没有其他玩家在线，无需广播状态同步消息
2025-12-06 16:53:21.1191  当前没有其他玩家在线，无需广播状态同步消息
2025-12-06 16:53:21.2190  当前没有其他玩家在线，无需广播状态同步消息
2025-12-06 16:53:21.3184  当前没有其他玩家在线，无需广播状态同步消息
2025-12-06 16:53:21.4199  当前没有其他玩家在线，无需广播状态同步消息
2025-12-06 16:53:21.5161  当前没有其他玩家在线，无需广播状态同步消息
2025-12-06 16:53:21.6215  当前没有其他玩家在线，无需广播状态同步消息
2025-12-06 16:53:21.7186  当前没有其他玩家在线，无需广播状态同步消息
2025-12-06 16:53:21.8163  当前没有其他玩家在线，无需广播状态同步消息
2025-12-06 16:53:21.9251  当前没有其他玩家在线，无需广播状态同步消息
2025-12-06 16:53:22.0219  当前没有其他玩家在线，无需广播状态同步消息
2025-12-06 16:53:22.1166  当前没有其他玩家在线，无需广播状态同步消息
2025-12-06 16:53:22.2274  当前没有其他玩家在线，无需广播状态同步消息
2025-12-06 16:53:22.3178  当前没有其他玩家在线，无需广播状态同步消息
2025-12-06 16:53:22.4236  当前没有其他玩家在线，无需广播状态同步消息
2025-12-06 16:53:22.5140  当前没有其他玩家在线，无需广播状态同步消息
2025-12-06 16:53:22.6224  当前没有其他玩家在线，无需广播状态同步消息
2025-12-06 16:53:22.7231  当前没有其他玩家在线，无需广播状态同步消息
2025-12-06 16:53:22.8180  当前没有其他玩家在线，无需广播状态同步消息
2025-12-06 16:53:22.9146  当前没有其他玩家在线，无需广播状态同步消息
2025-12-06 16:53:23.0133  当前没有其他玩家在线，无需广播状态同步消息
2025-12-06 16:53:23.1215  当前没有其他玩家在线，无需广播状态同步消息
2025-12-06 16:53:23.2191  当前没有其他玩家在线，无需广播状态同步消息
2025-12-06 16:53:23.3249  当前没有其他玩家在线，无需广播状态同步消息
2025-12-06 16:53:23.4215  当前没有其他玩家在线，无需广播状态同步消息
2025-12-06 16:53:23.5200  当前没有其他玩家在线，无需广播状态同步消息
2025-12-06 16:53:23.6200  当前没有其他玩家在线，无需广播状态同步消息
2025-12-06 16:53:23.7157  当前没有其他玩家在线，无需广播状态同步消息
2025-12-06 16:53:23.8251  当前没有其他玩家在线，无需广播状态同步消息
2025-12-06 16:53:23.9162  当前没有其他玩家在线，无需广播状态同步消息
2025-12-06 16:53:24.0230  当前没有其他玩家在线，无需广播状态同步消息
2025-12-06 16:53:24.1199  当前没有其他玩家在线，无需广播状态同步消息
2025-12-06 16:53:24.2215  当前没有其他玩家在线，无需广播状态同步消息
2025-12-06 16:53:24.3178  当前没有其他玩家在线，无需广播状态同步消息
2025-12-06 16:54:03.5758  当前服务器上没有其他玩家在线，无需广播下线消息
2025-12-06 16:54:03.6588  账号ID:482736422909116417 数据已保存到数据库
2025-12-06 16:54:03.6588  玩家ID:482736422909116417 下线成功 , 下线位置:x:-2.0329418, y:0, z:6.2746825
2025-12-06 16:55:20.7638  玩家上次上线位置：x:-2.0329418, y:0, z:6.2746825
2025-12-06 16:55:20.7638  当前没有其他玩家在线，无需广播
2025-12-06 16:55:24.3555  当前没有其他玩家在线，无需广播状态同步消息
2025-12-06 16:55:24.4657  当前没有其他玩家在线，无需广播状态同步消息
2025-12-06 16:55:24.5577  当前没有其他玩家在线，无需广播状态同步消息
2025-12-06 16:55:24.6508  当前没有其他玩家在线，无需广播状态同步消息
2025-12-06 16:55:24.7586  当前没有其他玩家在线，无需广播状态同步消息
2025-12-06 16:55:24.8516  当前没有其他玩家在线，无需广播状态同步消息
2025-12-06 16:55:24.9620  当前没有其他玩家在线，无需广播状态同步消息
2025-12-06 16:55:25.0551  当前没有其他玩家在线，无需广播状态同步消息
2025-12-06 16:55:25.1483  当前没有其他玩家在线，无需广播状态同步消息
2025-12-06 16:55:25.2581  当前没有其他玩家在线，无需广播状态同步消息
2025-12-06 16:55:25.3517  当前没有其他玩家在线，无需广播状态同步消息
2025-12-06 16:55:25.4443  当前没有其他玩家在线，无需广播状态同步消息
2025-12-06 16:55:25.5546  当前没有其他玩家在线，无需广播状态同步消息
2025-12-06 16:55:25.6630  当前没有其他玩家在线，无需广播状态同步消息
2025-12-06 16:55:25.7561  当前没有其他玩家在线，无需广播状态同步消息
2025-12-06 16:55:25.8636  当前没有其他玩家在线，无需广播状态同步消息
2025-12-06 16:55:25.9572  当前没有其他玩家在线，无需广播状态同步消息
2025-12-06 16:55:26.0677  当前没有其他玩家在线，无需广播状态同步消息
2025-12-06 16:55:26.1459  当前没有其他玩家在线，无需广播状态同步消息
2025-12-06 16:55:26.2557  当前没有其他玩家在线，无需广播状态同步消息
2025-12-06 16:55:26.3466  当前没有其他玩家在线，无需广播状态同步消息
2025-12-06 16:55:26.4532  当前没有其他玩家在线，无需广播状态同步消息
2025-12-06 16:55:26.5497  当前没有其他玩家在线，无需广播状态同步消息
2025-12-06 16:55:26.6562  当前没有其他玩家在线，无需广播状态同步消息
2025-12-06 16:55:26.7502  当前没有其他玩家在线，无需广播状态同步消息
2025-12-06 16:55:26.8590  当前没有其他玩家在线，无需广播状态同步消息
2025-12-06 16:55:26.9519  当前没有其他玩家在线，无需广播状态同步消息
2025-12-06 16:55:27.0449  当前没有其他玩家在线，无需广播状态同步消息
2025-12-06 16:55:27.1531  当前没有其他玩家在线，无需广播状态同步消息
2025-12-06 16:55:27.2606  当前没有其他玩家在线，无需广播状态同步消息
2025-12-06 16:55:27.3534  当前没有其他玩家在线，无需广播状态同步消息
2025-12-06 16:55:27.4464  当前没有其他玩家在线，无需广播状态同步消息
2025-12-06 16:55:27.5552  当前没有其他玩家在线，无需广播状态同步消息
2025-12-06 16:56:05.7101  当前服务器上没有其他玩家在线，无需广播下线消息
2025-12-06 16:56:05.7101  账号ID:482736422909116417 数据已保存到数据库
2025-12-06 16:56:05.7101  玩家ID:482736422909116417 下线成功 , 下线位置:x:-3.3073387, y:0, z:3.2973206
