2025-11-24 10:16:46.2976 (LoginRequestHandler.cs:71) 玩家上次上线位置：x:0, y:0, z:0
2025-11-24 10:16:46.2976 (LoginRequestHandler.cs:87) 当前没有其他玩家在线，无需广播
2025-11-24 10:16:48.1435 (StateSyncRequestHandler.cs:36) 当前没有其他玩家在线，无需广播状态同步消息
2025-11-24 10:16:48.2218 (StateSyncRequestHandler.cs:36) 当前没有其他玩家在线，无需广播状态同步消息
2025-11-24 10:16:48.3213 (StateSyncRequestHandler.cs:36) 当前没有其他玩家在线，无需广播状态同步消息
2025-11-24 10:16:48.4285 (StateSyncRequestHandler.cs:36) 当前没有其他玩家在线，无需广播状态同步消息
2025-11-24 10:16:48.5293 (StateSyncRequestHandler.cs:36) 当前没有其他玩家在线，无需广播状态同步消息
2025-11-24 10:16:48.6236 (StateSyncRequestHandler.cs:36) 当前没有其他玩家在线，无需广播状态同步消息
2025-11-24 10:16:48.7291 (StateSyncRequestHandler.cs:36) 当前没有其他玩家在线，无需广播状态同步消息
2025-11-24 10:16:48.8246 (StateSyncRequestHandler.cs:36) 当前没有其他玩家在线，无需广播状态同步消息
2025-11-24 10:16:48.9254 (StateSyncRequestHandler.cs:36) 当前没有其他玩家在线，无需广播状态同步消息
2025-11-24 10:16:49.0226 (StateSyncRequestHandler.cs:36) 当前没有其他玩家在线，无需广播状态同步消息
2025-11-24 10:16:49.1296 (StateSyncRequestHandler.cs:36) 当前没有其他玩家在线，无需广播状态同步消息
2025-11-24 10:16:49.2301 (StateSyncRequestHandler.cs:36) 当前没有其他玩家在线，无需广播状态同步消息
2025-11-24 10:16:49.3319 (StateSyncRequestHandler.cs:36) 当前没有其他玩家在线，无需广播状态同步消息
2025-11-24 10:16:49.4266 (StateSyncRequestHandler.cs:36) 当前没有其他玩家在线，无需广播状态同步消息
2025-11-24 10:16:49.5309 (StateSyncRequestHandler.cs:36) 当前没有其他玩家在线，无需广播状态同步消息
2025-11-24 10:16:49.6293 (StateSyncRequestHandler.cs:36) 当前没有其他玩家在线，无需广播状态同步消息
2025-11-24 10:16:49.7263 (StateSyncRequestHandler.cs:36) 当前没有其他玩家在线，无需广播状态同步消息
2025-11-24 10:16:49.8224 (StateSyncRequestHandler.cs:36) 当前没有其他玩家在线，无需广播状态同步消息
2025-11-24 10:16:49.9318 (StateSyncRequestHandler.cs:36) 当前没有其他玩家在线，无需广播状态同步消息
2025-11-24 10:16:50.0303 (StateSyncRequestHandler.cs:36) 当前没有其他玩家在线，无需广播状态同步消息
2025-11-24 10:17:21.7678 (SessionDisposeComponentSystem.cs:28) 当前服务器上没有其他玩家在线，无需广播下线消息
2025-11-24 10:17:21.8989 (SessionDisposeComponentSystem.cs:77) 账号ID:481843035351810049 数据已保存到数据库
2025-11-24 10:17:21.8989 (SessionDisposeComponentSystem.cs:34) 玩家ID:481843035351810049 下线成功 , 下线位置:x:-3.4279904, y:0, z:0.066379085
2025-11-24 10:19:33.6379 (LoginRequestHandler.cs:71) 玩家上次上线位置：x:-3.4279904, y:0, z:0.066379085
2025-11-24 10:19:33.6379 (LoginRequestHandler.cs:87) 当前没有其他玩家在线，无需广播
2025-11-24 10:19:43.6443 (StateSyncRequestHandler.cs:36) 当前没有其他玩家在线，无需广播状态同步消息
2025-11-24 10:19:43.7401 (StateSyncRequestHandler.cs:36) 当前没有其他玩家在线，无需广播状态同步消息
2025-11-24 10:19:43.8379 (StateSyncRequestHandler.cs:36) 当前没有其他玩家在线，无需广播状态同步消息
2025-11-24 10:19:43.9375 (StateSyncRequestHandler.cs:36) 当前没有其他玩家在线，无需广播状态同步消息
2025-11-24 10:19:44.0543 (StateSyncRequestHandler.cs:36) 当前没有其他玩家在线，无需广播状态同步消息
2025-11-24 10:19:44.1435 (StateSyncRequestHandler.cs:36) 当前没有其他玩家在线，无需广播状态同步消息
2025-11-24 10:19:44.2478 (StateSyncRequestHandler.cs:36) 当前没有其他玩家在线，无需广播状态同步消息
2025-11-24 10:19:44.3466 (StateSyncRequestHandler.cs:36) 当前没有其他玩家在线，无需广播状态同步消息
2025-11-24 10:19:44.4410 (StateSyncRequestHandler.cs:36) 当前没有其他玩家在线，无需广播状态同步消息
2025-11-24 10:19:45.3440 (StateSyncRequestHandler.cs:36) 当前没有其他玩家在线，无需广播状态同步消息
2025-11-24 10:19:45.4447 (StateSyncRequestHandler.cs:36) 当前没有其他玩家在线，无需广播状态同步消息
2025-11-24 10:19:45.5405 (StateSyncRequestHandler.cs:36) 当前没有其他玩家在线，无需广播状态同步消息
2025-11-24 10:19:45.6398 (StateSyncRequestHandler.cs:36) 当前没有其他玩家在线，无需广播状态同步消息
2025-11-24 10:19:45.7386 (StateSyncRequestHandler.cs:36) 当前没有其他玩家在线，无需广播状态同步消息
2025-11-24 10:19:45.8381 (StateSyncRequestHandler.cs:36) 当前没有其他玩家在线，无需广播状态同步消息
2025-11-24 10:19:45.9423 (StateSyncRequestHandler.cs:36) 当前没有其他玩家在线，无需广播状态同步消息
2025-11-24 10:19:46.0405 (StateSyncRequestHandler.cs:36) 当前没有其他玩家在线，无需广播状态同步消息
2025-11-24 10:19:47.3468 (StateSyncRequestHandler.cs:36) 当前没有其他玩家在线，无需广播状态同步消息
2025-11-24 10:19:47.4433 (StateSyncRequestHandler.cs:36) 当前没有其他玩家在线，无需广播状态同步消息
2025-11-24 10:19:49.4025 (SessionDisposeComponentSystem.cs:28) 当前服务器上没有其他玩家在线，无需广播下线消息
2025-11-24 10:19:49.4040 (SessionDisposeComponentSystem.cs:77) 账号ID:481843035351810049 数据已保存到数据库
2025-11-24 10:19:49.4040 (SessionDisposeComponentSystem.cs:34) 玩家ID:481843035351810049 下线成功 , 下线位置:x:-5.7687345, y:0, z:-0.4363627
2025-11-24 10:26:03.7790 (LoginRequestHandler.cs:71) 玩家上次上线位置：x:-5.7687345, y:0, z:-0.4363627
2025-11-24 10:26:03.7790 (LoginRequestHandler.cs:87) 当前没有其他玩家在线，无需广播
2025-11-24 10:28:08.5174 (SessionDisposeComponentSystem.cs:28) 当前服务器上没有其他玩家在线，无需广播下线消息
2025-11-24 10:28:08.5174 (SessionDisposeComponentSystem.cs:77) 账号ID:481843035351810049 数据已保存到数据库
2025-11-24 10:28:08.5174 (SessionDisposeComponentSystem.cs:34) 玩家ID:481843035351810049 下线成功 , 下线位置:x:-5.7687345, y:0, z:-0.4363627
2025-11-24 10:29:38.4447 (LoginRequestHandler.cs:71) 玩家上次上线位置：x:-5.7687345, y:0, z:-0.4363627
2025-11-24 10:29:38.4447 (LoginRequestHandler.cs:87) 当前没有其他玩家在线，无需广播
2025-11-24 10:29:57.0145 (SessionDisposeComponentSystem.cs:28) 当前服务器上没有其他玩家在线，无需广播下线消息
2025-11-24 10:29:57.0145 (SessionDisposeComponentSystem.cs:77) 账号ID:481843035351810049 数据已保存到数据库
2025-11-24 10:29:57.0145 (SessionDisposeComponentSystem.cs:34) 玩家ID:481843035351810049 下线成功 , 下线位置:x:-5.7687345, y:0, z:-0.4363627
2025-11-24 10:33:22.2373 (LoginRequestHandler.cs:71) 玩家上次上线位置：x:-5.7687345, y:0, z:-0.4363627
2025-11-24 10:33:22.2373 (LoginRequestHandler.cs:87) 当前没有其他玩家在线，无需广播
2025-11-24 10:33:29.5039 (SessionDisposeComponentSystem.cs:28) 当前服务器上没有其他玩家在线，无需广播下线消息
2025-11-24 10:33:29.5039  账号ID:481843035351810049 数据已保存到数据库
2025-11-24 10:33:29.5039  玩家ID:481843035351810049 下线成功 , 下线位置:x:-5.7687345, y:0, z:-0.4363627
2025-11-24 10:34:48.8577 (LoginRequestHandler.cs:71) 玩家上次上线位置：x:-5.7687345, y:0, z:-0.4363627
2025-11-24 10:34:48.8577 (LoginRequestHandler.cs:87) 当前没有其他玩家在线，无需广播
2025-11-24 10:34:51.0834 (StateSyncRequestHandler.cs:36) 当前没有其他玩家在线，无需广播状态同步消息
2025-11-24 10:34:51.1579 (StateSyncRequestHandler.cs:36) 当前没有其他玩家在线，无需广播状态同步消息
2025-11-24 10:34:51.2675 (StateSyncRequestHandler.cs:36) 当前没有其他玩家在线，无需广播状态同步消息
2025-11-24 10:34:51.3623 (StateSyncRequestHandler.cs:36) 当前没有其他玩家在线，无需广播状态同步消息
2025-11-24 10:34:51.4607 (StateSyncRequestHandler.cs:36) 当前没有其他玩家在线，无需广播状态同步消息
2025-11-24 10:34:51.5655 (StateSyncRequestHandler.cs:36) 当前没有其他玩家在线，无需广播状态同步消息
2025-11-24 10:34:51.6727 (StateSyncRequestHandler.cs:36) 当前没有其他玩家在线，无需广播状态同步消息
2025-11-24 10:34:51.7647 (StateSyncRequestHandler.cs:36) 当前没有其他玩家在线，无需广播状态同步消息
2025-11-24 10:34:51.8656 (StateSyncRequestHandler.cs:36) 当前没有其他玩家在线，无需广播状态同步消息
2025-11-24 10:34:51.9654 (StateSyncRequestHandler.cs:36) 当前没有其他玩家在线，无需广播状态同步消息
2025-11-24 10:34:52.0631 (StateSyncRequestHandler.cs:36) 当前没有其他玩家在线，无需广播状态同步消息
2025-11-24 10:34:52.1605 (StateSyncRequestHandler.cs:36) 当前没有其他玩家在线，无需广播状态同步消息
2025-11-24 10:34:52.2572 (StateSyncRequestHandler.cs:36) 当前没有其他玩家在线，无需广播状态同步消息
2025-11-24 10:34:52.3604 (StateSyncRequestHandler.cs:36) 当前没有其他玩家在线，无需广播状态同步消息
2025-11-24 10:34:52.4632 (StateSyncRequestHandler.cs:36) 当前没有其他玩家在线，无需广播状态同步消息
2025-11-24 10:34:52.5617 (StateSyncRequestHandler.cs:36) 当前没有其他玩家在线，无需广播状态同步消息
2025-11-24 10:34:52.6651 (StateSyncRequestHandler.cs:36) 当前没有其他玩家在线，无需广播状态同步消息
2025-11-24 10:34:52.7589 (StateSyncRequestHandler.cs:36) 当前没有其他玩家在线，无需广播状态同步消息
2025-11-24 10:34:52.8681 (StateSyncRequestHandler.cs:36) 当前没有其他玩家在线，无需广播状态同步消息
2025-11-24 10:34:52.9623 (StateSyncRequestHandler.cs:36) 当前没有其他玩家在线，无需广播状态同步消息
2025-11-24 10:34:53.0642 (StateSyncRequestHandler.cs:36) 当前没有其他玩家在线，无需广播状态同步消息
2025-11-24 10:34:53.1596 (StateSyncRequestHandler.cs:36) 当前没有其他玩家在线，无需广播状态同步消息
2025-11-24 10:34:53.2571 (StateSyncRequestHandler.cs:36) 当前没有其他玩家在线，无需广播状态同步消息
2025-11-24 10:34:53.3641 (StateSyncRequestHandler.cs:36) 当前没有其他玩家在线，无需广播状态同步消息
2025-11-24 10:34:53.4605 (StateSyncRequestHandler.cs:36) 当前没有其他玩家在线，无需广播状态同步消息
2025-11-24 10:34:53.5604 (StateSyncRequestHandler.cs:36) 当前没有其他玩家在线，无需广播状态同步消息
2025-11-24 10:34:53.6616 (StateSyncRequestHandler.cs:36) 当前没有其他玩家在线，无需广播状态同步消息
2025-11-24 10:34:53.7584 (StateSyncRequestHandler.cs:36) 当前没有其他玩家在线，无需广播状态同步消息
2025-11-24 10:34:53.8611 (StateSyncRequestHandler.cs:36) 当前没有其他玩家在线，无需广播状态同步消息
2025-11-24 10:34:57.2636 (StateSyncRequestHandler.cs:36) 当前没有其他玩家在线，无需广播状态同步消息
2025-11-24 10:34:57.3633 (StateSyncRequestHandler.cs:36) 当前没有其他玩家在线，无需广播状态同步消息
2025-11-24 10:34:57.4578 (StateSyncRequestHandler.cs:36) 当前没有其他玩家在线，无需广播状态同步消息
2025-11-24 10:34:57.9622 (StateSyncRequestHandler.cs:36) 当前没有其他玩家在线，无需广播状态同步消息
2025-11-24 10:34:58.0582 (StateSyncRequestHandler.cs:36) 当前没有其他玩家在线，无需广播状态同步消息
2025-11-24 10:34:58.1614 (StateSyncRequestHandler.cs:36) 当前没有其他玩家在线，无需广播状态同步消息
2025-11-24 10:34:58.2633 (StateSyncRequestHandler.cs:36) 当前没有其他玩家在线，无需广播状态同步消息
2025-11-24 10:34:58.3570 (StateSyncRequestHandler.cs:36) 当前没有其他玩家在线，无需广播状态同步消息
2025-11-24 10:35:00.0651 (StateSyncRequestHandler.cs:36) 当前没有其他玩家在线，无需广播状态同步消息
2025-11-24 10:35:00.1626 (StateSyncRequestHandler.cs:36) 当前没有其他玩家在线，无需广播状态同步消息
2025-11-24 10:35:00.2610 (StateSyncRequestHandler.cs:36) 当前没有其他玩家在线，无需广播状态同步消息
2025-11-24 10:35:00.4574 (StateSyncRequestHandler.cs:36) 当前没有其他玩家在线，无需广播状态同步消息
2025-11-24 10:35:00.5615 (StateSyncRequestHandler.cs:36) 当前没有其他玩家在线，无需广播状态同步消息
2025-11-24 10:35:00.7580 (StateSyncRequestHandler.cs:36) 当前没有其他玩家在线，无需广播状态同步消息
2025-11-24 10:35:00.8612 (StateSyncRequestHandler.cs:36) 当前没有其他玩家在线，无需广播状态同步消息
2025-11-24 10:35:00.9639 (StateSyncRequestHandler.cs:36) 当前没有其他玩家在线，无需广播状态同步消息
2025-11-24 10:35:06.6627 (StateSyncRequestHandler.cs:36) 当前没有其他玩家在线，无需广播状态同步消息
2025-11-24 10:35:06.7605 (StateSyncRequestHandler.cs:36) 当前没有其他玩家在线，无需广播状态同步消息
2025-11-24 10:35:06.9684 (StateSyncRequestHandler.cs:36) 当前没有其他玩家在线，无需广播状态同步消息
2025-11-24 10:35:07.0641 (StateSyncRequestHandler.cs:36) 当前没有其他玩家在线，无需广播状态同步消息
2025-11-24 10:35:07.1651 (StateSyncRequestHandler.cs:36) 当前没有其他玩家在线，无需广播状态同步消息
2025-11-24 10:35:11.5573 (StateSyncRequestHandler.cs:36) 当前没有其他玩家在线，无需广播状态同步消息
2025-11-24 10:35:11.6670 (StateSyncRequestHandler.cs:36) 当前没有其他玩家在线，无需广播状态同步消息
2025-11-24 10:35:11.7633 (StateSyncRequestHandler.cs:36) 当前没有其他玩家在线，无需广播状态同步消息
2025-11-24 10:35:11.8605 (StateSyncRequestHandler.cs:36) 当前没有其他玩家在线，无需广播状态同步消息
2025-11-24 10:35:11.9719 (StateSyncRequestHandler.cs:36) 当前没有其他玩家在线，无需广播状态同步消息
2025-11-24 10:35:12.0655 (StateSyncRequestHandler.cs:36) 当前没有其他玩家在线，无需广播状态同步消息
2025-11-24 10:35:12.1627 (StateSyncRequestHandler.cs:36) 当前没有其他玩家在线，无需广播状态同步消息
2025-11-24 10:35:12.2636 (StateSyncRequestHandler.cs:36) 当前没有其他玩家在线，无需广播状态同步消息
2025-11-24 10:35:12.3629 (StateSyncRequestHandler.cs:36) 当前没有其他玩家在线，无需广播状态同步消息
2025-11-24 10:35:12.4647 (StateSyncRequestHandler.cs:36) 当前没有其他玩家在线，无需广播状态同步消息
2025-11-24 10:35:12.5621 (StateSyncRequestHandler.cs:36) 当前没有其他玩家在线，无需广播状态同步消息
2025-11-24 10:35:13.7569 (StateSyncRequestHandler.cs:36) 当前没有其他玩家在线，无需广播状态同步消息
2025-11-24 10:35:13.8673  当前没有其他玩家在线，无需广播状态同步消息
2025-11-24 10:35:13.9578  当前没有其他玩家在线，无需广播状态同步消息
2025-11-24 10:35:15.4163  当前服务器上没有其他玩家在线，无需广播下线消息
2025-11-24 10:35:15.5055  账号ID:481843035351810049 数据已保存到数据库
2025-11-24 10:35:15.5055  玩家ID:481843035351810049 下线成功 , 下线位置:x:-7.758683, y:0, z:-4.743469
2025-11-24 10:36:00.1581  玩家上次上线位置：x:-7.758683, y:0, z:-4.743469
2025-11-24 10:36:00.1581  当前没有其他玩家在线，无需广播
2025-11-24 10:36:04.2730  当前服务器上没有其他玩家在线，无需广播下线消息
2025-11-24 10:36:04.2780  账号ID:481843035351810049 数据已保存到数据库
2025-11-24 10:36:04.2780  玩家ID:481843035351810049 下线成功 , 下线位置:x:-7.758683, y:0, z:-4.743469
2025-11-24 10:37:11.0696  玩家上次上线位置：x:-7.758683, y:0, z:-4.743469
2025-11-24 10:37:11.0696  当前没有其他玩家在线，无需广播
2025-11-24 10:37:12.4580  当前没有其他玩家在线，无需广播状态同步消息
2025-11-24 10:37:12.5492  当前没有其他玩家在线，无需广播状态同步消息
2025-11-24 10:37:12.6449  当前没有其他玩家在线，无需广播状态同步消息
2025-11-24 10:37:12.7452  当前没有其他玩家在线，无需广播状态同步消息
2025-11-24 10:37:12.8431  当前没有其他玩家在线，无需广播状态同步消息
2025-11-24 10:37:12.9413  当前没有其他玩家在线，无需广播状态同步消息
2025-11-24 10:37:13.0423  当前没有其他玩家在线，无需广播状态同步消息
2025-11-24 10:37:13.1446  当前没有其他玩家在线，无需广播状态同步消息
2025-11-24 10:37:13.2487  当前没有其他玩家在线，无需广播状态同步消息
2025-11-24 10:37:13.3482  当前没有其他玩家在线，无需广播状态同步消息
2025-11-24 10:37:13.4473  当前没有其他玩家在线，无需广播状态同步消息
2025-11-24 10:37:13.5470  当前没有其他玩家在线，无需广播状态同步消息
2025-11-24 10:37:13.6458  当前没有其他玩家在线，无需广播状态同步消息
2025-11-24 10:37:13.7420  当前没有其他玩家在线，无需广播状态同步消息
2025-11-24 10:37:13.8460  当前没有其他玩家在线，无需广播状态同步消息
2025-11-24 10:37:13.9506  当前没有其他玩家在线，无需广播状态同步消息
2025-11-24 10:37:14.0442  当前没有其他玩家在线，无需广播状态同步消息
2025-11-24 10:37:14.1493  当前没有其他玩家在线，无需广播状态同步消息
2025-11-24 10:37:14.2418  当前没有其他玩家在线，无需广播状态同步消息
2025-11-24 10:37:14.3505  当前没有其他玩家在线，无需广播状态同步消息
2025-11-24 10:37:14.4537  当前没有其他玩家在线，无需广播状态同步消息
2025-11-24 10:37:14.5454  当前没有其他玩家在线，无需广播状态同步消息
2025-11-24 10:37:14.6417  当前没有其他玩家在线，无需广播状态同步消息
2025-11-24 10:37:14.7459  当前没有其他玩家在线，无需广播状态同步消息
2025-11-24 10:37:14.8456  当前没有其他玩家在线，无需广播状态同步消息
2025-11-24 10:37:14.9423  当前没有其他玩家在线，无需广播状态同步消息
2025-11-24 10:37:15.0420  当前没有其他玩家在线，无需广播状态同步消息
2025-11-24 10:37:15.1414  当前没有其他玩家在线，无需广播状态同步消息
2025-11-24 10:37:15.2492  当前没有其他玩家在线，无需广播状态同步消息
2025-11-24 10:37:15.3447  当前没有其他玩家在线，无需广播状态同步消息
2025-11-24 10:37:15.4478  当前没有其他玩家在线，无需广播状态同步消息
2025-11-24 10:37:15.5424  当前没有其他玩家在线，无需广播状态同步消息
2025-11-24 10:37:15.6433  当前没有其他玩家在线，无需广播状态同步消息
2025-11-24 10:37:15.7454  当前没有其他玩家在线，无需广播状态同步消息
2025-11-24 10:37:15.8448  当前没有其他玩家在线，无需广播状态同步消息
2025-11-24 10:37:15.9461  当前没有其他玩家在线，无需广播状态同步消息
2025-11-24 10:37:16.0491  当前没有其他玩家在线，无需广播状态同步消息
2025-11-24 10:37:16.1436  当前没有其他玩家在线，无需广播状态同步消息
2025-11-24 10:37:16.2411  当前没有其他玩家在线，无需广播状态同步消息
2025-11-24 10:37:16.3428  当前没有其他玩家在线，无需广播状态同步消息
2025-11-24 10:37:16.4423  当前没有其他玩家在线，无需广播状态同步消息
2025-11-24 10:37:16.5490  当前没有其他玩家在线，无需广播状态同步消息
2025-11-24 10:37:16.6482  当前没有其他玩家在线，无需广播状态同步消息
2025-11-24 10:37:16.8422  当前没有其他玩家在线，无需广播状态同步消息
2025-11-24 10:37:16.9429  当前没有其他玩家在线，无需广播状态同步消息
2025-11-24 10:37:17.0408  当前没有其他玩家在线，无需广播状态同步消息
2025-11-24 10:37:17.1485  当前没有其他玩家在线，无需广播状态同步消息
2025-11-24 10:37:17.2482  当前没有其他玩家在线，无需广播状态同步消息
2025-11-24 10:37:17.3425  当前没有其他玩家在线，无需广播状态同步消息
2025-11-24 10:37:17.4448  当前没有其他玩家在线，无需广播状态同步消息
2025-11-24 10:37:17.5500  当前没有其他玩家在线，无需广播状态同步消息
2025-11-24 10:37:17.6422  当前没有其他玩家在线，无需广播状态同步消息
2025-11-24 10:37:17.7484  当前没有其他玩家在线，无需广播状态同步消息
2025-11-24 10:37:17.8492  当前没有其他玩家在线，无需广播状态同步消息
2025-11-24 10:37:17.9402  当前没有其他玩家在线，无需广播状态同步消息
2025-11-24 10:37:18.0486  当前没有其他玩家在线，无需广播状态同步消息
2025-11-24 10:37:18.1458  当前没有其他玩家在线，无需广播状态同步消息
2025-11-24 10:37:18.2469  当前没有其他玩家在线，无需广播状态同步消息
2025-11-24 10:37:18.3457  当前没有其他玩家在线，无需广播状态同步消息
2025-11-24 10:37:18.4575  当前没有其他玩家在线，无需广播状态同步消息
2025-11-24 10:37:18.5459  当前没有其他玩家在线，无需广播状态同步消息
2025-11-24 10:37:18.6450  当前没有其他玩家在线，无需广播状态同步消息
2025-11-24 10:37:18.7467  当前没有其他玩家在线，无需广播状态同步消息
2025-11-24 10:37:18.8458  当前没有其他玩家在线，无需广播状态同步消息
2025-11-24 10:37:18.9443  当前没有其他玩家在线，无需广播状态同步消息
2025-11-24 10:37:19.0520  当前没有其他玩家在线，无需广播状态同步消息
2025-11-24 10:37:22.2479  当前没有其他玩家在线，无需广播状态同步消息
2025-11-24 10:37:22.3511  当前没有其他玩家在线，无需广播状态同步消息
2025-11-24 10:37:22.4443  当前没有其他玩家在线，无需广播状态同步消息
2025-11-24 10:37:22.5422  当前没有其他玩家在线，无需广播状态同步消息
2025-11-24 10:37:22.6419  当前没有其他玩家在线，无需广播状态同步消息
2025-11-24 10:37:22.7499  当前没有其他玩家在线，无需广播状态同步消息
2025-11-24 10:37:22.8504  当前没有其他玩家在线，无需广播状态同步消息
2025-11-24 10:37:22.9451  当前没有其他玩家在线，无需广播状态同步消息
2025-11-24 10:37:23.0452  当前没有其他玩家在线，无需广播状态同步消息
2025-11-24 10:37:23.1466  当前没有其他玩家在线，无需广播状态同步消息
2025-11-24 10:37:23.2470  当前没有其他玩家在线，无需广播状态同步消息
2025-11-24 10:37:24.0502  当前没有其他玩家在线，无需广播状态同步消息
2025-11-24 10:37:24.1456  当前没有其他玩家在线，无需广播状态同步消息
2025-11-24 10:37:24.2420  当前没有其他玩家在线，无需广播状态同步消息
2025-11-24 10:37:24.3440  当前没有其他玩家在线，无需广播状态同步消息
2025-11-24 10:37:24.4469  当前没有其他玩家在线，无需广播状态同步消息
2025-11-24 10:37:24.5448  当前没有其他玩家在线，无需广播状态同步消息
2025-11-24 10:37:24.6454  当前没有其他玩家在线，无需广播状态同步消息
2025-11-24 10:37:24.7448  当前没有其他玩家在线，无需广播状态同步消息
2025-11-24 10:37:24.8487  当前没有其他玩家在线，无需广播状态同步消息
2025-11-24 10:37:24.9429  当前没有其他玩家在线，无需广播状态同步消息
2025-11-24 10:37:25.0514  当前没有其他玩家在线，无需广播状态同步消息
2025-11-24 10:37:25.1475  当前没有其他玩家在线，无需广播状态同步消息
2025-11-24 10:37:25.2450  当前没有其他玩家在线，无需广播状态同步消息
2025-11-24 10:37:25.3499  当前没有其他玩家在线，无需广播状态同步消息
2025-11-24 10:37:25.4435  当前没有其他玩家在线，无需广播状态同步消息
2025-11-24 10:37:25.5448  当前没有其他玩家在线，无需广播状态同步消息
2025-11-24 10:37:25.6449  当前没有其他玩家在线，无需广播状态同步消息
2025-11-24 10:37:25.7444  当前没有其他玩家在线，无需广播状态同步消息
2025-11-24 10:37:25.8409  当前没有其他玩家在线，无需广播状态同步消息
2025-11-24 10:37:25.9448  当前没有其他玩家在线，无需广播状态同步消息
2025-11-24 10:37:26.0417  当前没有其他玩家在线，无需广播状态同步消息
2025-11-24 10:37:26.1431  当前没有其他玩家在线，无需广播状态同步消息
2025-11-24 10:37:26.2497  当前没有其他玩家在线，无需广播状态同步消息
2025-11-24 10:37:26.3503  当前没有其他玩家在线，无需广播状态同步消息
2025-11-24 10:37:26.4420  当前没有其他玩家在线，无需广播状态同步消息
2025-11-24 10:37:26.5415  当前没有其他玩家在线，无需广播状态同步消息
2025-11-24 10:37:26.6422  当前没有其他玩家在线，无需广播状态同步消息
2025-11-24 10:37:26.7410  当前没有其他玩家在线，无需广播状态同步消息
2025-11-24 10:37:26.8456  当前没有其他玩家在线，无需广播状态同步消息
2025-11-24 10:37:26.9423  当前没有其他玩家在线，无需广播状态同步消息
2025-11-24 10:37:27.0432  当前没有其他玩家在线，无需广播状态同步消息
2025-11-24 10:37:27.1511  当前没有其他玩家在线，无需广播状态同步消息
2025-11-24 10:37:27.2433  当前没有其他玩家在线，无需广播状态同步消息
2025-11-24 10:37:27.3499  当前没有其他玩家在线，无需广播状态同步消息
2025-11-24 10:37:27.4419  当前没有其他玩家在线，无需广播状态同步消息
2025-11-24 10:37:27.5489  当前没有其他玩家在线，无需广播状态同步消息
2025-11-24 10:37:27.6422  当前没有其他玩家在线，无需广播状态同步消息
2025-11-24 10:37:27.7504  当前没有其他玩家在线，无需广播状态同步消息
2025-11-24 10:37:27.8397  当前没有其他玩家在线，无需广播状态同步消息
2025-11-24 10:37:27.9408  当前没有其他玩家在线，无需广播状态同步消息
2025-11-24 10:37:28.0420  当前没有其他玩家在线，无需广播状态同步消息
2025-11-24 10:37:28.1439  当前没有其他玩家在线，无需广播状态同步消息
2025-11-24 10:37:28.2407  当前没有其他玩家在线，无需广播状态同步消息
2025-11-24 10:37:28.3421  当前没有其他玩家在线，无需广播状态同步消息
2025-11-24 10:37:28.4420  当前没有其他玩家在线，无需广播状态同步消息
2025-11-24 10:37:28.5398  当前没有其他玩家在线，无需广播状态同步消息
2025-11-24 10:37:28.6394  当前没有其他玩家在线，无需广播状态同步消息
2025-11-24 10:37:28.7425  当前没有其他玩家在线，无需广播状态同步消息
2025-11-24 10:37:28.8432  当前没有其他玩家在线，无需广播状态同步消息
2025-11-24 10:37:29.0479  当前没有其他玩家在线，无需广播状态同步消息
2025-11-24 10:37:29.1504  当前没有其他玩家在线，无需广播状态同步消息
2025-11-24 10:37:29.2401  当前没有其他玩家在线，无需广播状态同步消息
2025-11-24 10:37:29.3487  当前没有其他玩家在线，无需广播状态同步消息
2025-11-24 10:37:29.4422  当前没有其他玩家在线，无需广播状态同步消息
2025-11-24 10:37:29.5449  当前没有其他玩家在线，无需广播状态同步消息
2025-11-24 10:37:29.6441  当前没有其他玩家在线，无需广播状态同步消息
2025-11-24 10:37:29.7455  当前没有其他玩家在线，无需广播状态同步消息
2025-11-24 10:37:29.8477  当前没有其他玩家在线，无需广播状态同步消息
2025-11-24 10:37:29.9467  当前没有其他玩家在线，无需广播状态同步消息
2025-11-24 10:37:30.0444  当前没有其他玩家在线，无需广播状态同步消息
2025-11-24 10:37:30.1441  当前没有其他玩家在线，无需广播状态同步消息
2025-11-24 10:37:32.1112  当前服务器上没有其他玩家在线，无需广播下线消息
2025-11-24 10:37:32.1112  账号ID:481843035351810049 数据已保存到数据库
2025-11-24 10:37:32.1112  玩家ID:481843035351810049 下线成功 , 下线位置:x:-3.3476527, y:0, z:-0.6949752
