2025-11-24 10:16:01.4963  

==========================================================================
 
  ███████╗ █████╗ ███╗   ██╗████████╗ █████╗  ██████╗ ██╗   ██╗
  ██╔════╝██╔══██╗████╗  ██║╚══██╔══╝██╔══██╗██╔════╝ ╚██╗ ██╔╝
  █████╗  ███████║██╔██╗ ██║   ██║   ███████║╚█████╗   ╚████╔╝ 
  ██╔══╝  ██╔══██║██║╚██╗██║   ██║   ██╔══██║╚════██║   ╚██╔╝  
  ██║     ██║  ██║██║ ╚████║   ██║   ██║  ██║██████╔╝    ██║   
  ╚═╝     ╚═╝  ╚═╝╚═╝  ╚═══╝   ╚═╝   ╚═╝  ╚═╝╚═════╝     ╚═╝   
                                                            
 Version : Fantasy 2.0 Official version
==========================================================================

2025-11-24 10:16:01.5745  Current inner network protocol:TCP
2025-11-24 10:16:01.5745  Max Message Size(byte):1048560
2025-11-24 10:16:01.5745  Current session idle timeout:8000
2025-11-24 10:16:01.5753  Session-check interval:5000 
2025-11-24 10:16:02.9994  dbName:OnlineTest Initialize the db database and connect to the target.
2025-11-24 10:16:03.4758  dbName:OnlineTest Database connection successful.
2025-11-24 10:16:03.9010  SceneConfigId = 1001 networkTarget = Inner TCPServer Listen 127.0.0.1:11002
2025-11-24 10:16:04.2570  SceneConfigId = 1001 networkTarget = Outer KCPServer Listen 0.0.0.0:20000
2025-11-24 10:16:04.2570  Process:1 Startup Complete SceneCount:1
2025-11-24 10:16:46.0272 (LoginRequestHandler.cs:19) 收到登录请求
2025-11-24 10:16:46.2883 (LoginRequestHandler.cs:47) 登陆成功，分配玩家ID:481843035351810049
2025-11-24 10:16:48.1435 (LobbyPlayerManagerComponentSystem.cs:97) 玩家ID:481843035351810049 移动方向: -0.8715362 , 0 , -0.4903312
2025-11-24 10:16:48.1435 (LobbyPlayerManagerComponentSystem.cs:102) 玩家ID:481843035351810049 移动到新位置: -0.17430723 , 0 , -0.09806624
2025-11-24 10:16:48.2218 (LobbyPlayerManagerComponentSystem.cs:97) 玩家ID:481843035351810049 移动方向: -0.8167819 , 0 , -0.5769466
2025-11-24 10:16:48.2218 (LobbyPlayerManagerComponentSystem.cs:102) 玩家ID:481843035351810049 移动到新位置: -0.3376636 , 0 , -0.21345556
2025-11-24 10:16:48.3213 (LobbyPlayerManagerComponentSystem.cs:97) 玩家ID:481843035351810049 移动方向: -0.78779376 , 0 , -0.61593914
2025-11-24 10:16:48.3213 (LobbyPlayerManagerComponentSystem.cs:102) 玩家ID:481843035351810049 移动到新位置: -0.49522233 , 0 , -0.3366434
2025-11-24 10:16:48.4285 (LobbyPlayerManagerComponentSystem.cs:97) 玩家ID:481843035351810049 移动方向: -0.77597284 , 0 , -0.63076633
2025-11-24 10:16:48.4285 (LobbyPlayerManagerComponentSystem.cs:102) 玩家ID:481843035351810049 移动到新位置: -0.6504169 , 0 , -0.46279666
2025-11-24 10:16:48.5293 (LobbyPlayerManagerComponentSystem.cs:97) 玩家ID:481843035351810049 移动方向: -0.9952998 , 0 , 0.09684268
2025-11-24 10:16:48.5293 (LobbyPlayerManagerComponentSystem.cs:102) 玩家ID:481843035351810049 移动到新位置: -0.8494769 , 0 , -0.44342813
2025-11-24 10:16:48.6236 (LobbyPlayerManagerComponentSystem.cs:97) 玩家ID:481843035351810049 移动方向: -0.99522626 , 0 , 0.09759465
2025-11-24 10:16:48.6236 (LobbyPlayerManagerComponentSystem.cs:102) 玩家ID:481843035351810049 移动到新位置: -1.0485221 , 0 , -0.4239092
2025-11-24 10:16:48.7291 (LobbyPlayerManagerComponentSystem.cs:97) 玩家ID:481843035351810049 移动方向: -0.9937837 , 0 , 0.111328155
2025-11-24 10:16:48.7291 (LobbyPlayerManagerComponentSystem.cs:102) 玩家ID:481843035351810049 移动到新位置: -1.2472788 , 0 , -0.40164354
2025-11-24 10:16:48.8246 (LobbyPlayerManagerComponentSystem.cs:97) 玩家ID:481843035351810049 移动方向: -0.6035618 , 0 , 0.7973162
2025-11-24 10:16:48.8246 (LobbyPlayerManagerComponentSystem.cs:102) 玩家ID:481843035351810049 移动到新位置: -1.3679912 , 0 , -0.24218032
2025-11-24 10:16:48.9254 (LobbyPlayerManagerComponentSystem.cs:97) 玩家ID:481843035351810049 移动方向: -0.5351549 , 0 , 0.8447539
2025-11-24 10:16:48.9254 (LobbyPlayerManagerComponentSystem.cs:102) 玩家ID:481843035351810049 移动到新位置: -1.4750222 , 0 , -0.07322954
2025-11-24 10:16:49.0226 (LobbyPlayerManagerComponentSystem.cs:97) 玩家ID:481843035351810049 移动方向: -0.9142315 , 0 , -0.40519238
2025-11-24 10:16:49.0226 (LobbyPlayerManagerComponentSystem.cs:102) 玩家ID:481843035351810049 移动到新位置: -1.6578685 , 0 , -0.15426801
2025-11-24 10:16:49.1296 (LobbyPlayerManagerComponentSystem.cs:97) 玩家ID:481843035351810049 移动方向: -0.9783886 , 0 , -0.20677459
2025-11-24 10:16:49.1296 (LobbyPlayerManagerComponentSystem.cs:102) 玩家ID:481843035351810049 移动到新位置: -1.8535463 , 0 , -0.19562292
2025-11-24 10:16:49.2301 (LobbyPlayerManagerComponentSystem.cs:97) 玩家ID:481843035351810049 移动方向: -0.99998516 , 0 , -0.005445842
2025-11-24 10:16:49.2301 (LobbyPlayerManagerComponentSystem.cs:102) 玩家ID:481843035351810049 移动到新位置: -2.0535433 , 0 , -0.19671209
2025-11-24 10:16:49.3319 (LobbyPlayerManagerComponentSystem.cs:97) 玩家ID:481843035351810049 移动方向: -0.9925439 , 0 , 0.12188796
2025-11-24 10:16:49.3319 (LobbyPlayerManagerComponentSystem.cs:102) 玩家ID:481843035351810049 移动到新位置: -2.252052 , 0 , -0.17233449
2025-11-24 10:16:49.4266 (LobbyPlayerManagerComponentSystem.cs:97) 玩家ID:481843035351810049 移动方向: -0.98450553 , 0 , 0.17535353
2025-11-24 10:16:49.4266 (LobbyPlayerManagerComponentSystem.cs:102) 玩家ID:481843035351810049 移动到新位置: -2.4489532 , 0 , -0.13726379
2025-11-24 10:16:49.5309 (LobbyPlayerManagerComponentSystem.cs:97) 玩家ID:481843035351810049 移动方向: -0.9805345 , 0 , 0.19634694
2025-11-24 10:16:49.5309 (LobbyPlayerManagerComponentSystem.cs:102) 玩家ID:481843035351810049 移动到新位置: -2.64506 , 0 , -0.0979944
2025-11-24 10:16:49.6293 (LobbyPlayerManagerComponentSystem.cs:97) 玩家ID:481843035351810049 移动方向: -0.9790935 , 0 , 0.20341074
2025-11-24 10:16:49.6293 (LobbyPlayerManagerComponentSystem.cs:102) 玩家ID:481843035351810049 移动到新位置: -2.8408787 , 0 , -0.057312254
2025-11-24 10:16:49.7263 (LobbyPlayerManagerComponentSystem.cs:97) 玩家ID:481843035351810049 移动方向: -0.9786347 , 0 , 0.20560661
2025-11-24 10:16:49.7263 (LobbyPlayerManagerComponentSystem.cs:102) 玩家ID:481843035351810049 移动到新位置: -3.0366056 , 0 , -0.016190935
2025-11-24 10:16:49.8224 (LobbyPlayerManagerComponentSystem.cs:97) 玩家ID:481843035351810049 移动方向: -0.9784871 , 0 , 0.20630822
2025-11-24 10:16:49.8224 (LobbyPlayerManagerComponentSystem.cs:102) 玩家ID:481843035351810049 移动到新位置: -3.232303 , 0 , 0.025070708
2025-11-24 10:16:49.9318 (LobbyPlayerManagerComponentSystem.cs:97) 玩家ID:481843035351810049 移动方向: -0.9784378 , 0 , 0.20654188
2025-11-24 10:16:49.9318 (LobbyPlayerManagerComponentSystem.cs:102) 玩家ID:481843035351810049 移动到新位置: -3.4279904 , 0 , 0.066379085
2025-11-24 10:16:50.0303 (LobbyPlayerManagerComponentSystem.cs:102) 玩家ID:481843035351810049 移动到新位置: -3.4279904 , 0 , 0.066379085
2025-11-24 10:19:33.6350 (LoginRequestHandler.cs:19) 收到登录请求
2025-11-24 10:19:33.6379 (LoginRequestHandler.cs:47) 登陆成功，分配玩家ID:481843035351810049
2025-11-24 10:19:43.6443 (LobbyPlayerManagerComponentSystem.cs:97) 玩家ID:481843035351810049 移动方向: -0.9631664 , 0 , -0.26890597
2025-11-24 10:19:43.6443 (LobbyPlayerManagerComponentSystem.cs:102) 玩家ID:481843035351810049 移动到新位置: -3.6206236 , 0 , 0.012597892
2025-11-24 10:19:43.7401 (LobbyPlayerManagerComponentSystem.cs:97) 玩家ID:481843035351810049 移动方向: -0.9612799 , 0 , -0.27557385
2025-11-24 10:19:43.7401 (LobbyPlayerManagerComponentSystem.cs:102) 玩家ID:481843035351810049 移动到新位置: -3.8128796 , 0 , -0.042516876
2025-11-24 10:19:43.8379 (LobbyPlayerManagerComponentSystem.cs:97) 玩家ID:481843035351810049 移动方向: -0.96063375 , 0 , -0.27781788
2025-11-24 10:19:43.8379 (LobbyPlayerManagerComponentSystem.cs:102) 玩家ID:481843035351810049 移动到新位置: -4.0050063 , 0 , -0.098080456
2025-11-24 10:19:43.9375 (LobbyPlayerManagerComponentSystem.cs:97) 玩家ID:481843035351810049 移动方向: -0.9604015 , 0 , -0.27861992
2025-11-24 10:19:43.9375 (LobbyPlayerManagerComponentSystem.cs:102) 玩家ID:481843035351810049 移动到新位置: -4.197087 , 0 , -0.15380444
2025-11-24 10:19:44.0543 (LobbyPlayerManagerComponentSystem.cs:97) 玩家ID:481843035351810049 移动方向: -0.9603262 , 0 , -0.27887923
2025-11-24 10:19:44.0543 (LobbyPlayerManagerComponentSystem.cs:102) 玩家ID:481843035351810049 移动到新位置: -4.389152 , 0 , -0.20958027
2025-11-24 10:19:44.1435 (LobbyPlayerManagerComponentSystem.cs:97) 玩家ID:481843035351810049 移动方向: -0.9603038 , 0 , -0.27895632
2025-11-24 10:19:44.1435 (LobbyPlayerManagerComponentSystem.cs:102) 玩家ID:481843035351810049 移动到新位置: -4.581213 , 0 , -0.26537153
2025-11-24 10:19:44.2478 (LobbyPlayerManagerComponentSystem.cs:97) 玩家ID:481843035351810049 移动方向: -0.96029645 , 0 , -0.27898157
2025-11-24 10:19:44.2478 (LobbyPlayerManagerComponentSystem.cs:102) 玩家ID:481843035351810049 移动到新位置: -4.7732725 , 0 , -0.32116786
2025-11-24 10:19:44.3466 (StateSyncRequestHandler.cs:18) 玩家ID:481843035351810049 移动方向: -0.9602945 , 0 , -0.2789883
2025-11-24 10:19:44.3466 (StateSyncRequestHandler.cs:18) 玩家ID:481843035351810049 移动到新位置: -4.9653316 , 0 , -0.37696552
2025-11-24 10:19:44.4410 (StateSyncRequestHandler.cs:18) 玩家ID:481843035351810049 移动到新位置: -4.9653316 , 0 , -0.37696552
2025-11-24 10:19:45.3440 (StateSyncRequestHandler.cs:18) 玩家ID:481843035351810049 移动方向: -0.97581863 , 0 , -0.2185818
2025-11-24 10:19:45.3440 (StateSyncRequestHandler.cs:18) 玩家ID:481843035351810049 移动到新位置: -5.1604953 , 0 , -0.4206819
2025-11-24 10:19:45.4447 (StateSyncRequestHandler.cs:18) 玩家ID:481843035351810049 移动方向: 0.0738885 , 0 , -0.9972665
2025-11-24 10:19:45.4447 (StateSyncRequestHandler.cs:18) 玩家ID:481843035351810049 移动到新位置: -5.1457176 , 0 , -0.6201352
2025-11-24 10:19:45.5405 (StateSyncRequestHandler.cs:18) 玩家ID:481843035351810049 移动方向: 0.013261609 , 0 , -0.999912
2025-11-24 10:19:45.5405 (StateSyncRequestHandler.cs:18) 玩家ID:481843035351810049 移动到新位置: -5.1430655 , 0 , -0.8201176
2025-11-24 10:19:45.6398 (StateSyncRequestHandler.cs:18) 玩家ID:481843035351810049 移动方向: -0.999965 , 0 , 0.0083652
2025-11-24 10:19:45.6398 (StateSyncRequestHandler.cs:18) 玩家ID:481843035351810049 移动到新位置: -5.3430586 , 0 , -0.81844455
2025-11-24 10:19:45.7386 (StateSyncRequestHandler.cs:18) 玩家ID:481843035351810049 移动方向: -0.9999411 , 0 , -0.010850144
2025-11-24 10:19:45.7386 (StateSyncRequestHandler.cs:18) 玩家ID:481843035351810049 移动到新位置: -5.543047 , 0 , -0.8206146
2025-11-24 10:19:45.8381 (StateSyncRequestHandler.cs:18) 玩家ID:481843035351810049 移动方向: -0.05379757 , 0 , 0.99855185
2025-11-24 10:19:45.8381 (StateSyncRequestHandler.cs:18) 玩家ID:481843035351810049 移动到新位置: -5.5538063 , 0 , -0.6209042
2025-11-24 10:19:45.9423 (StateSyncRequestHandler.cs:18) 玩家ID:481843035351810049 移动方向: -0.07740414 , 0 , 0.9969998
2025-11-24 10:19:45.9423 (StateSyncRequestHandler.cs:18) 玩家ID:481843035351810049 移动到新位置: -5.5692873 , 0 , -0.42150426
2025-11-24 10:19:46.0405 (StateSyncRequestHandler.cs:18) 玩家ID:481843035351810049 移动到新位置: -5.5692873 , 0 , -0.42150426
2025-11-24 10:19:47.3468 (StateSyncRequestHandler.cs:18) 玩家ID:481843035351810049 移动方向: -0.9972365 , 0 , -0.07429229
2025-11-24 10:19:47.3468 (StateSyncRequestHandler.cs:18) 玩家ID:481843035351810049 移动到新位置: -5.7687345 , 0 , -0.4363627
2025-11-24 10:19:47.4433 (StateSyncRequestHandler.cs:18) 玩家ID:481843035351810049 移动到新位置: -5.7687345 , 0 , -0.4363627
2025-11-24 10:26:03.7778  收到登录请求
2025-11-24 10:26:03.7790  登陆成功，分配玩家ID:481843035351810049
2025-11-24 10:29:38.4447  收到登录请求
2025-11-24 10:29:38.4447  登陆成功，分配玩家ID:481843035351810049
2025-11-24 10:33:22.2373  收到登录请求
2025-11-24 10:33:22.2373  登陆成功，分配玩家ID:481843035351810049
2025-11-24 10:33:56.4915  

==========================================================================
 
  ███████╗ █████╗ ███╗   ██╗████████╗ █████╗  ██████╗ ██╗   ██╗
  ██╔════╝██╔══██╗████╗  ██║╚══██╔══╝██╔══██╗██╔════╝ ╚██╗ ██╔╝
  █████╗  ███████║██╔██╗ ██║   ██║   ███████║╚█████╗   ╚████╔╝ 
  ██╔══╝  ██╔══██║██║╚██╗██║   ██║   ██╔══██║╚════██║   ╚██╔╝  
  ██║     ██║  ██║██║ ╚████║   ██║   ██║  ██║██████╔╝    ██║   
  ╚═╝     ╚═╝  ╚═╝╚═╝  ╚═══╝   ╚═╝   ╚═╝  ╚═╝╚═════╝     ╚═╝   
                                                            
 Version : Fantasy 2.0 Official version
==========================================================================

2025-11-24 10:33:56.5523  Current inner network protocol:TCP
2025-11-24 10:33:56.5523  Max Message Size(byte):1048560
2025-11-24 10:33:56.5523  Current session idle timeout:8000
2025-11-24 10:33:56.5523  Session-check interval:5000 
2025-11-24 10:33:57.0568  dbName:OnlineTest Initialize the db database and connect to the target.
2025-11-24 10:33:57.2997  dbName:OnlineTest Database connection successful.
2025-11-24 10:33:57.6373  SceneConfigId = 1001 networkTarget = Inner TCPServer Listen 127.0.0.1:11002
2025-11-24 10:33:57.9254  SceneConfigId = 1001 networkTarget = Outer KCPServer Listen 0.0.0.0:20000
2025-11-24 10:33:57.9254  Process:1 Startup Complete SceneCount:1
2025-11-24 10:34:48.6642 (LoginRequestHandler.cs:19) 收到登录请求
2025-11-24 10:34:48.8577 (LoginRequestHandler.cs:47) 登陆成功，分配玩家ID:481843035351810049
2025-11-24 10:34:51.0834 (LobbyPlayerManagerComponentSystem.cs:97) 玩家ID:481843035351810049 移动方向: -1 , 0 , 0
2025-11-24 10:34:51.0834 (LobbyPlayerManagerComponentSystem.cs:102) 玩家ID:481843035351810049 移动到新位置: -5.9687343 , 0 , -0.4363627
2025-11-24 10:34:51.1579 (LobbyPlayerManagerComponentSystem.cs:97) 玩家ID:481843035351810049 移动方向: -1 , 0 , 0
2025-11-24 10:34:51.1579 (LobbyPlayerManagerComponentSystem.cs:102) 玩家ID:481843035351810049 移动到新位置: -6.168734 , 0 , -0.4363627
2025-11-24 10:34:51.2675 (LobbyPlayerManagerComponentSystem.cs:97) 玩家ID:481843035351810049 移动方向: -0.70710677 , 0 , -0.70710677
2025-11-24 10:34:51.2675 (LobbyPlayerManagerComponentSystem.cs:102) 玩家ID:481843035351810049 移动到新位置: -6.3101554 , 0 , -0.57778406
2025-11-24 10:34:51.3623 (LobbyPlayerManagerComponentSystem.cs:97) 玩家ID:481843035351810049 移动方向: 0 , 0 , -1
2025-11-24 10:34:51.3623 (LobbyPlayerManagerComponentSystem.cs:102) 玩家ID:481843035351810049 移动到新位置: -6.3101554 , 0 , -0.77778405
2025-11-24 10:34:51.4607 (LobbyPlayerManagerComponentSystem.cs:97) 玩家ID:481843035351810049 移动方向: 0 , 0 , -1
2025-11-24 10:34:51.4607 (LobbyPlayerManagerComponentSystem.cs:102) 玩家ID:481843035351810049 移动到新位置: -6.3101554 , 0 , -0.97778404
2025-11-24 10:34:51.5655 (LobbyPlayerManagerComponentSystem.cs:97) 玩家ID:481843035351810049 移动方向: 0 , 0 , -1
2025-11-24 10:34:51.5655 (LobbyPlayerManagerComponentSystem.cs:102) 玩家ID:481843035351810049 移动到新位置: -6.3101554 , 0 , -1.177784
2025-11-24 10:34:51.6727 (LobbyPlayerManagerComponentSystem.cs:97) 玩家ID:481843035351810049 移动方向: 0.70710677 , 0 , -0.70710677
2025-11-24 10:34:51.6727 (LobbyPlayerManagerComponentSystem.cs:102) 玩家ID:481843035351810049 移动到新位置: -6.168734 , 0 , -1.3192053
2025-11-24 10:34:51.7647 (LobbyPlayerManagerComponentSystem.cs:97) 玩家ID:481843035351810049 移动方向: 1 , 0 , 0
2025-11-24 10:34:51.7647 (LobbyPlayerManagerComponentSystem.cs:102) 玩家ID:481843035351810049 移动到新位置: -5.9687343 , 0 , -1.3192053
2025-11-24 10:34:51.8656 (LobbyPlayerManagerComponentSystem.cs:97) 玩家ID:481843035351810049 移动方向: 0 , 0 , 1
2025-11-24 10:34:51.8656 (LobbyPlayerManagerComponentSystem.cs:102) 玩家ID:481843035351810049 移动到新位置: -5.9687343 , 0 , -1.1192052
2025-11-24 10:34:51.9654 (LobbyPlayerManagerComponentSystem.cs:97) 玩家ID:481843035351810049 移动方向: -0.70710677 , 0 , 0.70710677
2025-11-24 10:34:51.9654 (LobbyPlayerManagerComponentSystem.cs:102) 玩家ID:481843035351810049 移动到新位置: -6.1101556 , 0 , -0.9777839
2025-11-24 10:34:52.0631 (LobbyPlayerManagerComponentSystem.cs:97) 玩家ID:481843035351810049 移动方向: -1 , 0 , 0
2025-11-24 10:34:52.0631 (LobbyPlayerManagerComponentSystem.cs:102) 玩家ID:481843035351810049 移动到新位置: -6.3101554 , 0 , -0.9777839
2025-11-24 10:34:52.1605 (LobbyPlayerManagerComponentSystem.cs:97) 玩家ID:481843035351810049 移动方向: -1 , 0 , 0
2025-11-24 10:34:52.1605 (LobbyPlayerManagerComponentSystem.cs:102) 玩家ID:481843035351810049 移动到新位置: -6.510155 , 0 , -0.9777839
2025-11-24 10:34:52.2572 (LobbyPlayerManagerComponentSystem.cs:97) 玩家ID:481843035351810049 移动方向: -1 , 0 , 0
2025-11-24 10:34:52.2572 (LobbyPlayerManagerComponentSystem.cs:102) 玩家ID:481843035351810049 移动到新位置: -6.710155 , 0 , -0.9777839
2025-11-24 10:34:52.3604 (LobbyPlayerManagerComponentSystem.cs:97) 玩家ID:481843035351810049 移动方向: -1 , 0 , 0
2025-11-24 10:34:52.3604 (LobbyPlayerManagerComponentSystem.cs:102) 玩家ID:481843035351810049 移动到新位置: -6.910155 , 0 , -0.9777839
2025-11-24 10:34:52.4632 (LobbyPlayerManagerComponentSystem.cs:97) 玩家ID:481843035351810049 移动方向: 0 , 0 , -1
2025-11-24 10:34:52.4632 (LobbyPlayerManagerComponentSystem.cs:102) 玩家ID:481843035351810049 移动到新位置: -6.910155 , 0 , -1.177784
2025-11-24 10:34:52.5617 (LobbyPlayerManagerComponentSystem.cs:97) 玩家ID:481843035351810049 移动方向: 0 , 0 , -1
2025-11-24 10:34:52.5617 (LobbyPlayerManagerComponentSystem.cs:102) 玩家ID:481843035351810049 移动到新位置: -6.910155 , 0 , -1.377784
2025-11-24 10:34:52.6651 (LobbyPlayerManagerComponentSystem.cs:97) 玩家ID:481843035351810049 移动方向: 0 , 0 , -1
2025-11-24 10:34:52.6651 (LobbyPlayerManagerComponentSystem.cs:102) 玩家ID:481843035351810049 移动到新位置: -6.910155 , 0 , -1.5777841
2025-11-24 10:34:52.7589 (LobbyPlayerManagerComponentSystem.cs:97) 玩家ID:481843035351810049 移动方向: 0 , 0 , -1
2025-11-24 10:34:52.7589 (LobbyPlayerManagerComponentSystem.cs:102) 玩家ID:481843035351810049 移动到新位置: -6.910155 , 0 , -1.7777841
2025-11-24 10:34:52.8681 (LobbyPlayerManagerComponentSystem.cs:97) 玩家ID:481843035351810049 移动方向: -0.70710677 , 0 , -0.70710677
2025-11-24 10:34:52.8681 (LobbyPlayerManagerComponentSystem.cs:102) 玩家ID:481843035351810049 移动到新位置: -7.051576 , 0 , -1.9192054
2025-11-24 10:34:52.9623 (LobbyPlayerManagerComponentSystem.cs:97) 玩家ID:481843035351810049 移动方向: -1 , 0 , 0
2025-11-24 10:34:52.9623 (LobbyPlayerManagerComponentSystem.cs:102) 玩家ID:481843035351810049 移动到新位置: -7.251576 , 0 , -1.9192054
2025-11-24 10:34:53.0642 (LobbyPlayerManagerComponentSystem.cs:97) 玩家ID:481843035351810049 移动方向: -1 , 0 , 0
2025-11-24 10:34:53.0642 (LobbyPlayerManagerComponentSystem.cs:102) 玩家ID:481843035351810049 移动到新位置: -7.4515758 , 0 , -1.9192054
2025-11-24 10:34:53.1596 (LobbyPlayerManagerComponentSystem.cs:97) 玩家ID:481843035351810049 移动方向: -1 , 0 , 0
2025-11-24 10:34:53.1596 (LobbyPlayerManagerComponentSystem.cs:102) 玩家ID:481843035351810049 移动到新位置: -7.6515756 , 0 , -1.9192054
2025-11-24 10:34:53.2571 (LobbyPlayerManagerComponentSystem.cs:97) 玩家ID:481843035351810049 移动方向: -0.70710677 , 0 , -0.70710677
2025-11-24 10:34:53.2571 (LobbyPlayerManagerComponentSystem.cs:102) 玩家ID:481843035351810049 移动到新位置: -7.792997 , 0 , -2.0606267
2025-11-24 10:34:53.3641 (LobbyPlayerManagerComponentSystem.cs:97) 玩家ID:481843035351810049 移动方向: 0 , 0 , -1
2025-11-24 10:34:53.3641 (LobbyPlayerManagerComponentSystem.cs:102) 玩家ID:481843035351810049 移动到新位置: -7.792997 , 0 , -2.2606268
2025-11-24 10:34:53.4605 (LobbyPlayerManagerComponentSystem.cs:97) 玩家ID:481843035351810049 移动方向: 0 , 0 , -1
2025-11-24 10:34:53.4605 (LobbyPlayerManagerComponentSystem.cs:102) 玩家ID:481843035351810049 移动到新位置: -7.792997 , 0 , -2.4606268
2025-11-24 10:34:53.5604 (LobbyPlayerManagerComponentSystem.cs:97) 玩家ID:481843035351810049 移动方向: 0 , 0 , -1
2025-11-24 10:34:53.5604 (LobbyPlayerManagerComponentSystem.cs:102) 玩家ID:481843035351810049 移动到新位置: -7.792997 , 0 , -2.660627
2025-11-24 10:34:53.6616 (LobbyPlayerManagerComponentSystem.cs:97) 玩家ID:481843035351810049 移动方向: -0.70710677 , 0 , -0.70710677
2025-11-24 10:34:53.6616 (LobbyPlayerManagerComponentSystem.cs:102) 玩家ID:481843035351810049 移动到新位置: -7.934418 , 0 , -2.8020482
2025-11-24 10:34:53.7584 (LobbyPlayerManagerComponentSystem.cs:97) 玩家ID:481843035351810049 移动方向: -0.70710677 , 0 , -0.70710677
2025-11-24 10:34:53.7584 (LobbyPlayerManagerComponentSystem.cs:102) 玩家ID:481843035351810049 移动到新位置: -8.07584 , 0 , -2.9434695
2025-11-24 10:34:53.8611 (LobbyPlayerManagerComponentSystem.cs:102) 玩家ID:481843035351810049 移动到新位置: -8.07584 , 0 , -2.9434695
2025-11-24 10:34:57.2636 (StateSyncRequestHandler.cs:18) 玩家ID:481843035351810049 移动方向: 0 , 0 , -1
2025-11-24 10:34:57.2636 (StateSyncRequestHandler.cs:18) 玩家ID:481843035351810049 移动到新位置: -8.07584 , 0 , -3.1434696
2025-11-24 10:34:57.3633 (StateSyncRequestHandler.cs:18) 玩家ID:481843035351810049 移动方向: 0 , 0 , -1
2025-11-24 10:34:57.3633 (StateSyncRequestHandler.cs:18) 玩家ID:481843035351810049 移动到新位置: -8.07584 , 0 , -3.3434696
2025-11-24 10:34:57.4578 (StateSyncRequestHandler.cs:18) 玩家ID:481843035351810049 移动到新位置: -8.07584 , 0 , -3.3434696
2025-11-24 10:34:57.9622 (StateSyncRequestHandler.cs:18) 玩家ID:481843035351810049 移动方向: 0 , 0 , -1
2025-11-24 10:34:57.9622 (StateSyncRequestHandler.cs:18) 玩家ID:481843035351810049 移动到新位置: -8.07584 , 0 , -3.5434697
2025-11-24 10:34:58.0582 (StateSyncRequestHandler.cs:18) 玩家ID:481843035351810049 移动方向: 0 , 0 , -1
2025-11-24 10:34:58.0582 (StateSyncRequestHandler.cs:18) 玩家ID:481843035351810049 移动到新位置: -8.07584 , 0 , -3.7434697
2025-11-24 10:34:58.1614 (StateSyncRequestHandler.cs:18) 玩家ID:481843035351810049 移动方向: 0 , 0 , -1
2025-11-24 10:34:58.1614 (StateSyncRequestHandler.cs:18) 玩家ID:481843035351810049 移动到新位置: -8.07584 , 0 , -3.9434698
2025-11-24 10:34:58.2633 (StateSyncRequestHandler.cs:18) 玩家ID:481843035351810049 移动方向: 0 , 0 , -1
2025-11-24 10:34:58.2633 (StateSyncRequestHandler.cs:18) 玩家ID:481843035351810049 移动到新位置: -8.07584 , 0 , -4.14347
2025-11-24 10:34:58.3570 (StateSyncRequestHandler.cs:18) 玩家ID:481843035351810049 移动到新位置: -8.07584 , 0 , -4.14347
2025-11-24 10:35:00.0651 (StateSyncRequestHandler.cs:18) 玩家ID:481843035351810049 移动方向: 0 , 0 , 1
2025-11-24 10:35:00.0651 (StateSyncRequestHandler.cs:18) 玩家ID:481843035351810049 移动到新位置: -8.07584 , 0 , -3.9434698
2025-11-24 10:35:00.1626 (StateSyncRequestHandler.cs:18) 玩家ID:481843035351810049 移动方向: 0 , 0 , 1
2025-11-24 10:35:00.1626 (StateSyncRequestHandler.cs:18) 玩家ID:481843035351810049 移动到新位置: -8.07584 , 0 , -3.7434697
2025-11-24 10:35:00.2610 (StateSyncRequestHandler.cs:18) 玩家ID:481843035351810049 移动到新位置: -8.07584 , 0 , -3.7434697
2025-11-24 10:35:00.4574 (StateSyncRequestHandler.cs:18) 玩家ID:481843035351810049 移动方向: -1 , 0 , 0
2025-11-24 10:35:00.4574 (StateSyncRequestHandler.cs:18) 玩家ID:481843035351810049 移动到新位置: -8.27584 , 0 , -3.7434697
2025-11-24 10:35:00.5615 (StateSyncRequestHandler.cs:18) 玩家ID:481843035351810049 移动到新位置: -8.27584 , 0 , -3.7434697
2025-11-24 10:35:00.7580 (StateSyncRequestHandler.cs:18) 玩家ID:481843035351810049 移动方向: 1 , 0 , 0
2025-11-24 10:35:00.7580 (StateSyncRequestHandler.cs:18) 玩家ID:481843035351810049 移动到新位置: -8.07584 , 0 , -3.7434697
2025-11-24 10:35:00.8612 (StateSyncRequestHandler.cs:18) 玩家ID:481843035351810049 移动方向: 1 , 0 , 0
2025-11-24 10:35:00.8612 (StateSyncRequestHandler.cs:18) 玩家ID:481843035351810049 移动到新位置: -7.87584 , 0 , -3.7434697
2025-11-24 10:35:00.9639 (StateSyncRequestHandler.cs:18) 玩家ID:481843035351810049 移动到新位置: -7.87584 , 0 , -3.7434697
2025-11-24 10:35:06.6627 (StateSyncRequestHandler.cs:18) 玩家ID:481843035351810049 移动方向: 1 , 0 , 0
2025-11-24 10:35:06.6627 (StateSyncRequestHandler.cs:18) 玩家ID:481843035351810049 移动到新位置: -7.6758404 , 0 , -3.7434697
2025-11-24 10:35:06.7605 (StateSyncRequestHandler.cs:18) 玩家ID:481843035351810049 移动到新位置: -7.6758404 , 0 , -3.7434697
2025-11-24 10:35:06.9684 (StateSyncRequestHandler.cs:18) 玩家ID:481843035351810049 移动方向: -1 , 0 , 0
2025-11-24 10:35:06.9684 (StateSyncRequestHandler.cs:18) 玩家ID:481843035351810049 移动到新位置: -7.87584 , 0 , -3.7434697
2025-11-24 10:35:07.0641 (StateSyncRequestHandler.cs:18) 玩家ID:481843035351810049 移动方向: -0.70710677 , 0 , 0.70710677
2025-11-24 10:35:07.0641 (StateSyncRequestHandler.cs:18) 玩家ID:481843035351810049 移动到新位置: -8.0172615 , 0 , -3.6020484
2025-11-24 10:35:07.1651 (StateSyncRequestHandler.cs:18) 玩家ID:481843035351810049 移动到新位置: -8.0172615 , 0 , -3.6020484
2025-11-24 10:35:11.5573 (StateSyncRequestHandler.cs:18) 玩家ID:481843035351810049 移动方向: 1 , 0 , 0
2025-11-24 10:35:11.5573 (StateSyncRequestHandler.cs:18) 玩家ID:481843035351810049 移动到新位置: -7.8172617 , 0 , -3.6020484
2025-11-24 10:35:11.6670 (StateSyncRequestHandler.cs:18) 玩家ID:481843035351810049 移动方向: 1 , 0 , 0
2025-11-24 10:35:11.6670 (StateSyncRequestHandler.cs:18) 玩家ID:481843035351810049 移动到新位置: -7.617262 , 0 , -3.6020484
2025-11-24 10:35:11.7633 (StateSyncRequestHandler.cs:18) 玩家ID:481843035351810049 移动方向: 1 , 0 , 0
2025-11-24 10:35:11.7633 (StateSyncRequestHandler.cs:18) 玩家ID:481843035351810049 移动到新位置: -7.417262 , 0 , -3.6020484
2025-11-24 10:35:11.8605 (StateSyncRequestHandler.cs:18) 玩家ID:481843035351810049 移动方向: 1 , 0 , 0
2025-11-24 10:35:11.8605 (StateSyncRequestHandler.cs:18) 玩家ID:481843035351810049 移动到新位置: -7.2172623 , 0 , -3.6020484
2025-11-24 10:35:11.9719 (StateSyncRequestHandler.cs:18) 玩家ID:481843035351810049 移动方向: 0 , 0 , -1
2025-11-24 10:35:11.9719 (StateSyncRequestHandler.cs:18) 玩家ID:481843035351810049 移动到新位置: -7.2172623 , 0 , -3.8020484
2025-11-24 10:35:12.0655 (StateSyncRequestHandler.cs:18) 玩家ID:481843035351810049 移动方向: 0 , 0 , -1
2025-11-24 10:35:12.0655 (StateSyncRequestHandler.cs:18) 玩家ID:481843035351810049 移动到新位置: -7.2172623 , 0 , -4.0020485
2025-11-24 10:35:12.1627 (StateSyncRequestHandler.cs:18) 玩家ID:481843035351810049 移动方向: 0 , 0 , -1
2025-11-24 10:35:12.1627 (StateSyncRequestHandler.cs:18) 玩家ID:481843035351810049 移动到新位置: -7.2172623 , 0 , -4.2020483
2025-11-24 10:35:12.2636 (StateSyncRequestHandler.cs:18) 玩家ID:481843035351810049 移动方向: -0.70710677 , 0 , -0.70710677
2025-11-24 10:35:12.2636 (StateSyncRequestHandler.cs:18) 玩家ID:481843035351810049 移动到新位置: -7.3586836 , 0 , -4.3434696
2025-11-24 10:35:12.3629 (StateSyncRequestHandler.cs:18) 玩家ID:481843035351810049 移动方向: -1 , 0 , 0
2025-11-24 10:35:12.3629 (StateSyncRequestHandler.cs:18) 玩家ID:481843035351810049 移动到新位置: -7.5586834 , 0 , -4.3434696
2025-11-24 10:35:12.4647 (StateSyncRequestHandler.cs:18) 玩家ID:481843035351810049 移动方向: -1 , 0 , 0
2025-11-24 10:35:12.4647 (StateSyncRequestHandler.cs:18) 玩家ID:481843035351810049 移动到新位置: -7.758683 , 0 , -4.3434696
2025-11-24 10:35:12.5621 (StateSyncRequestHandler.cs:18) 玩家ID:481843035351810049 移动到新位置: -7.758683 , 0 , -4.3434696
2025-11-24 10:35:13.7569 (StateSyncRequestHandler.cs:18) 玩家ID:481843035351810049 移动方向: 0 , 0 , -1
2025-11-24 10:35:13.7569 (StateSyncRequestHandler.cs:18) 玩家ID:481843035351810049 移动到新位置: -7.758683 , 0 , -4.5434694
2025-11-24 10:35:13.8673 (StateSyncRequestHandler.cs:18) 玩家ID:481843035351810049 移动方向: 0 , 0 , -1
2025-11-24 10:35:13.8673 (StateSyncRequestHandler.cs:18) 玩家ID:481843035351810049 移动到新位置: -7.758683 , 0 , -4.743469
2025-11-24 10:35:13.9578 (StateSyncRequestHandler.cs:18) 玩家ID:481843035351810049 移动到新位置: -7.758683 , 0 , -4.743469
2025-11-24 10:36:00.1415  收到登录请求
2025-11-24 10:36:00.1581  登陆成功，分配玩家ID:481843035351810049
2025-11-24 10:37:11.0696  收到登录请求
2025-11-24 10:37:11.0696  登陆成功，分配玩家ID:481843035351810049
2025-11-24 10:37:12.4580 (StateSyncRequestHandler.cs:18) 玩家ID:481843035351810049 移动方向: -0.60752153 , 0 , -0.7943032
2025-11-24 10:37:12.4580 (StateSyncRequestHandler.cs:18) 玩家ID:481843035351810049 移动到新位置: -7.8801875 , 0 , -4.90233
2025-11-24 10:37:12.5492 (StateSyncRequestHandler.cs:18) 玩家ID:481843035351810049 移动方向: -0.7248553 , 0 , -0.6889011
2025-11-24 10:37:12.5492 (StateSyncRequestHandler.cs:18) 玩家ID:481843035351810049 移动到新位置: -8.025159 , 0 , -5.04011
2025-11-24 10:37:12.6449 (StateSyncRequestHandler.cs:18) 玩家ID:481843035351810049 移动方向: -0.84625334 , 0 , -0.53278065
2025-11-24 10:37:12.6449 (StateSyncRequestHandler.cs:18) 玩家ID:481843035351810049 移动到新位置: -8.194409 , 0 , -5.146666
2025-11-24 10:37:12.7452 (StateSyncRequestHandler.cs:18) 玩家ID:481843035351810049 移动方向: 0.38877136 , 0 , -0.92133427
2025-11-24 10:37:12.7452 (StateSyncRequestHandler.cs:18) 玩家ID:481843035351810049 移动到新位置: -8.116655 , 0 , -5.330933
2025-11-24 10:37:12.8431 (StateSyncRequestHandler.cs:18) 玩家ID:481843035351810049 移动方向: 0.31874064 , 0 , -0.94784194
2025-11-24 10:37:12.8431 (StateSyncRequestHandler.cs:18) 玩家ID:481843035351810049 移动到新位置: -8.052907 , 0 , -5.5205016
2025-11-24 10:37:12.9413 (StateSyncRequestHandler.cs:18) 玩家ID:481843035351810049 移动方向: 0.956951 , 0 , 0.29024944
2025-11-24 10:37:12.9413 (StateSyncRequestHandler.cs:18) 玩家ID:481843035351810049 移动到新位置: -7.861517 , 0 , -5.462452
2025-11-24 10:37:13.0423 (StateSyncRequestHandler.cs:18) 玩家ID:481843035351810049 移动方向: 0.48072368 , 0 , 0.8768721
2025-11-24 10:37:13.0423 (StateSyncRequestHandler.cs:18) 玩家ID:481843035351810049 移动到新位置: -7.7653723 , 0 , -5.2870774
2025-11-24 10:37:13.1446 (StateSyncRequestHandler.cs:18) 玩家ID:481843035351810049 移动方向: -0.27670833 , 0 , 0.96095395
2025-11-24 10:37:13.1446 (StateSyncRequestHandler.cs:18) 玩家ID:481843035351810049 移动到新位置: -7.820714 , 0 , -5.094887
2025-11-24 10:37:13.2487 (StateSyncRequestHandler.cs:18) 玩家ID:481843035351810049 移动方向: -0.27564088 , 0 , 0.96126074
2025-11-24 10:37:13.2487 (StateSyncRequestHandler.cs:18) 玩家ID:481843035351810049 移动到新位置: -7.875842 , 0 , -4.9026346
2025-11-24 10:37:13.3482 (StateSyncRequestHandler.cs:18) 玩家ID:481843035351810049 移动方向: -0.27618015 , 0 , 0.96110594
2025-11-24 10:37:13.3482 (StateSyncRequestHandler.cs:18) 玩家ID:481843035351810049 移动到新位置: -7.931078 , 0 , -4.7104135
2025-11-24 10:37:13.4473 (StateSyncRequestHandler.cs:18) 玩家ID:481843035351810049 移动方向: -0.3981795 , 0 , 0.91730756
2025-11-24 10:37:13.4473 (StateSyncRequestHandler.cs:18) 玩家ID:481843035351810049 移动到新位置: -8.010714 , 0 , -4.526952
2025-11-24 10:37:13.5470 (StateSyncRequestHandler.cs:18) 玩家ID:481843035351810049 移动方向: -0.7727867 , 0 , 0.63466585
2025-11-24 10:37:13.5470 (StateSyncRequestHandler.cs:18) 玩家ID:481843035351810049 移动到新位置: -8.165271 , 0 , -4.4000187
2025-11-24 10:37:13.6458 (StateSyncRequestHandler.cs:18) 玩家ID:481843035351810049 移动方向: -0.92507535 , 0 , 0.37978366
2025-11-24 10:37:13.6458 (StateSyncRequestHandler.cs:18) 玩家ID:481843035351810049 移动到新位置: -8.350286 , 0 , -4.324062
2025-11-24 10:37:13.7420 (StateSyncRequestHandler.cs:18) 玩家ID:481843035351810049 移动方向: 0.56678224 , 0 , 0.8238676
2025-11-24 10:37:13.7420 (StateSyncRequestHandler.cs:18) 玩家ID:481843035351810049 移动到新位置: -8.236929 , 0 , -4.1592884
2025-11-24 10:37:13.8460 (StateSyncRequestHandler.cs:18) 玩家ID:481843035351810049 移动方向: 0.89578205 , 0 , 0.4444935
2025-11-24 10:37:13.8460 (StateSyncRequestHandler.cs:18) 玩家ID:481843035351810049 移动到新位置: -8.057773 , 0 , -4.0703897
2025-11-24 10:37:13.9506 (StateSyncRequestHandler.cs:18) 玩家ID:481843035351810049 移动方向: 0.98049355 , 0 , 0.19655126
2025-11-24 10:37:13.9506 (StateSyncRequestHandler.cs:18) 玩家ID:481843035351810049 移动到新位置: -7.861674 , 0 , -4.0310793
2025-11-24 10:37:14.0442 (StateSyncRequestHandler.cs:18) 玩家ID:481843035351810049 移动方向: 0.9628185 , 0 , 0.27014905
2025-11-24 10:37:14.0442 (StateSyncRequestHandler.cs:18) 玩家ID:481843035351810049 移动到新位置: -7.6691103 , 0 , -3.9770496
2025-11-24 10:37:14.1493 (StateSyncRequestHandler.cs:18) 玩家ID:481843035351810049 移动方向: 0.7957253 , 0 , 0.6056578
2025-11-24 10:37:14.1493 (StateSyncRequestHandler.cs:18) 玩家ID:481843035351810049 移动到新位置: -7.5099654 , 0 , -3.855918
2025-11-24 10:37:14.2418 (StateSyncRequestHandler.cs:18) 玩家ID:481843035351810049 移动方向: 0.41641256 , 0 , 0.9091758
2025-11-24 10:37:14.2418 (StateSyncRequestHandler.cs:18) 玩家ID:481843035351810049 移动到新位置: -7.426683 , 0 , -3.6740828
2025-11-24 10:37:14.3505 (StateSyncRequestHandler.cs:18) 玩家ID:481843035351810049 移动方向: -0.083011396 , 0 , 0.9965486
2025-11-24 10:37:14.3505 (StateSyncRequestHandler.cs:18) 玩家ID:481843035351810049 移动到新位置: -7.4432855 , 0 , -3.474773
2025-11-24 10:37:14.4537 (StateSyncRequestHandler.cs:18) 玩家ID:481843035351810049 移动方向: -0.31776553 , 0 , 0.9481693
2025-11-24 10:37:14.4537 (StateSyncRequestHandler.cs:18) 玩家ID:481843035351810049 移动到新位置: -7.506839 , 0 , -3.285139
2025-11-24 10:37:14.5454 (StateSyncRequestHandler.cs:18) 玩家ID:481843035351810049 移动方向: -0.32053253 , 0 , 0.9472375
2025-11-24 10:37:14.5454 (StateSyncRequestHandler.cs:18) 玩家ID:481843035351810049 移动到新位置: -7.5709453 , 0 , -3.0956917
2025-11-24 10:37:14.6417 (StateSyncRequestHandler.cs:18) 玩家ID:481843035351810049 移动方向: 0.084594324 , 0 , 0.9964155
2025-11-24 10:37:14.6417 (StateSyncRequestHandler.cs:18) 玩家ID:481843035351810049 移动到新位置: -7.5540266 , 0 , -2.8964086
2025-11-24 10:37:14.7459 (StateSyncRequestHandler.cs:18) 玩家ID:481843035351810049 移动方向: 0.8264665 , 0 , 0.56298584
2025-11-24 10:37:14.7459 (StateSyncRequestHandler.cs:18) 玩家ID:481843035351810049 移动到新位置: -7.3887334 , 0 , -2.7838113
2025-11-24 10:37:14.8456 (StateSyncRequestHandler.cs:18) 玩家ID:481843035351810049 移动方向: 0.9691187 , 0 , -0.24659479
2025-11-24 10:37:14.8456 (StateSyncRequestHandler.cs:18) 玩家ID:481843035351810049 移动到新位置: -7.1949096 , 0 , -2.8331304
2025-11-24 10:37:14.9423 (StateSyncRequestHandler.cs:18) 玩家ID:481843035351810049 移动方向: 0.5954571 , 0 , -0.80338717
2025-11-24 10:37:14.9423 (StateSyncRequestHandler.cs:18) 玩家ID:481843035351810049 移动到新位置: -7.075818 , 0 , -2.9938078
2025-11-24 10:37:15.0420 (StateSyncRequestHandler.cs:18) 玩家ID:481843035351810049 移动方向: 0.15920146 , 0 , -0.9872461
2025-11-24 10:37:15.0420 (StateSyncRequestHandler.cs:18) 玩家ID:481843035351810049 移动到新位置: -7.0439777 , 0 , -3.191257
2025-11-24 10:37:15.1414 (StateSyncRequestHandler.cs:18) 玩家ID:481843035351810049 移动方向: -0.03099073 , 0 , -0.99951965
2025-11-24 10:37:15.1414 (StateSyncRequestHandler.cs:18) 玩家ID:481843035351810049 移动到新位置: -7.0501757 , 0 , -3.391161
2025-11-24 10:37:15.2492 (StateSyncRequestHandler.cs:18) 玩家ID:481843035351810049 移动方向: -0.001519767 , 0 , -0.99999887
2025-11-24 10:37:15.2492 (StateSyncRequestHandler.cs:18) 玩家ID:481843035351810049 移动到新位置: -7.0504794 , 0 , -3.5911608
2025-11-24 10:37:15.3447 (StateSyncRequestHandler.cs:18) 玩家ID:481843035351810049 移动方向: 0.42110732 , 0 , -0.9070108
2025-11-24 10:37:15.3447 (StateSyncRequestHandler.cs:18) 玩家ID:481843035351810049 移动到新位置: -6.966258 , 0 , -3.772563
2025-11-24 10:37:15.4478 (StateSyncRequestHandler.cs:18) 玩家ID:481843035351810049 移动方向: 0.934318 , 0 , -0.35644048
2025-11-24 10:37:15.4478 (StateSyncRequestHandler.cs:18) 玩家ID:481843035351810049 移动到新位置: -6.7793946 , 0 , -3.843851
2025-11-24 10:37:15.5424 (StateSyncRequestHandler.cs:18) 玩家ID:481843035351810049 移动方向: 0.9074498 , 0 , 0.42016068
2025-11-24 10:37:15.5424 (StateSyncRequestHandler.cs:18) 玩家ID:481843035351810049 移动到新位置: -6.5979047 , 0 , -3.759819
2025-11-24 10:37:15.6433 (StateSyncRequestHandler.cs:18) 玩家ID:481843035351810049 移动方向: 0.48136953 , 0 , 0.8765177
2025-11-24 10:37:15.6433 (StateSyncRequestHandler.cs:18) 玩家ID:481843035351810049 移动到新位置: -6.501631 , 0 , -3.5845156
2025-11-24 10:37:15.7454 (StateSyncRequestHandler.cs:18) 玩家ID:481843035351810049 移动方向: -0.034391955 , 0 , 0.9994084
2025-11-24 10:37:15.7454 (StateSyncRequestHandler.cs:18) 玩家ID:481843035351810049 移动到新位置: -6.508509 , 0 , -3.384634
2025-11-24 10:37:15.8448 (StateSyncRequestHandler.cs:18) 玩家ID:481843035351810049 移动方向: -0.32440385 , 0 , 0.9459187
2025-11-24 10:37:15.8448 (StateSyncRequestHandler.cs:18) 玩家ID:481843035351810049 移动到新位置: -6.57339 , 0 , -3.1954503
2025-11-24 10:37:15.9461 (StateSyncRequestHandler.cs:18) 玩家ID:481843035351810049 移动方向: -0.44841328 , 0 , 0.89382637
2025-11-24 10:37:15.9461 (StateSyncRequestHandler.cs:18) 玩家ID:481843035351810049 移动到新位置: -6.6630726 , 0 , -3.016685
2025-11-24 10:37:16.0491 (StateSyncRequestHandler.cs:18) 玩家ID:481843035351810049 移动方向: -0.8734309 , 0 , -0.4869481
2025-11-24 10:37:16.0491 (StateSyncRequestHandler.cs:18) 玩家ID:481843035351810049 移动到新位置: -6.8377585 , 0 , -3.1140747
2025-11-24 10:37:16.1436 (StateSyncRequestHandler.cs:18) 玩家ID:481843035351810049 移动方向: -0.9004393 , 0 , -0.43498164
2025-11-24 10:37:16.1436 (StateSyncRequestHandler.cs:18) 玩家ID:481843035351810049 移动到新位置: -7.0178466 , 0 , -3.201071
2025-11-24 10:37:16.2411 (StateSyncRequestHandler.cs:18) 玩家ID:481843035351810049 移动方向: 0.26177448 , 0 , -0.9651291
2025-11-24 10:37:16.2411 (StateSyncRequestHandler.cs:18) 玩家ID:481843035351810049 移动到新位置: -6.965492 , 0 , -3.3940969
2025-11-24 10:37:16.3428 (StateSyncRequestHandler.cs:18) 玩家ID:481843035351810049 移动方向: 0.07492357 , 0 , -0.9971893
2025-11-24 10:37:16.3428 (StateSyncRequestHandler.cs:18) 玩家ID:481843035351810049 移动到新位置: -6.950507 , 0 , -3.5935347
2025-11-24 10:37:16.4423 (StateSyncRequestHandler.cs:18) 玩家ID:481843035351810049 移动方向: -0.07574673 , 0 , -0.99712706
2025-11-24 10:37:16.4423 (StateSyncRequestHandler.cs:18) 玩家ID:481843035351810049 移动到新位置: -6.9656563 , 0 , -3.7929602
2025-11-24 10:37:16.5490 (StateSyncRequestHandler.cs:18) 玩家ID:481843035351810049 移动方向: -0.29634786 , 0 , -0.95508003
2025-11-24 10:37:16.5490 (StateSyncRequestHandler.cs:18) 玩家ID:481843035351810049 移动到新位置: -7.0249257 , 0 , -3.9839761
2025-11-24 10:37:16.6482 (StateSyncRequestHandler.cs:18) 玩家ID:481843035351810049 移动到新位置: -7.0249257 , 0 , -3.9839761
2025-11-24 10:37:16.8422 (StateSyncRequestHandler.cs:18) 玩家ID:481843035351810049 移动方向: 0.9992366 , 0 , -0.039067086
2025-11-24 10:37:16.8422 (StateSyncRequestHandler.cs:18) 玩家ID:481843035351810049 移动到新位置: -6.8250785 , 0 , -3.9917896
2025-11-24 10:37:16.9429 (StateSyncRequestHandler.cs:18) 玩家ID:481843035351810049 移动方向: 0.94544876 , 0 , -0.32577085
2025-11-24 10:37:16.9429 (StateSyncRequestHandler.cs:18) 玩家ID:481843035351810049 移动到新位置: -6.6359887 , 0 , -4.056944
2025-11-24 10:37:17.0408 (StateSyncRequestHandler.cs:18) 玩家ID:481843035351810049 移动方向: 0.8950317 , 0 , -0.44600257
2025-11-24 10:37:17.0408 (StateSyncRequestHandler.cs:18) 玩家ID:481843035351810049 移动到新位置: -6.4569826 , 0 , -4.1461444
2025-11-24 10:37:17.1485 (StateSyncRequestHandler.cs:18) 玩家ID:481843035351810049 移动方向: 0.49169093 , 0 , 0.8707698
2025-11-24 10:37:17.1485 (StateSyncRequestHandler.cs:18) 玩家ID:481843035351810049 移动到新位置: -6.3586445 , 0 , -3.9719903
2025-11-24 10:37:17.2482 (StateSyncRequestHandler.cs:18) 玩家ID:481843035351810049 移动方向: 0.5060396 , 0 , 0.8625102
2025-11-24 10:37:17.2482 (StateSyncRequestHandler.cs:18) 玩家ID:481843035351810049 移动到新位置: -6.2574368 , 0 , -3.7994883
2025-11-24 10:37:17.3425 (StateSyncRequestHandler.cs:18) 玩家ID:481843035351810049 移动方向: 0.51028526 , 0 , 0.86000526
2025-11-24 10:37:17.3425 (StateSyncRequestHandler.cs:18) 玩家ID:481843035351810049 移动到新位置: -6.15538 , 0 , -3.6274872
2025-11-24 10:37:17.4448 (StateSyncRequestHandler.cs:18) 玩家ID:481843035351810049 移动方向: 0.5113708 , 0 , 0.85936016
2025-11-24 10:37:17.4448 (StateSyncRequestHandler.cs:18) 玩家ID:481843035351810049 移动到新位置: -6.053106 , 0 , -3.455615
2025-11-24 10:37:17.5500 (StateSyncRequestHandler.cs:18) 玩家ID:481843035351810049 移动方向: 0.380874 , 0 , 0.9246269
2025-11-24 10:37:17.5500 (StateSyncRequestHandler.cs:18) 玩家ID:481843035351810049 移动到新位置: -5.976931 , 0 , -3.2706897
2025-11-24 10:37:17.6422 (StateSyncRequestHandler.cs:18) 玩家ID:481843035351810049 移动方向: -0.028072536 , 0 , 0.9996059
2025-11-24 10:37:17.6422 (StateSyncRequestHandler.cs:18) 玩家ID:481843035351810049 移动到新位置: -5.9825454 , 0 , -3.0707686
2025-11-24 10:37:17.7484 (StateSyncRequestHandler.cs:18) 玩家ID:481843035351810049 移动方向: 0.8030168 , 0 , 0.5959564
2025-11-24 10:37:17.7484 (StateSyncRequestHandler.cs:18) 玩家ID:481843035351810049 移动到新位置: -5.821942 , 0 , -2.9515774
2025-11-24 10:37:17.8492 (StateSyncRequestHandler.cs:18) 玩家ID:481843035351810049 移动方向: 0.60959864 , 0 , 0.79271024
2025-11-24 10:37:17.8492 (StateSyncRequestHandler.cs:18) 玩家ID:481843035351810049 移动到新位置: -5.700022 , 0 , -2.7930355
2025-11-24 10:37:17.9402 (StateSyncRequestHandler.cs:18) 玩家ID:481843035351810049 移动方向: 0.59207696 , 0 , 0.80588144
2025-11-24 10:37:17.9402 (StateSyncRequestHandler.cs:18) 玩家ID:481843035351810049 移动到新位置: -5.581607 , 0 , -2.6318593
2025-11-24 10:37:18.0486 (StateSyncRequestHandler.cs:18) 玩家ID:481843035351810049 移动方向: 0.764829 , 0 , 0.64423335
2025-11-24 10:37:18.0486 (StateSyncRequestHandler.cs:18) 玩家ID:481843035351810049 移动到新位置: -5.428641 , 0 , -2.5030127
2025-11-24 10:37:18.1458 (StateSyncRequestHandler.cs:18) 玩家ID:481843035351810049 移动方向: 0.9176813 , 0 , 0.39731744
2025-11-24 10:37:18.1458 (StateSyncRequestHandler.cs:18) 玩家ID:481843035351810049 移动到新位置: -5.245105 , 0 , -2.4235492
2025-11-24 10:37:18.2469 (StateSyncRequestHandler.cs:18) 玩家ID:481843035351810049 移动方向: 0.8996224 , 0 , 0.4366687
2025-11-24 10:37:18.2469 (StateSyncRequestHandler.cs:18) 玩家ID:481843035351810049 移动到新位置: -5.0651803 , 0 , -2.3362155
2025-11-24 10:37:18.3457 (StateSyncRequestHandler.cs:18) 玩家ID:481843035351810049 移动方向: 0.70875883 , 0 , 0.70545083
2025-11-24 10:37:18.3457 (StateSyncRequestHandler.cs:18) 玩家ID:481843035351810049 移动到新位置: -4.9234285 , 0 , -2.1951253
2025-11-24 10:37:18.4575 (StateSyncRequestHandler.cs:18) 玩家ID:481843035351810049 移动方向: 0.31773224 , 0 , 0.9481805
2025-11-24 10:37:18.4575 (StateSyncRequestHandler.cs:18) 玩家ID:481843035351810049 移动到新位置: -4.859882 , 0 , -2.0054893
2025-11-24 10:37:18.5459 (StateSyncRequestHandler.cs:18) 玩家ID:481843035351810049 移动方向: 0.016066743 , 0 , 0.9998709
2025-11-24 10:37:18.5459 (StateSyncRequestHandler.cs:18) 玩家ID:481843035351810049 移动到新位置: -4.8566685 , 0 , -1.8055152
2025-11-24 10:37:18.6450 (StateSyncRequestHandler.cs:18) 玩家ID:481843035351810049 移动方向: -0.14168938 , 0 , 0.98991114
2025-11-24 10:37:18.6450 (StateSyncRequestHandler.cs:18) 玩家ID:481843035351810049 移动到新位置: -4.8850064 , 0 , -1.607533
2025-11-24 10:37:18.7467 (StateSyncRequestHandler.cs:18) 玩家ID:481843035351810049 移动方向: -0.2102242 , 0 , 0.9776532
2025-11-24 10:37:18.7467 (StateSyncRequestHandler.cs:18) 玩家ID:481843035351810049 移动到新位置: -4.927051 , 0 , -1.4120023
2025-11-24 10:37:18.8458 (StateSyncRequestHandler.cs:18) 玩家ID:481843035351810049 移动方向: -0.22512637 , 0 , 0.97432953
2025-11-24 10:37:18.8458 (StateSyncRequestHandler.cs:18) 玩家ID:481843035351810049 移动到新位置: -4.9720764 , 0 , -1.2171364
2025-11-24 10:37:18.9443 (StateSyncRequestHandler.cs:18) 玩家ID:481843035351810049 移动方向: -0.22580083 , 0 , 0.9741735
2025-11-24 10:37:18.9443 (StateSyncRequestHandler.cs:18) 玩家ID:481843035351810049 移动到新位置: -5.0172367 , 0 , -1.0223017
2025-11-24 10:37:19.0520 (StateSyncRequestHandler.cs:18) 玩家ID:481843035351810049 移动到新位置: -5.0172367 , 0 , -1.0223017
2025-11-24 10:37:22.2479 (StateSyncRequestHandler.cs:18) 玩家ID:481843035351810049 移动方向: 0.98888654 , 0 , 0.14867204
2025-11-24 10:37:22.2479 (StateSyncRequestHandler.cs:18) 玩家ID:481843035351810049 移动到新位置: -4.8194594 , 0 , -0.99256724
2025-11-24 10:37:22.3511 (StateSyncRequestHandler.cs:18) 玩家ID:481843035351810049 移动方向: 0.9905838 , 0 , 0.1369078
2025-11-24 10:37:22.3511 (StateSyncRequestHandler.cs:18) 玩家ID:481843035351810049 移动到新位置: -4.6213427 , 0 , -0.9651857
2025-11-24 10:37:22.4443 (StateSyncRequestHandler.cs:18) 玩家ID:481843035351810049 移动方向: 0.99558365 , 0 , 0.09387845
2025-11-24 10:37:22.4443 (StateSyncRequestHandler.cs:18) 玩家ID:481843035351810049 移动到新位置: -4.422226 , 0 , -0.94641
2025-11-24 10:37:22.5422 (StateSyncRequestHandler.cs:18) 玩家ID:481843035351810049 移动方向: 0.99943686 , 0 , 0.03355486
2025-11-24 10:37:22.5422 (StateSyncRequestHandler.cs:18) 玩家ID:481843035351810049 移动到新位置: -4.2223387 , 0 , -0.93969905
2025-11-24 10:37:22.6419 (StateSyncRequestHandler.cs:18) 玩家ID:481843035351810049 移动方向: 0.9971837 , 0 , -0.074998
2025-11-24 10:37:22.6419 (StateSyncRequestHandler.cs:18) 玩家ID:481843035351810049 移动到新位置: -4.022902 , 0 , -0.9546987
2025-11-24 10:37:22.7499 (StateSyncRequestHandler.cs:18) 玩家ID:481843035351810049 移动方向: 0.9173753 , 0 , -0.3980233
2025-11-24 10:37:22.7499 (StateSyncRequestHandler.cs:18) 玩家ID:481843035351810049 移动到新位置: -3.839427 , 0 , -1.0343033
2025-11-24 10:37:22.8504 (StateSyncRequestHandler.cs:18) 玩家ID:481843035351810049 移动方向: 0.8278903 , 0 , -0.56089014
2025-11-24 10:37:22.8504 (StateSyncRequestHandler.cs:18) 玩家ID:481843035351810049 移动到新位置: -3.6738489 , 0 , -1.1464813
2025-11-24 10:37:22.9451 (StateSyncRequestHandler.cs:18) 玩家ID:481843035351810049 移动方向: 0.81638205 , 0 , -0.57751226
2025-11-24 10:37:22.9451 (StateSyncRequestHandler.cs:18) 玩家ID:481843035351810049 移动到新位置: -3.5105724 , 0 , -1.2619838
2025-11-24 10:37:23.0452 (StateSyncRequestHandler.cs:18) 玩家ID:481843035351810049 移动方向: 0.86585754 , 0 , -0.5002907
2025-11-24 10:37:23.0452 (StateSyncRequestHandler.cs:18) 玩家ID:481843035351810049 移动到新位置: -3.337401 , 0 , -1.362042
2025-11-24 10:37:23.1466 (StateSyncRequestHandler.cs:18) 玩家ID:481843035351810049 移动方向: 0.9567945 , 0 , -0.29076496
2025-11-24 10:37:23.1466 (StateSyncRequestHandler.cs:18) 玩家ID:481843035351810049 移动到新位置: -3.146042 , 0 , -1.420195
2025-11-24 10:37:23.2470 (StateSyncRequestHandler.cs:18) 玩家ID:481843035351810049 移动到新位置: -3.146042 , 0 , -1.420195
2025-11-24 10:37:24.0502 (StateSyncRequestHandler.cs:18) 玩家ID:481843035351810049 移动方向: 0.97929674 , 0 , 0.20242986
2025-11-24 10:37:24.0502 (StateSyncRequestHandler.cs:18) 玩家ID:481843035351810049 移动到新位置: -2.9501827 , 0 , -1.379709
2025-11-24 10:37:24.1456 (StateSyncRequestHandler.cs:18) 玩家ID:481843035351810049 移动方向: 0.953174 , 0 , 0.30242237
2025-11-24 10:37:24.1456 (StateSyncRequestHandler.cs:18) 玩家ID:481843035351810049 移动到新位置: -2.759548 , 0 , -1.3192245
2025-11-24 10:37:24.2420 (StateSyncRequestHandler.cs:18) 玩家ID:481843035351810049 移动方向: 0.89583373 , 0 , 0.44438943
2025-11-24 10:37:24.2420 (StateSyncRequestHandler.cs:18) 玩家ID:481843035351810049 移动到新位置: -2.5803812 , 0 , -1.2303466
2025-11-24 10:37:24.3440 (StateSyncRequestHandler.cs:18) 玩家ID:481843035351810049 移动方向: 0.8086599 , 0 , 0.58827645
2025-11-24 10:37:24.3440 (StateSyncRequestHandler.cs:18) 玩家ID:481843035351810049 移动到新位置: -2.4186492 , 0 , -1.1126913
2025-11-24 10:37:24.4469 (StateSyncRequestHandler.cs:18) 玩家ID:481843035351810049 移动方向: 0.0050070286 , 0 , 0.9999875
2025-11-24 10:37:24.4469 (StateSyncRequestHandler.cs:18) 玩家ID:481843035351810049 移动到新位置: -2.4176478 , 0 , -0.9126938
2025-11-24 10:37:24.5448 (StateSyncRequestHandler.cs:18) 玩家ID:481843035351810049 移动方向: -0.7811054 , 0 , 0.6243992
2025-11-24 10:37:24.5448 (StateSyncRequestHandler.cs:18) 玩家ID:481843035351810049 移动到新位置: -2.573869 , 0 , -0.78781396
2025-11-24 10:37:24.6454 (StateSyncRequestHandler.cs:18) 玩家ID:481843035351810049 移动方向: -0.97130954 , 0 , -0.23781857
2025-11-24 10:37:24.6454 (StateSyncRequestHandler.cs:18) 玩家ID:481843035351810049 移动到新位置: -2.7681308 , 0 , -0.8353777
2025-11-24 10:37:24.7448 (StateSyncRequestHandler.cs:18) 玩家ID:481843035351810049 移动方向: -0.4132806 , 0 , -0.91060376
2025-11-24 10:37:24.7448 (StateSyncRequestHandler.cs:18) 玩家ID:481843035351810049 移动到新位置: -2.850787 , 0 , -1.0174985
2025-11-24 10:37:24.8487 (StateSyncRequestHandler.cs:18) 玩家ID:481843035351810049 移动方向: -0.36776194 , 0 , -0.92992
2025-11-24 10:37:24.8487 (StateSyncRequestHandler.cs:18) 玩家ID:481843035351810049 移动到新位置: -2.9243393 , 0 , -1.2034825
2025-11-24 10:37:24.9429 (StateSyncRequestHandler.cs:18) 玩家ID:481843035351810049 移动方向: 0.300689 , 0 , -0.9537222
2025-11-24 10:37:24.9429 (StateSyncRequestHandler.cs:18) 玩家ID:481843035351810049 移动到新位置: -2.8642015 , 0 , -1.3942269
2025-11-24 10:37:25.0514 (StateSyncRequestHandler.cs:18) 玩家ID:481843035351810049 移动方向: 0.63576436 , 0 , -0.7718832
2025-11-24 10:37:25.0514 (StateSyncRequestHandler.cs:18) 玩家ID:481843035351810049 移动到新位置: -2.7370486 , 0 , -1.5486035
2025-11-24 10:37:25.1475 (StateSyncRequestHandler.cs:18) 玩家ID:481843035351810049 移动方向: 0.17288585 , 0 , -0.9849419
2025-11-24 10:37:25.1475 (StateSyncRequestHandler.cs:18) 玩家ID:481843035351810049 移动到新位置: -2.7024715 , 0 , -1.7455919
2025-11-24 10:37:25.2450 (StateSyncRequestHandler.cs:18) 玩家ID:481843035351810049 移动方向: -0.36094862 , 0 , -0.9325857
2025-11-24 10:37:25.2450 (StateSyncRequestHandler.cs:18) 玩家ID:481843035351810049 移动到新位置: -2.7746613 , 0 , -1.932109
2025-11-24 10:37:25.3499 (StateSyncRequestHandler.cs:18) 玩家ID:481843035351810049 移动方向: -0.8010761 , 0 , -0.5985626
2025-11-24 10:37:25.3499 (StateSyncRequestHandler.cs:18) 玩家ID:481843035351810049 移动到新位置: -2.9348764 , 0 , -2.0518215
2025-11-24 10:37:25.4435 (StateSyncRequestHandler.cs:18) 玩家ID:481843035351810049 移动方向: -0.98954445 , 0 , -0.14422792
2025-11-24 10:37:25.4435 (StateSyncRequestHandler.cs:18) 玩家ID:481843035351810049 移动到新位置: -3.1327853 , 0 , -2.080667
2025-11-24 10:37:25.5448 (StateSyncRequestHandler.cs:18) 玩家ID:481843035351810049 移动方向: -0.9448978 , 0 , 0.32736552
2025-11-24 10:37:25.5448 (StateSyncRequestHandler.cs:18) 玩家ID:481843035351810049 移动到新位置: -3.321765 , 0 , -2.015194
2025-11-24 10:37:25.6449 (StateSyncRequestHandler.cs:18) 玩家ID:481843035351810049 移动方向: -0.013425201 , 0 , 0.9999099
2025-11-24 10:37:25.6449 (StateSyncRequestHandler.cs:18) 玩家ID:481843035351810049 移动到新位置: -3.32445 , 0 , -1.815212
2025-11-24 10:37:25.7444 (StateSyncRequestHandler.cs:18) 玩家ID:481843035351810049 移动方向: 0.9151331 , 0 , 0.40315184
2025-11-24 10:37:25.7444 (StateSyncRequestHandler.cs:18) 玩家ID:481843035351810049 移动到新位置: -3.1414235 , 0 , -1.7345816
2025-11-24 10:37:25.8409 (StateSyncRequestHandler.cs:18) 玩家ID:481843035351810049 移动方向: 0.9905152 , 0 , 0.1374034
2025-11-24 10:37:25.8409 (StateSyncRequestHandler.cs:18) 玩家ID:481843035351810049 移动到新位置: -2.9433205 , 0 , -1.7071009
2025-11-24 10:37:25.9448 (StateSyncRequestHandler.cs:18) 玩家ID:481843035351810049 移动方向: 0.99675643 , 0 , 0.08047729
2025-11-24 10:37:25.9448 (StateSyncRequestHandler.cs:18) 玩家ID:481843035351810049 移动到新位置: -2.7439692 , 0 , -1.6910055
2025-11-24 10:37:26.0417 (StateSyncRequestHandler.cs:18) 玩家ID:481843035351810049 移动方向: 0.9079548 , 0 , -0.41906798
2025-11-24 10:37:26.0417 (StateSyncRequestHandler.cs:18) 玩家ID:481843035351810049 移动到新位置: -2.5623782 , 0 , -1.774819
2025-11-24 10:37:26.1431 (StateSyncRequestHandler.cs:18) 玩家ID:481843035351810049 移动方向: 0.7397922 , 0 , -0.6728354
2025-11-24 10:37:26.1431 (StateSyncRequestHandler.cs:18) 玩家ID:481843035351810049 移动到新位置: -2.4144197 , 0 , -1.9093862
2025-11-24 10:37:26.2497 (StateSyncRequestHandler.cs:18) 玩家ID:481843035351810049 移动方向: 0.99839365 , 0 , -0.056658167
2025-11-24 10:37:26.2497 (StateSyncRequestHandler.cs:18) 玩家ID:481843035351810049 移动到新位置: -2.214741 , 0 , -1.9207178
2025-11-24 10:37:26.3503 (StateSyncRequestHandler.cs:18) 玩家ID:481843035351810049 移动方向: 0.86766523 , 0 , 0.49714896
2025-11-24 10:37:26.3503 (StateSyncRequestHandler.cs:18) 玩家ID:481843035351810049 移动到新位置: -2.041208 , 0 , -1.8212881
2025-11-24 10:37:26.4420 (StateSyncRequestHandler.cs:18) 玩家ID:481843035351810049 移动方向: -0.24462312 , 0 , 0.9696182
2025-11-24 10:37:26.4420 (StateSyncRequestHandler.cs:18) 玩家ID:481843035351810049 移动到新位置: -2.0901327 , 0 , -1.6273645
2025-11-24 10:37:26.5415 (StateSyncRequestHandler.cs:18) 玩家ID:481843035351810049 移动方向: -0.9749394 , 0 , 0.22247063
2025-11-24 10:37:26.5415 (StateSyncRequestHandler.cs:18) 玩家ID:481843035351810049 移动到新位置: -2.2851205 , 0 , -1.5828704
2025-11-24 10:37:26.6422 (StateSyncRequestHandler.cs:18) 玩家ID:481843035351810049 移动方向: -0.996429 , 0 , 0.0844344
2025-11-24 10:37:26.6422 (StateSyncRequestHandler.cs:18) 玩家ID:481843035351810049 移动到新位置: -2.4844062 , 0 , -1.5659835
2025-11-24 10:37:26.7410 (StateSyncRequestHandler.cs:18) 玩家ID:481843035351810049 移动方向: -0.97244155 , 0 , 0.23314689
2025-11-24 10:37:26.7410 (StateSyncRequestHandler.cs:18) 玩家ID:481843035351810049 移动到新位置: -2.6788945 , 0 , -1.5193541
2025-11-24 10:37:26.8456 (StateSyncRequestHandler.cs:18) 玩家ID:481843035351810049 移动方向: -0.7556096 , 0 , 0.6550223
2025-11-24 10:37:26.8456 (StateSyncRequestHandler.cs:18) 玩家ID:481843035351810049 移动到新位置: -2.8300164 , 0 , -1.3883497
2025-11-24 10:37:26.9423 (StateSyncRequestHandler.cs:18) 玩家ID:481843035351810049 移动方向: -0.295348 , 0 , 0.95538974
2025-11-24 10:37:26.9423 (StateSyncRequestHandler.cs:18) 玩家ID:481843035351810049 移动到新位置: -2.889086 , 0 , -1.1972717
2025-11-24 10:37:27.0432 (StateSyncRequestHandler.cs:18) 玩家ID:481843035351810049 移动方向: -0.97398645 , 0 , 0.22660613
2025-11-24 10:37:27.0432 (StateSyncRequestHandler.cs:18) 玩家ID:481843035351810049 移动到新位置: -3.0838833 , 0 , -1.1519505
2025-11-24 10:37:27.1511 (StateSyncRequestHandler.cs:18) 玩家ID:481843035351810049 移动方向: -0.7809679 , 0 , 0.6245711
2025-11-24 10:37:27.1511 (StateSyncRequestHandler.cs:18) 玩家ID:481843035351810049 移动到新位置: -3.2400768 , 0 , -1.0270363
2025-11-24 10:37:27.2433 (StateSyncRequestHandler.cs:18) 玩家ID:481843035351810049 移动方向: -0.54805523 , 0 , 0.8364422
2025-11-24 10:37:27.2433 (StateSyncRequestHandler.cs:18) 玩家ID:481843035351810049 移动到新位置: -3.3496878 , 0 , -0.8597479
2025-11-24 10:37:27.3499 (StateSyncRequestHandler.cs:18) 玩家ID:481843035351810049 移动方向: -0.3619584 , 0 , 0.93219423
2025-11-24 10:37:27.3499 (StateSyncRequestHandler.cs:18) 玩家ID:481843035351810049 移动到新位置: -3.4220796 , 0 , -0.673309
2025-11-24 10:37:27.4419 (StateSyncRequestHandler.cs:18) 玩家ID:481843035351810049 移动方向: -0.25264728 , 0 , 0.96755844
2025-11-24 10:37:27.4419 (StateSyncRequestHandler.cs:18) 玩家ID:481843035351810049 移动到新位置: -3.472609 , 0 , -0.47979736
2025-11-24 10:37:27.5489 (StateSyncRequestHandler.cs:18) 玩家ID:481843035351810049 移动方向: -0.17739251 , 0 , 0.98414016
2025-11-24 10:37:27.5489 (StateSyncRequestHandler.cs:18) 玩家ID:481843035351810049 移动到新位置: -3.5080876 , 0 , -0.28296936
2025-11-24 10:37:27.6422 (StateSyncRequestHandler.cs:18) 玩家ID:481843035351810049 移动方向: 0.60854584 , 0 , 0.79351866
2025-11-24 10:37:27.6422 (StateSyncRequestHandler.cs:18) 玩家ID:481843035351810049 移动到新位置: -3.3863785 , 0 , -0.12426561
2025-11-24 10:37:27.7504 (StateSyncRequestHandler.cs:18) 玩家ID:481843035351810049 移动方向: 0.99620336 , 0 , 0.08705732
2025-11-24 10:37:27.7504 (StateSyncRequestHandler.cs:18) 玩家ID:481843035351810049 移动到新位置: -3.1871378 , 0 , -0.10685415
2025-11-24 10:37:27.8397 (StateSyncRequestHandler.cs:18) 玩家ID:481843035351810049 移动到新位置: -3.1871378 , 0 , -0.10685415
2025-11-24 10:37:27.9408 (StateSyncRequestHandler.cs:18) 玩家ID:481843035351810049 移动方向: 0.019291548 , 0 , -0.9998139
2025-11-24 10:37:27.9408 (StateSyncRequestHandler.cs:18) 玩家ID:481843035351810049 移动到新位置: -3.1832795 , 0 , -0.30681694
2025-11-24 10:37:28.0420 (StateSyncRequestHandler.cs:18) 玩家ID:481843035351810049 移动方向: 1.8986064E-05 , 0 , -1
2025-11-24 10:37:28.0420 (StateSyncRequestHandler.cs:18) 玩家ID:481843035351810049 移动到新位置: -3.1832757 , 0 , -0.5068169
2025-11-24 10:37:28.1439 (StateSyncRequestHandler.cs:18) 玩家ID:481843035351810049 移动方向: 0.99992645 , 0 , -0.012132196
2025-11-24 10:37:28.1439 (StateSyncRequestHandler.cs:18) 玩家ID:481843035351810049 移动到新位置: -2.9832904 , 0 , -0.50924337
2025-11-24 10:37:28.2407 (StateSyncRequestHandler.cs:18) 玩家ID:481843035351810049 移动方向: 0.9993344 , 0 , -0.03647957
2025-11-24 10:37:28.2407 (StateSyncRequestHandler.cs:18) 玩家ID:481843035351810049 移动到新位置: -2.7834237 , 0 , -0.5165393
2025-11-24 10:37:28.3421 (StateSyncRequestHandler.cs:18) 玩家ID:481843035351810049 移动方向: 0.06255054 , 0 , 0.9980418
2025-11-24 10:37:28.3421 (StateSyncRequestHandler.cs:18) 玩家ID:481843035351810049 移动到新位置: -2.7709136 , 0 , -0.31693092
2025-11-24 10:37:28.4420 (StateSyncRequestHandler.cs:18) 玩家ID:481843035351810049 移动方向: 0.07503778 , 0 , 0.9971807
2025-11-24 10:37:28.4420 (StateSyncRequestHandler.cs:18) 玩家ID:481843035351810049 移动到新位置: -2.755906 , 0 , -0.11749479
2025-11-24 10:37:28.5398 (StateSyncRequestHandler.cs:18) 玩家ID:481843035351810049 移动方向: 0.07976902 , 0 , 0.99681336
2025-11-24 10:37:28.5398 (StateSyncRequestHandler.cs:18) 玩家ID:481843035351810049 移动到新位置: -2.7399523 , 0 , 0.08186787
2025-11-24 10:37:28.6394 (StateSyncRequestHandler.cs:18) 玩家ID:481843035351810049 移动方向: 0.08153588 , 0 , 0.9966704
2025-11-24 10:37:28.6394 (StateSyncRequestHandler.cs:18) 玩家ID:481843035351810049 移动到新位置: -2.7236452 , 0 , 0.28120196
2025-11-24 10:37:28.7425 (StateSyncRequestHandler.cs:18) 玩家ID:481843035351810049 移动方向: 0.082120426 , 0 , 0.9966224
2025-11-24 10:37:28.7425 (StateSyncRequestHandler.cs:18) 玩家ID:481843035351810049 移动到新位置: -2.707221 , 0 , 0.48052645
2025-11-24 10:37:28.8432 (StateSyncRequestHandler.cs:18) 玩家ID:481843035351810049 移动到新位置: -2.707221 , 0 , 0.48052645
2025-11-24 10:37:29.0479 (StateSyncRequestHandler.cs:18) 玩家ID:481843035351810049 移动方向: 0.9966017 , 0 , -0.08237109
2025-11-24 10:37:29.0479 (StateSyncRequestHandler.cs:18) 玩家ID:481843035351810049 移动到新位置: -2.5079007 , 0 , 0.46405223
2025-11-24 10:37:29.1504 (StateSyncRequestHandler.cs:18) 玩家ID:481843035351810049 移动方向: -0.082375616 , 0 , -0.9966014
2025-11-24 10:37:29.1504 (StateSyncRequestHandler.cs:18) 玩家ID:481843035351810049 移动到新位置: -2.524376 , 0 , 0.26473194
2025-11-24 10:37:29.2401 (StateSyncRequestHandler.cs:18) 玩家ID:481843035351810049 移动方向: -0.7629525 , 0 , -0.6464545
2025-11-24 10:37:29.2401 (StateSyncRequestHandler.cs:18) 玩家ID:481843035351810049 移动到新位置: -2.6769664 , 0 , 0.13544104
2025-11-24 10:37:29.3487 (StateSyncRequestHandler.cs:18) 玩家ID:481843035351810049 移动方向: -0.7629525 , 0 , -0.6464545
2025-11-24 10:37:29.3487 (StateSyncRequestHandler.cs:18) 玩家ID:481843035351810049 移动到新位置: -2.829557 , 0 , 0.0061501265
2025-11-24 10:37:29.4422 (StateSyncRequestHandler.cs:18) 玩家ID:481843035351810049 移动方向: -0.9966012 , 0 , 0.082376555
2025-11-24 10:37:29.4422 (StateSyncRequestHandler.cs:18) 玩家ID:481843035351810049 移动到新位置: -3.0288773 , 0 , 0.022625437
2025-11-24 10:37:29.5449 (StateSyncRequestHandler.cs:18) 玩家ID:481843035351810049 移动方向: -0.9966012 , 0 , 0.082376555
2025-11-24 10:37:29.5449 (StateSyncRequestHandler.cs:18) 玩家ID:481843035351810049 移动到新位置: -3.2281976 , 0 , 0.039100748
2025-11-24 10:37:29.6441 (StateSyncRequestHandler.cs:18) 玩家ID:481843035351810049 移动方向: -0.9966012 , 0 , 0.082376555
2025-11-24 10:37:29.6441 (StateSyncRequestHandler.cs:18) 玩家ID:481843035351810049 移动到新位置: -3.427518 , 0 , 0.055576056
2025-11-24 10:37:29.7455 (StateSyncRequestHandler.cs:18) 玩家ID:481843035351810049 移动方向: -0.08237657 , 0 , -0.9966013
2025-11-24 10:37:29.7455 (StateSyncRequestHandler.cs:18) 玩家ID:481843035351810049 移动到新位置: -3.443993 , 0 , -0.1437442
2025-11-24 10:37:29.8477 (StateSyncRequestHandler.cs:18) 玩家ID:481843035351810049 移动方向: 0.6464544 , 0 , -0.7629525
2025-11-24 10:37:29.8477 (StateSyncRequestHandler.cs:18) 玩家ID:481843035351810049 移动到新位置: -3.3147023 , 0 , -0.29633468
2025-11-24 10:37:29.9467 (StateSyncRequestHandler.cs:18) 玩家ID:481843035351810049 移动方向: -0.08237657 , 0 , -0.9966013
2025-11-24 10:37:29.9467 (StateSyncRequestHandler.cs:18) 玩家ID:481843035351810049 移动到新位置: -3.3311775 , 0 , -0.49565494
2025-11-24 10:37:30.0444 (StateSyncRequestHandler.cs:18) 玩家ID:481843035351810049 移动方向: -0.08237657 , 0 , -0.9966013
2025-11-24 10:37:30.0444 (StateSyncRequestHandler.cs:18) 玩家ID:481843035351810049 移动到新位置: -3.3476527 , 0 , -0.6949752
2025-11-24 10:37:30.1441 (StateSyncRequestHandler.cs:18) 玩家ID:481843035351810049 移动到新位置: -3.3476527 , 0 , -0.6949752
