2025-12-05 21:00:04.5427 (EntryLobbyRequestHandler.cs:65) 玩家上次上线位置：x:4.782031, y:0, z:4.6198397
2025-12-05 21:00:04.5427 (EntryLobbyRequestHandler.cs:83) 当前没有其他玩家在线，无需广播
2025-12-05 21:00:06.1657 (StateSyncRequestHandler.cs:35) 当前没有其他玩家在线，无需广播状态同步消息
2025-12-05 21:00:06.2503 (StateSyncRequestHandler.cs:35) 当前没有其他玩家在线，无需广播状态同步消息
2025-12-05 21:00:06.3531 (StateSyncRequestHandler.cs:35) 当前没有其他玩家在线，无需广播状态同步消息
2025-12-05 21:00:06.4504 (StateSyncRequestHandler.cs:35) 当前没有其他玩家在线，无需广播状态同步消息
2025-12-05 21:00:06.5488 (StateSyncRequestHandler.cs:35) 当前没有其他玩家在线，无需广播状态同步消息
2025-12-05 21:00:06.6555 (StateSyncRequestHandler.cs:35) 当前没有其他玩家在线，无需广播状态同步消息
2025-12-05 21:00:06.7523 (StateSyncRequestHandler.cs:35) 当前没有其他玩家在线，无需广播状态同步消息
2025-12-05 21:00:06.8669 (StateSyncRequestHandler.cs:35) 当前没有其他玩家在线，无需广播状态同步消息
2025-12-05 21:00:06.9525 (StateSyncRequestHandler.cs:35) 当前没有其他玩家在线，无需广播状态同步消息
2025-12-05 21:00:07.0494 (StateSyncRequestHandler.cs:35) 当前没有其他玩家在线，无需广播状态同步消息
2025-12-05 21:00:07.1490 (StateSyncRequestHandler.cs:35) 当前没有其他玩家在线，无需广播状态同步消息
2025-12-05 21:00:07.2553 (StateSyncRequestHandler.cs:35) 当前没有其他玩家在线，无需广播状态同步消息
2025-12-05 21:00:07.3505 (StateSyncRequestHandler.cs:35) 当前没有其他玩家在线，无需广播状态同步消息
2025-12-05 21:00:07.4543 (StateSyncRequestHandler.cs:35) 当前没有其他玩家在线，无需广播状态同步消息
2025-12-05 21:00:07.5571 (StateSyncRequestHandler.cs:35) 当前没有其他玩家在线，无需广播状态同步消息
2025-12-05 21:00:07.6551 (StateSyncRequestHandler.cs:35) 当前没有其他玩家在线，无需广播状态同步消息
2025-12-05 21:00:07.7490 (StateSyncRequestHandler.cs:35) 当前没有其他玩家在线，无需广播状态同步消息
2025-12-05 21:00:07.8535 (StateSyncRequestHandler.cs:35) 当前没有其他玩家在线，无需广播状态同步消息
2025-12-05 21:00:07.9519 (StateSyncRequestHandler.cs:35) 当前没有其他玩家在线，无需广播状态同步消息
2025-12-05 21:00:08.0527 (StateSyncRequestHandler.cs:35) 当前没有其他玩家在线，无需广播状态同步消息
2025-12-05 21:00:08.1568 (StateSyncRequestHandler.cs:35) 当前没有其他玩家在线，无需广播状态同步消息
2025-12-05 21:00:08.2490 (StateSyncRequestHandler.cs:35) 当前没有其他玩家在线，无需广播状态同步消息
2025-12-05 21:00:08.3489 (StateSyncRequestHandler.cs:35) 当前没有其他玩家在线，无需广播状态同步消息
2025-12-05 21:00:08.4544 (StateSyncRequestHandler.cs:35) 当前没有其他玩家在线，无需广播状态同步消息
2025-12-05 21:00:08.5502 (StateSyncRequestHandler.cs:35) 当前没有其他玩家在线，无需广播状态同步消息
2025-12-05 21:00:08.6523 (StateSyncRequestHandler.cs:35) 当前没有其他玩家在线，无需广播状态同步消息
2025-12-05 21:00:08.7532 (StateSyncRequestHandler.cs:35) 当前没有其他玩家在线，无需广播状态同步消息
2025-12-05 21:00:08.8543 (StateSyncRequestHandler.cs:35) 当前没有其他玩家在线，无需广播状态同步消息
2025-12-05 21:00:08.9650 (StateSyncRequestHandler.cs:35) 当前没有其他玩家在线，无需广播状态同步消息
2025-12-05 21:00:09.0555 (StateSyncRequestHandler.cs:35) 当前没有其他玩家在线，无需广播状态同步消息
2025-12-05 21:00:09.1535 (StateSyncRequestHandler.cs:35) 当前没有其他玩家在线，无需广播状态同步消息
2025-12-05 21:00:09.2521 (StateSyncRequestHandler.cs:35) 当前没有其他玩家在线，无需广播状态同步消息
2025-12-05 21:00:09.3650 (StateSyncRequestHandler.cs:35) 当前没有其他玩家在线，无需广播状态同步消息
2025-12-05 21:00:09.4483 (StateSyncRequestHandler.cs:35) 当前没有其他玩家在线，无需广播状态同步消息
2025-12-05 21:00:09.5569 (StateSyncRequestHandler.cs:35) 当前没有其他玩家在线，无需广播状态同步消息
2025-12-05 21:00:09.6521 (StateSyncRequestHandler.cs:35) 当前没有其他玩家在线，无需广播状态同步消息
2025-12-05 21:00:09.7626 (StateSyncRequestHandler.cs:35) 当前没有其他玩家在线，无需广播状态同步消息
2025-12-05 21:00:09.8620 (StateSyncRequestHandler.cs:35) 当前没有其他玩家在线，无需广播状态同步消息
2025-12-05 21:00:09.9544 (StateSyncRequestHandler.cs:35) 当前没有其他玩家在线，无需广播状态同步消息
2025-12-05 21:00:10.0499 (StateSyncRequestHandler.cs:35) 当前没有其他玩家在线，无需广播状态同步消息
2025-12-05 21:00:10.1536 (StateSyncRequestHandler.cs:35) 当前没有其他玩家在线，无需广播状态同步消息
2025-12-05 21:00:10.2487 (StateSyncRequestHandler.cs:35) 当前没有其他玩家在线，无需广播状态同步消息
2025-12-05 21:00:10.3498 (StateSyncRequestHandler.cs:35) 当前没有其他玩家在线，无需广播状态同步消息
2025-12-05 21:00:10.4550 (StateSyncRequestHandler.cs:35) 当前没有其他玩家在线，无需广播状态同步消息
2025-12-05 21:00:10.5500 (StateSyncRequestHandler.cs:35) 当前没有其他玩家在线，无需广播状态同步消息
2025-12-05 21:00:10.6547 (StateSyncRequestHandler.cs:35) 当前没有其他玩家在线，无需广播状态同步消息
2025-12-05 21:00:10.7600 (StateSyncRequestHandler.cs:35) 当前没有其他玩家在线，无需广播状态同步消息
2025-12-05 21:00:10.8542 (StateSyncRequestHandler.cs:35) 当前没有其他玩家在线，无需广播状态同步消息
2025-12-05 21:00:10.9538 (StateSyncRequestHandler.cs:35) 当前没有其他玩家在线，无需广播状态同步消息
2025-12-05 21:00:11.0552 (StateSyncRequestHandler.cs:35) 当前没有其他玩家在线，无需广播状态同步消息
2025-12-05 21:00:11.1595 (StateSyncRequestHandler.cs:35) 当前没有其他玩家在线，无需广播状态同步消息
2025-12-05 21:00:11.2480 (StateSyncRequestHandler.cs:35) 当前没有其他玩家在线，无需广播状态同步消息
2025-12-05 21:00:11.3546 (StateSyncRequestHandler.cs:35) 当前没有其他玩家在线，无需广播状态同步消息
2025-12-05 21:00:11.4492 (StateSyncRequestHandler.cs:35) 当前没有其他玩家在线，无需广播状态同步消息
2025-12-05 21:00:11.5563 (StateSyncRequestHandler.cs:35) 当前没有其他玩家在线，无需广播状态同步消息
2025-12-05 21:00:11.6564 (StateSyncRequestHandler.cs:35) 当前没有其他玩家在线，无需广播状态同步消息
2025-12-05 21:00:11.7500 (StateSyncRequestHandler.cs:35) 当前没有其他玩家在线，无需广播状态同步消息
2025-12-05 21:00:11.8528 (StateSyncRequestHandler.cs:35) 当前没有其他玩家在线，无需广播状态同步消息
2025-12-05 21:00:11.9546 (StateSyncRequestHandler.cs:35) 当前没有其他玩家在线，无需广播状态同步消息
2025-12-05 21:00:12.0534 (StateSyncRequestHandler.cs:35) 当前没有其他玩家在线，无需广播状态同步消息
2025-12-05 21:00:12.1503  当前没有其他玩家在线，无需广播状态同步消息
2025-12-05 21:00:12.2575  当前没有其他玩家在线，无需广播状态同步消息
2025-12-05 21:00:12.3523  当前没有其他玩家在线，无需广播状态同步消息
2025-12-05 21:00:12.4489  当前没有其他玩家在线，无需广播状态同步消息
2025-12-05 21:00:12.5510  当前没有其他玩家在线，无需广播状态同步消息
2025-12-05 21:00:12.6551  当前没有其他玩家在线，无需广播状态同步消息
2025-12-05 21:00:12.7574  当前没有其他玩家在线，无需广播状态同步消息
2025-12-05 21:00:12.8498  当前没有其他玩家在线，无需广播状态同步消息
2025-12-05 21:00:12.9519  当前没有其他玩家在线，无需广播状态同步消息
2025-12-05 21:00:13.0537  当前没有其他玩家在线，无需广播状态同步消息
2025-12-05 21:00:13.1533  当前没有其他玩家在线，无需广播状态同步消息
2025-12-05 21:00:13.2569  当前没有其他玩家在线，无需广播状态同步消息
2025-12-05 21:00:13.3540  当前没有其他玩家在线，无需广播状态同步消息
2025-12-05 21:00:13.4549  当前没有其他玩家在线，无需广播状态同步消息
2025-12-05 21:00:13.5575  当前没有其他玩家在线，无需广播状态同步消息
2025-12-05 21:00:13.6485  当前没有其他玩家在线，无需广播状态同步消息
2025-12-05 21:00:13.7497  当前没有其他玩家在线，无需广播状态同步消息
2025-12-05 21:00:13.8567  当前没有其他玩家在线，无需广播状态同步消息
2025-12-05 21:00:13.9490  当前没有其他玩家在线，无需广播状态同步消息
2025-12-05 21:00:14.0496  当前没有其他玩家在线，无需广播状态同步消息
2025-12-05 21:00:14.1530  当前没有其他玩家在线，无需广播状态同步消息
2025-12-05 21:00:14.2517  当前没有其他玩家在线，无需广播状态同步消息
2025-12-05 21:00:14.3568  当前没有其他玩家在线，无需广播状态同步消息
2025-12-05 21:00:14.4528  当前没有其他玩家在线，无需广播状态同步消息
2025-12-05 21:00:14.5555  当前没有其他玩家在线，无需广播状态同步消息
2025-12-05 21:00:14.6507  当前没有其他玩家在线，无需广播状态同步消息
2025-12-05 21:00:14.7502  当前没有其他玩家在线，无需广播状态同步消息
2025-12-05 21:00:14.8502  当前没有其他玩家在线，无需广播状态同步消息
2025-12-05 21:00:14.9574  当前没有其他玩家在线，无需广播状态同步消息
2025-12-05 21:00:15.0506  当前没有其他玩家在线，无需广播状态同步消息
2025-12-05 21:00:15.1529  当前没有其他玩家在线，无需广播状态同步消息
2025-12-05 21:00:15.2593  当前没有其他玩家在线，无需广播状态同步消息
2025-12-05 21:00:15.3565  当前没有其他玩家在线，无需广播状态同步消息
2025-12-05 21:00:15.4534  当前没有其他玩家在线，无需广播状态同步消息
2025-12-05 21:00:15.5542  当前没有其他玩家在线，无需广播状态同步消息
2025-12-05 21:00:15.6501  当前没有其他玩家在线，无需广播状态同步消息
2025-12-05 21:00:17.7569  当前没有其他玩家在线，无需广播状态同步消息
2025-12-05 21:00:17.8568  当前没有其他玩家在线，无需广播状态同步消息
2025-12-05 21:00:17.9527  当前没有其他玩家在线，无需广播状态同步消息
2025-12-05 21:00:18.0532  当前没有其他玩家在线，无需广播状态同步消息
2025-12-05 21:00:18.1577  当前没有其他玩家在线，无需广播状态同步消息
2025-12-05 21:00:18.2550  当前没有其他玩家在线，无需广播状态同步消息
2025-12-05 21:00:18.3532  当前没有其他玩家在线，无需广播状态同步消息
2025-12-05 21:00:18.4516  当前没有其他玩家在线，无需广播状态同步消息
2025-12-05 21:00:18.5552  当前没有其他玩家在线，无需广播状态同步消息
2025-12-05 21:00:18.6525  当前没有其他玩家在线，无需广播状态同步消息
2025-12-05 21:00:18.7528  当前没有其他玩家在线，无需广播状态同步消息
2025-12-05 21:00:18.8552  当前没有其他玩家在线，无需广播状态同步消息
2025-12-05 21:00:18.9545  当前没有其他玩家在线，无需广播状态同步消息
2025-12-05 21:00:19.0528  当前没有其他玩家在线，无需广播状态同步消息
2025-12-05 21:00:19.1543  当前没有其他玩家在线，无需广播状态同步消息
2025-12-05 21:00:19.2509  当前没有其他玩家在线，无需广播状态同步消息
2025-12-05 21:00:19.3554  当前没有其他玩家在线，无需广播状态同步消息
2025-12-05 21:00:19.4570  当前没有其他玩家在线，无需广播状态同步消息
2025-12-05 21:00:19.5490  当前没有其他玩家在线，无需广播状态同步消息
2025-12-05 21:00:19.6546  当前没有其他玩家在线，无需广播状态同步消息
2025-12-05 21:00:19.7521  当前没有其他玩家在线，无需广播状态同步消息
2025-12-05 21:00:19.8516  当前没有其他玩家在线，无需广播状态同步消息
2025-12-05 21:00:19.9547  当前没有其他玩家在线，无需广播状态同步消息
2025-12-05 21:00:20.0487  当前没有其他玩家在线，无需广播状态同步消息
2025-12-05 21:00:20.1552  当前没有其他玩家在线，无需广播状态同步消息
2025-12-05 21:00:20.2542  当前没有其他玩家在线，无需广播状态同步消息
2025-12-05 21:00:20.3499  当前没有其他玩家在线，无需广播状态同步消息
2025-12-05 21:00:20.4507  当前没有其他玩家在线，无需广播状态同步消息
2025-12-05 21:00:20.5570  当前没有其他玩家在线，无需广播状态同步消息
2025-12-05 21:00:20.6552  当前没有其他玩家在线，无需广播状态同步消息
2025-12-05 21:00:20.7520  当前没有其他玩家在线，无需广播状态同步消息
2025-12-05 21:00:20.8484  当前没有其他玩家在线，无需广播状态同步消息
2025-12-05 21:00:20.9539  当前没有其他玩家在线，无需广播状态同步消息
2025-12-05 21:00:21.0508  当前没有其他玩家在线，无需广播状态同步消息
2025-12-05 21:00:21.1487  当前没有其他玩家在线，无需广播状态同步消息
2025-12-05 21:00:21.2574  当前没有其他玩家在线，无需广播状态同步消息
2025-12-05 21:00:21.3546  当前没有其他玩家在线，无需广播状态同步消息
2025-12-05 21:00:21.4499  当前没有其他玩家在线，无需广播状态同步消息
2025-12-05 21:00:21.5556  当前没有其他玩家在线，无需广播状态同步消息
2025-12-05 21:00:21.6503  当前没有其他玩家在线，无需广播状态同步消息
2025-12-05 21:00:21.7501  当前没有其他玩家在线，无需广播状态同步消息
2025-12-05 21:00:21.8507  当前没有其他玩家在线，无需广播状态同步消息
2025-12-05 21:00:21.9499  当前没有其他玩家在线，无需广播状态同步消息
2025-12-05 21:00:22.0553  当前没有其他玩家在线，无需广播状态同步消息
2025-12-05 21:00:22.1542  当前没有其他玩家在线，无需广播状态同步消息
2025-12-05 21:00:22.2569  当前没有其他玩家在线，无需广播状态同步消息
2025-12-05 21:00:22.3527  当前没有其他玩家在线，无需广播状态同步消息
2025-12-05 21:00:22.4529  当前没有其他玩家在线，无需广播状态同步消息
2025-12-05 21:00:22.5555  当前没有其他玩家在线，无需广播状态同步消息
2025-12-05 21:00:22.6544  当前没有其他玩家在线，无需广播状态同步消息
2025-12-05 21:00:22.7566  当前没有其他玩家在线，无需广播状态同步消息
2025-12-05 21:00:22.8506  当前没有其他玩家在线，无需广播状态同步消息
2025-12-05 21:00:22.9585  当前没有其他玩家在线，无需广播状态同步消息
2025-12-05 21:00:23.0571  当前没有其他玩家在线，无需广播状态同步消息
2025-12-05 21:00:23.1532  当前没有其他玩家在线，无需广播状态同步消息
2025-12-05 21:00:23.2564  当前没有其他玩家在线，无需广播状态同步消息
2025-12-05 21:00:23.3537  当前没有其他玩家在线，无需广播状态同步消息
2025-12-05 21:00:23.4486  当前没有其他玩家在线，无需广播状态同步消息
2025-12-05 21:00:23.5511  当前没有其他玩家在线，无需广播状态同步消息
2025-12-05 21:00:23.6544  当前没有其他玩家在线，无需广播状态同步消息
2025-12-05 21:00:23.7674  当前没有其他玩家在线，无需广播状态同步消息
2025-12-05 21:00:23.8552  当前没有其他玩家在线，无需广播状态同步消息
2025-12-05 21:00:23.9493  当前没有其他玩家在线，无需广播状态同步消息
2025-12-05 21:00:24.0555  当前没有其他玩家在线，无需广播状态同步消息
2025-12-05 21:00:24.1499  当前没有其他玩家在线，无需广播状态同步消息
2025-12-05 21:00:24.2533  当前没有其他玩家在线，无需广播状态同步消息
2025-12-05 21:00:24.3533  当前没有其他玩家在线，无需广播状态同步消息
2025-12-05 21:00:24.4487  当前没有其他玩家在线，无需广播状态同步消息
2025-12-05 21:00:26.1492  当前没有其他玩家在线，无需广播状态同步消息
2025-12-05 21:00:26.2535  当前没有其他玩家在线，无需广播状态同步消息
2025-12-05 21:00:26.3576  当前没有其他玩家在线，无需广播状态同步消息
2025-12-05 21:00:26.4523  当前没有其他玩家在线，无需广播状态同步消息
2025-12-05 21:00:26.5555  当前没有其他玩家在线，无需广播状态同步消息
2025-12-05 21:00:27.6582  当前没有其他玩家在线，无需广播状态同步消息
2025-12-05 21:00:27.7551  当前没有其他玩家在线，无需广播状态同步消息
2025-12-05 21:00:27.8582  当前没有其他玩家在线，无需广播状态同步消息
2025-12-05 21:00:27.9520  当前没有其他玩家在线，无需广播状态同步消息
2025-12-05 21:00:28.0576  当前没有其他玩家在线，无需广播状态同步消息
2025-12-05 21:00:28.8501  当前没有其他玩家在线，无需广播状态同步消息
2025-12-05 21:00:28.9554  当前没有其他玩家在线，无需广播状态同步消息
2025-12-05 21:00:29.0563  当前没有其他玩家在线，无需广播状态同步消息
2025-12-05 21:00:29.1535  当前没有其他玩家在线，无需广播状态同步消息
2025-12-05 21:00:29.2514  当前没有其他玩家在线，无需广播状态同步消息
2025-12-05 21:00:29.3489  当前没有其他玩家在线，无需广播状态同步消息
2025-12-05 21:00:29.4545  当前没有其他玩家在线，无需广播状态同步消息
2025-12-05 21:00:29.5518  当前没有其他玩家在线，无需广播状态同步消息
2025-12-05 21:00:29.6533  当前没有其他玩家在线，无需广播状态同步消息
2025-12-05 21:00:29.7559  当前没有其他玩家在线，无需广播状态同步消息
2025-12-05 21:00:29.8501  当前没有其他玩家在线，无需广播状态同步消息
2025-12-05 21:00:29.9497  当前没有其他玩家在线，无需广播状态同步消息
2025-12-05 21:00:30.0549  当前没有其他玩家在线，无需广播状态同步消息
2025-12-05 21:00:30.1499  当前没有其他玩家在线，无需广播状态同步消息
2025-12-05 21:00:30.2503  当前没有其他玩家在线，无需广播状态同步消息
2025-12-05 21:00:30.3573  当前没有其他玩家在线，无需广播状态同步消息
2025-12-05 21:00:30.4552  当前没有其他玩家在线，无需广播状态同步消息
2025-12-05 21:00:30.5534  当前没有其他玩家在线，无需广播状态同步消息
2025-12-05 21:00:30.6594  当前没有其他玩家在线，无需广播状态同步消息
2025-12-05 21:00:30.7605  当前没有其他玩家在线，无需广播状态同步消息
2025-12-05 21:00:30.8490  当前没有其他玩家在线，无需广播状态同步消息
2025-12-05 21:00:30.9535  当前没有其他玩家在线，无需广播状态同步消息
2025-12-05 21:00:31.0655  当前没有其他玩家在线，无需广播状态同步消息
2025-12-05 21:00:31.1491  当前没有其他玩家在线，无需广播状态同步消息
2025-12-05 21:00:31.2518  当前没有其他玩家在线，无需广播状态同步消息
2025-12-05 21:00:31.3603  当前没有其他玩家在线，无需广播状态同步消息
2025-12-05 21:00:31.4534  当前没有其他玩家在线，无需广播状态同步消息
2025-12-05 21:00:31.5514  当前没有其他玩家在线，无需广播状态同步消息
2025-12-05 21:00:31.6573  当前没有其他玩家在线，无需广播状态同步消息
2025-12-05 21:00:31.7590  当前没有其他玩家在线，无需广播状态同步消息
2025-12-05 21:00:31.8542  当前没有其他玩家在线，无需广播状态同步消息
2025-12-05 21:00:32.5503  当前没有其他玩家在线，无需广播状态同步消息
2025-12-05 21:00:32.6553  当前没有其他玩家在线，无需广播状态同步消息
2025-12-05 21:00:32.7514  当前没有其他玩家在线，无需广播状态同步消息
2025-12-05 21:00:32.8499  当前没有其他玩家在线，无需广播状态同步消息
2025-12-05 21:00:33.5532  当前没有其他玩家在线，无需广播状态同步消息
2025-12-05 21:00:33.6643  当前没有其他玩家在线，无需广播状态同步消息
2025-12-05 21:00:33.7600  当前没有其他玩家在线，无需广播状态同步消息
2025-12-05 21:00:33.8629  当前没有其他玩家在线，无需广播状态同步消息
2025-12-05 21:00:33.9503  当前没有其他玩家在线，无需广播状态同步消息
2025-12-05 21:00:34.0537  当前没有其他玩家在线，无需广播状态同步消息
2025-12-05 21:00:34.1499  当前没有其他玩家在线，无需广播状态同步消息
2025-12-05 21:00:34.2551  当前没有其他玩家在线，无需广播状态同步消息
2025-12-05 21:00:34.3622  当前没有其他玩家在线，无需广播状态同步消息
2025-12-05 21:00:34.4538  当前没有其他玩家在线，无需广播状态同步消息
2025-12-05 21:00:35.2617  当前没有其他玩家在线，无需广播状态同步消息
2025-12-05 21:00:35.3560  当前没有其他玩家在线，无需广播状态同步消息
2025-12-05 21:00:35.4546  当前没有其他玩家在线，无需广播状态同步消息
2025-12-05 21:00:35.5564  当前没有其他玩家在线，无需广播状态同步消息
2025-12-05 21:00:35.6551  当前没有其他玩家在线，无需广播状态同步消息
2025-12-05 21:00:35.7535  当前没有其他玩家在线，无需广播状态同步消息
2025-12-05 21:00:35.8519  当前没有其他玩家在线，无需广播状态同步消息
2025-12-05 21:00:35.9504  当前没有其他玩家在线，无需广播状态同步消息
2025-12-05 21:00:36.0552  当前没有其他玩家在线，无需广播状态同步消息
2025-12-05 21:00:36.1477  当前没有其他玩家在线，无需广播状态同步消息
2025-12-05 21:00:36.2528  当前没有其他玩家在线，无需广播状态同步消息
2025-12-05 21:00:36.3540  当前没有其他玩家在线，无需广播状态同步消息
2025-12-05 21:00:36.4501  当前没有其他玩家在线，无需广播状态同步消息
2025-12-05 21:00:36.5541  当前没有其他玩家在线，无需广播状态同步消息
2025-12-05 21:00:36.6514  当前没有其他玩家在线，无需广播状态同步消息
2025-12-05 21:00:36.7543  当前没有其他玩家在线，无需广播状态同步消息
2025-12-05 21:00:36.8485  当前没有其他玩家在线，无需广播状态同步消息
2025-12-05 21:00:36.9545  当前没有其他玩家在线，无需广播状态同步消息
2025-12-05 21:00:37.0505  当前没有其他玩家在线，无需广播状态同步消息
2025-12-05 21:00:37.1652  当前没有其他玩家在线，无需广播状态同步消息
2025-12-05 21:00:37.2525  当前没有其他玩家在线，无需广播状态同步消息
2025-12-05 21:00:37.3548  当前没有其他玩家在线，无需广播状态同步消息
2025-12-05 21:00:37.4581  当前没有其他玩家在线，无需广播状态同步消息
2025-12-05 21:00:37.5521  当前没有其他玩家在线，无需广播状态同步消息
2025-12-05 21:00:37.6519  当前没有其他玩家在线，无需广播状态同步消息
2025-12-05 21:00:39.3475  当前没有其他玩家在线，无需广播状态同步消息
2025-12-05 21:00:39.4516  当前没有其他玩家在线，无需广播状态同步消息
2025-12-05 21:00:39.5526  当前没有其他玩家在线，无需广播状态同步消息
2025-12-05 21:00:39.6633  当前没有其他玩家在线，无需广播状态同步消息
2025-12-05 21:00:39.7615  当前没有其他玩家在线，无需广播状态同步消息
2025-12-05 21:00:39.8488  当前没有其他玩家在线，无需广播状态同步消息
2025-12-05 21:00:39.9531  当前没有其他玩家在线，无需广播状态同步消息
2025-12-05 21:00:40.0482  当前没有其他玩家在线，无需广播状态同步消息
2025-12-05 21:00:40.7554  当前没有其他玩家在线，无需广播状态同步消息
2025-12-05 21:00:40.8555  当前没有其他玩家在线，无需广播状态同步消息
2025-12-05 21:00:40.9545  当前没有其他玩家在线，无需广播状态同步消息
2025-12-05 21:00:41.0485  当前没有其他玩家在线，无需广播状态同步消息
2025-12-05 21:00:41.1553  当前没有其他玩家在线，无需广播状态同步消息
2025-12-05 21:00:41.2522  当前没有其他玩家在线，无需广播状态同步消息
2025-12-05 21:00:41.3561  当前没有其他玩家在线，无需广播状态同步消息
2025-12-05 21:00:41.4495  当前没有其他玩家在线，无需广播状态同步消息
2025-12-05 21:00:41.5608  当前没有其他玩家在线，无需广播状态同步消息
2025-12-05 21:00:41.6610  当前没有其他玩家在线，无需广播状态同步消息
2025-12-05 21:00:41.7495  当前没有其他玩家在线，无需广播状态同步消息
2025-12-05 21:00:41.8554  当前没有其他玩家在线，无需广播状态同步消息
2025-12-05 21:00:41.9554  当前没有其他玩家在线，无需广播状态同步消息
2025-12-05 21:00:42.0525  当前没有其他玩家在线，无需广播状态同步消息
2025-12-05 21:00:42.1499  当前没有其他玩家在线，无需广播状态同步消息
2025-12-05 21:00:42.2524  当前没有其他玩家在线，无需广播状态同步消息
2025-12-05 21:00:42.3538  当前没有其他玩家在线，无需广播状态同步消息
2025-12-05 21:00:42.4527  当前没有其他玩家在线，无需广播状态同步消息
2025-12-05 21:00:42.5486  当前没有其他玩家在线，无需广播状态同步消息
2025-12-05 21:00:42.6554  当前没有其他玩家在线，无需广播状态同步消息
2025-12-05 21:00:42.7488  当前没有其他玩家在线，无需广播状态同步消息
2025-12-05 21:00:44.1527  当前没有其他玩家在线，无需广播状态同步消息
2025-12-05 21:00:44.2535  当前没有其他玩家在线，无需广播状态同步消息
2025-12-05 21:00:44.3496  当前没有其他玩家在线，无需广播状态同步消息
2025-12-05 21:00:44.4550  当前没有其他玩家在线，无需广播状态同步消息
2025-12-05 21:00:44.5548  当前没有其他玩家在线，无需广播状态同步消息
2025-12-05 21:00:44.6489  当前没有其他玩家在线，无需广播状态同步消息
2025-12-05 21:00:44.7602  当前没有其他玩家在线，无需广播状态同步消息
2025-12-05 21:00:44.8500  当前没有其他玩家在线，无需广播状态同步消息
2025-12-05 21:00:44.9516  当前没有其他玩家在线，无需广播状态同步消息
2025-12-05 21:00:45.0548  当前没有其他玩家在线，无需广播状态同步消息
2025-12-05 21:00:45.1530  当前没有其他玩家在线，无需广播状态同步消息
2025-12-05 21:00:45.2559  当前没有其他玩家在线，无需广播状态同步消息
2025-12-05 21:00:45.3491  当前没有其他玩家在线，无需广播状态同步消息
2025-12-05 21:00:45.4483  当前没有其他玩家在线，无需广播状态同步消息
2025-12-05 21:00:45.5505  当前没有其他玩家在线，无需广播状态同步消息
2025-12-05 21:00:45.6563  当前没有其他玩家在线，无需广播状态同步消息
2025-12-05 21:00:45.7551  当前没有其他玩家在线，无需广播状态同步消息
2025-12-05 21:00:45.8509  当前没有其他玩家在线，无需广播状态同步消息
2025-12-05 21:00:45.9498  当前没有其他玩家在线，无需广播状态同步消息
2025-12-05 21:00:46.0501  当前没有其他玩家在线，无需广播状态同步消息
2025-12-05 21:00:46.1509  当前没有其他玩家在线，无需广播状态同步消息
2025-12-05 21:00:46.2555  当前没有其他玩家在线，无需广播状态同步消息
2025-12-05 21:00:46.3565  当前没有其他玩家在线，无需广播状态同步消息
2025-12-05 21:00:46.4511  当前没有其他玩家在线，无需广播状态同步消息
2025-12-05 21:00:46.5662  当前没有其他玩家在线，无需广播状态同步消息
2025-12-05 21:00:46.6515  当前没有其他玩家在线，无需广播状态同步消息
2025-12-05 21:00:46.7499  当前没有其他玩家在线，无需广播状态同步消息
2025-12-05 21:00:46.9636  当前没有其他玩家在线，无需广播状态同步消息
2025-12-05 21:00:47.0566  当前没有其他玩家在线，无需广播状态同步消息
2025-12-05 21:00:47.6513  当前没有其他玩家在线，无需广播状态同步消息
2025-12-05 21:00:47.7545  当前没有其他玩家在线，无需广播状态同步消息
2025-12-05 21:00:47.8505  当前没有其他玩家在线，无需广播状态同步消息
2025-12-05 21:00:47.9520  当前没有其他玩家在线，无需广播状态同步消息
2025-12-05 21:00:48.0507  当前没有其他玩家在线，无需广播状态同步消息
2025-12-05 21:00:48.1545  当前没有其他玩家在线，无需广播状态同步消息
2025-12-05 21:00:48.3490  当前没有其他玩家在线，无需广播状态同步消息
2025-12-05 21:00:48.4547  当前没有其他玩家在线，无需广播状态同步消息
2025-12-05 21:00:48.5497  当前没有其他玩家在线，无需广播状态同步消息
2025-12-05 21:00:48.7507  当前没有其他玩家在线，无需广播状态同步消息
2025-12-05 21:00:48.8507  当前没有其他玩家在线，无需广播状态同步消息
2025-12-05 21:00:48.9534  当前没有其他玩家在线，无需广播状态同步消息
2025-12-05 21:00:49.0505  当前没有其他玩家在线，无需广播状态同步消息
2025-12-05 21:00:49.1523  当前没有其他玩家在线，无需广播状态同步消息
2025-12-05 21:00:49.2552  当前没有其他玩家在线，无需广播状态同步消息
2025-12-05 21:00:49.3543  当前没有其他玩家在线，无需广播状态同步消息
2025-12-05 21:00:49.4573  当前没有其他玩家在线，无需广播状态同步消息
2025-12-05 21:00:49.5616  当前没有其他玩家在线，无需广播状态同步消息
2025-12-05 21:00:49.6529  当前没有其他玩家在线，无需广播状态同步消息
2025-12-05 21:00:49.7486  当前没有其他玩家在线，无需广播状态同步消息
2025-12-05 21:00:49.8654  当前没有其他玩家在线，无需广播状态同步消息
2025-12-05 21:00:49.9505  当前没有其他玩家在线，无需广播状态同步消息
2025-12-05 21:00:50.0574  当前没有其他玩家在线，无需广播状态同步消息
2025-12-05 21:00:50.1486  当前没有其他玩家在线，无需广播状态同步消息
2025-12-05 21:00:50.6635  当前没有其他玩家在线，无需广播状态同步消息
2025-12-05 21:00:50.7513  当前没有其他玩家在线，无需广播状态同步消息
2025-12-05 21:00:51.2545  当前没有其他玩家在线，无需广播状态同步消息
2025-12-05 21:00:51.3615  当前没有其他玩家在线，无需广播状态同步消息
2025-12-05 21:00:51.4577  当前没有其他玩家在线，无需广播状态同步消息
2025-12-05 21:00:51.5553  当前没有其他玩家在线，无需广播状态同步消息
2025-12-05 21:00:51.6560  当前没有其他玩家在线，无需广播状态同步消息
2025-12-05 21:00:51.7569  当前没有其他玩家在线，无需广播状态同步消息
2025-12-05 21:00:51.8543  当前没有其他玩家在线，无需广播状态同步消息
2025-12-05 21:00:52.4548  当前没有其他玩家在线，无需广播状态同步消息
2025-12-05 21:00:52.5523  当前没有其他玩家在线，无需广播状态同步消息
2025-12-05 21:00:52.6503  当前没有其他玩家在线，无需广播状态同步消息
2025-12-05 21:00:52.7535  当前没有其他玩家在线，无需广播状态同步消息
2025-12-05 21:00:52.8489  当前没有其他玩家在线，无需广播状态同步消息
2025-12-05 21:00:53.2554  当前没有其他玩家在线，无需广播状态同步消息
2025-12-05 21:00:53.3624  当前没有其他玩家在线，无需广播状态同步消息
2025-12-05 21:01:04.2293  当前服务器上没有其他玩家在线，无需广播下线消息
2025-12-05 21:01:04.3352  账号ID:482734309785206785 数据已保存到数据库
2025-12-05 21:01:04.3352  玩家ID:482734309785206785 下线成功 , 下线位置:x:9.333219, y:0, z:-3.497883
2025-12-05 21:26:37.6840  玩家上次上线位置：x:7.221688, y:0, z:6.772895
2025-12-05 21:26:37.6840  当前没有其他玩家在线，无需广播
2025-12-05 21:26:44.5859  当前没有其他玩家在线，无需广播状态同步消息
2025-12-05 21:26:44.6784  当前没有其他玩家在线，无需广播状态同步消息
2025-12-05 21:26:44.7812  当前没有其他玩家在线，无需广播状态同步消息
2025-12-05 21:26:44.8897  当前没有其他玩家在线，无需广播状态同步消息
2025-12-05 21:27:02.5786  当前服务器上没有其他玩家在线，无需广播下线消息
2025-12-05 21:27:02.5786  账号ID:482736422909116417 数据已保存到数据库
2025-12-05 21:27:02.5786  玩家ID:482736422909116417 下线成功 , 下线位置:x:7.5724444, y:0, z:7.2596903
2025-12-05 21:32:53.5944  玩家上次上线位置：x:7.5724444, y:0, z:7.2596903
2025-12-05 21:32:53.5944  当前没有其他玩家在线，无需广播
2025-12-05 21:32:55.1702  当前没有其他玩家在线，无需广播状态同步消息
2025-12-05 21:32:55.2674  当前没有其他玩家在线，无需广播状态同步消息
2025-12-05 21:32:55.3743  当前没有其他玩家在线，无需广播状态同步消息
2025-12-05 21:32:55.4748  当前没有其他玩家在线，无需广播状态同步消息
2025-12-05 21:32:55.5681  当前没有其他玩家在线，无需广播状态同步消息
2025-12-05 21:32:55.6668  当前没有其他玩家在线，无需广播状态同步消息
2025-12-05 21:32:55.7671  当前没有其他玩家在线，无需广播状态同步消息
2025-12-05 21:32:55.8739  当前没有其他玩家在线，无需广播状态同步消息
2025-12-05 21:32:55.9700  当前没有其他玩家在线，无需广播状态同步消息
2025-12-05 21:32:56.0753  当前没有其他玩家在线，无需广播状态同步消息
2025-12-05 21:32:56.1774  当前没有其他玩家在线，无需广播状态同步消息
2025-12-05 21:32:56.2755  当前没有其他玩家在线，无需广播状态同步消息
2025-12-05 21:32:56.3708  当前没有其他玩家在线，无需广播状态同步消息
2025-12-05 21:32:56.4722  当前没有其他玩家在线，无需广播状态同步消息
2025-12-05 21:32:56.5727  当前没有其他玩家在线，无需广播状态同步消息
2025-12-05 21:32:56.6748  当前没有其他玩家在线，无需广播状态同步消息
2025-12-05 21:32:56.7815  当前没有其他玩家在线，无需广播状态同步消息
2025-12-05 21:32:56.8723  当前没有其他玩家在线，无需广播状态同步消息
2025-12-05 21:32:56.9733  当前没有其他玩家在线，无需广播状态同步消息
2025-12-05 21:32:57.0705  当前没有其他玩家在线，无需广播状态同步消息
2025-12-05 21:32:57.1734  当前没有其他玩家在线，无需广播状态同步消息
2025-12-05 21:32:57.2730  当前没有其他玩家在线，无需广播状态同步消息
2025-12-05 21:32:57.3689  当前没有其他玩家在线，无需广播状态同步消息
2025-12-05 21:32:57.4763  当前没有其他玩家在线，无需广播状态同步消息
2025-12-05 21:32:57.5768  当前没有其他玩家在线，无需广播状态同步消息
2025-12-05 21:32:57.6693  当前没有其他玩家在线，无需广播状态同步消息
2025-12-05 21:32:57.7674  当前没有其他玩家在线，无需广播状态同步消息
2025-12-05 21:32:57.8750  当前没有其他玩家在线，无需广播状态同步消息
2025-12-05 21:32:57.9685  当前没有其他玩家在线，无需广播状态同步消息
2025-12-05 21:32:58.0749  当前没有其他玩家在线，无需广播状态同步消息
2025-12-05 21:32:58.1668  当前没有其他玩家在线，无需广播状态同步消息
2025-12-05 21:32:58.2747  当前没有其他玩家在线，无需广播状态同步消息
2025-12-05 21:32:58.3685  当前没有其他玩家在线，无需广播状态同步消息
2025-12-05 21:32:58.4665  当前没有其他玩家在线，无需广播状态同步消息
2025-12-05 21:32:58.5741  当前没有其他玩家在线，无需广播状态同步消息
2025-12-05 21:32:58.6735  当前没有其他玩家在线，无需广播状态同步消息
2025-12-05 21:32:58.7749  当前没有其他玩家在线，无需广播状态同步消息
2025-12-05 21:32:58.8708  当前没有其他玩家在线，无需广播状态同步消息
2025-12-05 21:32:58.9694  当前没有其他玩家在线，无需广播状态同步消息
2025-12-05 21:32:59.0683  当前没有其他玩家在线，无需广播状态同步消息
2025-12-05 21:32:59.1674  当前没有其他玩家在线，无需广播状态同步消息
2025-12-05 21:32:59.2720  当前没有其他玩家在线，无需广播状态同步消息
2025-12-05 21:32:59.3687  当前没有其他玩家在线，无需广播状态同步消息
2025-12-05 21:32:59.4735  当前没有其他玩家在线，无需广播状态同步消息
2025-12-05 21:32:59.5676  当前没有其他玩家在线，无需广播状态同步消息
2025-12-05 21:32:59.6723  当前没有其他玩家在线，无需广播状态同步消息
2025-12-05 21:32:59.7733  当前没有其他玩家在线，无需广播状态同步消息
2025-12-05 21:32:59.8719  当前没有其他玩家在线，无需广播状态同步消息
2025-12-05 21:32:59.9751  当前没有其他玩家在线，无需广播状态同步消息
2025-12-05 21:33:00.0704  当前没有其他玩家在线，无需广播状态同步消息
2025-12-05 21:33:00.1720  当前没有其他玩家在线，无需广播状态同步消息
2025-12-05 21:33:00.2735  当前没有其他玩家在线，无需广播状态同步消息
2025-12-05 21:33:08.5350  当前服务器上没有其他玩家在线，无需广播下线消息
2025-12-05 21:33:08.5367  账号ID:482736422909116417 数据已保存到数据库
2025-12-05 21:33:08.5367  玩家ID:482736422909116417 下线成功 , 下线位置:x:3.792197, y:0, z:-0.1369646
