2025-12-05 21:00:04.2623 (LoginRequestHandler.cs:16) 收到登录请求
2025-12-05 21:00:04.5225 (EntryLobbyRequestHandler.cs:32) 进入大厅成功，玩家ID:482734309785206785
2025-12-05 21:00:06.1657 (LobbyPlayerManagerComponentSystem.cs:124) 玩家ID:482734309785206785 移动方向: 0.20128407 , 0 , -0.9795329
2025-12-05 21:00:06.1657 (LobbyPlayerManagerComponentSystem.cs:130) 玩家ID:482734309785206785 移动到新位置: 4.822288 , 0 , 4.423933
2025-12-05 21:00:06.2503 (LobbyPlayerManagerComponentSystem.cs:124) 玩家ID:482734309785206785 移动方向: 0.37492952 , 0 , -0.92705333
2025-12-05 21:00:06.2503 (LobbyPlayerManagerComponentSystem.cs:130) 玩家ID:482734309785206785 移动到新位置: 4.897274 , 0 , 4.2385225
2025-12-05 21:00:06.3531 (LobbyPlayerManagerComponentSystem.cs:124) 玩家ID:482734309785206785 移动方向: 0.4718804 , 0 , -0.88166255
2025-12-05 21:00:06.3531 (LobbyPlayerManagerComponentSystem.cs:130) 玩家ID:482734309785206785 移动到新位置: 4.99165 , 0 , 4.06219
2025-12-05 21:00:06.4504 (LobbyPlayerManagerComponentSystem.cs:124) 玩家ID:482734309785206785 移动方向: 0.50841296 , 0 , -0.86111337
2025-12-05 21:00:06.4504 (LobbyPlayerManagerComponentSystem.cs:130) 玩家ID:482734309785206785 移动到新位置: 5.093333 , 0 , 3.8899674
2025-12-05 21:00:06.5488 (LobbyPlayerManagerComponentSystem.cs:124) 玩家ID:482734309785206785 移动方向: 0.522248 , 0 , -0.85279363
2025-12-05 21:00:06.5488 (LobbyPlayerManagerComponentSystem.cs:130) 玩家ID:482734309785206785 移动到新位置: 5.1977825 , 0 , 3.7194088
2025-12-05 21:00:06.6555 (LobbyPlayerManagerComponentSystem.cs:124) 玩家ID:482734309785206785 移动方向: 0.9736405 , 0 , -0.22808805
2025-12-05 21:00:06.6555 (LobbyPlayerManagerComponentSystem.cs:130) 玩家ID:482734309785206785 移动到新位置: 5.3925104 , 0 , 3.6737912
2025-12-05 21:00:06.7523 (LobbyPlayerManagerComponentSystem.cs:124) 玩家ID:482734309785206785 移动方向: 0.9740046 , 0 , -0.22652793
2025-12-05 21:00:06.7523 (LobbyPlayerManagerComponentSystem.cs:130) 玩家ID:482734309785206785 移动到新位置: 5.5873113 , 0 , 3.6284857
2025-12-05 21:00:06.8669 (LobbyPlayerManagerComponentSystem.cs:124) 玩家ID:482734309785206785 移动方向: 0.9741248 , 0 , -0.22601092
2025-12-05 21:00:06.8669 (LobbyPlayerManagerComponentSystem.cs:130) 玩家ID:482734309785206785 移动到新位置: 5.7821364 , 0 , 3.5832834
2025-12-05 21:00:06.9525 (LobbyPlayerManagerComponentSystem.cs:124) 玩家ID:482734309785206785 移动方向: 0.97415805 , 0 , -0.22586754
2025-12-05 21:00:06.9525 (LobbyPlayerManagerComponentSystem.cs:130) 玩家ID:482734309785206785 移动到新位置: 5.976968 , 0 , 3.53811
2025-12-05 21:00:07.0494 (LobbyPlayerManagerComponentSystem.cs:124) 玩家ID:482734309785206785 移动方向: 0.9741687 , 0 , -0.22582144
2025-12-05 21:00:07.0494 (LobbyPlayerManagerComponentSystem.cs:130) 玩家ID:482734309785206785 移动到新位置: 6.1718016 , 0 , 3.4929457
2025-12-05 21:00:07.1490 (LobbyPlayerManagerComponentSystem.cs:124) 玩家ID:482734309785206785 移动方向: 0.5291739 , 0 , -0.8485134
2025-12-05 21:00:07.1490 (LobbyPlayerManagerComponentSystem.cs:130) 玩家ID:482734309785206785 移动到新位置: 6.2776365 , 0 , 3.323243
2025-12-05 21:00:07.2546 (LobbyPlayerManagerComponentSystem.cs:124) 玩家ID:482734309785206785 移动方向: 0.52917767 , 0 , -0.84851104
2025-12-05 21:00:07.2546 (LobbyPlayerManagerComponentSystem.cs:130) 玩家ID:482734309785206785 移动到新位置: 6.383472 , 0 , 3.1535406
2025-12-05 21:00:07.3505 (LobbyPlayerManagerComponentSystem.cs:124) 玩家ID:482734309785206785 移动方向: 0.5291786 , 0 , -0.84851044
2025-12-05 21:00:07.3505 (LobbyPlayerManagerComponentSystem.cs:130) 玩家ID:482734309785206785 移动到新位置: 6.489308 , 0 , 2.9838386
2025-12-05 21:00:07.4543 (LobbyPlayerManagerComponentSystem.cs:124) 玩家ID:482734309785206785 移动方向: 0.52917904 , 0 , -0.8485102
2025-12-05 21:00:07.4543 (LobbyPlayerManagerComponentSystem.cs:130) 玩家ID:482734309785206785 移动到新位置: 6.595144 , 0 , 2.8141365
2025-12-05 21:00:07.5571 (LobbyPlayerManagerComponentSystem.cs:124) 玩家ID:482734309785206785 移动方向: 0.52917904 , 0 , -0.8485102
2025-12-05 21:00:07.5571 (LobbyPlayerManagerComponentSystem.cs:130) 玩家ID:482734309785206785 移动到新位置: 6.7009797 , 0 , 2.6444345
2025-12-05 21:00:07.6551 (LobbyPlayerManagerComponentSystem.cs:124) 玩家ID:482734309785206785 移动方向: 0.52917904 , 0 , -0.8485102
2025-12-05 21:00:07.6551 (LobbyPlayerManagerComponentSystem.cs:130) 玩家ID:482734309785206785 移动到新位置: 6.8068156 , 0 , 2.4747324
2025-12-05 21:00:07.7490 (LobbyPlayerManagerComponentSystem.cs:124) 玩家ID:482734309785206785 移动方向: 0.52917904 , 0 , -0.8485102
2025-12-05 21:00:07.7490 (LobbyPlayerManagerComponentSystem.cs:130) 玩家ID:482734309785206785 移动到新位置: 6.9126515 , 0 , 2.3050303
2025-12-05 21:00:07.8535 (LobbyPlayerManagerComponentSystem.cs:124) 玩家ID:482734309785206785 移动方向: -0.22580126 , 0 , -0.9741734
2025-12-05 21:00:07.8535 (LobbyPlayerManagerComponentSystem.cs:130) 玩家ID:482734309785206785 移动到新位置: 6.8674912 , 0 , 2.1101956
2025-12-05 21:00:07.9519 (LobbyPlayerManagerComponentSystem.cs:124) 玩家ID:482734309785206785 移动方向: -0.8485102 , 0 , -0.52917904
2025-12-05 21:00:07.9519 (LobbyPlayerManagerComponentSystem.cs:130) 玩家ID:482734309785206785 移动到新位置: 6.697789 , 0 , 2.0043597
2025-12-05 21:00:08.0527 (LobbyPlayerManagerComponentSystem.cs:124) 玩家ID:482734309785206785 移动方向: -0.8485102 , 0 , -0.52917904
2025-12-05 21:00:08.0527 (LobbyPlayerManagerComponentSystem.cs:130) 玩家ID:482734309785206785 移动到新位置: 6.528087 , 0 , 1.8985239
2025-12-05 21:00:08.1568 (LobbyPlayerManagerComponentSystem.cs:124) 玩家ID:482734309785206785 移动方向: -0.9741734 , 0 , 0.22580126
2025-12-05 21:00:08.1568 (LobbyPlayerManagerComponentSystem.cs:130) 玩家ID:482734309785206785 移动到新位置: 6.3332524 , 0 , 1.9436842
2025-12-05 21:00:08.2490 (LobbyPlayerManagerComponentSystem.cs:124) 玩家ID:482734309785206785 移动方向: -0.52917904 , 0 , 0.8485102
2025-12-05 21:00:08.2490 (LobbyPlayerManagerComponentSystem.cs:130) 玩家ID:482734309785206785 移动到新位置: 6.2274165 , 0 , 2.1133862
2025-12-05 21:00:08.3489 (LobbyPlayerManagerComponentSystem.cs:124) 玩家ID:482734309785206785 移动方向: 0.22580126 , 0 , 0.9741734
2025-12-05 21:00:08.3489 (LobbyPlayerManagerComponentSystem.cs:130) 玩家ID:482734309785206785 移动到新位置: 6.272577 , 0 , 2.3082209
2025-12-05 21:00:08.4544 (LobbyPlayerManagerComponentSystem.cs:124) 玩家ID:482734309785206785 移动方向: 0.22580126 , 0 , 0.9741734
2025-12-05 21:00:08.4544 (LobbyPlayerManagerComponentSystem.cs:130) 玩家ID:482734309785206785 移动到新位置: 6.317737 , 0 , 2.5030556
2025-12-05 21:00:08.5502 (LobbyPlayerManagerComponentSystem.cs:124) 玩家ID:482734309785206785 移动方向: 0.8485102 , 0 , 0.52917904
2025-12-05 21:00:08.5502 (LobbyPlayerManagerComponentSystem.cs:130) 玩家ID:482734309785206785 移动到新位置: 6.487439 , 0 , 2.6088915
2025-12-05 21:00:08.6523 (LobbyPlayerManagerComponentSystem.cs:124) 玩家ID:482734309785206785 移动方向: 0.9741734 , 0 , -0.22580126
2025-12-05 21:00:08.6523 (LobbyPlayerManagerComponentSystem.cs:130) 玩家ID:482734309785206785 移动到新位置: 6.682274 , 0 , 2.5637312
2025-12-05 21:00:08.7532 (LobbyPlayerManagerComponentSystem.cs:124) 玩家ID:482734309785206785 移动方向: -0.18460321 , 0 , -0.9828131
2025-12-05 21:00:08.7532 (LobbyPlayerManagerComponentSystem.cs:130) 玩家ID:482734309785206785 移动到新位置: 6.6453533 , 0 , 2.3671687
2025-12-05 21:00:08.8543 (StateSyncRequestHandler.cs:17) 玩家ID:482734309785206785 移动方向: -0.669955 , 0 , -0.7424017
2025-12-05 21:00:08.8543 (StateSyncRequestHandler.cs:17) 玩家ID:482734309785206785 移动到新位置: 6.511362 , 0 , 2.2186882
2025-12-05 21:00:08.9650 (StateSyncRequestHandler.cs:17) 玩家ID:482734309785206785 移动方向: -0.2448689 , 0 , -0.9695562
2025-12-05 21:00:08.9650 (StateSyncRequestHandler.cs:17) 玩家ID:482734309785206785 移动到新位置: 6.4623885 , 0 , 2.024777
2025-12-05 21:00:09.0555 (StateSyncRequestHandler.cs:17) 玩家ID:482734309785206785 移动方向: -0.6204264 , 0 , -0.7842647
2025-12-05 21:00:09.0555 (StateSyncRequestHandler.cs:17) 玩家ID:482734309785206785 移动到新位置: 6.338303 , 0 , 1.867924
2025-12-05 21:00:09.1535 (StateSyncRequestHandler.cs:17) 玩家ID:482734309785206785 移动方向: -0.9592298 , 0 , -0.28262717
2025-12-05 21:00:09.1535 (StateSyncRequestHandler.cs:17) 玩家ID:482734309785206785 移动到新位置: 6.146457 , 0 , 1.8113985
2025-12-05 21:00:09.2521 (StateSyncRequestHandler.cs:17) 玩家ID:482734309785206785 移动方向: -0.42352515 , 0 , -0.9058843
2025-12-05 21:00:09.2521 (StateSyncRequestHandler.cs:17) 玩家ID:482734309785206785 移动到新位置: 6.0617523 , 0 , 1.6302216
2025-12-05 21:00:09.3650 (StateSyncRequestHandler.cs:17) 玩家ID:482734309785206785 移动方向: -0.40286937 , 0 , -0.91525745
2025-12-05 21:00:09.3650 (StateSyncRequestHandler.cs:17) 玩家ID:482734309785206785 移动到新位置: 5.9811783 , 0 , 1.4471701
2025-12-05 21:00:09.4483 (StateSyncRequestHandler.cs:17) 玩家ID:482734309785206785 移动方向: -0.39659965 , 0 , -0.91799164
2025-12-05 21:00:09.4483 (StateSyncRequestHandler.cs:17) 玩家ID:482734309785206785 移动到新位置: 5.9018583 , 0 , 1.2635719
2025-12-05 21:00:09.5569 (StateSyncRequestHandler.cs:17) 玩家ID:482734309785206785 移动方向: 0.37087736 , 0 , -0.9286818
2025-12-05 21:00:09.5569 (StateSyncRequestHandler.cs:17) 玩家ID:482734309785206785 移动到新位置: 5.9760337 , 0 , 1.0778356
2025-12-05 21:00:09.6521 (StateSyncRequestHandler.cs:17) 玩家ID:482734309785206785 移动方向: 0.35484254 , 0 , -0.93492603
2025-12-05 21:00:09.6521 (StateSyncRequestHandler.cs:17) 玩家ID:482734309785206785 移动到新位置: 6.0470023 , 0 , 0.89085037
2025-12-05 21:00:09.7626 (StateSyncRequestHandler.cs:17) 玩家ID:482734309785206785 移动方向: 0.29853532 , 0 , -0.9543986
2025-12-05 21:00:09.7626 (StateSyncRequestHandler.cs:17) 玩家ID:482734309785206785 移动到新位置: 6.1067095 , 0 , 0.69997066
2025-12-05 21:00:09.8620 (StateSyncRequestHandler.cs:17) 玩家ID:482734309785206785 移动方向: 0.25517973 , 0 , -0.9668936
2025-12-05 21:00:09.8620 (StateSyncRequestHandler.cs:17) 玩家ID:482734309785206785 移动到新位置: 6.1577454 , 0 , 0.5065919
2025-12-05 21:00:09.9544 (StateSyncRequestHandler.cs:17) 玩家ID:482734309785206785 移动方向: 0.21898955 , 0 , -0.9757272
2025-12-05 21:00:09.9544 (StateSyncRequestHandler.cs:17) 玩家ID:482734309785206785 移动到新位置: 6.2015433 , 0 , 0.3114465
2025-12-05 21:00:10.0499 (StateSyncRequestHandler.cs:17) 玩家ID:482734309785206785 移动方向: -0.5545407 , 0 , -0.8321566
2025-12-05 21:00:10.0499 (StateSyncRequestHandler.cs:17) 玩家ID:482734309785206785 移动到新位置: 6.0906353 , 0 , 0.14501518
2025-12-05 21:00:10.1536 (StateSyncRequestHandler.cs:17) 玩家ID:482734309785206785 移动方向: -0.9834414 , 0 , -0.18122633
2025-12-05 21:00:10.1536 (StateSyncRequestHandler.cs:17) 玩家ID:482734309785206785 移动到新位置: 5.893947 , 0 , 0.108769916
2025-12-05 21:00:10.2487 (StateSyncRequestHandler.cs:17) 玩家ID:482734309785206785 移动方向: -0.9863411 , 0 , -0.16471557
2025-12-05 21:00:10.2487 (StateSyncRequestHandler.cs:17) 玩家ID:482734309785206785 移动到新位置: 5.696679 , 0 , 0.0758268
2025-12-05 21:00:10.3498 (StateSyncRequestHandler.cs:17) 玩家ID:482734309785206785 移动方向: -0.7910674 , 0 , 0.61172897
2025-12-05 21:00:10.3498 (StateSyncRequestHandler.cs:17) 玩家ID:482734309785206785 移动到新位置: 5.5384655 , 0 , 0.1981726
2025-12-05 21:00:10.4550 (StateSyncRequestHandler.cs:17) 玩家ID:482734309785206785 移动方向: -0.6853593 , 0 , 0.7282051
2025-12-05 21:00:10.4550 (StateSyncRequestHandler.cs:17) 玩家ID:482734309785206785 移动到新位置: 5.4013934 , 0 , 0.3438136
2025-12-05 21:00:10.5500 (StateSyncRequestHandler.cs:17) 玩家ID:482734309785206785 移动方向: -0.49165076 , 0 , 0.8707924
2025-12-05 21:00:10.5500 (StateSyncRequestHandler.cs:17) 玩家ID:482734309785206785 移动到新位置: 5.3030634 , 0 , 0.5179721
2025-12-05 21:00:10.6547 (StateSyncRequestHandler.cs:17) 玩家ID:482734309785206785 移动方向: -0.35340977 , 0 , 0.9354686
2025-12-05 21:00:10.6547 (StateSyncRequestHandler.cs:17) 玩家ID:482734309785206785 移动到新位置: 5.2323813 , 0 , 0.70506585
2025-12-05 21:00:10.7600 (StateSyncRequestHandler.cs:17) 玩家ID:482734309785206785 移动方向: -0.2618298 , 0 , 0.9651141
2025-12-05 21:00:10.7600 (StateSyncRequestHandler.cs:17) 玩家ID:482734309785206785 移动到新位置: 5.1800156 , 0 , 0.8980887
2025-12-05 21:00:10.8542 (StateSyncRequestHandler.cs:17) 玩家ID:482734309785206785 移动方向: -0.03814 , 0 , 0.9992724
2025-12-05 21:00:10.8542 (StateSyncRequestHandler.cs:17) 玩家ID:482734309785206785 移动到新位置: 5.1723876 , 0 , 1.0979432
2025-12-05 21:00:10.9538 (StateSyncRequestHandler.cs:17) 玩家ID:482734309785206785 移动方向: 0.8478326 , 0 , 0.5302639
2025-12-05 21:00:10.9538 (StateSyncRequestHandler.cs:17) 玩家ID:482734309785206785 移动到新位置: 5.341954 , 0 , 1.203996
2025-12-05 21:00:11.0552 (StateSyncRequestHandler.cs:17) 玩家ID:482734309785206785 移动方向: 0.9117594 , 0 , 0.41072476
2025-12-05 21:00:11.0552 (StateSyncRequestHandler.cs:17) 玩家ID:482734309785206785 移动到新位置: 5.5243063 , 0 , 1.2861409
2025-12-05 21:00:11.1595 (StateSyncRequestHandler.cs:17) 玩家ID:482734309785206785 移动方向: 0.9505005 , 0 , 0.31072298
2025-12-05 21:00:11.1595 (StateSyncRequestHandler.cs:17) 玩家ID:482734309785206785 移动到新位置: 5.7144065 , 0 , 1.3482856
2025-12-05 21:00:11.2480 (StateSyncRequestHandler.cs:17) 玩家ID:482734309785206785 移动方向: 0.9807306 , 0 , 0.19536507
2025-12-05 21:00:11.2480 (StateSyncRequestHandler.cs:17) 玩家ID:482734309785206785 移动到新位置: 5.9105525 , 0 , 1.3873585
2025-12-05 21:00:11.3546 (StateSyncRequestHandler.cs:17) 玩家ID:482734309785206785 移动方向: 0.9928262 , 0 , 0.1195665
2025-12-05 21:00:11.3546 (StateSyncRequestHandler.cs:17) 玩家ID:482734309785206785 移动到新位置: 6.1091175 , 0 , 1.4112718
2025-12-05 21:00:11.4492 (StateSyncRequestHandler.cs:17) 玩家ID:482734309785206785 移动方向: 0.99563587 , 0 , 0.09332301
2025-12-05 21:00:11.4492 (StateSyncRequestHandler.cs:17) 玩家ID:482734309785206785 移动到新位置: 6.3082447 , 0 , 1.4299364
2025-12-05 21:00:11.5563 (StateSyncRequestHandler.cs:17) 玩家ID:482734309785206785 移动方向: 0.6460404 , 0 , 0.7633032
2025-12-05 21:00:11.5563 (StateSyncRequestHandler.cs:17) 玩家ID:482734309785206785 移动到新位置: 6.437453 , 0 , 1.582597
2025-12-05 21:00:11.6564 (StateSyncRequestHandler.cs:17) 玩家ID:482734309785206785 移动方向: 0.6483701 , 0 , 0.76132524
2025-12-05 21:00:11.6564 (StateSyncRequestHandler.cs:17) 玩家ID:482734309785206785 移动到新位置: 6.5671268 , 0 , 1.7348621
2025-12-05 21:00:11.7500 (StateSyncRequestHandler.cs:17) 玩家ID:482734309785206785 移动方向: 0.64909726 , 0 , 0.7607054
2025-12-05 21:00:11.7500 (StateSyncRequestHandler.cs:17) 玩家ID:482734309785206785 移动到新位置: 6.696946 , 0 , 1.8870032
2025-12-05 21:00:11.8528 (StateSyncRequestHandler.cs:17) 玩家ID:482734309785206785 移动方向: 0.6493444 , 0 , 0.76049453
2025-12-05 21:00:11.8528 (StateSyncRequestHandler.cs:17) 玩家ID:482734309785206785 移动到新位置: 6.826815 , 0 , 2.039102
2025-12-05 21:00:11.9546 (StateSyncRequestHandler.cs:17) 玩家ID:482734309785206785 移动方向: 0.64941776 , 0 , 0.76043177
2025-12-05 21:00:11.9546 (StateSyncRequestHandler.cs:17) 玩家ID:482734309785206785 移动到新位置: 6.956699 , 0 , 2.1911883
2025-12-05 21:00:12.0534 (StateSyncRequestHandler.cs:17) 玩家ID:482734309785206785 移动方向: 0.6494391 , 0 , 0.76041365
2025-12-05 21:00:12.0534 (StateSyncRequestHandler.cs:17) 玩家ID:482734309785206785 移动到新位置: 7.086587 , 0 , 2.343271
2025-12-05 21:00:12.1503 (StateSyncRequestHandler.cs:17) 玩家ID:482734309785206785 移动方向: 0.64944524 , 0 , 0.7604084
2025-12-05 21:00:12.1503 (StateSyncRequestHandler.cs:17) 玩家ID:482734309785206785 移动到新位置: 7.216476 , 0 , 2.4953527
2025-12-05 21:00:12.2575 (StateSyncRequestHandler.cs:17) 玩家ID:482734309785206785 移动方向: 0.6494471 , 0 , 0.76040673
2025-12-05 21:00:12.2575 (StateSyncRequestHandler.cs:17) 玩家ID:482734309785206785 移动到新位置: 7.3463655 , 0 , 2.647434
2025-12-05 21:00:12.3523 (StateSyncRequestHandler.cs:17) 玩家ID:482734309785206785 移动方向: 0.6494476 , 0 , 0.7604063
2025-12-05 21:00:12.3523 (StateSyncRequestHandler.cs:17) 玩家ID:482734309785206785 移动到新位置: 7.476255 , 0 , 2.7995152
2025-12-05 21:00:12.4489 (StateSyncRequestHandler.cs:17) 玩家ID:482734309785206785 移动方向: 0.6494478 , 0 , 0.76040614
2025-12-05 21:00:12.4489 (StateSyncRequestHandler.cs:17) 玩家ID:482734309785206785 移动到新位置: 7.6061444 , 0 , 2.9515965
2025-12-05 21:00:12.5510 (StateSyncRequestHandler.cs:17) 玩家ID:482734309785206785 移动方向: -0.07845939 , 0 , 0.9969173
2025-12-05 21:00:12.5510 (StateSyncRequestHandler.cs:17) 玩家ID:482734309785206785 移动到新位置: 7.5904527 , 0 , 3.15098
2025-12-05 21:00:12.6551 (StateSyncRequestHandler.cs:17) 玩家ID:482734309785206785 移动方向: -0.07845939 , 0 , 0.9969173
2025-12-05 21:00:12.6551 (StateSyncRequestHandler.cs:17) 玩家ID:482734309785206785 移动到新位置: 7.574761 , 0 , 3.3503635
2025-12-05 21:00:12.7574 (StateSyncRequestHandler.cs:17) 玩家ID:482734309785206785 移动方向: -0.07845939 , 0 , 0.9969173
2025-12-05 21:00:12.7574 (StateSyncRequestHandler.cs:17) 玩家ID:482734309785206785 移动到新位置: 7.559069 , 0 , 3.549747
2025-12-05 21:00:12.8498 (StateSyncRequestHandler.cs:17) 玩家ID:482734309785206785 移动方向: -0.76040614 , 0 , 0.6494478
2025-12-05 21:00:12.8498 (StateSyncRequestHandler.cs:17) 玩家ID:482734309785206785 移动到新位置: 7.406988 , 0 , 3.6796365
2025-12-05 21:00:12.9519 (StateSyncRequestHandler.cs:17) 玩家ID:482734309785206785 移动方向: -0.07845939 , 0 , 0.9969173
2025-12-05 21:00:12.9519 (StateSyncRequestHandler.cs:17) 玩家ID:482734309785206785 移动到新位置: 7.3912964 , 0 , 3.87902
2025-12-05 21:00:13.0537 (StateSyncRequestHandler.cs:17) 玩家ID:482734309785206785 移动方向: -0.07845939 , 0 , 0.9969173
2025-12-05 21:00:13.0537 (StateSyncRequestHandler.cs:17) 玩家ID:482734309785206785 移动到新位置: 7.3756046 , 0 , 4.0784035
2025-12-05 21:00:13.1533 (StateSyncRequestHandler.cs:17) 玩家ID:482734309785206785 移动方向: 0.6494478 , 0 , 0.76040614
2025-12-05 21:00:13.1533 (StateSyncRequestHandler.cs:17) 玩家ID:482734309785206785 移动到新位置: 7.505494 , 0 , 4.2304845
2025-12-05 21:00:13.2569 (StateSyncRequestHandler.cs:17) 玩家ID:482734309785206785 移动方向: 0.6494478 , 0 , 0.76040614
2025-12-05 21:00:13.2569 (StateSyncRequestHandler.cs:17) 玩家ID:482734309785206785 移动到新位置: 7.6353836 , 0 , 4.3825655
2025-12-05 21:00:13.3540 (StateSyncRequestHandler.cs:17) 玩家ID:482734309785206785 移动方向: 0.6494478 , 0 , 0.76040614
2025-12-05 21:00:13.3540 (StateSyncRequestHandler.cs:17) 玩家ID:482734309785206785 移动到新位置: 7.765273 , 0 , 4.5346465
2025-12-05 21:00:13.4549 (StateSyncRequestHandler.cs:17) 玩家ID:482734309785206785 移动方向: 0.9969173 , 0 , 0.07845939
2025-12-05 21:00:13.4549 (StateSyncRequestHandler.cs:17) 玩家ID:482734309785206785 移动到新位置: 7.9646564 , 0 , 4.5503383
2025-12-05 21:00:13.5575 (StateSyncRequestHandler.cs:17) 玩家ID:482734309785206785 移动方向: 0.76040614 , 0 , -0.6494478
2025-12-05 21:00:13.5575 (StateSyncRequestHandler.cs:17) 玩家ID:482734309785206785 移动到新位置: 8.116737 , 0 , 4.420449
2025-12-05 21:00:13.6485 (StateSyncRequestHandler.cs:17) 玩家ID:482734309785206785 移动方向: 0.07845939 , 0 , -0.9969173
2025-12-05 21:00:13.6485 (StateSyncRequestHandler.cs:17) 玩家ID:482734309785206785 移动到新位置: 8.132429 , 0 , 4.2210655
2025-12-05 21:00:13.7497 (StateSyncRequestHandler.cs:17) 玩家ID:482734309785206785 移动方向: 0.07845939 , 0 , -0.9969173
2025-12-05 21:00:13.7497 (StateSyncRequestHandler.cs:17) 玩家ID:482734309785206785 移动到新位置: 8.148121 , 0 , 4.0216823
2025-12-05 21:00:13.8567 (StateSyncRequestHandler.cs:17) 玩家ID:482734309785206785 移动方向: -0.6494478 , 0 , -0.76040614
2025-12-05 21:00:13.8567 (StateSyncRequestHandler.cs:17) 玩家ID:482734309785206785 移动到新位置: 8.018231 , 0 , 3.869601
2025-12-05 21:00:13.9490 (StateSyncRequestHandler.cs:17) 玩家ID:482734309785206785 移动方向: -0.6494478 , 0 , -0.76040614
2025-12-05 21:00:13.9490 (StateSyncRequestHandler.cs:17) 玩家ID:482734309785206785 移动到新位置: 7.888342 , 0 , 3.7175198
2025-12-05 21:00:14.0496 (StateSyncRequestHandler.cs:17) 玩家ID:482734309785206785 移动方向: -0.6494478 , 0 , -0.76040614
2025-12-05 21:00:14.0496 (StateSyncRequestHandler.cs:17) 玩家ID:482734309785206785 移动到新位置: 7.7584524 , 0 , 3.5654385
2025-12-05 21:00:14.1530 (StateSyncRequestHandler.cs:17) 玩家ID:482734309785206785 移动方向: -0.6494478 , 0 , -0.76040614
2025-12-05 21:00:14.1530 (StateSyncRequestHandler.cs:17) 玩家ID:482734309785206785 移动到新位置: 7.628563 , 0 , 3.4133573
2025-12-05 21:00:14.2517 (StateSyncRequestHandler.cs:17) 玩家ID:482734309785206785 移动方向: 0.07845939 , 0 , -0.9969173
2025-12-05 21:00:14.2517 (StateSyncRequestHandler.cs:17) 玩家ID:482734309785206785 移动到新位置: 7.6442547 , 0 , 3.2139738
2025-12-05 21:00:14.3568 (StateSyncRequestHandler.cs:17) 玩家ID:482734309785206785 移动方向: 0.07845939 , 0 , -0.9969173
2025-12-05 21:00:14.3568 (StateSyncRequestHandler.cs:17) 玩家ID:482734309785206785 移动到新位置: 7.6599464 , 0 , 3.0145903
2025-12-05 21:00:14.4528 (StateSyncRequestHandler.cs:17) 玩家ID:482734309785206785 移动方向: 0.76040614 , 0 , -0.6494478
2025-12-05 21:00:14.4528 (StateSyncRequestHandler.cs:17) 玩家ID:482734309785206785 移动到新位置: 7.8120275 , 0 , 2.8847008
2025-12-05 21:00:14.5555 (StateSyncRequestHandler.cs:17) 玩家ID:482734309785206785 移动方向: 0.9969173 , 0 , 0.07845939
2025-12-05 21:00:14.5555 (StateSyncRequestHandler.cs:17) 玩家ID:482734309785206785 移动到新位置: 8.011411 , 0 , 2.9003925
2025-12-05 21:00:14.6507 (StateSyncRequestHandler.cs:17) 玩家ID:482734309785206785 移动方向: 0.9969173 , 0 , 0.07845939
2025-12-05 21:00:14.6507 (StateSyncRequestHandler.cs:17) 玩家ID:482734309785206785 移动到新位置: 8.210794 , 0 , 2.9160843
2025-12-05 21:00:14.7502 (StateSyncRequestHandler.cs:17) 玩家ID:482734309785206785 移动方向: 0.6494478 , 0 , 0.76040614
2025-12-05 21:00:14.7502 (StateSyncRequestHandler.cs:17) 玩家ID:482734309785206785 移动到新位置: 8.340684 , 0 , 3.0681655
2025-12-05 21:00:14.8502 (StateSyncRequestHandler.cs:17) 玩家ID:482734309785206785 移动方向: -0.07845939 , 0 , 0.9969173
2025-12-05 21:00:14.8502 (StateSyncRequestHandler.cs:17) 玩家ID:482734309785206785 移动到新位置: 8.324992 , 0 , 3.267549
2025-12-05 21:00:14.9574 (StateSyncRequestHandler.cs:17) 玩家ID:482734309785206785 移动方向: -0.76040614 , 0 , 0.6494478
2025-12-05 21:00:14.9574 (StateSyncRequestHandler.cs:17) 玩家ID:482734309785206785 移动到新位置: 8.172911 , 0 , 3.3974385
2025-12-05 21:00:15.0506 (StateSyncRequestHandler.cs:17) 玩家ID:482734309785206785 移动方向: -0.07845939 , 0 , 0.9969173
2025-12-05 21:00:15.0506 (StateSyncRequestHandler.cs:17) 玩家ID:482734309785206785 移动到新位置: 8.157219 , 0 , 3.596822
2025-12-05 21:00:15.1529 (StateSyncRequestHandler.cs:17) 玩家ID:482734309785206785 移动方向: -0.07845939 , 0 , 0.9969173
2025-12-05 21:00:15.1529 (StateSyncRequestHandler.cs:17) 玩家ID:482734309785206785 移动到新位置: 8.141527 , 0 , 3.7962055
2025-12-05 21:00:15.2593 (StateSyncRequestHandler.cs:17) 玩家ID:482734309785206785 移动方向: -0.07845939 , 0 , 0.9969173
2025-12-05 21:00:15.2593 (StateSyncRequestHandler.cs:17) 玩家ID:482734309785206785 移动到新位置: 8.125835 , 0 , 3.995589
2025-12-05 21:00:15.3565 (StateSyncRequestHandler.cs:17) 玩家ID:482734309785206785 移动方向: -0.07845939 , 0 , 0.9969173
2025-12-05 21:00:15.3565 (StateSyncRequestHandler.cs:17) 玩家ID:482734309785206785 移动到新位置: 8.110144 , 0 , 4.1949725
2025-12-05 21:00:15.4534 (StateSyncRequestHandler.cs:17) 玩家ID:482734309785206785 移动方向: -0.07845939 , 0 , 0.9969173
2025-12-05 21:00:15.4534 (StateSyncRequestHandler.cs:17) 玩家ID:482734309785206785 移动到新位置: 8.094452 , 0 , 4.394356
2025-12-05 21:00:15.5542 (StateSyncRequestHandler.cs:17) 玩家ID:482734309785206785 移动方向: -0.07845939 , 0 , 0.9969173
2025-12-05 21:00:15.5542 (StateSyncRequestHandler.cs:17) 玩家ID:482734309785206785 移动到新位置: 8.07876 , 0 , 4.593739
2025-12-05 21:00:15.6501 (StateSyncRequestHandler.cs:17) 玩家ID:482734309785206785 移动到新位置: 8.07876 , 0 , 4.593739
2025-12-05 21:00:17.7569 (StateSyncRequestHandler.cs:17) 玩家ID:482734309785206785 移动方向: 0.4420145 , 0 , -0.89700794
2025-12-05 21:00:17.7569 (StateSyncRequestHandler.cs:17) 玩家ID:482734309785206785 移动到新位置: 8.167163 , 0 , 4.4143376
2025-12-05 21:00:17.8568 (StateSyncRequestHandler.cs:17) 玩家ID:482734309785206785 移动方向: -0.28604764 , 0 , -0.9582154
2025-12-05 21:00:17.8568 (StateSyncRequestHandler.cs:17) 玩家ID:482734309785206785 移动到新位置: 8.109953 , 0 , 4.2226944
2025-12-05 21:00:17.9527 (StateSyncRequestHandler.cs:17) 玩家ID:482734309785206785 移动方向: -0.27335924 , 0 , -0.961912
2025-12-05 21:00:17.9527 (StateSyncRequestHandler.cs:17) 玩家ID:482734309785206785 移动到新位置: 8.0279455 , 0 , 3.934121
2025-12-05 21:00:18.0532 (StateSyncRequestHandler.cs:17) 玩家ID:482734309785206785 移动方向: -0.2694266 , 0 , -0.9630208
2025-12-05 21:00:18.0532 (StateSyncRequestHandler.cs:17) 玩家ID:482734309785206785 移动到新位置: 7.9471173 , 0 , 3.6452146
2025-12-05 21:00:18.1577 (StateSyncRequestHandler.cs:17) 玩家ID:482734309785206785 移动方向: -0.26818326 , 0 , -0.9633679
2025-12-05 21:00:18.1577 (StateSyncRequestHandler.cs:17) 玩家ID:482734309785206785 移动到新位置: 7.8666625 , 0 , 3.3562043
2025-12-05 21:00:18.2550 (StateSyncRequestHandler.cs:17) 玩家ID:482734309785206785 移动方向: -0.26781875 , 0 , -0.96346927
2025-12-05 21:00:18.2550 (StateSyncRequestHandler.cs:17) 玩家ID:482734309785206785 移动到新位置: 7.786317 , 0 , 3.0671635
2025-12-05 21:00:18.3532 (StateSyncRequestHandler.cs:17) 玩家ID:482734309785206785 移动方向: -0.26770702 , 0 , -0.9635004
2025-12-05 21:00:18.3532 (StateSyncRequestHandler.cs:17) 玩家ID:482734309785206785 移动到新位置: 7.7060046 , 0 , 2.7781134
2025-12-05 21:00:18.4516 (StateSyncRequestHandler.cs:17) 玩家ID:482734309785206785 移动方向: -0.28017914 , 0 , -0.9599477
2025-12-05 21:00:18.4516 (StateSyncRequestHandler.cs:17) 玩家ID:482734309785206785 移动到新位置: 7.621951 , 0 , 2.490129
2025-12-05 21:00:18.5552 (StateSyncRequestHandler.cs:17) 玩家ID:482734309785206785 移动方向: 0.42689312 , 0 , -0.9043021
2025-12-05 21:00:18.5552 (StateSyncRequestHandler.cs:17) 玩家ID:482734309785206785 移动到新位置: 7.750019 , 0 , 2.2188385
2025-12-05 21:00:18.6525 (StateSyncRequestHandler.cs:17) 玩家ID:482734309785206785 移动方向: 0.2657953 , 0 , -0.96402943
2025-12-05 21:00:18.6525 (StateSyncRequestHandler.cs:17) 玩家ID:482734309785206785 移动到新位置: 7.8297577 , 0 , 1.9296296
2025-12-05 21:00:18.7528 (StateSyncRequestHandler.cs:17) 玩家ID:482734309785206785 移动方向: -0.037255254 , 0 , -0.9993057
2025-12-05 21:00:18.7528 (StateSyncRequestHandler.cs:17) 玩家ID:482734309785206785 移动到新位置: 7.818581 , 0 , 1.6298379
2025-12-05 21:00:18.8552 (StateSyncRequestHandler.cs:17) 玩家ID:482734309785206785 移动方向: -0.26644453 , 0 , -0.96385026
2025-12-05 21:00:18.8552 (StateSyncRequestHandler.cs:17) 玩家ID:482734309785206785 移动到新位置: 7.738648 , 0 , 1.3406827
2025-12-05 21:00:18.9545 (StateSyncRequestHandler.cs:17) 玩家ID:482734309785206785 移动方向: -0.3600981 , 0 , -0.93291444
2025-12-05 21:00:18.9545 (StateSyncRequestHandler.cs:17) 玩家ID:482734309785206785 移动到新位置: 7.6306186 , 0 , 1.0608084
2025-12-05 21:00:19.0528 (StateSyncRequestHandler.cs:17) 玩家ID:482734309785206785 移动方向: -0.39358622 , 0 , -0.9192877
2025-12-05 21:00:19.0528 (StateSyncRequestHandler.cs:17) 玩家ID:482734309785206785 移动到新位置: 7.5125427 , 0 , 0.78502214
2025-12-05 21:00:19.1543 (StateSyncRequestHandler.cs:17) 玩家ID:482734309785206785 移动方向: -0.40596277 , 0 , -0.9138896
2025-12-05 21:00:19.1543 (StateSyncRequestHandler.cs:17) 玩家ID:482734309785206785 移动到新位置: 7.3907537 , 0 , 0.51085526
2025-12-05 21:00:19.2509 (StateSyncRequestHandler.cs:17) 玩家ID:482734309785206785 移动方向: -0.40969262 , 0 , -0.9122236
2025-12-05 21:00:19.2509 (StateSyncRequestHandler.cs:17) 玩家ID:482734309785206785 移动到新位置: 7.267846 , 0 , 0.23718819
2025-12-05 21:00:19.3554 (StateSyncRequestHandler.cs:17) 玩家ID:482734309785206785 移动方向: -0.4109975 , 0 , -0.91163653
2025-12-05 21:00:19.3554 (StateSyncRequestHandler.cs:17) 玩家ID:482734309785206785 移动到新位置: 7.144547 , 0 , -0.036302775
2025-12-05 21:00:19.4570 (StateSyncRequestHandler.cs:17) 玩家ID:482734309785206785 移动方向: -0.41136393 , 0 , -0.91147125
2025-12-05 21:00:19.4570 (StateSyncRequestHandler.cs:17) 玩家ID:482734309785206785 移动到新位置: 7.0211377 , 0 , -0.30974415
2025-12-05 21:00:19.5490 (StateSyncRequestHandler.cs:17) 玩家ID:482734309785206785 移动方向: -0.41146475 , 0 , -0.9114257
2025-12-05 21:00:19.5490 (StateSyncRequestHandler.cs:17) 玩家ID:482734309785206785 移动到新位置: 6.8976984 , 0 , -0.58317184
2025-12-05 21:00:19.6546 (StateSyncRequestHandler.cs:17) 玩家ID:482734309785206785 移动方向: -0.93543863 , 0 , -0.35348916
2025-12-05 21:00:19.6546 (StateSyncRequestHandler.cs:17) 玩家ID:482734309785206785 移动到新位置: 6.617067 , 0 , -0.6892186
2025-12-05 21:00:19.7521 (StateSyncRequestHandler.cs:17) 玩家ID:482734309785206785 移动方向: -0.9354425 , 0 , -0.35347876
2025-12-05 21:00:19.7521 (StateSyncRequestHandler.cs:17) 玩家ID:482734309785206785 移动到新位置: 6.3364344 , 0 , -0.7952622
2025-12-05 21:00:19.8516 (StateSyncRequestHandler.cs:17) 玩家ID:482734309785206785 移动方向: -0.91140383 , 0 , 0.4115131
2025-12-05 21:00:19.8516 (StateSyncRequestHandler.cs:17) 玩家ID:482734309785206785 移动到新位置: 6.063013 , 0 , -0.6718083
2025-12-05 21:00:19.9547 (StateSyncRequestHandler.cs:17) 玩家ID:482734309785206785 移动方向: -0.9114035 , 0 , 0.41151386
2025-12-05 21:00:19.9547 (StateSyncRequestHandler.cs:17) 玩家ID:482734309785206785 移动到新位置: 5.789592 , 0 , -0.54835415
2025-12-05 21:00:20.0487 (StateSyncRequestHandler.cs:17) 玩家ID:482734309785206785 移动方向: -0.9114035 , 0 , 0.41151386
2025-12-05 21:00:20.0487 (StateSyncRequestHandler.cs:17) 玩家ID:482734309785206785 移动到新位置: 5.5161705 , 0 , -0.4249
2025-12-05 21:00:20.1552 (StateSyncRequestHandler.cs:17) 玩家ID:482734309785206785 移动方向: -0.9114035 , 0 , 0.41151386
2025-12-05 21:00:20.1552 (StateSyncRequestHandler.cs:17) 玩家ID:482734309785206785 移动到新位置: 5.242749 , 0 , -0.30144584
2025-12-05 21:00:20.2542 (StateSyncRequestHandler.cs:17) 玩家ID:482734309785206785 移动方向: -0.9114035 , 0 , 0.41151386
2025-12-05 21:00:20.2542 (StateSyncRequestHandler.cs:17) 玩家ID:482734309785206785 移动到新位置: 4.969328 , 0 , -0.17799169
2025-12-05 21:00:20.3499 (StateSyncRequestHandler.cs:17) 玩家ID:482734309785206785 移动方向: -0.9114035 , 0 , 0.41151386
2025-12-05 21:00:20.3499 (StateSyncRequestHandler.cs:17) 玩家ID:482734309785206785 移动到新位置: 4.6959066 , 0 , -0.054537527
2025-12-05 21:00:20.4507 (StateSyncRequestHandler.cs:17) 玩家ID:482734309785206785 移动方向: -0.9114035 , 0 , 0.41151386
2025-12-05 21:00:20.4507 (StateSyncRequestHandler.cs:17) 玩家ID:482734309785206785 移动到新位置: 4.4224854 , 0 , 0.06891663
2025-12-05 21:00:20.5570 (StateSyncRequestHandler.cs:17) 玩家ID:482734309785206785 移动方向: -0.9114035 , 0 , 0.41151386
2025-12-05 21:00:20.5570 (StateSyncRequestHandler.cs:17) 玩家ID:482734309785206785 移动到新位置: 4.149064 , 0 , 0.1923708
2025-12-05 21:00:20.6552 (StateSyncRequestHandler.cs:17) 玩家ID:482734309785206785 移动方向: -0.9114035 , 0 , 0.41151386
2025-12-05 21:00:20.6552 (StateSyncRequestHandler.cs:17) 玩家ID:482734309785206785 移动到新位置: 3.875643 , 0 , 0.31582496
2025-12-05 21:00:20.7520 (StateSyncRequestHandler.cs:17) 玩家ID:482734309785206785 移动方向: -0.92000616 , 0 , 0.39190397
2025-12-05 21:00:20.7520 (StateSyncRequestHandler.cs:17) 玩家ID:482734309785206785 移动到新位置: 3.599641 , 0 , 0.43339613
2025-12-05 21:00:20.8484 (StateSyncRequestHandler.cs:17) 玩家ID:482734309785206785 移动方向: 0.15962131 , 0 , 0.98717827
2025-12-05 21:00:20.8484 (StateSyncRequestHandler.cs:17) 玩家ID:482734309785206785 移动到新位置: 3.6475275 , 0 , 0.72954965
2025-12-05 21:00:20.9539 (StateSyncRequestHandler.cs:17) 玩家ID:482734309785206785 移动方向: -0.33959422 , 0 , 0.940572
2025-12-05 21:00:20.9539 (StateSyncRequestHandler.cs:17) 玩家ID:482734309785206785 移动到新位置: 3.5456493 , 0 , 1.0117213
2025-12-05 21:00:21.0508 (StateSyncRequestHandler.cs:17) 玩家ID:482734309785206785 移动方向: -0.69275063 , 0 , 0.7211772
2025-12-05 21:00:21.0508 (StateSyncRequestHandler.cs:17) 玩家ID:482734309785206785 移动到新位置: 3.337824 , 0 , 1.2280744
2025-12-05 21:00:21.1487 (StateSyncRequestHandler.cs:17) 玩家ID:482734309785206785 移动方向: -0.8492304 , 0 , 0.52802247
2025-12-05 21:00:21.1487 (StateSyncRequestHandler.cs:17) 玩家ID:482734309785206785 移动到新位置: 3.083055 , 0 , 1.3864812
2025-12-05 21:00:21.2574 (StateSyncRequestHandler.cs:17) 玩家ID:482734309785206785 移动方向: -0.90022755 , 0 , 0.4354197
2025-12-05 21:00:21.2574 (StateSyncRequestHandler.cs:17) 玩家ID:482734309785206785 移动到新位置: 2.8129869 , 0 , 1.5171071
2025-12-05 21:00:21.3546 (StateSyncRequestHandler.cs:17) 玩家ID:482734309785206785 移动方向: -0.91406035 , 0 , 0.40557817
2025-12-05 21:00:21.3546 (StateSyncRequestHandler.cs:17) 玩家ID:482734309785206785 移动到新位置: 2.5387688 , 0 , 1.6387806
2025-12-05 21:00:21.4499 (StateSyncRequestHandler.cs:17) 玩家ID:482734309785206785 移动方向: -0.9186666 , 0 , 0.3950339
2025-12-05 21:00:21.4499 (StateSyncRequestHandler.cs:17) 玩家ID:482734309785206785 移动到新位置: 2.2631688 , 0 , 1.7572907
2025-12-05 21:00:21.5556 (StateSyncRequestHandler.cs:17) 玩家ID:482734309785206785 移动方向: -0.9202179 , 0 , 0.39140657
2025-12-05 21:00:21.5556 (StateSyncRequestHandler.cs:17) 玩家ID:482734309785206785 移动到新位置: 1.9871035 , 0 , 1.8747127
2025-12-05 21:00:21.6503 (StateSyncRequestHandler.cs:17) 玩家ID:482734309785206785 移动方向: -0.9206407 , 0 , 0.3904109
2025-12-05 21:00:21.6503 (StateSyncRequestHandler.cs:17) 玩家ID:482734309785206785 移动到新位置: 1.7109113 , 0 , 1.991836
2025-12-05 21:00:21.7501 (StateSyncRequestHandler.cs:17) 玩家ID:482734309785206785 移动方向: -0.9207845 , 0 , 0.39007175
2025-12-05 21:00:21.7501 (StateSyncRequestHandler.cs:17) 玩家ID:482734309785206785 移动到新位置: 1.4346759 , 0 , 2.1088574
2025-12-05 21:00:21.8507 (StateSyncRequestHandler.cs:17) 玩家ID:482734309785206785 移动方向: -0.92082775 , 0 , 0.38996968
2025-12-05 21:00:21.8507 (StateSyncRequestHandler.cs:17) 玩家ID:482734309785206785 移动到新位置: 1.1584276 , 0 , 2.2258482
2025-12-05 21:00:21.9499 (StateSyncRequestHandler.cs:17) 玩家ID:482734309785206785 移动方向: -0.9208403 , 0 , 0.3899398
2025-12-05 21:00:21.9499 (StateSyncRequestHandler.cs:17) 玩家ID:482734309785206785 移动到新位置: 0.8821755 , 0 , 2.3428302
2025-12-05 21:00:22.0553 (StateSyncRequestHandler.cs:17) 玩家ID:482734309785206785 移动方向: -0.92084384 , 0 , 0.3899314
2025-12-05 21:00:22.0553 (StateSyncRequestHandler.cs:17) 玩家ID:482734309785206785 移动到新位置: 0.60592234 , 0 , 2.4598095
2025-12-05 21:00:22.1542 (StateSyncRequestHandler.cs:17) 玩家ID:482734309785206785 移动方向: -0.92084503 , 0 , 0.38992885
2025-12-05 21:00:22.1542 (StateSyncRequestHandler.cs:17) 玩家ID:482734309785206785 移动到新位置: 0.32966885 , 0 , 2.5767882
2025-12-05 21:00:22.2569 (StateSyncRequestHandler.cs:17) 玩家ID:482734309785206785 移动方向: -0.92084515 , 0 , 0.38992834
2025-12-05 21:00:22.2569 (StateSyncRequestHandler.cs:17) 玩家ID:482734309785206785 移动到新位置: 0.05341533 , 0 , 2.6937666
2025-12-05 21:00:22.3527 (StateSyncRequestHandler.cs:17) 玩家ID:482734309785206785 移动方向: -0.92084515 , 0 , 0.38992834
2025-12-05 21:00:22.3527 (StateSyncRequestHandler.cs:17) 玩家ID:482734309785206785 移动到新位置: -0.2228382 , 0 , 2.810745
2025-12-05 21:00:22.4529 (StateSyncRequestHandler.cs:17) 玩家ID:482734309785206785 移动方向: 0.92432636 , 0 , -0.38160306
2025-12-05 21:00:22.4529 (StateSyncRequestHandler.cs:17) 玩家ID:482734309785206785 移动到新位置: 0.05445969 , 0 , 2.696264
2025-12-05 21:00:22.5555 (StateSyncRequestHandler.cs:17) 玩家ID:482734309785206785 移动方向: 0.9731211 , 0 , -0.23029377
2025-12-05 21:00:22.5555 (StateSyncRequestHandler.cs:17) 玩家ID:482734309785206785 移动到新位置: 0.34639603 , 0 , 2.6271758
2025-12-05 21:00:22.6544 (StateSyncRequestHandler.cs:17) 玩家ID:482734309785206785 移动方向: 0.7351151 , 0 , -0.67794234
2025-12-05 21:00:22.6544 (StateSyncRequestHandler.cs:17) 玩家ID:482734309785206785 移动到新位置: 0.56693053 , 0 , 2.423793
2025-12-05 21:00:22.7566 (StateSyncRequestHandler.cs:17) 玩家ID:482734309785206785 移动方向: 0.8345382 , 0 , -0.55094993
2025-12-05 21:00:22.7566 (StateSyncRequestHandler.cs:17) 玩家ID:482734309785206785 移动到新位置: 0.817292 , 0 , 2.2585082
2025-12-05 21:00:22.8506 (StateSyncRequestHandler.cs:17) 玩家ID:482734309785206785 移动方向: 0.8678946 , 0 , -0.4967484
2025-12-05 21:00:22.8506 (StateSyncRequestHandler.cs:17) 玩家ID:482734309785206785 移动到新位置: 1.0776603 , 0 , 2.1094837
2025-12-05 21:00:22.9582 (StateSyncRequestHandler.cs:17) 玩家ID:482734309785206785 移动方向: 0.87981045 , 0 , -0.47532463
2025-12-05 21:00:22.9585 (StateSyncRequestHandler.cs:17) 玩家ID:482734309785206785 移动到新位置: 1.3416035 , 0 , 1.9668863
2025-12-05 21:00:23.0571 (StateSyncRequestHandler.cs:17) 玩家ID:482734309785206785 移动方向: 0.88391626 , 0 , -0.4676451
2025-12-05 21:00:23.0571 (StateSyncRequestHandler.cs:17) 玩家ID:482734309785206785 移动到新位置: 1.6067784 , 0 , 1.8265928
2025-12-05 21:00:23.1532 (StateSyncRequestHandler.cs:17) 玩家ID:482734309785206785 移动到新位置: 1.6067784 , 0 , 1.8265928
2025-12-05 21:00:23.2564 (StateSyncRequestHandler.cs:17) 玩家ID:482734309785206785 移动方向: -0.95473015 , 0 , -0.2974732
2025-12-05 21:00:23.2564 (StateSyncRequestHandler.cs:17) 玩家ID:482734309785206785 移动到新位置: 1.3203593 , 0 , 1.7373508
2025-12-05 21:00:23.3537 (StateSyncRequestHandler.cs:17) 玩家ID:482734309785206785 移动方向: -0.95466137 , 0 , -0.2976938
2025-12-05 21:00:23.3537 (StateSyncRequestHandler.cs:17) 玩家ID:482734309785206785 移动到新位置: 1.0339609 , 0 , 1.6480427
2025-12-05 21:00:23.4486 (StateSyncRequestHandler.cs:17) 玩家ID:482734309785206785 移动方向: -0.95464015 , 0 , -0.29776207
2025-12-05 21:00:23.4486 (StateSyncRequestHandler.cs:17) 玩家ID:482734309785206785 移动到新位置: 0.7475689 , 0 , 1.558714
2025-12-05 21:00:23.5511 (StateSyncRequestHandler.cs:17) 玩家ID:482734309785206785 移动方向: -0.95463336 , 0 , -0.2977837
2025-12-05 21:00:23.5511 (StateSyncRequestHandler.cs:17) 玩家ID:482734309785206785 移动到新位置: 0.46117893 , 0 , 1.469379
2025-12-05 21:00:23.6544 (StateSyncRequestHandler.cs:17) 玩家ID:482734309785206785 移动方向: 0.95463157 , 0 , 0.2977896
2025-12-05 21:00:23.6544 (StateSyncRequestHandler.cs:17) 玩家ID:482734309785206785 移动到新位置: 0.74756837 , 0 , 1.5587158
2025-12-05 21:00:23.7674 (StateSyncRequestHandler.cs:17) 玩家ID:482734309785206785 移动方向: 0.954631 , 0 , 0.29779118
2025-12-05 21:00:23.7674 (StateSyncRequestHandler.cs:17) 玩家ID:482734309785206785 移动到新位置: 1.0339577 , 0 , 1.6480532
2025-12-05 21:00:23.8552 (StateSyncRequestHandler.cs:17) 玩家ID:482734309785206785 移动方向: 0.954631 , 0 , 0.29779118
2025-12-05 21:00:23.8552 (StateSyncRequestHandler.cs:17) 玩家ID:482734309785206785 移动到新位置: 1.3203471 , 0 , 1.7373905
2025-12-05 21:00:23.9493 (StateSyncRequestHandler.cs:17) 玩家ID:482734309785206785 移动方向: 0.954631 , 0 , 0.29779118
2025-12-05 21:00:23.9493 (StateSyncRequestHandler.cs:17) 玩家ID:482734309785206785 移动到新位置: 1.6067364 , 0 , 1.8267279
2025-12-05 21:00:24.0555 (StateSyncRequestHandler.cs:17) 玩家ID:482734309785206785 移动方向: 0.954631 , 0 , 0.29779118
2025-12-05 21:00:24.0555 (StateSyncRequestHandler.cs:17) 玩家ID:482734309785206785 移动到新位置: 1.8931258 , 0 , 1.9160652
2025-12-05 21:00:24.1499 (StateSyncRequestHandler.cs:17) 玩家ID:482734309785206785 移动到新位置: 1.8931258 , 0 , 1.9160652
2025-12-05 21:00:24.2533 (StateSyncRequestHandler.cs:17) 玩家ID:482734309785206785 移动方向: -0.954631 , 0 , -0.29779118
2025-12-05 21:00:24.2533 (StateSyncRequestHandler.cs:17) 玩家ID:482734309785206785 移动到新位置: 1.6067364 , 0 , 1.8267279
2025-12-05 21:00:24.3533 (StateSyncRequestHandler.cs:17) 玩家ID:482734309785206785 移动方向: -0.954631 , 0 , -0.29779118
2025-12-05 21:00:24.3533 (StateSyncRequestHandler.cs:17) 玩家ID:482734309785206785 移动到新位置: 1.3203471 , 0 , 1.7373905
2025-12-05 21:00:24.4487 (StateSyncRequestHandler.cs:17) 玩家ID:482734309785206785 移动到新位置: 1.3203471 , 0 , 1.7373905
2025-12-05 21:00:26.1492 (StateSyncRequestHandler.cs:17) 玩家ID:482734309785206785 移动方向: 0.954631 , 0 , 0.29779118
2025-12-05 21:00:26.1492 (StateSyncRequestHandler.cs:17) 玩家ID:482734309785206785 移动到新位置: 1.5112733 , 0 , 1.7969488
2025-12-05 21:00:26.2535 (StateSyncRequestHandler.cs:17) 玩家ID:482734309785206785 移动方向: 0.954631 , 0 , 0.29779118
2025-12-05 21:00:26.2535 (StateSyncRequestHandler.cs:17) 玩家ID:482734309785206785 移动到新位置: 1.7021995 , 0 , 1.8565071
2025-12-05 21:00:26.3576 (StateSyncRequestHandler.cs:17) 玩家ID:482734309785206785 移动方向: 0.954631 , 0 , 0.29779118
2025-12-05 21:00:26.3576 (StateSyncRequestHandler.cs:17) 玩家ID:482734309785206785 移动到新位置: 1.8931257 , 0 , 1.9160653
2025-12-05 21:00:26.4523 (StateSyncRequestHandler.cs:17) 玩家ID:482734309785206785 移动方向: 0.954631 , 0 , 0.29779118
2025-12-05 21:00:26.4523 (StateSyncRequestHandler.cs:17) 玩家ID:482734309785206785 移动到新位置: 2.0840518 , 0 , 1.9756236
2025-12-05 21:00:26.5555 (StateSyncRequestHandler.cs:17) 玩家ID:482734309785206785 移动到新位置: 2.0840518 , 0 , 1.9756236
2025-12-05 21:00:27.6582 (StateSyncRequestHandler.cs:17) 玩家ID:482734309785206785 移动方向: 0.954631 , 0 , 0.29779118
2025-12-05 21:00:27.6582 (StateSyncRequestHandler.cs:17) 玩家ID:482734309785206785 移动到新位置: 2.2749782 , 0 , 2.0351818
2025-12-05 21:00:27.7551 (StateSyncRequestHandler.cs:17) 玩家ID:482734309785206785 移动方向: 0.954631 , 0 , 0.29779118
2025-12-05 21:00:27.7551 (StateSyncRequestHandler.cs:17) 玩家ID:482734309785206785 移动到新位置: 2.4659042 , 0 , 2.09474
2025-12-05 21:00:27.8582 (StateSyncRequestHandler.cs:17) 玩家ID:482734309785206785 移动方向: 0.954631 , 0 , 0.29779118
2025-12-05 21:00:27.8582 (StateSyncRequestHandler.cs:17) 玩家ID:482734309785206785 移动到新位置: 2.6568303 , 0 , 2.154298
2025-12-05 21:00:27.9520 (StateSyncRequestHandler.cs:17) 玩家ID:482734309785206785 移动方向: 0.954631 , 0 , 0.29779118
2025-12-05 21:00:27.9520 (StateSyncRequestHandler.cs:17) 玩家ID:482734309785206785 移动到新位置: 2.8477564 , 0 , 2.2138562
2025-12-05 21:00:28.0576 (StateSyncRequestHandler.cs:17) 玩家ID:482734309785206785 移动到新位置: 2.8477564 , 0 , 2.2138562
2025-12-05 21:00:28.8501 (StateSyncRequestHandler.cs:17) 玩家ID:482734309785206785 移动方向: 0.954631 , 0 , 0.29779118
2025-12-05 21:00:28.8501 (StateSyncRequestHandler.cs:17) 玩家ID:482734309785206785 移动到新位置: 3.0386825 , 0 , 2.2734144
2025-12-05 21:00:28.9554 (StateSyncRequestHandler.cs:17) 玩家ID:482734309785206785 移动方向: 0.954631 , 0 , 0.29779118
2025-12-05 21:00:28.9554 (StateSyncRequestHandler.cs:17) 玩家ID:482734309785206785 移动到新位置: 3.2296085 , 0 , 2.3329725
2025-12-05 21:00:29.0563 (StateSyncRequestHandler.cs:17) 玩家ID:482734309785206785 移动方向: 0.954631 , 0 , 0.29779118
2025-12-05 21:00:29.0563 (StateSyncRequestHandler.cs:17) 玩家ID:482734309785206785 移动到新位置: 3.4205346 , 0 , 2.3925307
2025-12-05 21:00:29.1535 (StateSyncRequestHandler.cs:17) 玩家ID:482734309785206785 移动方向: 0.954631 , 0 , 0.29779118
2025-12-05 21:00:29.1535 (StateSyncRequestHandler.cs:17) 玩家ID:482734309785206785 移动到新位置: 3.6114607 , 0 , 2.4520888
2025-12-05 21:00:29.2514 (StateSyncRequestHandler.cs:17) 玩家ID:482734309785206785 移动方向: 0.88559616 , 0 , -0.4644559
2025-12-05 21:00:29.2514 (StateSyncRequestHandler.cs:17) 玩家ID:482734309785206785 移动到新位置: 3.78858 , 0 , 2.3591976
2025-12-05 21:00:29.3489 (StateSyncRequestHandler.cs:17) 玩家ID:482734309785206785 移动方向: 0.954631 , 0 , 0.29779118
2025-12-05 21:00:29.3489 (StateSyncRequestHandler.cs:17) 玩家ID:482734309785206785 移动到新位置: 3.979506 , 0 , 2.4187558
2025-12-05 21:00:29.4545 (StateSyncRequestHandler.cs:17) 玩家ID:482734309785206785 移动方向: 0.954631 , 0 , 0.29779118
2025-12-05 21:00:29.4545 (StateSyncRequestHandler.cs:17) 玩家ID:482734309785206785 移动到新位置: 4.170432 , 0 , 2.478314
2025-12-05 21:00:29.5518 (StateSyncRequestHandler.cs:17) 玩家ID:482734309785206785 移动方向: -0.29779118 , 0 , 0.95463103
2025-12-05 21:00:29.5518 (StateSyncRequestHandler.cs:17) 玩家ID:482734309785206785 移动到新位置: 4.1108737 , 0 , 2.66924
2025-12-05 21:00:29.6533 (StateSyncRequestHandler.cs:17) 玩家ID:482734309785206785 移动方向: -0.29779118 , 0 , 0.95463103
2025-12-05 21:00:29.6533 (StateSyncRequestHandler.cs:17) 玩家ID:482734309785206785 移动到新位置: 4.0513153 , 0 , 2.860166
2025-12-05 21:00:29.7559 (StateSyncRequestHandler.cs:17) 玩家ID:482734309785206785 移动方向: -0.88559616 , 0 , 0.4644559
2025-12-05 21:00:29.7559 (StateSyncRequestHandler.cs:17) 玩家ID:482734309785206785 移动到新位置: 3.874196 , 0 , 2.9530573
2025-12-05 21:00:29.8501 (StateSyncRequestHandler.cs:17) 玩家ID:482734309785206785 移动方向: -0.88559616 , 0 , 0.4644559
2025-12-05 21:00:29.8501 (StateSyncRequestHandler.cs:17) 玩家ID:482734309785206785 移动到新位置: 3.6970768 , 0 , 3.0459485
2025-12-05 21:00:29.9497 (StateSyncRequestHandler.cs:17) 玩家ID:482734309785206785 移动方向: 0.46445584 , 0 , 0.8855962
2025-12-05 21:00:29.9497 (StateSyncRequestHandler.cs:17) 玩家ID:482734309785206785 移动到新位置: 3.789968 , 0 , 3.2230678
2025-12-05 21:00:30.0549 (StateSyncRequestHandler.cs:17) 玩家ID:482734309785206785 移动方向: 0.46445584 , 0 , 0.8855962
2025-12-05 21:00:30.0549 (StateSyncRequestHandler.cs:17) 玩家ID:482734309785206785 移动到新位置: 3.8828592 , 0 , 3.400187
2025-12-05 21:00:30.1499 (StateSyncRequestHandler.cs:17) 玩家ID:482734309785206785 移动方向: 0.954631 , 0 , 0.29779118
2025-12-05 21:00:30.1499 (StateSyncRequestHandler.cs:17) 玩家ID:482734309785206785 移动到新位置: 4.0737853 , 0 , 3.4597452
2025-12-05 21:00:30.2503 (StateSyncRequestHandler.cs:17) 玩家ID:482734309785206785 移动方向: 0.954631 , 0 , 0.29779118
2025-12-05 21:00:30.2503 (StateSyncRequestHandler.cs:17) 玩家ID:482734309785206785 移动到新位置: 4.2647114 , 0 , 3.5193033
2025-12-05 21:00:30.3573 (StateSyncRequestHandler.cs:17) 玩家ID:482734309785206785 移动方向: 0.88559616 , 0 , -0.4644559
2025-12-05 21:00:30.3573 (StateSyncRequestHandler.cs:17) 玩家ID:482734309785206785 移动到新位置: 4.4418306 , 0 , 3.426412
2025-12-05 21:00:30.4552 (StateSyncRequestHandler.cs:17) 玩家ID:482734309785206785 移动方向: 0.88559616 , 0 , -0.4644559
2025-12-05 21:00:30.4552 (StateSyncRequestHandler.cs:17) 玩家ID:482734309785206785 移动到新位置: 4.61895 , 0 , 3.333521
2025-12-05 21:00:30.5534 (StateSyncRequestHandler.cs:17) 玩家ID:482734309785206785 移动方向: 0.954631 , 0 , 0.29779118
2025-12-05 21:00:30.5534 (StateSyncRequestHandler.cs:17) 玩家ID:482734309785206785 移动到新位置: 4.809876 , 0 , 3.393079
2025-12-05 21:00:30.6594 (StateSyncRequestHandler.cs:17) 玩家ID:482734309785206785 移动方向: 0.95818853 , 0 , 0.2861375
2025-12-05 21:00:30.6594 (StateSyncRequestHandler.cs:17) 玩家ID:482734309785206785 移动到新位置: 5.0015135 , 0 , 3.4503067
2025-12-05 21:00:30.7605 (StateSyncRequestHandler.cs:17) 玩家ID:482734309785206785 移动方向: 0.9976115 , 0 , 0.06907403
2025-12-05 21:00:30.7605 (StateSyncRequestHandler.cs:17) 玩家ID:482734309785206785 移动到新位置: 5.201036 , 0 , 3.4641213
2025-12-05 21:00:30.8490 (StateSyncRequestHandler.cs:17) 玩家ID:482734309785206785 移动方向: 0.9732833 , 0 , -0.22960769
2025-12-05 21:00:30.8490 (StateSyncRequestHandler.cs:17) 玩家ID:482734309785206785 移动到新位置: 5.395693 , 0 , 3.4181998
2025-12-05 21:00:30.9535 (StateSyncRequestHandler.cs:17) 玩家ID:482734309785206785 移动方向: 0.9348304 , 0 , 0.3550943
2025-12-05 21:00:30.9535 (StateSyncRequestHandler.cs:17) 玩家ID:482734309785206785 移动到新位置: 5.582659 , 0 , 3.4892187
2025-12-05 21:00:31.0655 (StateSyncRequestHandler.cs:17) 玩家ID:482734309785206785 移动方向: 0.47099435 , 0 , 0.8821362
2025-12-05 21:00:31.0655 (StateSyncRequestHandler.cs:17) 玩家ID:482734309785206785 移动到新位置: 5.6768575 , 0 , 3.6656458
2025-12-05 21:00:31.1491 (StateSyncRequestHandler.cs:17) 玩家ID:482734309785206785 移动方向: 0.49202827 , 0 , 0.87057924
2025-12-05 21:00:31.1491 (StateSyncRequestHandler.cs:17) 玩家ID:482734309785206785 移动到新位置: 5.7752633 , 0 , 3.8397617
2025-12-05 21:00:31.2518 (StateSyncRequestHandler.cs:17) 玩家ID:482734309785206785 移动方向: 0.4989194 , 0 , 0.8666484
2025-12-05 21:00:31.2518 (StateSyncRequestHandler.cs:17) 玩家ID:482734309785206785 移动到新位置: 5.875047 , 0 , 4.0130916
2025-12-05 21:00:31.3603 (StateSyncRequestHandler.cs:17) 玩家ID:482734309785206785 移动方向: 0.90151966 , 0 , -0.43273813
2025-12-05 21:00:31.3603 (StateSyncRequestHandler.cs:17) 玩家ID:482734309785206785 移动到新位置: 6.0553513 , 0 , 3.926544
2025-12-05 21:00:31.4534 (StateSyncRequestHandler.cs:17) 玩家ID:482734309785206785 移动方向: 0.99247885 , 0 , -0.12241614
2025-12-05 21:00:31.4534 (StateSyncRequestHandler.cs:17) 玩家ID:482734309785206785 移动到新位置: 6.253847 , 0 , 3.9020607
2025-12-05 21:00:31.5514 (StateSyncRequestHandler.cs:17) 玩家ID:482734309785206785 移动方向: 0.1597411 , 0 , -0.98715895
2025-12-05 21:00:31.5514 (StateSyncRequestHandler.cs:17) 玩家ID:482734309785206785 移动到新位置: 6.285795 , 0 , 3.704629
2025-12-05 21:00:31.6573 (StateSyncRequestHandler.cs:17) 玩家ID:482734309785206785 移动方向: 0.28680387 , 0 , -0.9579893
2025-12-05 21:00:31.6573 (StateSyncRequestHandler.cs:17) 玩家ID:482734309785206785 移动到新位置: 6.343156 , 0 , 3.513031
2025-12-05 21:00:31.7590 (StateSyncRequestHandler.cs:17) 玩家ID:482734309785206785 移动方向: 0.33050942 , 0 , -0.94380265
2025-12-05 21:00:31.7590 (StateSyncRequestHandler.cs:17) 玩家ID:482734309785206785 移动到新位置: 6.409258 , 0 , 3.3242705
2025-12-05 21:00:31.8542 (StateSyncRequestHandler.cs:17) 玩家ID:482734309785206785 移动到新位置: 6.409258 , 0 , 3.3242705
2025-12-05 21:00:32.5503 (StateSyncRequestHandler.cs:17) 玩家ID:482734309785206785 移动方向: 0.8755176 , 0 , -0.4831861
2025-12-05 21:00:32.5503 (StateSyncRequestHandler.cs:17) 玩家ID:482734309785206785 移动到新位置: 6.5843616 , 0 , 3.2276332
2025-12-05 21:00:32.6553 (StateSyncRequestHandler.cs:17) 玩家ID:482734309785206785 移动方向: 0.79603434 , 0 , -0.60525155
2025-12-05 21:00:32.6553 (StateSyncRequestHandler.cs:17) 玩家ID:482734309785206785 移动到新位置: 6.7435684 , 0 , 3.1065829
2025-12-05 21:00:32.7514 (StateSyncRequestHandler.cs:17) 玩家ID:482734309785206785 移动方向: 0.75835943 , 0 , -0.65183663
2025-12-05 21:00:32.7514 (StateSyncRequestHandler.cs:17) 玩家ID:482734309785206785 移动到新位置: 6.8952403 , 0 , 2.9762156
2025-12-05 21:00:32.8499 (StateSyncRequestHandler.cs:17) 玩家ID:482734309785206785 移动到新位置: 6.8952403 , 0 , 2.9762156
2025-12-05 21:00:33.5532 (StateSyncRequestHandler.cs:17) 玩家ID:482734309785206785 移动方向: 0.70711404 , 0 , -0.70709956
2025-12-05 21:00:33.5532 (StateSyncRequestHandler.cs:17) 玩家ID:482734309785206785 移动到新位置: 7.036663 , 0 , 2.8347957
2025-12-05 21:00:33.6643 (StateSyncRequestHandler.cs:17) 玩家ID:482734309785206785 移动方向: 0.7070206 , 0 , -0.707193
2025-12-05 21:00:33.6643 (StateSyncRequestHandler.cs:17) 玩家ID:482734309785206785 移动到新位置: 7.178067 , 0 , 2.693357
2025-12-05 21:00:33.7600 (StateSyncRequestHandler.cs:17) 玩家ID:482734309785206785 移动方向: 0.7113696 , 0 , -0.70281816
2025-12-05 21:00:33.7600 (StateSyncRequestHandler.cs:17) 玩家ID:482734309785206785 移动到新位置: 7.320341 , 0 , 2.5527933
2025-12-05 21:00:33.8629 (StateSyncRequestHandler.cs:17) 玩家ID:482734309785206785 移动方向: 0.7153449 , 0 , -0.6987716
2025-12-05 21:00:33.8629 (StateSyncRequestHandler.cs:17) 玩家ID:482734309785206785 移动到新位置: 7.46341 , 0 , 2.413039
2025-12-05 21:00:33.9503 (StateSyncRequestHandler.cs:17) 玩家ID:482734309785206785 移动方向: 0.014222175 , 0 , -0.99989885
2025-12-05 21:00:33.9503 (StateSyncRequestHandler.cs:17) 玩家ID:482734309785206785 移动到新位置: 7.4676766 , 0 , 2.1130693
2025-12-05 21:00:34.0537 (StateSyncRequestHandler.cs:17) 玩家ID:482734309785206785 移动方向: 0.015232712 , 0 , -0.99988395
2025-12-05 21:00:34.0537 (StateSyncRequestHandler.cs:17) 玩家ID:482734309785206785 移动到新位置: 7.4722466 , 0 , 1.8131042
2025-12-05 21:00:34.1499 (StateSyncRequestHandler.cs:17) 玩家ID:482734309785206785 移动方向: 0.0032236576 , 0 , -0.99999475
2025-12-05 21:00:34.1499 (StateSyncRequestHandler.cs:17) 玩家ID:482734309785206785 移动到新位置: 7.4732137 , 0 , 1.5131058
2025-12-05 21:00:34.2551 (StateSyncRequestHandler.cs:17) 玩家ID:482734309785206785 移动方向: 0.6376874 , 0 , -0.7702953
2025-12-05 21:00:34.2551 (StateSyncRequestHandler.cs:17) 玩家ID:482734309785206785 移动到新位置: 7.66452 , 0 , 1.2820171
2025-12-05 21:00:34.3622 (StateSyncRequestHandler.cs:17) 玩家ID:482734309785206785 移动方向: 0.5290181 , 0 , -0.8486106
2025-12-05 21:00:34.3622 (StateSyncRequestHandler.cs:17) 玩家ID:482734309785206785 移动到新位置: 7.7703233 , 0 , 1.112295
2025-12-05 21:00:34.4538 (StateSyncRequestHandler.cs:17) 玩家ID:482734309785206785 移动到新位置: 7.7703233 , 0 , 1.112295
2025-12-05 21:00:35.2617 (StateSyncRequestHandler.cs:17) 玩家ID:482734309785206785 移动方向: 0.37542212 , 0 , -0.92685395
2025-12-05 21:00:35.2617 (StateSyncRequestHandler.cs:17) 玩家ID:482734309785206785 移动到新位置: 7.8454075 , 0 , 0.9269242
2025-12-05 21:00:35.3560 (StateSyncRequestHandler.cs:17) 玩家ID:482734309785206785 移动方向: 0.37541693 , 0 , -0.92685604
2025-12-05 21:00:35.3560 (StateSyncRequestHandler.cs:17) 玩家ID:482734309785206785 移动到新位置: 7.9204907 , 0 , 0.741553
2025-12-05 21:00:35.4546 (StateSyncRequestHandler.cs:17) 玩家ID:482734309785206785 移动方向: 0.3615592 , 0 , -0.9323492
2025-12-05 21:00:35.4546 (StateSyncRequestHandler.cs:17) 玩家ID:482734309785206785 移动到新位置: 7.9928026 , 0 , 0.55508316
2025-12-05 21:00:35.5564 (StateSyncRequestHandler.cs:17) 玩家ID:482734309785206785 移动方向: 0.24091823 , 0 , -0.9705454
2025-12-05 21:00:35.5564 (StateSyncRequestHandler.cs:17) 玩家ID:482734309785206785 移动到新位置: 8.065078 , 0 , 0.26391953
2025-12-05 21:00:35.6551 (StateSyncRequestHandler.cs:17) 玩家ID:482734309785206785 移动方向: 0.042056806 , 0 , -0.9991152
2025-12-05 21:00:35.6551 (StateSyncRequestHandler.cs:17) 玩家ID:482734309785206785 移动到新位置: 8.077695 , 0 , -0.03581503
2025-12-05 21:00:35.7535 (StateSyncRequestHandler.cs:17) 玩家ID:482734309785206785 移动方向: -0.09399461 , 0 , -0.9955727
2025-12-05 21:00:35.7535 (StateSyncRequestHandler.cs:17) 玩家ID:482734309785206785 移动到新位置: 8.049497 , 0 , -0.3344868
2025-12-05 21:00:35.8519 (StateSyncRequestHandler.cs:17) 玩家ID:482734309785206785 移动方向: -0.15789104 , 0 , -0.98745656
2025-12-05 21:00:35.8519 (StateSyncRequestHandler.cs:17) 玩家ID:482734309785206785 移动到新位置: 8.00213 , 0 , -0.6307238
2025-12-05 21:00:35.9504 (StateSyncRequestHandler.cs:17) 玩家ID:482734309785206785 移动方向: -0.18204994 , 0 , -0.98328924
2025-12-05 21:00:35.9504 (StateSyncRequestHandler.cs:17) 玩家ID:482734309785206785 移动到新位置: 7.9475145 , 0 , -0.92571056
2025-12-05 21:00:36.0552 (StateSyncRequestHandler.cs:17) 玩家ID:482734309785206785 移动方向: -0.19102144 , 0 , -0.9815858
2025-12-05 21:00:36.0552 (StateSyncRequestHandler.cs:17) 玩家ID:482734309785206785 移动到新位置: 7.8902082 , 0 , -1.2201862
2025-12-05 21:00:36.1477 (StateSyncRequestHandler.cs:17) 玩家ID:482734309785206785 移动方向: -0.19372985 , 0 , -0.9810549
2025-12-05 21:00:36.1477 (StateSyncRequestHandler.cs:17) 玩家ID:482734309785206785 移动到新位置: 7.8320894 , 0 , -1.5145028
2025-12-05 21:00:36.2528 (StateSyncRequestHandler.cs:17) 玩家ID:482734309785206785 移动方向: -0.19469984 , 0 , -0.98086286
2025-12-05 21:00:36.2528 (StateSyncRequestHandler.cs:17) 玩家ID:482734309785206785 移动到新位置: 7.7736793 , 0 , -1.8087616
2025-12-05 21:00:36.3540 (StateSyncRequestHandler.cs:17) 玩家ID:482734309785206785 移动方向: -0.1949743 , 0 , -0.9808084
2025-12-05 21:00:36.3540 (StateSyncRequestHandler.cs:17) 玩家ID:482734309785206785 移动到新位置: 7.715187 , 0 , -2.1030042
2025-12-05 21:00:36.4501 (StateSyncRequestHandler.cs:17) 玩家ID:482734309785206785 移动方向: -0.19505668 , 0 , -0.980792
2025-12-05 21:00:36.4501 (StateSyncRequestHandler.cs:17) 玩家ID:482734309785206785 移动到新位置: 7.6761756 , 0 , -2.2991626
2025-12-05 21:00:36.5541 (StateSyncRequestHandler.cs:17) 玩家ID:482734309785206785 移动方向: -0.19508116 , 0 , -0.98078716
2025-12-05 21:00:36.5541 (StateSyncRequestHandler.cs:17) 玩家ID:482734309785206785 移动到新位置: 7.6371593 , 0 , -2.49532
2025-12-05 21:00:36.6514 (StateSyncRequestHandler.cs:17) 玩家ID:482734309785206785 移动方向: -0.19508752 , 0 , -0.98078585
2025-12-05 21:00:36.6514 (StateSyncRequestHandler.cs:17) 玩家ID:482734309785206785 移动到新位置: 7.5981417 , 0 , -2.6914773
2025-12-05 21:00:36.7543 (StateSyncRequestHandler.cs:17) 玩家ID:482734309785206785 移动方向: -0.19509001 , 0 , -0.98078537
2025-12-05 21:00:36.7543 (StateSyncRequestHandler.cs:17) 玩家ID:482734309785206785 移动到新位置: 7.5591235 , 0 , -2.8876343
2025-12-05 21:00:36.8485 (StateSyncRequestHandler.cs:17) 玩家ID:482734309785206785 移动方向: -0.1950903 , 0 , -0.9807853
2025-12-05 21:00:36.8485 (StateSyncRequestHandler.cs:17) 玩家ID:482734309785206785 移动到新位置: 7.5201054 , 0 , -3.0837913
2025-12-05 21:00:36.9545 (StateSyncRequestHandler.cs:17) 玩家ID:482734309785206785 移动方向: -0.1950903 , 0 , -0.9807853
2025-12-05 21:00:36.9545 (StateSyncRequestHandler.cs:17) 玩家ID:482734309785206785 移动到新位置: 7.4615784 , 0 , -3.378027
2025-12-05 21:00:37.0505 (StateSyncRequestHandler.cs:17) 玩家ID:482734309785206785 移动方向: -0.1950903 , 0 , -0.9807853
2025-12-05 21:00:37.0505 (StateSyncRequestHandler.cs:17) 玩家ID:482734309785206785 移动到新位置: 7.4030514 , 0 , -3.6722627
2025-12-05 21:00:37.1652 (StateSyncRequestHandler.cs:17) 玩家ID:482734309785206785 移动方向: -0.1950903 , 0 , -0.9807853
2025-12-05 21:00:37.1652 (StateSyncRequestHandler.cs:17) 玩家ID:482734309785206785 移动到新位置: 7.3445244 , 0 , -3.9664984
2025-12-05 21:00:37.2525 (StateSyncRequestHandler.cs:17) 玩家ID:482734309785206785 移动方向: -0.1950903 , 0 , -0.9807853
2025-12-05 21:00:37.2525 (StateSyncRequestHandler.cs:17) 玩家ID:482734309785206785 移动到新位置: 7.2859974 , 0 , -4.260734
2025-12-05 21:00:37.3548 (StateSyncRequestHandler.cs:17) 玩家ID:482734309785206785 移动方向: -0.1950903 , 0 , -0.9807853
2025-12-05 21:00:37.3548 (StateSyncRequestHandler.cs:17) 玩家ID:482734309785206785 移动到新位置: 7.2274704 , 0 , -4.55497
2025-12-05 21:00:37.4581 (StateSyncRequestHandler.cs:17) 玩家ID:482734309785206785 移动方向: -0.1950903 , 0 , -0.9807853
2025-12-05 21:00:37.4581 (StateSyncRequestHandler.cs:17) 玩家ID:482734309785206785 移动到新位置: 7.1689434 , 0 , -4.8492055
2025-12-05 21:00:37.5521 (StateSyncRequestHandler.cs:17) 玩家ID:482734309785206785 移动方向: -0.1950903 , 0 , -0.9807853
2025-12-05 21:00:37.5521 (StateSyncRequestHandler.cs:17) 玩家ID:482734309785206785 移动到新位置: 7.1104164 , 0 , -5.143441
2025-12-05 21:00:37.6519 (StateSyncRequestHandler.cs:17) 玩家ID:482734309785206785 移动到新位置: 7.1104164 , 0 , -5.143441
2025-12-05 21:00:39.3475 (StateSyncRequestHandler.cs:17) 玩家ID:482734309785206785 移动方向: 0.1950903 , 0 , 0.9807853
2025-12-05 21:00:39.3475 (StateSyncRequestHandler.cs:17) 玩家ID:482734309785206785 移动到新位置: 7.1689434 , 0 , -4.8492055
2025-12-05 21:00:39.4516 (StateSyncRequestHandler.cs:17) 玩家ID:482734309785206785 移动方向: 0.19634421 , 0 , 0.98053503
2025-12-05 21:00:39.4516 (StateSyncRequestHandler.cs:17) 玩家ID:482734309785206785 移动到新位置: 7.2278466 , 0 , -4.555045
2025-12-05 21:00:39.5526 (StateSyncRequestHandler.cs:17) 玩家ID:482734309785206785 移动方向: 0.2820807 , 0 , 0.95939064
2025-12-05 21:00:39.5526 (StateSyncRequestHandler.cs:17) 玩家ID:482734309785206785 移动到新位置: 7.312471 , 0 , -4.267228
2025-12-05 21:00:39.6633 (StateSyncRequestHandler.cs:17) 玩家ID:482734309785206785 移动方向: 0.56830835 , 0 , 0.8228156
2025-12-05 21:00:39.6633 (StateSyncRequestHandler.cs:17) 玩家ID:482734309785206785 移动到新位置: 7.4829636 , 0 , -4.0203834
2025-12-05 21:00:39.7615 (StateSyncRequestHandler.cs:17) 玩家ID:482734309785206785 移动方向: 0.83967036 , 0 , 0.54309636
2025-12-05 21:00:39.7615 (StateSyncRequestHandler.cs:17) 玩家ID:482734309785206785 移动到新位置: 7.7348647 , 0 , -3.8574545
2025-12-05 21:00:39.8488 (StateSyncRequestHandler.cs:17) 玩家ID:482734309785206785 移动方向: 0.9343144 , 0 , 0.35644987
2025-12-05 21:00:39.8488 (StateSyncRequestHandler.cs:17) 玩家ID:482734309785206785 移动到新位置: 8.015159 , 0 , -3.7505195
2025-12-05 21:00:39.9531 (StateSyncRequestHandler.cs:17) 玩家ID:482734309785206785 移动方向: 0.96329993 , 0 , 0.2684274
2025-12-05 21:00:39.9531 (StateSyncRequestHandler.cs:17) 玩家ID:482734309785206785 移动到新位置: 8.304149 , 0 , -3.6699913
2025-12-05 21:00:40.0482 (StateSyncRequestHandler.cs:17) 玩家ID:482734309785206785 移动到新位置: 8.304149 , 0 , -3.6699913
2025-12-05 21:00:40.7554 (StateSyncRequestHandler.cs:17) 玩家ID:482734309785206785 移动方向: -0.975052 , 0 , -0.22197658
2025-12-05 21:00:40.7554 (StateSyncRequestHandler.cs:17) 玩家ID:482734309785206785 移动到新位置: 8.011633 , 0 , -3.7365842
2025-12-05 21:00:40.8555 (StateSyncRequestHandler.cs:17) 玩家ID:482734309785206785 移动方向: -0.9750525 , 0 , -0.22197443
2025-12-05 21:00:40.8555 (StateSyncRequestHandler.cs:17) 玩家ID:482734309785206785 移动到新位置: 7.719117 , 0 , -3.8031764
2025-12-05 21:00:40.9545 (StateSyncRequestHandler.cs:17) 玩家ID:482734309785206785 移动方向: -0.97505265 , 0 , -0.22197375
2025-12-05 21:00:40.9545 (StateSyncRequestHandler.cs:17) 玩家ID:482734309785206785 移动到新位置: 7.4266014 , 0 , -3.8697686
2025-12-05 21:00:41.0485 (StateSyncRequestHandler.cs:17) 玩家ID:482734309785206785 移动方向: -0.97505265 , 0 , -0.22197358
2025-12-05 21:00:41.0485 (StateSyncRequestHandler.cs:17) 玩家ID:482734309785206785 移动到新位置: 7.1340857 , 0 , -3.9363606
2025-12-05 21:00:41.1553 (StateSyncRequestHandler.cs:17) 玩家ID:482734309785206785 移动方向: -0.97505265 , 0 , -0.22197358
2025-12-05 21:00:41.1553 (StateSyncRequestHandler.cs:17) 玩家ID:482734309785206785 移动到新位置: 6.84157 , 0 , -4.0029526
2025-12-05 21:00:41.2522 (StateSyncRequestHandler.cs:17) 玩家ID:482734309785206785 移动方向: 0.97505265 , 0 , 0.22197358
2025-12-05 21:00:41.2522 (StateSyncRequestHandler.cs:17) 玩家ID:482734309785206785 移动到新位置: 7.1340857 , 0 , -3.9363606
2025-12-05 21:00:41.3561 (StateSyncRequestHandler.cs:17) 玩家ID:482734309785206785 移动方向: 0.97505265 , 0 , 0.22197358
2025-12-05 21:00:41.3561 (StateSyncRequestHandler.cs:17) 玩家ID:482734309785206785 移动到新位置: 7.4266014 , 0 , -3.8697686
2025-12-05 21:00:41.4495 (StateSyncRequestHandler.cs:17) 玩家ID:482734309785206785 移动方向: 0.97505265 , 0 , 0.22197358
2025-12-05 21:00:41.4495 (StateSyncRequestHandler.cs:17) 玩家ID:482734309785206785 移动到新位置: 7.719117 , 0 , -3.8031766
2025-12-05 21:00:41.5608 (StateSyncRequestHandler.cs:17) 玩家ID:482734309785206785 移动方向: 0.97505265 , 0 , 0.22197358
2025-12-05 21:00:41.5608 (StateSyncRequestHandler.cs:17) 玩家ID:482734309785206785 移动到新位置: 8.011633 , 0 , -3.7365847
2025-12-05 21:00:41.6610 (StateSyncRequestHandler.cs:17) 玩家ID:482734309785206785 移动方向: 0.97505265 , 0 , 0.22197358
2025-12-05 21:00:41.6610 (StateSyncRequestHandler.cs:17) 玩家ID:482734309785206785 移动到新位置: 8.304149 , 0 , -3.6699927
2025-12-05 21:00:41.7495 (StateSyncRequestHandler.cs:17) 玩家ID:482734309785206785 移动方向: 0.97505265 , 0 , 0.22197358
2025-12-05 21:00:41.7495 (StateSyncRequestHandler.cs:17) 玩家ID:482734309785206785 移动到新位置: 8.596664 , 0 , -3.6034007
2025-12-05 21:00:41.8554 (StateSyncRequestHandler.cs:17) 玩家ID:482734309785206785 移动方向: 0.97505265 , 0 , 0.22197358
2025-12-05 21:00:41.8554 (StateSyncRequestHandler.cs:17) 玩家ID:482734309785206785 移动到新位置: 8.88918 , 0 , -3.5368087
2025-12-05 21:00:41.9554 (StateSyncRequestHandler.cs:17) 玩家ID:482734309785206785 移动方向: 0.97505265 , 0 , 0.22197358
2025-12-05 21:00:41.9554 (StateSyncRequestHandler.cs:17) 玩家ID:482734309785206785 移动到新位置: 9.181696 , 0 , -3.4702168
2025-12-05 21:00:42.0518 (StateSyncRequestHandler.cs:17) 玩家ID:482734309785206785 移动方向: 0.97505265 , 0 , 0.22197358
2025-12-05 21:00:42.0518 (StateSyncRequestHandler.cs:17) 玩家ID:482734309785206785 移动到新位置: 9.474212 , 0 , -3.4036248
2025-12-05 21:00:42.1499 (StateSyncRequestHandler.cs:17) 玩家ID:482734309785206785 移动方向: 0.97505265 , 0 , 0.22197358
2025-12-05 21:00:42.1499 (StateSyncRequestHandler.cs:17) 玩家ID:482734309785206785 移动到新位置: 9.766727 , 0 , -3.3370328
2025-12-05 21:00:42.2524 (StateSyncRequestHandler.cs:17) 玩家ID:482734309785206785 移动方向: 0.97505265 , 0 , 0.22197358
2025-12-05 21:00:42.2524 (StateSyncRequestHandler.cs:17) 玩家ID:482734309785206785 移动到新位置: 10.059243 , 0 , -3.2704408
2025-12-05 21:00:42.3538 (StateSyncRequestHandler.cs:17) 玩家ID:482734309785206785 移动方向: 0.97505265 , 0 , 0.22197358
2025-12-05 21:00:42.3538 (StateSyncRequestHandler.cs:17) 玩家ID:482734309785206785 移动到新位置: 10.351759 , 0 , -3.2038488
2025-12-05 21:00:42.4527 (StateSyncRequestHandler.cs:17) 玩家ID:482734309785206785 移动方向: 0.97505265 , 0 , 0.22197358
2025-12-05 21:00:42.4527 (StateSyncRequestHandler.cs:17) 玩家ID:482734309785206785 移动到新位置: 10.644275 , 0 , -3.1372569
2025-12-05 21:00:42.5486 (StateSyncRequestHandler.cs:17) 玩家ID:482734309785206785 移动方向: 0.97505265 , 0 , 0.22197358
2025-12-05 21:00:42.5486 (StateSyncRequestHandler.cs:17) 玩家ID:482734309785206785 移动到新位置: 10.93679 , 0 , -3.070665
2025-12-05 21:00:42.6554 (StateSyncRequestHandler.cs:17) 玩家ID:482734309785206785 移动方向: 0.97505265 , 0 , 0.22197358
2025-12-05 21:00:42.6554 (StateSyncRequestHandler.cs:17) 玩家ID:482734309785206785 移动到新位置: 11.229306 , 0 , -3.004073
2025-12-05 21:00:42.7488 (StateSyncRequestHandler.cs:17) 玩家ID:482734309785206785 移动到新位置: 11.229306 , 0 , -3.004073
2025-12-05 21:00:44.1527 (StateSyncRequestHandler.cs:17) 玩家ID:482734309785206785 移动方向: -0.97505265 , 0 , -0.22197358
2025-12-05 21:00:44.1527 (StateSyncRequestHandler.cs:17) 玩家ID:482734309785206785 移动到新位置: 10.93679 , 0 , -3.070665
2025-12-05 21:00:44.2535 (StateSyncRequestHandler.cs:17) 玩家ID:482734309785206785 移动方向: -0.97505265 , 0 , -0.22197358
2025-12-05 21:00:44.2535 (StateSyncRequestHandler.cs:17) 玩家ID:482734309785206785 移动到新位置: 10.644275 , 0 , -3.1372569
2025-12-05 21:00:44.3496 (StateSyncRequestHandler.cs:17) 玩家ID:482734309785206785 移动方向: -0.97505265 , 0 , -0.22197358
2025-12-05 21:00:44.3496 (StateSyncRequestHandler.cs:17) 玩家ID:482734309785206785 移动到新位置: 10.351759 , 0 , -3.2038488
2025-12-05 21:00:44.4550 (StateSyncRequestHandler.cs:17) 玩家ID:482734309785206785 移动方向: -0.97505265 , 0 , -0.22197358
2025-12-05 21:00:44.4550 (StateSyncRequestHandler.cs:17) 玩家ID:482734309785206785 移动到新位置: 10.059243 , 0 , -3.2704408
2025-12-05 21:00:44.5548 (StateSyncRequestHandler.cs:17) 玩家ID:482734309785206785 移动方向: -0.97505265 , 0 , -0.22197358
2025-12-05 21:00:44.5548 (StateSyncRequestHandler.cs:17) 玩家ID:482734309785206785 移动到新位置: 9.766727 , 0 , -3.3370328
2025-12-05 21:00:44.6489 (StateSyncRequestHandler.cs:17) 玩家ID:482734309785206785 移动方向: -0.97505265 , 0 , -0.22197358
2025-12-05 21:00:44.6489 (StateSyncRequestHandler.cs:17) 玩家ID:482734309785206785 移动到新位置: 9.474212 , 0 , -3.4036248
2025-12-05 21:00:44.7602 (StateSyncRequestHandler.cs:17) 玩家ID:482734309785206785 移动方向: -0.97505265 , 0 , -0.22197358
2025-12-05 21:00:44.7602 (StateSyncRequestHandler.cs:17) 玩家ID:482734309785206785 移动到新位置: 9.181696 , 0 , -3.4702168
2025-12-05 21:00:44.8500 (StateSyncRequestHandler.cs:17) 玩家ID:482734309785206785 移动方向: -0.97505265 , 0 , -0.22197358
2025-12-05 21:00:44.8500 (StateSyncRequestHandler.cs:17) 玩家ID:482734309785206785 移动到新位置: 8.88918 , 0 , -3.5368087
2025-12-05 21:00:44.9516 (StateSyncRequestHandler.cs:17) 玩家ID:482734309785206785 移动方向: -0.97505265 , 0 , -0.22197358
2025-12-05 21:00:44.9516 (StateSyncRequestHandler.cs:17) 玩家ID:482734309785206785 移动到新位置: 8.596664 , 0 , -3.6034007
2025-12-05 21:00:45.0548 (StateSyncRequestHandler.cs:17) 玩家ID:482734309785206785 移动方向: -0.97505265 , 0 , -0.22197358
2025-12-05 21:00:45.0548 (StateSyncRequestHandler.cs:17) 玩家ID:482734309785206785 移动到新位置: 8.304149 , 0 , -3.6699927
2025-12-05 21:00:45.1530 (StateSyncRequestHandler.cs:17) 玩家ID:482734309785206785 移动方向: -0.97505265 , 0 , -0.22197358
2025-12-05 21:00:45.1530 (StateSyncRequestHandler.cs:17) 玩家ID:482734309785206785 移动到新位置: 8.011633 , 0 , -3.7365847
2025-12-05 21:00:45.2559 (StateSyncRequestHandler.cs:17) 玩家ID:482734309785206785 移动方向: -0.97505265 , 0 , -0.22197358
2025-12-05 21:00:45.2559 (StateSyncRequestHandler.cs:17) 玩家ID:482734309785206785 移动到新位置: 7.719117 , 0 , -3.8031766
2025-12-05 21:00:45.3486 (StateSyncRequestHandler.cs:17) 玩家ID:482734309785206785 移动方向: -0.97505265 , 0 , -0.22197358
2025-12-05 21:00:45.3491 (StateSyncRequestHandler.cs:17) 玩家ID:482734309785206785 移动到新位置: 7.4266014 , 0 , -3.8697686
2025-12-05 21:00:45.4483 (StateSyncRequestHandler.cs:17) 玩家ID:482734309785206785 移动方向: -0.97505265 , 0 , -0.22197358
2025-12-05 21:00:45.4483 (StateSyncRequestHandler.cs:17) 玩家ID:482734309785206785 移动到新位置: 7.2315907 , 0 , -3.9141634
2025-12-05 21:00:45.5505 (StateSyncRequestHandler.cs:17) 玩家ID:482734309785206785 移动方向: -0.97505265 , 0 , -0.22197358
2025-12-05 21:00:45.5505 (StateSyncRequestHandler.cs:17) 玩家ID:482734309785206785 移动到新位置: 7.03658 , 0 , -3.958558
2025-12-05 21:00:45.6563 (StateSyncRequestHandler.cs:17) 玩家ID:482734309785206785 移动方向: 0.97505265 , 0 , 0.22197358
2025-12-05 21:00:45.6563 (StateSyncRequestHandler.cs:17) 玩家ID:482734309785206785 移动到新位置: 7.2315907 , 0 , -3.9141634
2025-12-05 21:00:45.7551 (StateSyncRequestHandler.cs:17) 玩家ID:482734309785206785 移动方向: 0.97505265 , 0 , 0.22197358
2025-12-05 21:00:45.7551 (StateSyncRequestHandler.cs:17) 玩家ID:482734309785206785 移动到新位置: 7.4266014 , 0 , -3.8697686
2025-12-05 21:00:45.8509 (StateSyncRequestHandler.cs:17) 玩家ID:482734309785206785 移动方向: 0.97505265 , 0 , 0.22197358
2025-12-05 21:00:45.8509 (StateSyncRequestHandler.cs:17) 玩家ID:482734309785206785 移动到新位置: 7.621612 , 0 , -3.825374
2025-12-05 21:00:45.9498 (StateSyncRequestHandler.cs:17) 玩家ID:482734309785206785 移动方向: 0.97505265 , 0 , 0.22197358
2025-12-05 21:00:45.9498 (StateSyncRequestHandler.cs:17) 玩家ID:482734309785206785 移动到新位置: 7.8166227 , 0 , -3.7809792
2025-12-05 21:00:46.0501 (StateSyncRequestHandler.cs:17) 玩家ID:482734309785206785 移动方向: 0.97505265 , 0 , 0.22197358
2025-12-05 21:00:46.0501 (StateSyncRequestHandler.cs:17) 玩家ID:482734309785206785 移动到新位置: 8.011633 , 0 , -3.7365844
2025-12-05 21:00:46.1509 (StateSyncRequestHandler.cs:17) 玩家ID:482734309785206785 移动方向: 0.97505265 , 0 , 0.22197358
2025-12-05 21:00:46.1509 (StateSyncRequestHandler.cs:17) 玩家ID:482734309785206785 移动到新位置: 8.206643 , 0 , -3.6921897
2025-12-05 21:00:46.2555 (StateSyncRequestHandler.cs:17) 玩家ID:482734309785206785 移动方向: 0.97505265 , 0 , 0.22197358
2025-12-05 21:00:46.2555 (StateSyncRequestHandler.cs:17) 玩家ID:482734309785206785 移动到新位置: 8.401653 , 0 , -3.647795
2025-12-05 21:00:46.3565 (StateSyncRequestHandler.cs:17) 玩家ID:482734309785206785 移动方向: 0.97505265 , 0 , 0.22197358
2025-12-05 21:00:46.3565 (StateSyncRequestHandler.cs:17) 玩家ID:482734309785206785 移动到新位置: 8.596663 , 0 , -3.6034002
2025-12-05 21:00:46.4511 (StateSyncRequestHandler.cs:17) 玩家ID:482734309785206785 移动方向: 0.97505265 , 0 , 0.22197358
2025-12-05 21:00:46.4511 (StateSyncRequestHandler.cs:17) 玩家ID:482734309785206785 移动到新位置: 8.791674 , 0 , -3.5590055
2025-12-05 21:00:46.5662 (StateSyncRequestHandler.cs:17) 玩家ID:482734309785206785 移动方向: 0.97505265 , 0 , 0.22197358
2025-12-05 21:00:46.5662 (StateSyncRequestHandler.cs:17) 玩家ID:482734309785206785 移动到新位置: 8.986684 , 0 , -3.5146108
2025-12-05 21:00:46.6515 (StateSyncRequestHandler.cs:17) 玩家ID:482734309785206785 移动方向: 0.97505265 , 0 , 0.22197358
2025-12-05 21:00:46.6515 (StateSyncRequestHandler.cs:17) 玩家ID:482734309785206785 移动到新位置: 9.181694 , 0 , -3.470216
2025-12-05 21:00:46.7499 (StateSyncRequestHandler.cs:17) 玩家ID:482734309785206785 移动到新位置: 9.181694 , 0 , -3.470216
2025-12-05 21:00:46.9636 (StateSyncRequestHandler.cs:17) 玩家ID:482734309785206785 移动方向: 0.97505265 , 0 , 0.22197358
2025-12-05 21:00:46.9636 (StateSyncRequestHandler.cs:17) 玩家ID:482734309785206785 移动到新位置: 9.376704 , 0 , -3.4258213
2025-12-05 21:00:47.0566 (StateSyncRequestHandler.cs:17) 玩家ID:482734309785206785 移动到新位置: 9.376704 , 0 , -3.4258213
2025-12-05 21:00:47.6513 (StateSyncRequestHandler.cs:17) 玩家ID:482734309785206785 移动方向: 0.2251643 , 0 , -0.9743208
2025-12-05 21:00:47.6513 (StateSyncRequestHandler.cs:17) 玩家ID:482734309785206785 移动到新位置: 9.421737 , 0 , -3.6206856
2025-12-05 21:00:47.7545 (StateSyncRequestHandler.cs:17) 玩家ID:482734309785206785 移动到新位置: 9.421737 , 0 , -3.6206856
2025-12-05 21:00:47.8505 (StateSyncRequestHandler.cs:17) 玩家ID:482734309785206785 移动方向: -0.975641 , 0 , -0.21937335
2025-12-05 21:00:47.8505 (StateSyncRequestHandler.cs:17) 玩家ID:482734309785206785 移动到新位置: 9.226608 , 0 , -3.6645603
2025-12-05 21:00:47.9520 (StateSyncRequestHandler.cs:17) 玩家ID:482734309785206785 移动到新位置: 9.226608 , 0 , -3.6645603
2025-12-05 21:00:48.0507 (StateSyncRequestHandler.cs:17) 玩家ID:482734309785206785 移动方向: 0.97661966 , 0 , 0.21497463
2025-12-05 21:00:48.0507 (StateSyncRequestHandler.cs:17) 玩家ID:482734309785206785 移动到新位置: 9.421932 , 0 , -3.6215653
2025-12-05 21:00:48.1545 (StateSyncRequestHandler.cs:17) 玩家ID:482734309785206785 移动到新位置: 9.421932 , 0 , -3.6215653
2025-12-05 21:00:48.3490 (StateSyncRequestHandler.cs:17) 玩家ID:482734309785206785 移动方向: 0.9767613 , 0 , 0.21433021
2025-12-05 21:00:48.3490 (StateSyncRequestHandler.cs:17) 玩家ID:482734309785206785 移动到新位置: 9.617285 , 0 , -3.5786994
2025-12-05 21:00:48.4547 (StateSyncRequestHandler.cs:17) 玩家ID:482734309785206785 移动方向: -0.9767646 , 0 , -0.21431491
2025-12-05 21:00:48.4547 (StateSyncRequestHandler.cs:17) 玩家ID:482734309785206785 移动到新位置: 9.421932 , 0 , -3.6215622
2025-12-05 21:00:48.5497 (StateSyncRequestHandler.cs:17) 玩家ID:482734309785206785 移动到新位置: 9.421932 , 0 , -3.6215622
2025-12-05 21:00:48.7507 (StateSyncRequestHandler.cs:17) 玩家ID:482734309785206785 移动方向: 0.97676593 , 0 , 0.21430886
2025-12-05 21:00:48.7507 (StateSyncRequestHandler.cs:17) 玩家ID:482734309785206785 移动到新位置: 9.617286 , 0 , -3.5787005
2025-12-05 21:00:48.8507 (StateSyncRequestHandler.cs:17) 玩家ID:482734309785206785 移动方向: 0.976766 , 0 , 0.21430877
2025-12-05 21:00:48.8507 (StateSyncRequestHandler.cs:17) 玩家ID:482734309785206785 移动到新位置: 9.812639 , 0 , -3.5358388
2025-12-05 21:00:48.9534 (StateSyncRequestHandler.cs:17) 玩家ID:482734309785206785 移动到新位置: 9.812639 , 0 , -3.5358388
2025-12-05 21:00:49.0505 (StateSyncRequestHandler.cs:17) 玩家ID:482734309785206785 移动方向: -0.976766 , 0 , -0.21430875
2025-12-05 21:00:49.0505 (StateSyncRequestHandler.cs:17) 玩家ID:482734309785206785 移动到新位置: 9.617286 , 0 , -3.5787005
2025-12-05 21:00:49.1523 (StateSyncRequestHandler.cs:17) 玩家ID:482734309785206785 移动方向: -0.976766 , 0 , -0.21430875
2025-12-05 21:00:49.1523 (StateSyncRequestHandler.cs:17) 玩家ID:482734309785206785 移动到新位置: 9.421932 , 0 , -3.6215622
2025-12-05 21:00:49.2547 (StateSyncRequestHandler.cs:17) 玩家ID:482734309785206785 移动方向: 0.976766 , 0 , 0.21430875
2025-12-05 21:00:49.2552 (StateSyncRequestHandler.cs:17) 玩家ID:482734309785206785 移动到新位置: 9.617286 , 0 , -3.5787005
2025-12-05 21:00:49.3543 (StateSyncRequestHandler.cs:17) 玩家ID:482734309785206785 移动到新位置: 9.617286 , 0 , -3.5787005
2025-12-05 21:00:49.4573 (StateSyncRequestHandler.cs:17) 玩家ID:482734309785206785 移动方向: -0.976766 , 0 , -0.21430875
2025-12-05 21:00:49.4573 (StateSyncRequestHandler.cs:17) 玩家ID:482734309785206785 移动到新位置: 9.421932 , 0 , -3.6215622
2025-12-05 21:00:49.5616 (StateSyncRequestHandler.cs:17) 玩家ID:482734309785206785 移动方向: 0.21430877 , 0 , -0.976766
2025-12-05 21:00:49.5616 (StateSyncRequestHandler.cs:17) 玩家ID:482734309785206785 移动到新位置: 9.464794 , 0 , -3.8169155
2025-12-05 21:00:49.6529 (StateSyncRequestHandler.cs:17) 玩家ID:482734309785206785 移动方向: 0.21430877 , 0 , -0.976766
2025-12-05 21:00:49.6529 (StateSyncRequestHandler.cs:17) 玩家ID:482734309785206785 移动到新位置: 9.507656 , 0 , -4.0122685
2025-12-05 21:00:49.7486 (StateSyncRequestHandler.cs:17) 玩家ID:482734309785206785 移动方向: 0.976766 , 0 , 0.21430875
2025-12-05 21:00:49.7486 (StateSyncRequestHandler.cs:17) 玩家ID:482734309785206785 移动到新位置: 9.70301 , 0 , -3.9694068
2025-12-05 21:00:49.8654 (StateSyncRequestHandler.cs:17) 玩家ID:482734309785206785 移动方向: -0.976766 , 0 , -0.21430875
2025-12-05 21:00:49.8654 (StateSyncRequestHandler.cs:17) 玩家ID:482734309785206785 移动到新位置: 9.507656 , 0 , -4.0122685
2025-12-05 21:00:49.9505 (StateSyncRequestHandler.cs:17) 玩家ID:482734309785206785 移动方向: 0.976766 , 0 , 0.21430875
2025-12-05 21:00:49.9505 (StateSyncRequestHandler.cs:17) 玩家ID:482734309785206785 移动到新位置: 9.70301 , 0 , -3.9694068
2025-12-05 21:00:50.0574 (StateSyncRequestHandler.cs:17) 玩家ID:482734309785206785 移动方向: 0.5391387 , 0 , 0.84221697
2025-12-05 21:00:50.0574 (StateSyncRequestHandler.cs:17) 玩家ID:482734309785206785 移动到新位置: 9.810838 , 0 , -3.8009634
2025-12-05 21:00:50.1486 (StateSyncRequestHandler.cs:17) 玩家ID:482734309785206785 移动到新位置: 9.810838 , 0 , -3.8009634
2025-12-05 21:00:50.6635 (StateSyncRequestHandler.cs:17) 玩家ID:482734309785206785 移动方向: 0.97594965 , 0 , 0.21799615
2025-12-05 21:00:50.6635 (StateSyncRequestHandler.cs:17) 玩家ID:482734309785206785 移动到新位置: 10.006027 , 0 , -3.7573643
2025-12-05 21:00:50.7513 (StateSyncRequestHandler.cs:17) 玩家ID:482734309785206785 移动到新位置: 10.006027 , 0 , -3.7573643
2025-12-05 21:00:51.2545 (StateSyncRequestHandler.cs:17) 玩家ID:482734309785206785 移动方向: -0.97591686 , 0 , -0.21814269
2025-12-05 21:00:51.2545 (StateSyncRequestHandler.cs:17) 玩家ID:482734309785206785 移动到新位置: 9.810843 , 0 , -3.8009927
2025-12-05 21:00:51.3615 (StateSyncRequestHandler.cs:17) 玩家ID:482734309785206785 移动方向: -0.97591686 , 0 , -0.21814273
2025-12-05 21:00:51.3615 (StateSyncRequestHandler.cs:17) 玩家ID:482734309785206785 移动到新位置: 9.61566 , 0 , -3.8446212
2025-12-05 21:00:51.4577 (StateSyncRequestHandler.cs:17) 玩家ID:482734309785206785 移动方向: -0.21814273 , 0 , 0.97591686
2025-12-05 21:00:51.4577 (StateSyncRequestHandler.cs:17) 玩家ID:482734309785206785 移动到新位置: 9.572031 , 0 , -3.649438
2025-12-05 21:00:51.5553 (StateSyncRequestHandler.cs:17) 玩家ID:482734309785206785 移动方向: 0.97591686 , 0 , 0.21814273
2025-12-05 21:00:51.5553 (StateSyncRequestHandler.cs:17) 玩家ID:482734309785206785 移动到新位置: 9.767215 , 0 , -3.6058095
2025-12-05 21:00:51.6560 (StateSyncRequestHandler.cs:17) 玩家ID:482734309785206785 移动方向: 0.97591686 , 0 , 0.21814273
2025-12-05 21:00:51.6560 (StateSyncRequestHandler.cs:17) 玩家ID:482734309785206785 移动到新位置: 9.962399 , 0 , -3.562181
2025-12-05 21:00:51.7569 (StateSyncRequestHandler.cs:17) 玩家ID:482734309785206785 移动方向: 0.97591686 , 0 , 0.21814273
2025-12-05 21:00:51.7569 (StateSyncRequestHandler.cs:17) 玩家ID:482734309785206785 移动到新位置: 10.157582 , 0 , -3.5185525
2025-12-05 21:00:51.8543 (StateSyncRequestHandler.cs:17) 玩家ID:482734309785206785 移动到新位置: 10.157582 , 0 , -3.5185525
2025-12-05 21:00:52.4548 (StateSyncRequestHandler.cs:17) 玩家ID:482734309785206785 移动方向: -0.97591686 , 0 , -0.21814273
2025-12-05 21:00:52.4548 (StateSyncRequestHandler.cs:17) 玩家ID:482734309785206785 移动到新位置: 9.962399 , 0 , -3.562181
2025-12-05 21:00:52.5523 (StateSyncRequestHandler.cs:17) 玩家ID:482734309785206785 移动方向: -0.97591686 , 0 , -0.21814273
2025-12-05 21:00:52.5523 (StateSyncRequestHandler.cs:17) 玩家ID:482734309785206785 移动到新位置: 9.767215 , 0 , -3.6058095
2025-12-05 21:00:52.6503 (StateSyncRequestHandler.cs:17) 玩家ID:482734309785206785 移动方向: -0.97591686 , 0 , -0.21814273
2025-12-05 21:00:52.6503 (StateSyncRequestHandler.cs:17) 玩家ID:482734309785206785 移动到新位置: 9.572031 , 0 , -3.649438
2025-12-05 21:00:52.7535 (StateSyncRequestHandler.cs:17) 玩家ID:482734309785206785 移动方向: -0.97591686 , 0 , -0.21814273
2025-12-05 21:00:52.7535 (StateSyncRequestHandler.cs:17) 玩家ID:482734309785206785 移动到新位置: 9.376847 , 0 , -3.6930664
2025-12-05 21:00:52.8482 (StateSyncRequestHandler.cs:17) 玩家ID:482734309785206785 移动到新位置: 9.376847 , 0 , -3.6930664
2025-12-05 21:00:53.2554 (StateSyncRequestHandler.cs:17) 玩家ID:482734309785206785 移动方向: -0.21814273 , 0 , 0.97591686
2025-12-05 21:00:53.2554 (StateSyncRequestHandler.cs:17) 玩家ID:482734309785206785 移动到新位置: 9.333219 , 0 , -3.497883
2025-12-05 21:00:53.3624 (StateSyncRequestHandler.cs:17) 玩家ID:482734309785206785 移动到新位置: 9.333219 , 0 , -3.497883
2025-12-05 21:26:37.6014  收到登录请求
2025-12-05 21:26:37.6840  进入大厅成功，玩家ID:482736422909116417
2025-12-05 21:26:44.5859 (StateSyncRequestHandler.cs:17) 玩家ID:482736422909116417 移动方向: 0.5845826 , 0 , 0.8113342
2025-12-05 21:26:44.5859 (StateSyncRequestHandler.cs:17) 玩家ID:482736422909116417 移动到新位置: 7.3386045 , 0 , 6.9351616
2025-12-05 21:26:44.6784 (StateSyncRequestHandler.cs:17) 玩家ID:482736422909116417 移动方向: 0.584597 , 0 , 0.8113238
2025-12-05 21:26:44.6784 (StateSyncRequestHandler.cs:17) 玩家ID:482736422909116417 移动到新位置: 7.455524 , 0 , 7.0974264
2025-12-05 21:26:44.7812 (StateSyncRequestHandler.cs:17) 玩家ID:482736422909116417 移动方向: 0.5846015 , 0 , 0.81132054
2025-12-05 21:26:44.7812 (StateSyncRequestHandler.cs:17) 玩家ID:482736422909116417 移动到新位置: 7.5724444 , 0 , 7.2596903
2025-12-05 21:26:44.8897 (StateSyncRequestHandler.cs:17) 玩家ID:482736422909116417 移动到新位置: 7.5724444 , 0 , 7.2596903
2025-12-05 21:32:53.5630  收到登录请求
2025-12-05 21:32:53.5944  进入大厅成功，玩家ID:482736422909116417
2025-12-05 21:32:55.1702 (StateSyncRequestHandler.cs:17) 玩家ID:482736422909116417 移动方向: 0.25998932 , 0 , -0.9656115
2025-12-05 21:32:55.1702 (StateSyncRequestHandler.cs:17) 玩家ID:482736422909116417 移动到新位置: 7.624442 , 0 , 7.066568
2025-12-05 21:32:55.2674 (StateSyncRequestHandler.cs:17) 玩家ID:482736422909116417 移动方向: -0.4054184 , 0 , -0.91413116
2025-12-05 21:32:55.2674 (StateSyncRequestHandler.cs:17) 玩家ID:482736422909116417 移动到新位置: 7.5433583 , 0 , 6.883742
2025-12-05 21:32:55.3743 (StateSyncRequestHandler.cs:17) 玩家ID:482736422909116417 移动方向: -0.8480223 , 0 , -0.5299606
2025-12-05 21:32:55.3743 (StateSyncRequestHandler.cs:17) 玩家ID:482736422909116417 移动到新位置: 7.373754 , 0 , 6.7777495
2025-12-05 21:32:55.4748 (StateSyncRequestHandler.cs:17) 玩家ID:482736422909116417 移动方向: -0.77796185 , 0 , -0.6283116
2025-12-05 21:32:55.4748 (StateSyncRequestHandler.cs:17) 玩家ID:482736422909116417 移动到新位置: 7.2181616 , 0 , 6.652087
2025-12-05 21:32:55.5681 (StateSyncRequestHandler.cs:17) 玩家ID:482736422909116417 移动方向: -0.67640346 , 0 , 0.7365313
2025-12-05 21:32:55.5681 (StateSyncRequestHandler.cs:17) 玩家ID:482736422909116417 移动到新位置: 7.082881 , 0 , 6.7993937
2025-12-05 21:32:55.6668 (StateSyncRequestHandler.cs:17) 玩家ID:482736422909116417 移动方向: -0.79585224 , 0 , 0.6054908
2025-12-05 21:32:55.6668 (StateSyncRequestHandler.cs:17) 玩家ID:482736422909116417 移动到新位置: 6.9237103 , 0 , 6.9204917
2025-12-05 21:32:55.7671 (StateSyncRequestHandler.cs:17) 玩家ID:482736422909116417 移动方向: -0.9191931 , 0 , 0.39380708
2025-12-05 21:32:55.7671 (StateSyncRequestHandler.cs:17) 玩家ID:482736422909116417 移动到新位置: 6.739872 , 0 , 6.9992533
2025-12-05 21:32:55.8739 (StateSyncRequestHandler.cs:17) 玩家ID:482736422909116417 移动方向: -0.9637885 , 0 , 0.26666775
2025-12-05 21:32:55.8739 (StateSyncRequestHandler.cs:17) 玩家ID:482736422909116417 移动到新位置: 6.5471144 , 0 , 7.052587
2025-12-05 21:32:55.9700 (StateSyncRequestHandler.cs:17) 玩家ID:482736422909116417 移动方向: -0.84634066 , 0 , -0.532642
2025-12-05 21:32:55.9700 (StateSyncRequestHandler.cs:17) 玩家ID:482736422909116417 移动到新位置: 6.3778462 , 0 , 6.9460588
2025-12-05 21:32:56.0753 (StateSyncRequestHandler.cs:17) 玩家ID:482736422909116417 移动方向: -0.14895417 , 0 , -0.9888441
2025-12-05 21:32:56.0753 (StateSyncRequestHandler.cs:17) 玩家ID:482736422909116417 移动到新位置: 6.3480554 , 0 , 6.74829
2025-12-05 21:32:56.1774 (StateSyncRequestHandler.cs:17) 玩家ID:482736422909116417 移动方向: 0.18995343 , 0 , -0.9817931
2025-12-05 21:32:56.1774 (StateSyncRequestHandler.cs:17) 玩家ID:482736422909116417 移动到新位置: 6.386046 , 0 , 6.5519314
2025-12-05 21:32:56.2755 (StateSyncRequestHandler.cs:17) 玩家ID:482736422909116417 移动方向: 0.9758013 , 0 , -0.21865946
2025-12-05 21:32:56.2755 (StateSyncRequestHandler.cs:17) 玩家ID:482736422909116417 移动到新位置: 6.5812063 , 0 , 6.5081997
2025-12-05 21:32:56.3708 (StateSyncRequestHandler.cs:17) 玩家ID:482736422909116417 移动方向: 0.9996978 , 0 , -0.024580747
2025-12-05 21:32:56.3708 (StateSyncRequestHandler.cs:17) 玩家ID:482736422909116417 移动到新位置: 6.781146 , 0 , 6.5032835
2025-12-05 21:32:56.4722 (StateSyncRequestHandler.cs:17) 玩家ID:482736422909116417 移动方向: 0.7432451 , 0 , -0.6690192
2025-12-05 21:32:56.4722 (StateSyncRequestHandler.cs:17) 玩家ID:482736422909116417 移动到新位置: 6.9297953 , 0 , 6.3694797
2025-12-05 21:32:56.5727 (StateSyncRequestHandler.cs:17) 玩家ID:482736422909116417 移动方向: 0.76031303 , 0 , -0.64955676
2025-12-05 21:32:56.5727 (StateSyncRequestHandler.cs:17) 玩家ID:482736422909116417 移动到新位置: 7.0818577 , 0 , 6.239568
2025-12-05 21:32:56.6748 (StateSyncRequestHandler.cs:17) 玩家ID:482736422909116417 移动方向: 0.08611268 , 0 , -0.9962853
2025-12-05 21:32:56.6748 (StateSyncRequestHandler.cs:17) 玩家ID:482736422909116417 移动到新位置: 7.09908 , 0 , 6.0403113
2025-12-05 21:32:56.7815 (StateSyncRequestHandler.cs:17) 玩家ID:482736422909116417 移动方向: 0.08896285 , 0 , -0.996035
2025-12-05 21:32:56.7815 (StateSyncRequestHandler.cs:17) 玩家ID:482736422909116417 移动到新位置: 7.116873 , 0 , 5.8411045
2025-12-05 21:32:56.8723 (StateSyncRequestHandler.cs:17) 玩家ID:482736422909116417 移动方向: 0.07207391 , 0 , -0.99739933
2025-12-05 21:32:56.8723 (StateSyncRequestHandler.cs:17) 玩家ID:482736422909116417 移动到新位置: 7.1312876 , 0 , 5.6416245
2025-12-05 21:32:56.9733 (StateSyncRequestHandler.cs:17) 玩家ID:482736422909116417 移动方向: 0.031797588 , 0 , -0.9994943
2025-12-05 21:32:56.9733 (StateSyncRequestHandler.cs:17) 玩家ID:482736422909116417 移动到新位置: 7.137647 , 0 , 5.4417257
2025-12-05 21:32:57.0705 (StateSyncRequestHandler.cs:17) 玩家ID:482736422909116417 移动方向: -0.0013267696 , 0 , -0.99999917
2025-12-05 21:32:57.0705 (StateSyncRequestHandler.cs:17) 玩家ID:482736422909116417 移动到新位置: 7.137382 , 0 , 5.241726
2025-12-05 21:32:57.1734 (StateSyncRequestHandler.cs:17) 玩家ID:482736422909116417 移动方向: 0.64138186 , 0 , -0.76722187
2025-12-05 21:32:57.1734 (StateSyncRequestHandler.cs:17) 玩家ID:482736422909116417 移动到新位置: 7.2656584 , 0 , 5.0882816
2025-12-05 21:32:57.2730 (StateSyncRequestHandler.cs:17) 玩家ID:482736422909116417 移动方向: 0.47511297 , 0 , -0.8799248
2025-12-05 21:32:57.2730 (StateSyncRequestHandler.cs:17) 玩家ID:482736422909116417 移动到新位置: 7.360681 , 0 , 4.912297
2025-12-05 21:32:57.3689 (StateSyncRequestHandler.cs:17) 玩家ID:482736422909116417 移动方向: 0.26415062 , 0 , -0.9644814
2025-12-05 21:32:57.3689 (StateSyncRequestHandler.cs:17) 玩家ID:482736422909116417 移动到新位置: 7.4135113 , 0 , 4.7194004
2025-12-05 21:32:57.4763 (StateSyncRequestHandler.cs:17) 玩家ID:482736422909116417 移动方向: 0.13662304 , 0 , -0.9906231
2025-12-05 21:32:57.4763 (StateSyncRequestHandler.cs:17) 玩家ID:482736422909116417 移动到新位置: 7.4544983 , 0 , 4.4222136
2025-12-05 21:32:57.5768 (StateSyncRequestHandler.cs:17) 玩家ID:482736422909116417 移动方向: 0.08353695 , 0 , -0.9965047
2025-12-05 21:32:57.5768 (StateSyncRequestHandler.cs:17) 玩家ID:482736422909116417 移动到新位置: 7.4795594 , 0 , 4.123262
2025-12-05 21:32:57.6693 (StateSyncRequestHandler.cs:17) 玩家ID:482736422909116417 移动方向: 0.064369366 , 0 , -0.9979262
2025-12-05 21:32:57.6693 (StateSyncRequestHandler.cs:17) 玩家ID:482736422909116417 移动到新位置: 7.4988704 , 0 , 3.823884
2025-12-05 21:32:57.7674 (StateSyncRequestHandler.cs:17) 玩家ID:482736422909116417 移动方向: -0.6649888 , 0 , -0.74685335
2025-12-05 21:32:57.7674 (StateSyncRequestHandler.cs:17) 玩家ID:482736422909116417 移动到新位置: 7.2993736 , 0 , 3.599828
2025-12-05 21:32:57.8750 (StateSyncRequestHandler.cs:17) 玩家ID:482736422909116417 移动方向: -0.9984419 , 0 , -0.055801354
2025-12-05 21:32:57.8750 (StateSyncRequestHandler.cs:17) 玩家ID:482736422909116417 移动到新位置: 6.999841 , 0 , 3.5830877
2025-12-05 21:32:57.9685 (StateSyncRequestHandler.cs:17) 玩家ID:482736422909116417 移动方向: -0.99906635 , 0 , -0.04320225
2025-12-05 21:32:57.9685 (StateSyncRequestHandler.cs:17) 玩家ID:482736422909116417 移动到新位置: 6.7001214 , 0 , 3.570127
2025-12-05 21:32:58.0749 (StateSyncRequestHandler.cs:17) 玩家ID:482736422909116417 移动方向: -0.9991882 , 0 , 0.040286113
2025-12-05 21:32:58.0749 (StateSyncRequestHandler.cs:17) 玩家ID:482736422909116417 移动到新位置: 6.400365 , 0 , 3.582213
2025-12-05 21:32:58.1668 (StateSyncRequestHandler.cs:17) 玩家ID:482736422909116417 移动方向: -0.77293617 , 0 , -0.63448375
2025-12-05 21:32:58.1668 (StateSyncRequestHandler.cs:17) 玩家ID:482736422909116417 移动到新位置: 6.168484 , 0 , 3.3918679
2025-12-05 21:32:58.2747 (StateSyncRequestHandler.cs:17) 玩家ID:482736422909116417 移动方向: -0.12950172 , 0 , -0.99157923
2025-12-05 21:32:58.2747 (StateSyncRequestHandler.cs:17) 玩家ID:482736422909116417 移动到新位置: 6.129634 , 0 , 3.0943942
2025-12-05 21:32:58.3685 (StateSyncRequestHandler.cs:17) 玩家ID:482736422909116417 移动方向: -0.13938946 , 0 , -0.99023765
2025-12-05 21:32:58.3685 (StateSyncRequestHandler.cs:17) 玩家ID:482736422909116417 移动到新位置: 6.087817 , 0 , 2.797323
2025-12-05 21:32:58.4665 (StateSyncRequestHandler.cs:17) 玩家ID:482736422909116417 移动方向: 0.59868747 , 0 , -0.80098265
2025-12-05 21:32:58.4665 (StateSyncRequestHandler.cs:17) 玩家ID:482736422909116417 移动到新位置: 6.2674236 , 0 , 2.5570283
2025-12-05 21:32:58.5741 (StateSyncRequestHandler.cs:17) 玩家ID:482736422909116417 移动方向: 0.5976781 , 0 , -0.8017361
2025-12-05 21:32:58.5741 (StateSyncRequestHandler.cs:17) 玩家ID:482736422909116417 移动到新位置: 6.4467273 , 0 , 2.3165073
2025-12-05 21:32:58.6735 (StateSyncRequestHandler.cs:17) 玩家ID:482736422909116417 移动方向: 0.597395 , 0 , -0.8019471
2025-12-05 21:32:58.6735 (StateSyncRequestHandler.cs:17) 玩家ID:482736422909116417 移动到新位置: 6.6259456 , 0 , 2.0759232
2025-12-05 21:32:58.7749 (StateSyncRequestHandler.cs:17) 玩家ID:482736422909116417 移动方向: -0.1447412 , 0 , -0.9894696
2025-12-05 21:32:58.7749 (StateSyncRequestHandler.cs:17) 玩家ID:482736422909116417 移动到新位置: 6.5825233 , 0 , 1.7790823
2025-12-05 21:32:58.8708 (StateSyncRequestHandler.cs:17) 玩家ID:482736422909116417 移动方向: -0.14477505 , 0 , -0.98946464
2025-12-05 21:32:58.8708 (StateSyncRequestHandler.cs:17) 玩家ID:482736422909116417 移动到新位置: 6.5390906 , 0 , 1.482243
2025-12-05 21:32:58.9694 (StateSyncRequestHandler.cs:17) 玩家ID:482736422909116417 移动方向: -0.8020346 , 0 , -0.5972775
2025-12-05 21:32:58.9694 (StateSyncRequestHandler.cs:17) 玩家ID:482736422909116417 移动到新位置: 6.29848 , 0 , 1.3030597
2025-12-05 21:32:59.0683 (StateSyncRequestHandler.cs:17) 玩家ID:482736422909116417 移动方向: -0.80203617 , 0 , -0.5972754
2025-12-05 21:32:59.0683 (StateSyncRequestHandler.cs:17) 玩家ID:482736422909116417 移动到新位置: 6.057869 , 0 , 1.123877
2025-12-05 21:32:59.1674 (StateSyncRequestHandler.cs:17) 玩家ID:482736422909116417 移动方向: -0.80203676 , 0 , -0.59727466
2025-12-05 21:32:59.1674 (StateSyncRequestHandler.cs:17) 玩家ID:482736422909116417 移动到新位置: 5.817258 , 0 , 0.94469464
2025-12-05 21:32:59.2720 (StateSyncRequestHandler.cs:17) 玩家ID:482736422909116417 移动方向: -0.80203676 , 0 , -0.59727466
2025-12-05 21:32:59.2720 (StateSyncRequestHandler.cs:17) 玩家ID:482736422909116417 移动到新位置: 5.576647 , 0 , 0.7655122
2025-12-05 21:32:59.3687 (StateSyncRequestHandler.cs:17) 玩家ID:482736422909116417 移动方向: -0.15287954 , 0 , -0.9882449
2025-12-05 21:32:59.3687 (StateSyncRequestHandler.cs:17) 玩家ID:482736422909116417 移动到新位置: 5.530783 , 0 , 0.46903878
2025-12-05 21:32:59.4735 (StateSyncRequestHandler.cs:17) 玩家ID:482736422909116417 移动方向: -0.19814421 , 0 , -0.9801729
2025-12-05 21:32:59.4735 (StateSyncRequestHandler.cs:17) 玩家ID:482736422909116417 移动到新位置: 5.4713397 , 0 , 0.17498693
2025-12-05 21:32:59.5676 (StateSyncRequestHandler.cs:17) 玩家ID:482736422909116417 移动方向: -0.27685347 , 0 , -0.96091217
2025-12-05 21:32:59.5676 (StateSyncRequestHandler.cs:17) 玩家ID:482736422909116417 移动到新位置: 5.3882837 , 0 , -0.11328673
2025-12-05 21:32:59.6723 (StateSyncRequestHandler.cs:17) 玩家ID:482736422909116417 移动方向: -0.9267063 , 0 , -0.3757862
2025-12-05 21:32:59.6723 (StateSyncRequestHandler.cs:17) 玩家ID:482736422909116417 移动到新位置: 5.110272 , 0 , -0.22602259
2025-12-05 21:32:59.7733 (StateSyncRequestHandler.cs:17) 玩家ID:482736422909116417 移动方向: -0.972661 , 0 , -0.23222947
2025-12-05 21:32:59.7733 (StateSyncRequestHandler.cs:17) 玩家ID:482736422909116417 移动到新位置: 4.818474 , 0 , -0.29569143
2025-12-05 21:32:59.8719 (StateSyncRequestHandler.cs:17) 玩家ID:482736422909116417 移动方向: -0.99711037 , 0 , -0.07596588
2025-12-05 21:32:59.8719 (StateSyncRequestHandler.cs:17) 玩家ID:482736422909116417 移动到新位置: 4.5193405 , 0 , -0.3184812
2025-12-05 21:32:59.9751 (StateSyncRequestHandler.cs:17) 玩家ID:482736422909116417 移动方向: -0.99966514 , 0 , 0.025875092
2025-12-05 21:32:59.9751 (StateSyncRequestHandler.cs:17) 玩家ID:482736422909116417 移动到新位置: 4.219441 , 0 , -0.3107187
2025-12-05 21:33:00.0704 (StateSyncRequestHandler.cs:17) 玩家ID:482736422909116417 移动方向: -0.997774 , 0 , 0.06668553
2025-12-05 21:33:00.0704 (StateSyncRequestHandler.cs:17) 玩家ID:482736422909116417 移动到新位置: 3.9201088 , 0 , -0.290713
2025-12-05 21:33:00.1720 (StateSyncRequestHandler.cs:17) 玩家ID:482736422909116417 移动方向: -0.6395589 , 0 , 0.7687421
2025-12-05 21:33:00.1720 (StateSyncRequestHandler.cs:17) 玩家ID:482736422909116417 移动到新位置: 3.792197 , 0 , -0.1369646
2025-12-05 21:33:00.2735 (StateSyncRequestHandler.cs:17) 玩家ID:482736422909116417 移动到新位置: 3.792197 , 0 , -0.1369646
