2025-12-05 16:05:19.4292 (EntryLobbyRequestHandler.cs:65) 玩家上次上线位置：x:3.4200916, y:0, z:-4.02859
2025-12-05 16:05:19.4292 (EntryLobbyRequestHandler.cs:83) 当前没有其他玩家在线，无需广播
2025-12-05 16:05:19.4748 (SessionDisposeComponentSystem.cs:70) 当前服务器上没有其他玩家在线，无需广播下线消息
2025-12-05 16:05:19.4748 (SessionDisposeComponentSystem.cs:125) 账号ID:482734309785206785 数据已保存到数据库
2025-12-05 16:05:19.4748 (SessionDisposeComponentSystem.cs:76) 玩家ID:482734309785206785 下线成功 , 下线位置:x:3.4200916, y:0, z:-4.02859
2025-12-05 16:07:38.0081 (EntryLobbyRequestHandler.cs:65) 玩家上次上线位置：x:3.4200916, y:0, z:-4.02859
2025-12-05 16:07:38.0081 (EntryLobbyRequestHandler.cs:83) 当前没有其他玩家在线，无需广播
2025-12-05 16:07:38.0579 (SessionDisposeComponentSystem.cs:70) 当前服务器上没有其他玩家在线，无需广播下线消息
2025-12-05 16:07:38.0579 (SessionDisposeComponentSystem.cs:125) 账号ID:482734309785206785 数据已保存到数据库
2025-12-05 16:07:38.0579 (SessionDisposeComponentSystem.cs:76) 玩家ID:482734309785206785 下线成功 , 下线位置:x:3.4200916, y:0, z:-4.02859
2025-12-05 16:10:14.6384 (EntryLobbyRequestHandler.cs:65) 玩家上次上线位置：x:-0.5777329, y:0, z:2.229942
2025-12-05 16:10:14.6384 (EntryLobbyRequestHandler.cs:83) 当前没有其他玩家在线，无需广播
2025-12-05 16:10:14.6755 (SessionDisposeComponentSystem.cs:70) 当前服务器上没有其他玩家在线，无需广播下线消息
2025-12-05 16:10:14.6786 (SessionDisposeComponentSystem.cs:125) 账号ID:482736422909116417 数据已保存到数据库
2025-12-05 16:10:14.6786 (SessionDisposeComponentSystem.cs:76) 玩家ID:482736422909116417 下线成功 , 下线位置:x:-0.5777329, y:0, z:2.229942
2025-12-05 16:12:20.1980 (EntryLobbyRequestHandler.cs:65) 玩家上次上线位置：x:-0.5777329, y:0, z:2.229942
2025-12-05 16:12:20.1980 (EntryLobbyRequestHandler.cs:83) 当前没有其他玩家在线，无需广播
2025-12-05 16:12:21.7724 (StateSyncRequestHandler.cs:36) 当前没有其他玩家在线，无需广播状态同步消息
2025-12-05 16:12:21.8639 (StateSyncRequestHandler.cs:36) 当前没有其他玩家在线，无需广播状态同步消息
2025-12-05 16:12:21.9610 (StateSyncRequestHandler.cs:36) 当前没有其他玩家在线，无需广播状态同步消息
2025-12-05 16:12:22.0632 (StateSyncRequestHandler.cs:36) 当前没有其他玩家在线，无需广播状态同步消息
2025-12-05 16:12:22.1600 (StateSyncRequestHandler.cs:36) 当前没有其他玩家在线，无需广播状态同步消息
2025-12-05 16:12:22.2653 (StateSyncRequestHandler.cs:36) 当前没有其他玩家在线，无需广播状态同步消息
2025-12-05 16:12:22.3653 (StateSyncRequestHandler.cs:36) 当前没有其他玩家在线，无需广播状态同步消息
2025-12-05 16:12:22.4616 (StateSyncRequestHandler.cs:36) 当前没有其他玩家在线，无需广播状态同步消息
2025-12-05 16:12:22.5638 (StateSyncRequestHandler.cs:36) 当前没有其他玩家在线，无需广播状态同步消息
2025-12-05 16:12:22.6690 (StateSyncRequestHandler.cs:36) 当前没有其他玩家在线，无需广播状态同步消息
2025-12-05 16:12:22.7671 (StateSyncRequestHandler.cs:36) 当前没有其他玩家在线，无需广播状态同步消息
2025-12-05 16:12:22.8644 (StateSyncRequestHandler.cs:36) 当前没有其他玩家在线，无需广播状态同步消息
2025-12-05 16:12:22.9621 (StateSyncRequestHandler.cs:36) 当前没有其他玩家在线，无需广播状态同步消息
2025-12-05 16:12:23.0654 (StateSyncRequestHandler.cs:36) 当前没有其他玩家在线，无需广播状态同步消息
2025-12-05 16:12:23.1617 (StateSyncRequestHandler.cs:36) 当前没有其他玩家在线，无需广播状态同步消息
2025-12-05 16:12:23.2608 (StateSyncRequestHandler.cs:36) 当前没有其他玩家在线，无需广播状态同步消息
2025-12-05 16:12:23.3583 (StateSyncRequestHandler.cs:36) 当前没有其他玩家在线，无需广播状态同步消息
2025-12-05 16:12:23.4669 (StateSyncRequestHandler.cs:36) 当前没有其他玩家在线，无需广播状态同步消息
2025-12-05 16:12:23.5651 (StateSyncRequestHandler.cs:36) 当前没有其他玩家在线，无需广播状态同步消息
2025-12-05 16:12:23.6631 (StateSyncRequestHandler.cs:36) 当前没有其他玩家在线，无需广播状态同步消息
2025-12-05 16:12:23.7635 (StateSyncRequestHandler.cs:36) 当前没有其他玩家在线，无需广播状态同步消息
2025-12-05 16:12:23.8604 (StateSyncRequestHandler.cs:36) 当前没有其他玩家在线，无需广播状态同步消息
2025-12-05 16:12:23.9626 (StateSyncRequestHandler.cs:36) 当前没有其他玩家在线，无需广播状态同步消息
2025-12-05 16:12:24.0616 (StateSyncRequestHandler.cs:36) 当前没有其他玩家在线，无需广播状态同步消息
2025-12-05 16:12:24.1664 (StateSyncRequestHandler.cs:36) 当前没有其他玩家在线，无需广播状态同步消息
2025-12-05 16:12:24.2640 (StateSyncRequestHandler.cs:36) 当前没有其他玩家在线，无需广播状态同步消息
2025-12-05 16:12:24.3656 (StateSyncRequestHandler.cs:36) 当前没有其他玩家在线，无需广播状态同步消息
2025-12-05 16:12:24.4655 (StateSyncRequestHandler.cs:36) 当前没有其他玩家在线，无需广播状态同步消息
2025-12-05 16:12:26.3661 (StateSyncRequestHandler.cs:36) 当前没有其他玩家在线，无需广播状态同步消息
2025-12-05 16:12:26.4583 (StateSyncRequestHandler.cs:36) 当前没有其他玩家在线，无需广播状态同步消息
2025-12-05 16:12:26.5595 (StateSyncRequestHandler.cs:36) 当前没有其他玩家在线，无需广播状态同步消息
2025-12-05 16:12:26.6670 (StateSyncRequestHandler.cs:36) 当前没有其他玩家在线，无需广播状态同步消息
2025-12-05 16:12:26.7624 (StateSyncRequestHandler.cs:36) 当前没有其他玩家在线，无需广播状态同步消息
2025-12-05 16:12:26.8665 (StateSyncRequestHandler.cs:36) 当前没有其他玩家在线，无需广播状态同步消息
2025-12-05 16:12:26.9657 (StateSyncRequestHandler.cs:36) 当前没有其他玩家在线，无需广播状态同步消息
2025-12-05 16:12:27.0664 (StateSyncRequestHandler.cs:36) 当前没有其他玩家在线，无需广播状态同步消息
2025-12-05 16:12:27.1639 (StateSyncRequestHandler.cs:36) 当前没有其他玩家在线，无需广播状态同步消息
2025-12-05 16:12:27.2629 (StateSyncRequestHandler.cs:36) 当前没有其他玩家在线，无需广播状态同步消息
2025-12-05 16:12:27.3664  当前没有其他玩家在线，无需广播状态同步消息
2025-12-05 16:12:27.4607  当前没有其他玩家在线，无需广播状态同步消息
2025-12-05 16:12:27.5580  当前没有其他玩家在线，无需广播状态同步消息
2025-12-05 16:12:27.6622  当前没有其他玩家在线，无需广播状态同步消息
2025-12-05 16:12:27.7595  当前没有其他玩家在线，无需广播状态同步消息
2025-12-05 16:12:27.8615  当前没有其他玩家在线，无需广播状态同步消息
2025-12-05 16:12:27.9622  当前没有其他玩家在线，无需广播状态同步消息
2025-12-05 16:12:28.0657  当前没有其他玩家在线，无需广播状态同步消息
2025-12-05 16:12:28.1702  当前没有其他玩家在线，无需广播状态同步消息
2025-12-05 16:12:28.2647  当前没有其他玩家在线，无需广播状态同步消息
2025-12-05 16:12:35.3611  当前没有其他玩家在线，无需广播状态同步消息
2025-12-05 16:12:35.4636  当前没有其他玩家在线，无需广播状态同步消息
2025-12-05 16:12:35.5591  当前没有其他玩家在线，无需广播状态同步消息
2025-12-05 16:12:35.6580  当前没有其他玩家在线，无需广播状态同步消息
2025-12-05 16:12:35.7606  当前没有其他玩家在线，无需广播状态同步消息
2025-12-05 16:12:35.8667  当前没有其他玩家在线，无需广播状态同步消息
2025-12-05 16:12:35.9646  当前没有其他玩家在线，无需广播状态同步消息
2025-12-05 16:12:36.0654  当前没有其他玩家在线，无需广播状态同步消息
2025-12-05 16:12:36.1620  当前没有其他玩家在线，无需广播状态同步消息
2025-12-05 16:12:36.2692  当前没有其他玩家在线，无需广播状态同步消息
2025-12-05 16:12:36.3696  当前没有其他玩家在线，无需广播状态同步消息
2025-12-05 16:12:36.4599  当前没有其他玩家在线，无需广播状态同步消息
2025-12-05 16:12:36.5591  当前没有其他玩家在线，无需广播状态同步消息
2025-12-05 16:12:36.6581  当前没有其他玩家在线，无需广播状态同步消息
2025-12-05 16:12:36.7626  当前没有其他玩家在线，无需广播状态同步消息
2025-12-05 16:12:36.8661  当前没有其他玩家在线，无需广播状态同步消息
2025-12-05 16:12:36.9610  当前没有其他玩家在线，无需广播状态同步消息
2025-12-05 16:12:37.0637  当前没有其他玩家在线，无需广播状态同步消息
2025-12-05 16:12:37.1657  当前没有其他玩家在线，无需广播状态同步消息
2025-12-05 16:12:37.2587  当前没有其他玩家在线，无需广播状态同步消息
2025-12-05 16:12:37.3671  当前没有其他玩家在线，无需广播状态同步消息
2025-12-05 16:12:37.4637  当前没有其他玩家在线，无需广播状态同步消息
2025-12-05 16:12:37.5585  当前没有其他玩家在线，无需广播状态同步消息
2025-12-05 16:12:37.6627  当前没有其他玩家在线，无需广播状态同步消息
2025-12-05 16:12:37.7653  当前没有其他玩家在线，无需广播状态同步消息
2025-12-05 16:12:37.8664  当前没有其他玩家在线，无需广播状态同步消息
2025-12-05 16:12:37.9669  当前没有其他玩家在线，无需广播状态同步消息
2025-12-05 16:12:38.0623  当前没有其他玩家在线，无需广播状态同步消息
2025-12-05 16:12:38.1666  当前没有其他玩家在线，无需广播状态同步消息
2025-12-05 16:12:38.2665  当前没有其他玩家在线，无需广播状态同步消息
2025-12-05 16:12:38.3612  当前没有其他玩家在线，无需广播状态同步消息
2025-12-05 16:12:38.4639  当前没有其他玩家在线，无需广播状态同步消息
2025-12-05 16:12:38.5670  当前没有其他玩家在线，无需广播状态同步消息
2025-12-05 16:12:38.6585  当前没有其他玩家在线，无需广播状态同步消息
2025-12-05 16:12:38.7652  当前没有其他玩家在线，无需广播状态同步消息
2025-12-05 16:12:38.8639  当前没有其他玩家在线，无需广播状态同步消息
2025-12-05 16:12:38.9652  当前没有其他玩家在线，无需广播状态同步消息
2025-12-05 16:12:39.0599  当前没有其他玩家在线，无需广播状态同步消息
2025-12-05 16:12:39.1599  当前没有其他玩家在线，无需广播状态同步消息
2025-12-05 16:12:39.2652  当前没有其他玩家在线，无需广播状态同步消息
2025-12-05 16:12:39.3635  当前没有其他玩家在线，无需广播状态同步消息
2025-12-05 16:12:39.4624  当前没有其他玩家在线，无需广播状态同步消息
2025-12-05 16:12:39.5665  当前没有其他玩家在线，无需广播状态同步消息
2025-12-05 16:12:39.6618  当前没有其他玩家在线，无需广播状态同步消息
2025-12-05 16:12:39.7601  当前没有其他玩家在线，无需广播状态同步消息
2025-12-05 16:12:39.8572  当前没有其他玩家在线，无需广播状态同步消息
2025-12-05 16:12:39.9631  当前没有其他玩家在线，无需广播状态同步消息
2025-12-05 16:12:40.0659  当前没有其他玩家在线，无需广播状态同步消息
2025-12-05 16:12:40.1588  当前没有其他玩家在线，无需广播状态同步消息
2025-12-05 16:12:40.2665  当前没有其他玩家在线，无需广播状态同步消息
2025-12-05 16:12:40.3637  当前没有其他玩家在线，无需广播状态同步消息
2025-12-05 16:12:40.4612  当前没有其他玩家在线，无需广播状态同步消息
2025-12-05 16:12:40.5606  当前没有其他玩家在线，无需广播状态同步消息
2025-12-05 16:12:40.6599  当前没有其他玩家在线，无需广播状态同步消息
2025-12-05 16:12:40.7655  当前没有其他玩家在线，无需广播状态同步消息
2025-12-05 16:12:40.8608  当前没有其他玩家在线，无需广播状态同步消息
2025-12-05 16:12:40.9660  当前没有其他玩家在线，无需广播状态同步消息
2025-12-05 16:12:41.0648  当前没有其他玩家在线，无需广播状态同步消息
2025-12-05 16:12:44.2671  当前没有其他玩家在线，无需广播状态同步消息
2025-12-05 16:12:44.3662  当前没有其他玩家在线，无需广播状态同步消息
2025-12-05 16:12:44.4653  当前没有其他玩家在线，无需广播状态同步消息
2025-12-05 16:12:44.5628  当前没有其他玩家在线，无需广播状态同步消息
2025-12-05 16:12:44.6681  当前没有其他玩家在线，无需广播状态同步消息
2025-12-05 16:12:44.7636  当前没有其他玩家在线，无需广播状态同步消息
2025-12-05 16:12:44.8595  当前没有其他玩家在线，无需广播状态同步消息
2025-12-05 16:12:44.9637  当前没有其他玩家在线，无需广播状态同步消息
2025-12-05 16:12:45.0574  当前没有其他玩家在线，无需广播状态同步消息
2025-12-05 16:12:45.1626  当前没有其他玩家在线，无需广播状态同步消息
2025-12-05 16:12:45.2685  当前没有其他玩家在线，无需广播状态同步消息
2025-12-05 16:12:45.3638  当前没有其他玩家在线，无需广播状态同步消息
2025-12-05 16:12:55.1538  当前服务器上没有其他玩家在线，无需广播下线消息
2025-12-05 16:12:55.1538  账号ID:482736422909116417 数据已保存到数据库
2025-12-05 16:12:55.1538  玩家ID:482736422909116417 下线成功 , 下线位置:x:-2.3374753, y:0, z:3.097974
2025-12-05 16:13:31.1491  玩家上次上线位置：x:-2.3374753, y:0, z:3.097974
2025-12-05 16:13:31.1491  当前没有其他玩家在线，无需广播
2025-12-05 16:14:11.1006  当前服务器上没有其他玩家在线，无需广播下线消息
2025-12-05 16:14:11.1006  账号ID:482736422909116417 数据已保存到数据库
2025-12-05 16:14:11.1006  玩家ID:482736422909116417 下线成功 , 下线位置:x:-2.3374753, y:0, z:3.097974
2025-12-05 16:14:45.7959  玩家上次上线位置：x:-2.3374753, y:0, z:3.097974
2025-12-05 16:14:45.7959  当前没有其他玩家在线，无需广播
2025-12-05 16:14:47.3498  当前没有其他玩家在线，无需广播状态同步消息
2025-12-05 16:14:47.4444  当前没有其他玩家在线，无需广播状态同步消息
2025-12-05 16:14:47.5483  当前没有其他玩家在线，无需广播状态同步消息
2025-12-05 16:14:47.6449  当前没有其他玩家在线，无需广播状态同步消息
2025-12-05 16:14:47.7544  当前没有其他玩家在线，无需广播状态同步消息
2025-12-05 16:14:47.8458  当前没有其他玩家在线，无需广播状态同步消息
2025-12-05 16:14:51.8492  当前没有其他玩家在线，无需广播状态同步消息
2025-12-05 16:14:51.9469  当前没有其他玩家在线，无需广播状态同步消息
2025-12-05 16:14:52.0436  当前没有其他玩家在线，无需广播状态同步消息
2025-12-05 16:14:52.1509  当前没有其他玩家在线，无需广播状态同步消息
2025-12-05 16:14:52.2509  当前没有其他玩家在线，无需广播状态同步消息
2025-12-05 16:14:52.3482  当前没有其他玩家在线，无需广播状态同步消息
2025-12-05 16:14:52.4456  当前没有其他玩家在线，无需广播状态同步消息
2025-12-05 16:14:52.5429  当前没有其他玩家在线，无需广播状态同步消息
2025-12-05 16:14:52.6521  当前没有其他玩家在线，无需广播状态同步消息
2025-12-05 16:14:52.7515  当前没有其他玩家在线，无需广播状态同步消息
2025-12-05 16:14:52.8490  当前没有其他玩家在线，无需广播状态同步消息
2025-12-05 16:14:52.9455  当前没有其他玩家在线，无需广播状态同步消息
2025-12-05 16:14:53.0483  当前没有其他玩家在线，无需广播状态同步消息
2025-12-05 16:14:53.1440  当前没有其他玩家在线，无需广播状态同步消息
2025-12-05 16:14:53.2470  当前没有其他玩家在线，无需广播状态同步消息
2025-12-05 16:14:53.3480  当前没有其他玩家在线，无需广播状态同步消息
2025-12-05 16:14:53.4488  当前没有其他玩家在线，无需广播状态同步消息
2025-12-05 16:14:53.5454  当前没有其他玩家在线，无需广播状态同步消息
2025-12-05 16:14:53.6487  当前没有其他玩家在线，无需广播状态同步消息
2025-12-05 16:14:53.7488  当前没有其他玩家在线，无需广播状态同步消息
2025-12-05 16:14:53.8428  当前没有其他玩家在线，无需广播状态同步消息
2025-12-05 16:14:53.9431  当前没有其他玩家在线，无需广播状态同步消息
2025-12-05 16:14:54.0514  当前没有其他玩家在线，无需广播状态同步消息
2025-12-05 16:15:05.7515  当前服务器上没有其他玩家在线，无需广播下线消息
2025-12-05 16:15:05.7550  账号ID:482736422909116417 数据已保存到数据库
2025-12-05 16:15:05.7550  玩家ID:482736422909116417 下线成功 , 下线位置:x:-1.288371, y:0, z:2.3258278
2025-12-05 16:18:07.6553  玩家上次上线位置：x:3.4200916, y:0, z:-4.02859
2025-12-05 16:18:07.6553  当前没有其他玩家在线，无需广播
2025-12-05 16:18:08.9942  当前没有其他玩家在线，无需广播状态同步消息
2025-12-05 16:18:09.0862  当前没有其他玩家在线，无需广播状态同步消息
2025-12-05 16:18:09.1782  当前没有其他玩家在线，无需广播状态同步消息
2025-12-05 16:18:09.2881  当前没有其他玩家在线，无需广播状态同步消息
2025-12-05 16:18:09.3804  当前没有其他玩家在线，无需广播状态同步消息
2025-12-05 16:18:09.4882  当前没有其他玩家在线，无需广播状态同步消息
2025-12-05 16:18:09.5828  当前没有其他玩家在线，无需广播状态同步消息
2025-12-05 16:18:09.6907  当前没有其他玩家在线，无需广播状态同步消息
2025-12-05 16:18:09.7851  当前没有其他玩家在线，无需广播状态同步消息
2025-12-05 16:18:09.8946  当前没有其他玩家在线，无需广播状态同步消息
2025-12-05 16:18:09.9888  当前没有其他玩家在线，无需广播状态同步消息
2025-12-05 16:18:10.0809  当前没有其他玩家在线，无需广播状态同步消息
2025-12-05 16:18:10.1904  当前没有其他玩家在线，无需广播状态同步消息
2025-12-05 16:18:10.2850  当前没有其他玩家在线，无需广播状态同步消息
2025-12-05 16:18:10.3929  当前没有其他玩家在线，无需广播状态同步消息
2025-12-05 16:18:12.8909  当前没有其他玩家在线，无需广播状态同步消息
2025-12-05 16:18:12.9836  当前没有其他玩家在线，无需广播状态同步消息
2025-12-05 16:18:13.0906  当前没有其他玩家在线，无需广播状态同步消息
2025-12-05 16:18:13.1831  当前没有其他玩家在线，无需广播状态同步消息
2025-12-05 16:18:13.2788  当前没有其他玩家在线，无需广播状态同步消息
2025-12-05 16:18:13.3884  当前没有其他玩家在线，无需广播状态同步消息
2025-12-05 16:18:13.4806  当前没有其他玩家在线，无需广播状态同步消息
2025-12-05 16:18:13.5909  当前没有其他玩家在线，无需广播状态同步消息
2025-12-05 16:18:13.6841  当前没有其他玩家在线，无需广播状态同步消息
2025-12-05 16:18:13.7935  当前没有其他玩家在线，无需广播状态同步消息
2025-12-05 16:18:13.8886  当前没有其他玩家在线，无需广播状态同步消息
2025-12-05 16:18:13.9807  当前没有其他玩家在线，无需广播状态同步消息
2025-12-05 16:18:14.0898  当前没有其他玩家在线，无需广播状态同步消息
2025-12-05 16:18:14.1838  当前没有其他玩家在线，无需广播状态同步消息
2025-12-05 16:18:14.2776  当前没有其他玩家在线，无需广播状态同步消息
2025-12-05 16:18:14.3861  当前没有其他玩家在线，无需广播状态同步消息
2025-12-05 16:18:14.4805  当前没有其他玩家在线，无需广播状态同步消息
2025-12-05 16:18:14.5878  当前没有其他玩家在线，无需广播状态同步消息
2025-12-05 16:18:14.6824  当前没有其他玩家在线，无需广播状态同步消息
2025-12-05 16:18:14.7926  当前没有其他玩家在线，无需广播状态同步消息
2025-12-05 16:18:14.8851  当前没有其他玩家在线，无需广播状态同步消息
2025-12-05 16:18:14.9782  当前没有其他玩家在线，无需广播状态同步消息
2025-12-05 16:18:15.0869  当前没有其他玩家在线，无需广播状态同步消息
2025-12-05 16:18:15.1809  当前没有其他玩家在线，无需广播状态同步消息
2025-12-05 16:18:15.2741  当前没有其他玩家在线，无需广播状态同步消息
2025-12-05 16:18:15.4003  当前没有其他玩家在线，无需广播状态同步消息
2025-12-05 16:18:15.4796  当前没有其他玩家在线，无需广播状态同步消息
2025-12-05 16:18:15.5876  当前没有其他玩家在线，无需广播状态同步消息
2025-12-05 16:18:15.6795  当前没有其他玩家在线，无需广播状态同步消息
2025-12-05 16:18:15.7893  当前没有其他玩家在线，无需广播状态同步消息
2025-12-05 16:18:15.8813  当前没有其他玩家在线，无需广播状态同步消息
2025-12-05 16:18:15.9911  当前没有其他玩家在线，无需广播状态同步消息
2025-12-05 16:18:16.0847  当前没有其他玩家在线，无需广播状态同步消息
2025-12-05 16:18:16.1802  当前没有其他玩家在线，无需广播状态同步消息
2025-12-05 16:18:16.2895  当前没有其他玩家在线，无需广播状态同步消息
2025-12-05 16:18:16.3836  当前没有其他玩家在线，无需广播状态同步消息
2025-12-05 16:18:16.4907  当前没有其他玩家在线，无需广播状态同步消息
2025-12-05 16:18:16.5833  当前没有其他玩家在线，无需广播状态同步消息
2025-12-05 16:18:16.6906  当前没有其他玩家在线，无需广播状态同步消息
2025-12-05 16:18:16.7837  当前没有其他玩家在线，无需广播状态同步消息
2025-12-05 16:18:16.8755  当前没有其他玩家在线，无需广播状态同步消息
2025-12-05 16:18:16.9862  当前没有其他玩家在线，无需广播状态同步消息
2025-12-05 16:18:17.0800  当前没有其他玩家在线，无需广播状态同步消息
2025-12-05 16:18:17.1897  当前没有其他玩家在线，无需广播状态同步消息
2025-12-05 16:18:17.2839  当前没有其他玩家在线，无需广播状态同步消息
2025-12-05 16:18:17.3923  当前没有其他玩家在线，无需广播状态同步消息
2025-12-05 16:18:17.4851  当前没有其他玩家在线，无需广播状态同步消息
2025-12-05 16:18:17.5774  当前没有其他玩家在线，无需广播状态同步消息
2025-12-05 16:18:17.6871  当前没有其他玩家在线，无需广播状态同步消息
2025-12-05 16:18:17.7792  当前没有其他玩家在线，无需广播状态同步消息
2025-12-05 16:18:17.8882  当前没有其他玩家在线，无需广播状态同步消息
2025-12-05 16:18:17.9944  当前没有其他玩家在线，无需广播状态同步消息
2025-12-05 16:18:18.0871  当前没有其他玩家在线，无需广播状态同步消息
2025-12-05 16:18:18.1800  当前没有其他玩家在线，无需广播状态同步消息
2025-12-05 16:18:18.2891  当前没有其他玩家在线，无需广播状态同步消息
2025-12-05 16:18:18.3827  当前没有其他玩家在线，无需广播状态同步消息
2025-12-05 16:18:18.4906  当前没有其他玩家在线，无需广播状态同步消息
2025-12-05 16:18:18.5837  当前没有其他玩家在线，无需广播状态同步消息
2025-12-05 16:18:18.6928  当前没有其他玩家在线，无需广播状态同步消息
2025-12-05 16:18:18.7878  当前没有其他玩家在线，无需广播状态同步消息
2025-12-05 16:18:18.8827  当前没有其他玩家在线，无需广播状态同步消息
2025-12-05 16:18:18.9748  当前没有其他玩家在线，无需广播状态同步消息
2025-12-05 16:18:19.0850  当前没有其他玩家在线，无需广播状态同步消息
2025-12-05 16:18:19.1788  当前没有其他玩家在线，无需广播状态同步消息
2025-12-05 16:18:19.2880  当前没有其他玩家在线，无需广播状态同步消息
2025-12-05 16:18:19.3951  当前没有其他玩家在线，无需广播状态同步消息
2025-12-05 16:18:19.4899  当前没有其他玩家在线，无需广播状态同步消息
2025-12-05 16:18:19.5953  当前没有其他玩家在线，无需广播状态同步消息
2025-12-05 16:18:19.6722  当前没有其他玩家在线，无需广播状态同步消息
2025-12-05 16:18:19.7807  当前没有其他玩家在线，无需广播状态同步消息
2025-12-05 16:18:19.8742  当前没有其他玩家在线，无需广播状态同步消息
2025-12-05 16:18:19.9824  当前没有其他玩家在线，无需广播状态同步消息
2025-12-05 16:18:20.0923  当前没有其他玩家在线，无需广播状态同步消息
2025-12-05 16:18:20.1859  当前没有其他玩家在线，无需广播状态同步消息
2025-12-05 16:18:20.2804  当前没有其他玩家在线，无需广播状态同步消息
2025-12-05 16:18:20.3870  当前没有其他玩家在线，无需广播状态同步消息
2025-12-05 16:18:20.4792  当前没有其他玩家在线，无需广播状态同步消息
2025-12-05 16:18:20.5872  当前没有其他玩家在线，无需广播状态同步消息
2025-12-05 16:18:20.6938  当前没有其他玩家在线，无需广播状态同步消息
2025-12-05 16:18:20.7856  当前没有其他玩家在线，无需广播状态同步消息
2025-12-05 16:18:20.8803  当前没有其他玩家在线，无需广播状态同步消息
2025-12-05 16:18:20.9745  当前没有其他玩家在线，无需广播状态同步消息
2025-12-05 16:18:21.0834  当前没有其他玩家在线，无需广播状态同步消息
2025-12-05 16:18:21.1920  当前没有其他玩家在线，无需广播状态同步消息
2025-12-05 16:18:21.2842  当前没有其他玩家在线，无需广播状态同步消息
2025-12-05 16:18:21.3781  当前没有其他玩家在线，无需广播状态同步消息
2025-12-05 16:18:21.4858  当前没有其他玩家在线，无需广播状态同步消息
2025-12-05 16:18:21.5782  当前没有其他玩家在线，无需广播状态同步消息
2025-12-05 16:18:21.6868  当前没有其他玩家在线，无需广播状态同步消息
2025-12-05 16:18:21.7795  当前没有其他玩家在线，无需广播状态同步消息
2025-12-05 16:18:21.8893  当前没有其他玩家在线，无需广播状态同步消息
2025-12-05 16:18:21.9998  当前没有其他玩家在线，无需广播状态同步消息
2025-12-05 16:18:22.0931  当前没有其他玩家在线，无需广播状态同步消息
2025-12-05 16:18:22.1873  当前没有其他玩家在线，无需广播状态同步消息
2025-12-05 16:18:22.2795  当前没有其他玩家在线，无需广播状态同步消息
2025-12-05 16:18:22.3732  当前没有其他玩家在线，无需广播状态同步消息
2025-12-05 16:18:22.4832  当前没有其他玩家在线，无需广播状态同步消息
2025-12-05 16:18:22.5916  当前没有其他玩家在线，无需广播状态同步消息
2025-12-05 16:18:22.6842  当前没有其他玩家在线，无需广播状态同步消息
2025-12-05 16:18:22.7933  当前没有其他玩家在线，无需广播状态同步消息
2025-12-05 16:18:22.8832  当前没有其他玩家在线，无需广播状态同步消息
2025-12-05 16:18:22.9916  当前没有其他玩家在线，无需广播状态同步消息
2025-12-05 16:18:23.0863  当前没有其他玩家在线，无需广播状态同步消息
2025-12-05 16:18:23.1809  当前没有其他玩家在线，无需广播状态同步消息
2025-12-05 16:18:23.2867  当前没有其他玩家在线，无需广播状态同步消息
2025-12-05 16:18:23.3791  当前没有其他玩家在线，无需广播状态同步消息
2025-12-05 16:18:23.4878  当前没有其他玩家在线，无需广播状态同步消息
2025-12-05 16:18:23.5827  当前没有其他玩家在线，无需广播状态同步消息
2025-12-05 16:18:23.6755  当前没有其他玩家在线，无需广播状态同步消息
2025-12-05 16:18:23.7827  当前没有其他玩家在线，无需广播状态同步消息
2025-12-05 16:18:23.8913  当前没有其他玩家在线，无需广播状态同步消息
2025-12-05 16:18:23.9838  当前没有其他玩家在线，无需广播状态同步消息
2025-12-05 16:18:24.0756  当前没有其他玩家在线，无需广播状态同步消息
2025-12-05 16:18:24.1851  当前没有其他玩家在线，无需广播状态同步消息
2025-12-05 16:18:24.2780  当前没有其他玩家在线，无需广播状态同步消息
2025-12-05 16:18:24.3870  当前没有其他玩家在线，无需广播状态同步消息
2025-12-05 16:18:24.4812  当前没有其他玩家在线，无需广播状态同步消息
2025-12-05 16:18:24.5750  当前没有其他玩家在线，无需广播状态同步消息
2025-12-05 16:18:24.6833  当前没有其他玩家在线，无需广播状态同步消息
2025-12-05 16:18:24.7769  当前没有其他玩家在线，无需广播状态同步消息
2025-12-05 16:18:24.8856  当前没有其他玩家在线，无需广播状态同步消息
2025-12-05 16:18:24.9790  当前没有其他玩家在线，无需广播状态同步消息
2025-12-05 16:18:25.0863  当前没有其他玩家在线，无需广播状态同步消息
2025-12-05 16:18:25.1812  当前没有其他玩家在线，无需广播状态同步消息
2025-12-05 16:18:25.2904  当前没有其他玩家在线，无需广播状态同步消息
2025-12-05 16:18:25.3826  当前没有其他玩家在线，无需广播状态同步消息
2025-12-05 16:18:25.4930  当前没有其他玩家在线，无需广播状态同步消息
2025-12-05 16:18:25.5863  当前没有其他玩家在线，无需广播状态同步消息
2025-12-05 16:18:25.6967  当前没有其他玩家在线，无需广播状态同步消息
2025-12-05 16:18:25.7908  当前没有其他玩家在线，无需广播状态同步消息
2025-12-05 16:18:25.8824  当前没有其他玩家在线，无需广播状态同步消息
2025-12-05 16:18:25.9756  当前没有其他玩家在线，无需广播状态同步消息
2025-12-05 16:18:26.0822  当前没有其他玩家在线，无需广播状态同步消息
2025-12-05 16:18:26.1751  当前没有其他玩家在线，无需广播状态同步消息
2025-12-05 16:18:27.1847  当前没有其他玩家在线，无需广播状态同步消息
2025-12-05 16:18:27.2767  当前没有其他玩家在线，无需广播状态同步消息
2025-12-05 16:18:27.3853  当前没有其他玩家在线，无需广播状态同步消息
2025-12-05 16:18:27.4789  当前没有其他玩家在线，无需广播状态同步消息
2025-12-05 16:18:27.5883  当前没有其他玩家在线，无需广播状态同步消息
2025-12-05 16:18:27.6819  当前没有其他玩家在线，无需广播状态同步消息
2025-12-05 16:18:27.7769  当前没有其他玩家在线，无需广播状态同步消息
2025-12-05 16:18:27.8846  当前没有其他玩家在线，无需广播状态同步消息
2025-12-05 16:18:27.9933  当前没有其他玩家在线，无需广播状态同步消息
2025-12-05 16:18:28.0875  当前没有其他玩家在线，无需广播状态同步消息
2025-12-05 16:18:28.1807  当前没有其他玩家在线，无需广播状态同步消息
2025-12-05 16:18:28.2900  当前没有其他玩家在线，无需广播状态同步消息
2025-12-05 16:18:28.3829  当前没有其他玩家在线，无需广播状态同步消息
2025-12-05 16:18:28.4769  当前没有其他玩家在线，无需广播状态同步消息
2025-12-05 16:18:28.5843  当前没有其他玩家在线，无需广播状态同步消息
2025-12-05 16:18:28.6785  当前没有其他玩家在线，无需广播状态同步消息
2025-12-05 16:18:28.7884  当前没有其他玩家在线，无需广播状态同步消息
2025-12-05 16:18:28.8823  当前没有其他玩家在线，无需广播状态同步消息
2025-12-05 16:18:28.9909  当前没有其他玩家在线，无需广播状态同步消息
2025-12-05 16:18:29.0832  当前没有其他玩家在线，无需广播状态同步消息
2025-12-05 16:18:29.1751  当前没有其他玩家在线，无需广播状态同步消息
2025-12-05 16:18:29.2847  当前没有其他玩家在线，无需广播状态同步消息
2025-12-05 16:18:29.3775  当前没有其他玩家在线，无需广播状态同步消息
2025-12-05 16:18:29.4860  当前没有其他玩家在线，无需广播状态同步消息
2025-12-05 16:18:29.5787  当前没有其他玩家在线，无需广播状态同步消息
2025-12-05 16:18:29.6877  当前没有其他玩家在线，无需广播状态同步消息
2025-12-05 16:18:29.7834  当前没有其他玩家在线，无需广播状态同步消息
2025-12-05 16:18:29.8766  当前没有其他玩家在线，无需广播状态同步消息
2025-12-05 16:18:29.9822  当前没有其他玩家在线，无需广播状态同步消息
2025-12-05 16:18:30.0759  当前没有其他玩家在线，无需广播状态同步消息
2025-12-05 16:18:30.1870  当前没有其他玩家在线，无需广播状态同步消息
2025-12-05 16:18:30.2824  当前没有其他玩家在线，无需广播状态同步消息
2025-12-05 16:18:30.3904  当前没有其他玩家在线，无需广播状态同步消息
2025-12-05 16:18:30.4835  当前没有其他玩家在线，无需广播状态同步消息
2025-12-05 16:18:30.5778  当前没有其他玩家在线，无需广播状态同步消息
2025-12-05 16:18:30.6857  当前没有其他玩家在线，无需广播状态同步消息
2025-12-05 16:18:30.7927  当前没有其他玩家在线，无需广播状态同步消息
2025-12-05 16:18:30.8872  当前没有其他玩家在线，无需广播状态同步消息
2025-12-05 16:18:30.9807  当前没有其他玩家在线，无需广播状态同步消息
2025-12-05 16:18:31.0744  当前没有其他玩家在线，无需广播状态同步消息
2025-12-05 16:18:31.1811  当前没有其他玩家在线，无需广播状态同步消息
2025-12-05 16:18:31.2900  当前没有其他玩家在线，无需广播状态同步消息
2025-12-05 16:18:31.3996  当前没有其他玩家在线，无需广播状态同步消息
2025-12-05 16:18:31.4923  当前没有其他玩家在线，无需广播状态同步消息
2025-12-05 16:18:31.5853  当前没有其他玩家在线，无需广播状态同步消息
2025-12-05 16:18:31.6955  当前没有其他玩家在线，无需广播状态同步消息
2025-12-05 16:18:31.7744  当前没有其他玩家在线，无需广播状态同步消息
2025-12-05 16:18:31.8856  当前没有其他玩家在线，无需广播状态同步消息
2025-12-05 16:18:31.9789  当前没有其他玩家在线，无需广播状态同步消息
2025-12-05 16:18:32.0865  当前没有其他玩家在线，无需广播状态同步消息
2025-12-05 16:18:32.1804  当前没有其他玩家在线，无需广播状态同步消息
2025-12-05 16:18:32.2884  当前没有其他玩家在线，无需广播状态同步消息
2025-12-05 16:18:32.3820  当前没有其他玩家在线，无需广播状态同步消息
2025-12-05 16:18:32.4892  当前没有其他玩家在线，无需广播状态同步消息
2025-12-05 16:18:32.5811  当前没有其他玩家在线，无需广播状态同步消息
2025-12-05 16:18:32.6903  当前没有其他玩家在线，无需广播状态同步消息
2025-12-05 16:18:32.7807  当前没有其他玩家在线，无需广播状态同步消息
2025-12-05 16:18:32.8880  当前没有其他玩家在线，无需广播状态同步消息
2025-12-05 16:18:32.9816  当前没有其他玩家在线，无需广播状态同步消息
2025-12-05 16:18:33.0915  当前没有其他玩家在线，无需广播状态同步消息
2025-12-05 16:18:33.1845  当前没有其他玩家在线，无需广播状态同步消息
2025-12-05 16:18:33.2938  当前没有其他玩家在线，无需广播状态同步消息
2025-12-05 16:18:33.3870  当前没有其他玩家在线，无需广播状态同步消息
2025-12-05 16:18:33.4813  当前没有其他玩家在线，无需广播状态同步消息
2025-12-05 16:18:33.5744  当前没有其他玩家在线，无需广播状态同步消息
2025-12-05 16:18:33.6841  当前没有其他玩家在线，无需广播状态同步消息
2025-12-05 16:18:33.7931  当前没有其他玩家在线，无需广播状态同步消息
2025-12-05 16:18:33.8850  当前没有其他玩家在线，无需广播状态同步消息
2025-12-05 16:18:33.9927  当前没有其他玩家在线，无需广播状态同步消息
2025-12-05 16:18:34.0853  当前没有其他玩家在线，无需广播状态同步消息
2025-12-05 16:18:34.1790  当前没有其他玩家在线，无需广播状态同步消息
2025-12-05 16:18:34.2877  当前没有其他玩家在线，无需广播状态同步消息
2025-12-05 16:18:34.3808  当前没有其他玩家在线，无需广播状态同步消息
2025-12-05 16:18:34.4909  当前没有其他玩家在线，无需广播状态同步消息
2025-12-05 16:18:34.5854  当前没有其他玩家在线，无需广播状态同步消息
2025-12-05 16:18:34.6763  当前没有其他玩家在线，无需广播状态同步消息
2025-12-05 16:18:34.7855  当前没有其他玩家在线，无需广播状态同步消息
2025-12-05 16:18:42.7922  当前没有其他玩家在线，无需广播状态同步消息
2025-12-05 16:18:42.8857  当前没有其他玩家在线，无需广播状态同步消息
2025-12-05 16:18:42.9797  当前没有其他玩家在线，无需广播状态同步消息
2025-12-05 16:18:43.0745  当前没有其他玩家在线，无需广播状态同步消息
2025-12-05 16:18:43.1849  当前没有其他玩家在线，无需广播状态同步消息
2025-12-05 16:18:43.2795  当前没有其他玩家在线，无需广播状态同步消息
2025-12-05 16:18:43.3903  当前没有其他玩家在线，无需广播状态同步消息
2025-12-05 16:18:43.4823  当前没有其他玩家在线，无需广播状态同步消息
2025-12-05 16:18:43.5908  当前没有其他玩家在线，无需广播状态同步消息
2025-12-05 16:18:43.6840  当前没有其他玩家在线，无需广播状态同步消息
2025-12-05 16:18:43.7780  当前没有其他玩家在线，无需广播状态同步消息
2025-12-05 16:18:43.8883  当前没有其他玩家在线，无需广播状态同步消息
2025-12-05 16:18:43.9812  当前没有其他玩家在线，无需广播状态同步消息
2025-12-05 16:18:44.0895  当前没有其他玩家在线，无需广播状态同步消息
2025-12-05 16:18:44.1981  当前没有其他玩家在线，无需广播状态同步消息
2025-12-05 16:18:44.2929  当前没有其他玩家在线，无需广播状态同步消息
2025-12-05 16:18:44.3876  当前没有其他玩家在线，无需广播状态同步消息
2025-12-05 16:18:44.4807  当前没有其他玩家在线，无需广播状态同步消息
2025-12-05 16:18:44.5908  当前没有其他玩家在线，无需广播状态同步消息
2025-12-05 16:18:44.6804  当前没有其他玩家在线，无需广播状态同步消息
2025-12-05 16:18:44.7886  当前没有其他玩家在线，无需广播状态同步消息
2025-12-05 16:18:44.8822  当前没有其他玩家在线，无需广播状态同步消息
2025-12-05 16:18:44.9933  当前没有其他玩家在线，无需广播状态同步消息
2025-12-05 16:18:45.0882  当前没有其他玩家在线，无需广播状态同步消息
2025-12-05 16:18:45.1812  当前没有其他玩家在线，无需广播状态同步消息
2025-12-05 16:18:45.2874  当前没有其他玩家在线，无需广播状态同步消息
2025-12-05 16:18:45.3802  当前没有其他玩家在线，无需广播状态同步消息
2025-12-05 16:18:45.4908  当前没有其他玩家在线，无需广播状态同步消息
2025-12-05 16:18:45.5826  当前没有其他玩家在线，无需广播状态同步消息
2025-12-05 16:18:45.6747  当前没有其他玩家在线，无需广播状态同步消息
2025-12-05 16:18:45.7823  当前没有其他玩家在线，无需广播状态同步消息
2025-12-05 16:18:45.8768  当前没有其他玩家在线，无需广播状态同步消息
2025-12-05 16:18:45.9873  当前没有其他玩家在线，无需广播状态同步消息
2025-12-05 16:18:46.0953  当前没有其他玩家在线，无需广播状态同步消息
2025-12-05 16:18:46.1875  当前没有其他玩家在线，无需广播状态同步消息
2025-12-05 16:18:46.2816  当前没有其他玩家在线，无需广播状态同步消息
2025-12-05 16:18:46.3907  当前没有其他玩家在线，无需广播状态同步消息
2025-12-05 16:18:46.4826  当前没有其他玩家在线，无需广播状态同步消息
2025-12-05 16:18:46.5768  当前没有其他玩家在线，无需广播状态同步消息
2025-12-05 16:18:46.6884  当前没有其他玩家在线，无需广播状态同步消息
2025-12-05 16:18:46.7797  当前没有其他玩家在线，无需广播状态同步消息
2025-12-05 16:18:46.8725  当前没有其他玩家在线，无需广播状态同步消息
2025-12-05 16:18:46.9808  当前没有其他玩家在线，无需广播状态同步消息
2025-12-05 16:18:47.0891  当前没有其他玩家在线，无需广播状态同步消息
2025-12-05 16:18:47.1820  当前没有其他玩家在线，无需广播状态同步消息
2025-12-05 16:18:47.2906  当前没有其他玩家在线，无需广播状态同步消息
2025-12-05 16:18:47.3841  当前没有其他玩家在线，无需广播状态同步消息
2025-12-05 16:18:47.4781  当前没有其他玩家在线，无需广播状态同步消息
2025-12-05 16:18:57.6516  当前服务器上没有其他玩家在线，无需广播下线消息
2025-12-05 16:18:57.6516  账号ID:482734309785206785 数据已保存到数据库
2025-12-05 16:18:57.6516  玩家ID:482734309785206785 下线成功 , 下线位置:x:-7.243096, y:0, z:-6.5005875
2025-12-05 16:32:23.7274  玩家上次上线位置：x:-7.243096, y:0, z:-6.5005875
2025-12-05 16:32:23.7274  当前没有其他玩家在线，无需广播
2025-12-05 16:32:25.3352  当前没有其他玩家在线，无需广播状态同步消息
2025-12-05 16:32:25.4289  当前没有其他玩家在线，无需广播状态同步消息
2025-12-05 16:32:25.5307  当前没有其他玩家在线，无需广播状态同步消息
2025-12-05 16:32:25.6275  当前没有其他玩家在线，无需广播状态同步消息
2025-12-05 16:32:25.7293  当前没有其他玩家在线，无需广播状态同步消息
2025-12-05 16:32:25.8329  当前没有其他玩家在线，无需广播状态同步消息
2025-12-05 16:32:25.9237  当前没有其他玩家在线，无需广播状态同步消息
2025-12-05 16:32:26.0289  当前没有其他玩家在线，无需广播状态同步消息
2025-12-05 16:32:26.1291  当前没有其他玩家在线，无需广播状态同步消息
2025-12-05 16:32:26.2274  当前没有其他玩家在线，无需广播状态同步消息
2025-12-05 16:32:28.0252  当前没有其他玩家在线，无需广播状态同步消息
2025-12-05 16:32:28.1302  当前没有其他玩家在线，无需广播状态同步消息
2025-12-05 16:32:28.2267  当前没有其他玩家在线，无需广播状态同步消息
2025-12-05 16:32:28.3248  当前没有其他玩家在线，无需广播状态同步消息
2025-12-05 16:32:28.4302  当前没有其他玩家在线，无需广播状态同步消息
2025-12-05 16:32:28.5224  当前没有其他玩家在线，无需广播状态同步消息
2025-12-05 16:32:28.6249  当前没有其他玩家在线，无需广播状态同步消息
2025-12-05 16:32:30.3330  当前没有其他玩家在线，无需广播状态同步消息
2025-12-05 16:32:30.4275  当前没有其他玩家在线，无需广播状态同步消息
2025-12-05 16:32:30.5229  当前没有其他玩家在线，无需广播状态同步消息
2025-12-05 16:32:30.6249  当前没有其他玩家在线，无需广播状态同步消息
2025-12-05 16:32:30.7263  当前没有其他玩家在线，无需广播状态同步消息
2025-12-05 16:32:30.8315  当前没有其他玩家在线，无需广播状态同步消息
2025-12-05 16:32:30.9279  当前没有其他玩家在线，无需广播状态同步消息
2025-12-05 16:32:31.0253  当前没有其他玩家在线，无需广播状态同步消息
2025-12-05 16:32:31.1261  当前没有其他玩家在线，无需广播状态同步消息
2025-12-05 16:32:31.2274  当前没有其他玩家在线，无需广播状态同步消息
2025-12-05 16:32:31.3266  当前没有其他玩家在线，无需广播状态同步消息
2025-12-05 16:32:31.4322  当前没有其他玩家在线，无需广播状态同步消息
2025-12-05 16:32:31.5241  当前没有其他玩家在线，无需广播状态同步消息
2025-12-05 16:32:31.6316  当前没有其他玩家在线，无需广播状态同步消息
2025-12-05 16:32:31.7276  当前没有其他玩家在线，无需广播状态同步消息
2025-12-05 16:32:31.8286  当前没有其他玩家在线，无需广播状态同步消息
2025-12-05 16:32:31.9324  当前没有其他玩家在线，无需广播状态同步消息
2025-12-05 16:32:32.0288  当前没有其他玩家在线，无需广播状态同步消息
2025-12-05 16:32:32.1241  当前没有其他玩家在线，无需广播状态同步消息
2025-12-05 16:32:32.2242  当前没有其他玩家在线，无需广播状态同步消息
2025-12-05 16:32:32.3326  当前没有其他玩家在线，无需广播状态同步消息
2025-12-05 16:32:32.4272  当前没有其他玩家在线，无需广播状态同步消息
2025-12-05 16:32:32.5276  当前没有其他玩家在线，无需广播状态同步消息
2025-12-05 16:32:32.6327  当前没有其他玩家在线，无需广播状态同步消息
2025-12-05 16:32:32.7228  当前没有其他玩家在线，无需广播状态同步消息
2025-12-05 16:32:32.8286  当前没有其他玩家在线，无需广播状态同步消息
2025-12-05 16:32:32.9302  当前没有其他玩家在线，无需广播状态同步消息
2025-12-05 16:32:33.0307  当前没有其他玩家在线，无需广播状态同步消息
2025-12-05 16:32:33.1260  当前没有其他玩家在线，无需广播状态同步消息
2025-12-05 16:32:33.2259  当前没有其他玩家在线，无需广播状态同步消息
2025-12-05 16:32:33.3283  当前没有其他玩家在线，无需广播状态同步消息
2025-12-05 16:32:33.4234  当前没有其他玩家在线，无需广播状态同步消息
2025-12-05 16:32:33.5284  当前没有其他玩家在线，无需广播状态同步消息
2025-12-05 16:32:33.6283  当前没有其他玩家在线，无需广播状态同步消息
2025-12-05 16:32:33.7306  当前没有其他玩家在线，无需广播状态同步消息
2025-12-05 16:32:33.8324  当前没有其他玩家在线，无需广播状态同步消息
2025-12-05 16:32:33.9273  当前没有其他玩家在线，无需广播状态同步消息
2025-12-05 16:32:34.0314  当前没有其他玩家在线，无需广播状态同步消息
2025-12-05 16:32:34.1309  当前没有其他玩家在线，无需广播状态同步消息
2025-12-05 16:32:34.2305  当前没有其他玩家在线，无需广播状态同步消息
2025-12-05 16:32:34.3274  当前没有其他玩家在线，无需广播状态同步消息
2025-12-05 16:32:34.4291  当前没有其他玩家在线，无需广播状态同步消息
2025-12-05 16:32:34.5285  当前没有其他玩家在线，无需广播状态同步消息
2025-12-05 16:32:34.6276  当前没有其他玩家在线，无需广播状态同步消息
2025-12-05 16:32:34.7323  当前没有其他玩家在线，无需广播状态同步消息
2025-12-05 16:32:34.8317  当前没有其他玩家在线，无需广播状态同步消息
2025-12-05 16:32:34.9266  当前没有其他玩家在线，无需广播状态同步消息
2025-12-05 16:32:35.0256  当前没有其他玩家在线，无需广播状态同步消息
2025-12-05 16:32:35.1284  当前没有其他玩家在线，无需广播状态同步消息
2025-12-05 16:32:35.2444  当前没有其他玩家在线，无需广播状态同步消息
2025-12-05 16:32:35.3286  当前没有其他玩家在线，无需广播状态同步消息
2025-12-05 16:32:35.4330  当前没有其他玩家在线，无需广播状态同步消息
2025-12-05 16:32:35.5244  当前没有其他玩家在线，无需广播状态同步消息
2025-12-05 16:32:35.6280  当前没有其他玩家在线，无需广播状态同步消息
2025-12-05 16:32:35.7325  当前没有其他玩家在线，无需广播状态同步消息
2025-12-05 16:32:35.8317  当前没有其他玩家在线，无需广播状态同步消息
2025-12-05 16:32:35.9341  当前没有其他玩家在线，无需广播状态同步消息
2025-12-05 16:32:36.0281  当前没有其他玩家在线，无需广播状态同步消息
2025-12-05 16:32:36.1323  当前没有其他玩家在线，无需广播状态同步消息
2025-12-05 16:32:36.2305  当前没有其他玩家在线，无需广播状态同步消息
2025-12-05 16:32:36.3335  当前没有其他玩家在线，无需广播状态同步消息
2025-12-05 16:32:36.4329  当前没有其他玩家在线，无需广播状态同步消息
2025-12-05 16:32:36.5253  当前没有其他玩家在线，无需广播状态同步消息
2025-12-05 16:32:36.6269  当前没有其他玩家在线，无需广播状态同步消息
2025-12-05 16:32:36.7250  当前没有其他玩家在线，无需广播状态同步消息
2025-12-05 16:32:36.8312  当前没有其他玩家在线，无需广播状态同步消息
2025-12-05 16:32:36.9321  当前没有其他玩家在线，无需广播状态同步消息
2025-12-05 16:32:37.0331  当前没有其他玩家在线，无需广播状态同步消息
2025-12-05 16:32:37.1303  当前没有其他玩家在线，无需广播状态同步消息
2025-12-05 16:32:37.2229  当前没有其他玩家在线，无需广播状态同步消息
2025-12-05 16:32:37.3305  当前没有其他玩家在线，无需广播状态同步消息
2025-12-05 16:32:37.4237  当前没有其他玩家在线，无需广播状态同步消息
2025-12-05 16:32:37.5269  当前没有其他玩家在线，无需广播状态同步消息
2025-12-05 16:32:37.6246  当前没有其他玩家在线，无需广播状态同步消息
2025-12-05 16:32:37.7238  当前没有其他玩家在线，无需广播状态同步消息
2025-12-05 16:32:37.8257  当前没有其他玩家在线，无需广播状态同步消息
2025-12-05 16:32:37.9275  当前没有其他玩家在线，无需广播状态同步消息
2025-12-05 16:32:38.0298  当前没有其他玩家在线，无需广播状态同步消息
2025-12-05 16:32:38.1364  当前没有其他玩家在线，无需广播状态同步消息
2025-12-05 16:32:38.2281  当前没有其他玩家在线，无需广播状态同步消息
2025-12-05 16:32:41.7270  当前没有其他玩家在线，无需广播状态同步消息
2025-12-05 16:32:41.8290  当前没有其他玩家在线，无需广播状态同步消息
2025-12-05 16:32:41.9265  当前没有其他玩家在线，无需广播状态同步消息
2025-12-05 16:32:42.0291  当前没有其他玩家在线，无需广播状态同步消息
2025-12-05 16:32:42.1225  当前没有其他玩家在线，无需广播状态同步消息
2025-12-05 16:32:42.2314  当前没有其他玩家在线，无需广播状态同步消息
2025-12-05 16:32:42.3294  当前没有其他玩家在线，无需广播状态同步消息
2025-12-05 16:32:42.4257  当前没有其他玩家在线，无需广播状态同步消息
2025-12-05 16:32:42.5310  当前没有其他玩家在线，无需广播状态同步消息
2025-12-05 16:32:42.6331  当前没有其他玩家在线，无需广播状态同步消息
2025-12-05 16:32:42.7301  当前没有其他玩家在线，无需广播状态同步消息
2025-12-05 16:32:42.8283  当前没有其他玩家在线，无需广播状态同步消息
2025-12-05 16:32:42.9233  当前没有其他玩家在线，无需广播状态同步消息
2025-12-05 16:32:43.0278  当前没有其他玩家在线，无需广播状态同步消息
2025-12-05 16:32:43.1257  当前没有其他玩家在线，无需广播状态同步消息
2025-12-05 16:32:43.2241  当前没有其他玩家在线，无需广播状态同步消息
2025-12-05 16:32:43.3290  当前没有其他玩家在线，无需广播状态同步消息
2025-12-05 16:32:43.4243  当前没有其他玩家在线，无需广播状态同步消息
2025-12-05 16:32:43.5283  当前没有其他玩家在线，无需广播状态同步消息
2025-12-05 16:32:43.6255  当前没有其他玩家在线，无需广播状态同步消息
2025-12-05 16:32:43.7247  当前没有其他玩家在线，无需广播状态同步消息
2025-12-05 16:32:43.8249  当前没有其他玩家在线，无需广播状态同步消息
2025-12-05 16:32:43.9292  当前没有其他玩家在线，无需广播状态同步消息
2025-12-05 16:32:44.0237  当前没有其他玩家在线，无需广播状态同步消息
2025-12-05 16:32:44.1273  当前没有其他玩家在线，无需广播状态同步消息
2025-12-05 16:32:44.2240  当前没有其他玩家在线，无需广播状态同步消息
2025-12-05 16:32:44.3298  当前没有其他玩家在线，无需广播状态同步消息
2025-12-05 16:32:44.4282  当前没有其他玩家在线，无需广播状态同步消息
2025-12-05 16:32:44.5247  当前没有其他玩家在线，无需广播状态同步消息
2025-12-05 16:32:44.6252  当前没有其他玩家在线，无需广播状态同步消息
2025-12-05 16:32:44.7311  当前没有其他玩家在线，无需广播状态同步消息
2025-12-05 16:32:44.8281  当前没有其他玩家在线，无需广播状态同步消息
2025-12-05 16:33:44.3418  玩家上次上线位置：x:-1.288371, y:0, z:2.3258278
2025-12-05 16:33:44.3418  向ID:502235316734918657发送其他玩家登录请求
2025-12-05 16:36:29.4001  向玩家ID:482734309785206785 发送玩家ID:482736422909116417下线消息
2025-12-05 16:36:29.4131  账号ID:482736422909116417 数据已保存到数据库
2025-12-05 16:36:29.4131  玩家ID:482736422909116417 下线成功 , 下线位置:x:2.1608455, y:0, z:0.118619174
2025-12-05 16:39:08.8897  当前服务器上没有其他玩家在线，无需广播下线消息
2025-12-05 16:39:08.8959  账号ID:482734309785206785 数据已保存到数据库
2025-12-05 16:39:08.8959  玩家ID:482734309785206785 下线成功 , 下线位置:x:2.3049273, y:0, z:-1.3324229
