2025-12-05 19:07:34.6197  

==========================================================================
 
  ███████╗ █████╗ ███╗   ██╗████████╗ █████╗  ██████╗ ██╗   ██╗
  ██╔════╝██╔══██╗████╗  ██║╚══██╔══╝██╔══██╗██╔════╝ ╚██╗ ██╔╝
  █████╗  ███████║██╔██╗ ██║   ██║   ███████║╚█████╗   ╚████╔╝ 
  ██╔══╝  ██╔══██║██║╚██╗██║   ██║   ██╔══██║╚════██║   ╚██╔╝  
  ██║     ██║  ██║██║ ╚████║   ██║   ██║  ██║██████╔╝    ██║   
  ╚═╝     ╚═╝  ╚═╝╚═╝  ╚═══╝   ╚═╝   ╚═╝  ╚═╝╚═════╝     ╚═╝   
                                                            
 Version : Fantasy 2.0 Official version
==========================================================================

2025-12-05 19:07:34.6640  Current inner network protocol:TCP
2025-12-05 19:07:34.6640  Max Message Size(byte):1048560
2025-12-05 19:07:34.6640  Current session idle timeout:8000
2025-12-05 19:07:34.6640  Session-check interval:5000 
2025-12-05 19:07:35.1963  dbName:OnlineTest Initialize the db database and connect to the target.
2025-12-05 19:07:35.5310  dbName:OnlineTest Database connection successful.
2025-12-05 19:07:36.0826  SceneConfigId = 1001 networkTarget = Inner TCPServer Listen 127.0.0.1:11002
2025-12-05 19:07:36.5054  SceneConfigId = 1001 networkTarget = Outer KCPServer Listen 0.0.0.0:20000
2025-12-05 19:07:36.5070  Process:1 Startup Complete SceneCount:1
2025-12-05 19:07:41.7874 (LoginRequestHandler.cs:16) 收到登录请求
2025-12-05 19:07:42.0206 (EntryLobbyRequestHandler.cs:32) 进入大厅成功，玩家ID:482736422909116417
2025-12-05 19:07:43.9665 (LobbyPlayerManagerComponentSystem.cs:124) 玩家ID:482736422909116417 移动方向: 0.16517991 , 0 , -0.9862634
2025-12-05 19:07:43.9665 (LobbyPlayerManagerComponentSystem.cs:130) 玩家ID:482736422909116417 移动到新位置: 7.2547235 , 0 , 6.575642
2025-12-05 19:07:44.0653 (LobbyPlayerManagerComponentSystem.cs:124) 玩家ID:482736422909116417 移动方向: -0.4391631 , 0 , -0.8984074
2025-12-05 19:07:44.0653 (LobbyPlayerManagerComponentSystem.cs:130) 玩家ID:482736422909116417 移动到新位置: 7.166891 , 0 , 6.395961
2025-12-05 19:07:44.1572 (LobbyPlayerManagerComponentSystem.cs:124) 玩家ID:482736422909116417 移动方向: -0.38163075 , 0 , -0.92431486
2025-12-05 19:07:44.1572 (LobbyPlayerManagerComponentSystem.cs:130) 玩家ID:482736422909116417 移动到新位置: 7.0905647 , 0 , 6.2110977
2025-12-05 19:07:44.2685 (LobbyPlayerManagerComponentSystem.cs:124) 玩家ID:482736422909116417 移动方向: -0.36254296 , 0 , -0.9319671
2025-12-05 19:07:44.2685 (LobbyPlayerManagerComponentSystem.cs:130) 玩家ID:482736422909116417 移动到新位置: 7.018056 , 0 , 6.0247045
2025-12-05 19:07:44.3665 (LobbyPlayerManagerComponentSystem.cs:124) 玩家ID:482736422909116417 移动方向: -0.35675877 , 0 , -0.93419653
2025-12-05 19:07:44.3665 (LobbyPlayerManagerComponentSystem.cs:130) 玩家ID:482736422909116417 移动到新位置: 6.9467044 , 0 , 5.8378654
2025-12-05 19:07:44.4698 (LobbyPlayerManagerComponentSystem.cs:124) 玩家ID:482736422909116417 移动方向: -0.36224145 , 0 , -0.9320843
2025-12-05 19:07:44.4698 (LobbyPlayerManagerComponentSystem.cs:130) 玩家ID:482736422909116417 移动到新位置: 6.874256 , 0 , 5.6514482
2025-12-05 19:07:44.5512 (LobbyPlayerManagerComponentSystem.cs:124) 玩家ID:482736422909116417 移动方向: -0.36919084 , 0 , -0.9293536
2025-12-05 19:07:44.5512 (LobbyPlayerManagerComponentSystem.cs:130) 玩家ID:482736422909116417 移动到新位置: 6.800418 , 0 , 5.4655776
2025-12-05 19:07:44.6539 (LobbyPlayerManagerComponentSystem.cs:124) 玩家ID:482736422909116417 移动方向: -0.37586233 , 0 , -0.92667544
2025-12-05 19:07:44.6539 (LobbyPlayerManagerComponentSystem.cs:130) 玩家ID:482736422909116417 移动到新位置: 6.7252455 , 0 , 5.2802424
2025-12-05 19:07:44.7585 (LobbyPlayerManagerComponentSystem.cs:124) 玩家ID:482736422909116417 移动方向: -0.923551 , 0 , -0.3834756
2025-12-05 19:07:44.7585 (LobbyPlayerManagerComponentSystem.cs:130) 玩家ID:482736422909116417 移动到新位置: 6.5405354 , 0 , 5.2035475
2025-12-05 19:07:44.8584 (LobbyPlayerManagerComponentSystem.cs:124) 玩家ID:482736422909116417 移动方向: -0.9247252 , 0 , -0.38063553
2025-12-05 19:07:44.8584 (LobbyPlayerManagerComponentSystem.cs:130) 玩家ID:482736422909116417 移动到新位置: 6.3555903 , 0 , 5.1274204
2025-12-05 19:07:44.9557 (LobbyPlayerManagerComponentSystem.cs:124) 玩家ID:482736422909116417 移动方向: -0.38577715 , 0 , -0.922592
2025-12-05 19:07:44.9557 (LobbyPlayerManagerComponentSystem.cs:130) 玩家ID:482736422909116417 移动到新位置: 6.2784348 , 0 , 4.942902
2025-12-05 19:07:45.0587 (LobbyPlayerManagerComponentSystem.cs:124) 玩家ID:482736422909116417 移动方向: -0.38614056 , 0 , -0.92244
2025-12-05 19:07:45.0587 (LobbyPlayerManagerComponentSystem.cs:130) 玩家ID:482736422909116417 移动到新位置: 6.1625924 , 0 , 4.66617
2025-12-05 19:07:45.1589 (LobbyPlayerManagerComponentSystem.cs:124) 玩家ID:482736422909116417 移动方向: -0.38625398 , 0 , -0.9223925
2025-12-05 19:07:45.1589 (LobbyPlayerManagerComponentSystem.cs:130) 玩家ID:482736422909116417 移动到新位置: 6.046716 , 0 , 4.3894525
2025-12-05 19:07:45.2645 (LobbyPlayerManagerComponentSystem.cs:124) 玩家ID:482736422909116417 移动方向: -0.38660324 , 0 , -0.9222461
2025-12-05 19:07:45.2645 (LobbyPlayerManagerComponentSystem.cs:130) 玩家ID:482736422909116417 移动到新位置: 5.930735 , 0 , 4.1127787
2025-12-05 19:07:45.3647 (LobbyPlayerManagerComponentSystem.cs:124) 玩家ID:482736422909116417 移动方向: -0.38994014 , 0 , -0.92084026
2025-12-05 19:07:45.3647 (LobbyPlayerManagerComponentSystem.cs:130) 玩家ID:482736422909116417 移动到新位置: 5.813753 , 0 , 3.8365266
2025-12-05 19:07:45.4608 (LobbyPlayerManagerComponentSystem.cs:124) 玩家ID:482736422909116417 移动方向: -0.39244142 , 0 , -0.91977704
2025-12-05 19:07:45.4608 (LobbyPlayerManagerComponentSystem.cs:130) 玩家ID:482736422909116417 移动到新位置: 5.6960206 , 0 , 3.5605936
2025-12-05 19:07:45.5579 (LobbyPlayerManagerComponentSystem.cs:124) 玩家ID:482736422909116417 移动方向: -0.3961038 , 0 , -0.91820574
2025-12-05 19:07:45.5579 (LobbyPlayerManagerComponentSystem.cs:130) 玩家ID:482736422909116417 移动到新位置: 5.5771894 , 0 , 3.285132
2025-12-05 19:07:45.6621 (LobbyPlayerManagerComponentSystem.cs:124) 玩家ID:482736422909116417 移动方向: -0.39866883 , 0 , -0.91709495
2025-12-05 19:07:45.6621 (LobbyPlayerManagerComponentSystem.cs:130) 玩家ID:482736422909116417 移动到新位置: 5.4575887 , 0 , 3.0100036
2025-12-05 19:07:45.7569 (LobbyPlayerManagerComponentSystem.cs:124) 玩家ID:482736422909116417 移动方向: -0.40006274 , 0 , -0.9164878
2025-12-05 19:07:45.7569 (LobbyPlayerManagerComponentSystem.cs:130) 玩家ID:482736422909116417 移动到新位置: 5.3375697 , 0 , 2.7350574
2025-12-05 19:07:45.8631 (LobbyPlayerManagerComponentSystem.cs:124) 玩家ID:482736422909116417 移动方向: -0.40255418 , 0 , -0.91539615
2025-12-05 19:07:45.8631 (LobbyPlayerManagerComponentSystem.cs:130) 玩家ID:482736422909116417 移动到新位置: 5.2168036 , 0 , 2.4604385
2025-12-05 19:07:45.9516 (LobbyPlayerManagerComponentSystem.cs:124) 玩家ID:482736422909116417 移动方向: -0.40878043 , 0 , -0.91263276
2025-12-05 19:07:45.9516 (LobbyPlayerManagerComponentSystem.cs:130) 玩家ID:482736422909116417 移动到新位置: 5.0941696 , 0 , 2.1866486
2025-12-05 19:07:46.0557 (LobbyPlayerManagerComponentSystem.cs:130) 玩家ID:482736422909116417 移动到新位置: 4.276609 , 0 , 0.36138308
2025-12-05 19:07:48.4586 (LobbyPlayerManagerComponentSystem.cs:124) 玩家ID:482736422909116417 移动方向: -0.19523129 , 0 , -0.98075724
2025-12-05 19:07:48.4586 (LobbyPlayerManagerComponentSystem.cs:130) 玩家ID:482736422909116417 移动到新位置: 4.2375627 , 0 , 0.16523165
2025-12-05 19:07:48.5541 (LobbyPlayerManagerComponentSystem.cs:124) 玩家ID:482736422909116417 移动方向: -0.23329173 , 0 , -0.97240674
2025-12-05 19:07:48.5541 (LobbyPlayerManagerComponentSystem.cs:130) 玩家ID:482736422909116417 移动到新位置: 4.190904 , 0 , -0.029249698
2025-12-05 19:07:48.6568 (LobbyPlayerManagerComponentSystem.cs:124) 玩家ID:482736422909116417 移动方向: -0.29213938 , 0 , -0.9563758
2025-12-05 19:07:48.6568 (LobbyPlayerManagerComponentSystem.cs:130) 玩家ID:482736422909116417 移动到新位置: 4.1324763 , 0 , -0.22052485
2025-12-05 19:07:48.7599 (LobbyPlayerManagerComponentSystem.cs:124) 玩家ID:482736422909116417 移动方向: -0.3301513 , 0 , -0.94392806
2025-12-05 19:07:48.7599 (LobbyPlayerManagerComponentSystem.cs:130) 玩家ID:482736422909116417 移动到新位置: 4.033431 , 0 , -0.50370324
2025-12-05 19:07:48.8616 (LobbyPlayerManagerComponentSystem.cs:124) 玩家ID:482736422909116417 移动方向: -0.35597265 , 0 , -0.9344964
2025-12-05 19:07:48.8616 (LobbyPlayerManagerComponentSystem.cs:130) 玩家ID:482736422909116417 移动到新位置: 3.9266393 , 0 , -0.78405213
2025-12-05 19:07:48.9617 (LobbyPlayerManagerComponentSystem.cs:124) 玩家ID:482736422909116417 移动方向: -0.38638416 , 0 , -0.9223379
2025-12-05 19:07:48.9617 (LobbyPlayerManagerComponentSystem.cs:130) 玩家ID:482736422909116417 移动到新位置: 3.810724 , 0 , -1.0607535
2025-12-05 19:07:49.0633 (LobbyPlayerManagerComponentSystem.cs:124) 玩家ID:482736422909116417 移动方向: -0.90713686 , 0 , 0.42083573
2025-12-05 19:07:49.0633 (LobbyPlayerManagerComponentSystem.cs:130) 玩家ID:482736422909116417 移动到新位置: 3.538583 , 0 , -0.9345027
2025-12-05 19:07:49.1580 (StateSyncRequestHandler.cs:17) 玩家ID:482736422909116417 移动方向: -0.8936899 , 0 , 0.4486851
2025-12-05 19:07:49.1580 (StateSyncRequestHandler.cs:17) 玩家ID:482736422909116417 移动到新位置: 3.270476 , 0 , -0.7998972
2025-12-05 19:07:49.2559 (StateSyncRequestHandler.cs:17) 玩家ID:482736422909116417 移动方向: -0.8777835 , 0 , 0.4790576
2025-12-05 19:07:49.2559 (StateSyncRequestHandler.cs:17) 玩家ID:482736422909116417 移动到新位置: 3.007141 , 0 , -0.6561799
2025-12-05 19:07:49.3530 (StateSyncRequestHandler.cs:17) 玩家ID:482736422909116417 移动方向: -0.9799777 , 0 , -0.19910702
2025-12-05 19:07:49.3530 (StateSyncRequestHandler.cs:17) 玩家ID:482736422909116417 移动到新位置: 2.7131479 , 0 , -0.715912
2025-12-05 19:07:49.4519 (StateSyncRequestHandler.cs:17) 玩家ID:482736422909116417 移动方向: -0.6801796 , 0 , -0.7330455
2025-12-05 19:07:49.4519 (StateSyncRequestHandler.cs:17) 玩家ID:482736422909116417 移动到新位置: 2.509094 , 0 , -0.93582565
2025-12-05 19:07:49.5530 (StateSyncRequestHandler.cs:17) 玩家ID:482736422909116417 移动方向: -0.75082964 , 0 , -0.660496
2025-12-05 19:07:49.5530 (StateSyncRequestHandler.cs:17) 玩家ID:482736422909116417 移动到新位置: 2.2838452 , 0 , -1.1339744
2025-12-05 19:07:49.6534 (StateSyncRequestHandler.cs:17) 玩家ID:482736422909116417 移动方向: -0.77984273 , 0 , -0.6259755
2025-12-05 19:07:49.6534 (StateSyncRequestHandler.cs:17) 玩家ID:482736422909116417 移动到新位置: 2.0498924 , 0 , -1.3217671
2025-12-05 19:07:49.7564 (StateSyncRequestHandler.cs:17) 玩家ID:482736422909116417 移动到新位置: 0.49020696 , 0 , -2.573718
2025-12-05 19:07:54.7537 (StateSyncRequestHandler.cs:17) 玩家ID:482736422909116417 移动方向: -0.60668397 , 0 , 0.7949431
2025-12-05 19:07:54.7537 (StateSyncRequestHandler.cs:17) 玩家ID:482736422909116417 移动到新位置: 0.36887017 , 0 , -2.4147294
2025-12-05 19:07:54.8539 (StateSyncRequestHandler.cs:17) 玩家ID:482736422909116417 移动方向: -0.60668397 , 0 , 0.7949431
2025-12-05 19:07:54.8539 (StateSyncRequestHandler.cs:17) 玩家ID:482736422909116417 移动到新位置: 0.24753338 , 0 , -2.2557406
2025-12-05 19:07:54.9580 (StateSyncRequestHandler.cs:17) 玩家ID:482736422909116417 移动方向: -0.60668397 , 0 , 0.7949431
2025-12-05 19:07:54.9580 (StateSyncRequestHandler.cs:17) 玩家ID:482736422909116417 移动到新位置: 0.065528184 , 0 , -2.0172577
2025-12-05 19:07:55.0551 (StateSyncRequestHandler.cs:17) 玩家ID:482736422909116417 移动方向: -0.60668397 , 0 , 0.7949431
2025-12-05 19:07:55.0551 (StateSyncRequestHandler.cs:17) 玩家ID:482736422909116417 移动到新位置: -0.11647701 , 0 , -1.7787747
2025-12-05 19:07:55.1589 (StateSyncRequestHandler.cs:17) 玩家ID:482736422909116417 移动方向: -0.60668397 , 0 , 0.7949431
2025-12-05 19:07:55.1589 (StateSyncRequestHandler.cs:17) 玩家ID:482736422909116417 移动到新位置: -0.2984822 , 0 , -1.5402918
2025-12-05 19:07:55.2614 (StateSyncRequestHandler.cs:17) 玩家ID:482736422909116417 移动方向: -0.99044013 , 0 , 0.13794327
2025-12-05 19:07:55.2614 (StateSyncRequestHandler.cs:17) 玩家ID:482736422909116417 移动到新位置: -0.59561425 , 0 , -1.4989088
2025-12-05 19:07:55.3563 (StateSyncRequestHandler.cs:17) 玩家ID:482736422909116417 移动方向: -0.8028131 , 0 , -0.5962308
2025-12-05 19:07:55.3563 (StateSyncRequestHandler.cs:17) 玩家ID:482736422909116417 移动到新位置: -0.8364582 , 0 , -1.677778
2025-12-05 19:07:55.4601 (StateSyncRequestHandler.cs:17) 玩家ID:482736422909116417 移动方向: -0.16407412 , 0 , -0.986448
2025-12-05 19:07:55.4601 (StateSyncRequestHandler.cs:17) 玩家ID:482736422909116417 移动到新位置: -0.88568044 , 0 , -1.9737124
2025-12-05 19:07:55.5525 (StateSyncRequestHandler.cs:17) 玩家ID:482736422909116417 移动方向: 0.5705592 , 0 , -0.8212565
2025-12-05 19:07:55.5525 (StateSyncRequestHandler.cs:17) 玩家ID:482736422909116417 移动到新位置: -0.7145127 , 0 , -2.2200894
2025-12-05 19:07:55.6621 (StateSyncRequestHandler.cs:17) 玩家ID:482736422909116417 移动方向: 0.56488806 , 0 , -0.82516754
2025-12-05 19:07:55.6621 (StateSyncRequestHandler.cs:17) 玩家ID:482736422909116417 移动到新位置: -0.5450463 , 0 , -2.4676397
2025-12-05 19:07:55.7547 (StateSyncRequestHandler.cs:17) 玩家ID:482736422909116417 移动方向: 0.5630598 , 0 , -0.82641613
2025-12-05 19:07:55.7547 (StateSyncRequestHandler.cs:17) 玩家ID:482736422909116417 移动到新位置: -0.37612838 , 0 , -2.7155645
2025-12-05 19:07:55.8595 (StateSyncRequestHandler.cs:17) 玩家ID:482736422909116417 移动方向: -0.18698323 , 0 , -0.9823631
2025-12-05 19:07:55.8595 (StateSyncRequestHandler.cs:17) 玩家ID:482736422909116417 移动到新位置: -0.43222335 , 0 , -3.0102735
2025-12-05 19:07:55.9567 (StateSyncRequestHandler.cs:17) 玩家ID:482736422909116417 移动方向: -0.18726346 , 0 , -0.9823097
2025-12-05 19:07:55.9567 (StateSyncRequestHandler.cs:17) 玩家ID:482736422909116417 移动到新位置: -0.4884024 , 0 , -3.3049664
2025-12-05 19:07:56.0601 (StateSyncRequestHandler.cs:17) 玩家ID:482736422909116417 移动方向: 0.562115 , 0 , -0.8270591
2025-12-05 19:07:56.0601 (StateSyncRequestHandler.cs:17) 玩家ID:482736422909116417 移动到新位置: -0.3197679 , 0 , -3.5530841
2025-12-05 19:07:56.1599 (StateSyncRequestHandler.cs:17) 玩家ID:482736422909116417 移动方向: 0.8270736 , 0 , 0.5620937
2025-12-05 19:07:56.1599 (StateSyncRequestHandler.cs:17) 玩家ID:482736422909116417 移动到新位置: -0.07164581 , 0 , -3.3844562
2025-12-05 19:07:56.2532 (StateSyncRequestHandler.cs:17) 玩家ID:482736422909116417 移动方向: 0.8270776 , 0 , 0.5620878
2025-12-05 19:07:56.2532 (StateSyncRequestHandler.cs:17) 玩家ID:482736422909116417 移动到新位置: 0.17647746 , 0 , -3.2158298
2025-12-05 19:07:56.3622 (StateSyncRequestHandler.cs:17) 玩家ID:482736422909116417 移动方向: 0.82707894 , 0 , 0.56208575
2025-12-05 19:07:56.3622 (StateSyncRequestHandler.cs:17) 玩家ID:482736422909116417 移动到新位置: 0.42460114 , 0 , -3.047204
2025-12-05 19:07:56.4528 (StateSyncRequestHandler.cs:17) 玩家ID:482736422909116417 移动到新位置: 2.078759 , 0 , -1.9230325
2025-12-05 19:07:58.0556 (StateSyncRequestHandler.cs:17) 玩家ID:482736422909116417 移动方向: -0.91578436 , 0 , -0.40167034
2025-12-05 19:07:58.0556 (StateSyncRequestHandler.cs:17) 玩家ID:482736422909116417 移动到新位置: 1.8956021 , 0 , -2.0033665
2025-12-05 19:07:58.1577 (StateSyncRequestHandler.cs:17) 玩家ID:482736422909116417 移动方向: -0.92708445 , 0 , -0.3748525
2025-12-05 19:07:58.1577 (StateSyncRequestHandler.cs:17) 玩家ID:482736422909116417 移动到新位置: 1.7101853 , 0 , -2.078337
2025-12-05 19:07:58.2636 (StateSyncRequestHandler.cs:17) 玩家ID:482736422909116417 移动方向: -0.94927394 , 0 , -0.31445032
2025-12-05 19:07:58.2636 (StateSyncRequestHandler.cs:17) 玩家ID:482736422909116417 移动到新位置: 1.5203305 , 0 , -2.141227
2025-12-05 19:07:58.3517 (StateSyncRequestHandler.cs:17) 玩家ID:482736422909116417 移动方向: -0.9743707 , 0 , -0.22494815
2025-12-05 19:07:58.3517 (StateSyncRequestHandler.cs:17) 玩家ID:482736422909116417 移动到新位置: 1.3254564 , 0 , -2.1862166
2025-12-05 19:07:58.4587 (StateSyncRequestHandler.cs:17) 玩家ID:482736422909116417 移动方向: -0.9848508 , 0 , -0.17340365
2025-12-05 19:07:58.4587 (StateSyncRequestHandler.cs:17) 玩家ID:482736422909116417 移动到新位置: 1.1284862 , 0 , -2.2208974
2025-12-05 19:07:58.5521 (StateSyncRequestHandler.cs:17) 玩家ID:482736422909116417 移动方向: -0.9884108 , 0 , -0.15180285
2025-12-05 19:07:58.5521 (StateSyncRequestHandler.cs:17) 玩家ID:482736422909116417 移动到新位置: 0.930804 , 0 , -2.251258
2025-12-05 19:07:58.6565 (StateSyncRequestHandler.cs:17) 玩家ID:482736422909116417 移动方向: -0.98950166 , 0 , -0.14452142
2025-12-05 19:07:58.6565 (StateSyncRequestHandler.cs:17) 玩家ID:482736422909116417 移动到新位置: 0.7329037 , 0 , -2.280162
2025-12-05 19:07:58.7531 (StateSyncRequestHandler.cs:17) 玩家ID:482736422909116417 移动方向: -0.9898583 , 0 , -0.14205803
2025-12-05 19:07:58.7531 (StateSyncRequestHandler.cs:17) 玩家ID:482736422909116417 移动到新位置: 0.534932 , 0 , -2.3085737
2025-12-05 19:07:58.8525 (StateSyncRequestHandler.cs:17) 玩家ID:482736422909116417 移动方向: -0.98997307 , 0 , -0.14125615
2025-12-05 19:07:58.8525 (StateSyncRequestHandler.cs:17) 玩家ID:482736422909116417 移动到新位置: 0.3369374 , 0 , -2.336825
2025-12-05 19:07:58.9546 (StateSyncRequestHandler.cs:17) 玩家ID:482736422909116417 移动方向: -0.9900092 , 0 , -0.14100273
2025-12-05 19:07:58.9546 (StateSyncRequestHandler.cs:17) 玩家ID:482736422909116417 移动到新位置: 0.13893557 , 0 , -2.3650255
2025-12-05 19:07:59.0665 (StateSyncRequestHandler.cs:17) 玩家ID:482736422909116417 移动到新位置: 0.13893557 , 0 , -2.3650255
2025-12-05 19:08:01.6600 (StateSyncRequestHandler.cs:17) 玩家ID:482736422909116417 移动方向: 0.9900234 , 0 , 0.14090326
2025-12-05 19:08:01.6600 (StateSyncRequestHandler.cs:17) 玩家ID:482736422909116417 移动到新位置: 0.33694023 , 0 , -2.336845
2025-12-05 19:08:01.7587 (StateSyncRequestHandler.cs:17) 玩家ID:482736422909116417 移动方向: 0.60041857 , 0 , 0.79968584
2025-12-05 19:08:01.7587 (StateSyncRequestHandler.cs:17) 玩家ID:482736422909116417 移动到新位置: 0.45702392 , 0 , -2.1769078
2025-12-05 19:08:01.8564 (StateSyncRequestHandler.cs:17) 玩家ID:482736422909116417 移动方向: 0.60041857 , 0 , 0.79968584
2025-12-05 19:08:01.8564 (StateSyncRequestHandler.cs:17) 玩家ID:482736422909116417 移动到新位置: 0.63714945 , 0 , -1.9370021
2025-12-05 19:08:01.9546 (StateSyncRequestHandler.cs:17) 玩家ID:482736422909116417 移动方向: 0.60041857 , 0 , 0.79968584
2025-12-05 19:08:01.9546 (StateSyncRequestHandler.cs:17) 玩家ID:482736422909116417 移动到新位置: 0.81727505 , 0 , -1.6970963
2025-12-05 19:08:02.0532 (StateSyncRequestHandler.cs:17) 玩家ID:482736422909116417 移动方向: -0.79968584 , 0 , 0.60041857
2025-12-05 19:08:02.0532 (StateSyncRequestHandler.cs:17) 玩家ID:482736422909116417 移动到新位置: 0.57736933 , 0 , -1.5169708
2025-12-05 19:08:02.1561 (StateSyncRequestHandler.cs:17) 玩家ID:482736422909116417 移动方向: -0.79968584 , 0 , 0.60041857
2025-12-05 19:08:02.1561 (StateSyncRequestHandler.cs:17) 玩家ID:482736422909116417 移动到新位置: 0.3374636 , 0 , -1.3368452
2025-12-05 19:08:02.2547 (StateSyncRequestHandler.cs:17) 玩家ID:482736422909116417 移动方向: -0.9900234 , 0 , -0.14090326
2025-12-05 19:08:02.2547 (StateSyncRequestHandler.cs:17) 玩家ID:482736422909116417 移动到新位置: 0.040456563 , 0 , -1.3791162
2025-12-05 19:08:02.3531 (StateSyncRequestHandler.cs:17) 玩家ID:482736422909116417 移动方向: -0.9900234 , 0 , -0.14090326
2025-12-05 19:08:02.3531 (StateSyncRequestHandler.cs:17) 玩家ID:482736422909116417 移动到新位置: -0.25655046 , 0 , -1.4213872
2025-12-05 19:08:02.4528 (StateSyncRequestHandler.cs:17) 玩家ID:482736422909116417 移动方向: -0.9900234 , 0 , -0.14090326
2025-12-05 19:08:02.4528 (StateSyncRequestHandler.cs:17) 玩家ID:482736422909116417 移动到新位置: -0.5535575 , 0 , -1.4636582
2025-12-05 19:08:02.5576 (StateSyncRequestHandler.cs:17) 玩家ID:482736422909116417 移动方向: -0.9900234 , 0 , -0.14090326
2025-12-05 19:08:02.5576 (StateSyncRequestHandler.cs:17) 玩家ID:482736422909116417 移动到新位置: -0.85056454 , 0 , -1.5059292
2025-12-05 19:08:02.6565 (StateSyncRequestHandler.cs:17) 玩家ID:482736422909116417 移动方向: -0.9900234 , 0 , -0.14090326
2025-12-05 19:08:02.6565 (StateSyncRequestHandler.cs:17) 玩家ID:482736422909116417 移动到新位置: -1.1475716 , 0 , -1.5482002
2025-12-05 19:08:02.7553 (StateSyncRequestHandler.cs:17) 玩家ID:482736422909116417 移动到新位置: -3.1276183 , 0 , -1.8300068
2025-12-05 19:08:03.7568 (StateSyncRequestHandler.cs:17) 玩家ID:482736422909116417 移动方向: 0.9900234 , 0 , 0.14090326
2025-12-05 19:08:03.7568 (StateSyncRequestHandler.cs:17) 玩家ID:482736422909116417 移动到新位置: -2.9296136 , 0 , -1.8018262
2025-12-05 19:08:03.8554 (StateSyncRequestHandler.cs:17) 玩家ID:482736422909116417 移动方向: 0.9900234 , 0 , 0.14090326
2025-12-05 19:08:03.8554 (StateSyncRequestHandler.cs:17) 玩家ID:482736422909116417 移动到新位置: -2.7316089 , 0 , -1.7736456
2025-12-05 19:08:03.9636 (StateSyncRequestHandler.cs:17) 玩家ID:482736422909116417 移动方向: 0.9900234 , 0 , 0.14090326
2025-12-05 19:08:03.9636 (StateSyncRequestHandler.cs:17) 玩家ID:482736422909116417 移动到新位置: -2.4346018 , 0 , -1.7313746
2025-12-05 19:08:04.0570 (StateSyncRequestHandler.cs:17) 玩家ID:482736422909116417 移动方向: 0.9900234 , 0 , 0.14090326
2025-12-05 19:08:04.0570 (StateSyncRequestHandler.cs:17) 玩家ID:482736422909116417 移动到新位置: -2.1375947 , 0 , -1.6891036
2025-12-05 19:08:04.1581 (StateSyncRequestHandler.cs:17) 玩家ID:482736422909116417 移动方向: 0.9900234 , 0 , 0.14090326
2025-12-05 19:08:04.1581 (StateSyncRequestHandler.cs:17) 玩家ID:482736422909116417 移动到新位置: -1.8405876 , 0 , -1.6468326
2025-12-05 19:08:04.2540 (StateSyncRequestHandler.cs:17) 玩家ID:482736422909116417 移动方向: 0.9900234 , 0 , 0.14090326
2025-12-05 19:08:04.2540 (StateSyncRequestHandler.cs:17) 玩家ID:482736422909116417 移动到新位置: -1.5435805 , 0 , -1.6045616
2025-12-05 19:08:04.3541 (StateSyncRequestHandler.cs:17) 玩家ID:482736422909116417 移动方向: 0.9900234 , 0 , 0.14090326
2025-12-05 19:08:04.3541 (StateSyncRequestHandler.cs:17) 玩家ID:482736422909116417 移动到新位置: -1.2465734 , 0 , -1.5622905
2025-12-05 19:08:04.4589 (StateSyncRequestHandler.cs:17) 玩家ID:482736422909116417 移动方向: 0.9900234 , 0 , 0.14090326
2025-12-05 19:08:04.4589 (StateSyncRequestHandler.cs:17) 玩家ID:482736422909116417 移动到新位置: -0.9495664 , 0 , -1.5200195
2025-12-05 19:08:04.5569 (StateSyncRequestHandler.cs:17) 玩家ID:482736422909116417 移动方向: 0.9900234 , 0 , 0.14090326
2025-12-05 19:08:04.5569 (StateSyncRequestHandler.cs:17) 玩家ID:482736422909116417 移动到新位置: -0.6525594 , 0 , -1.4777485
2025-12-05 19:08:04.6591 (StateSyncRequestHandler.cs:17) 玩家ID:482736422909116417 移动方向: 0.9900234 , 0 , 0.14090326
2025-12-05 19:08:04.6591 (StateSyncRequestHandler.cs:17) 玩家ID:482736422909116417 移动到新位置: -0.35555238 , 0 , -1.4354775
