2025-12-05 17:10:18.3893 (EntryLobbyRequestHandler.cs:65) 玩家上次上线位置：x:2.3049273, y:0, z:-1.3324229
2025-12-05 17:10:18.3983 (EntryLobbyRequestHandler.cs:83) 当前没有其他玩家在线，无需广播
2025-12-05 17:10:19.8088 (StateSyncRequestHandler.cs:36) 当前没有其他玩家在线，无需广播状态同步消息
2025-12-05 17:10:19.8937 (StateSyncRequestHandler.cs:36) 当前没有其他玩家在线，无需广播状态同步消息
2025-12-05 17:10:19.9850 (StateSyncRequestHandler.cs:36) 当前没有其他玩家在线，无需广播状态同步消息
2025-12-05 17:10:20.0886 (StateSyncRequestHandler.cs:36) 当前没有其他玩家在线，无需广播状态同步消息
2025-12-05 17:10:20.1885 (StateSyncRequestHandler.cs:36) 当前没有其他玩家在线，无需广播状态同步消息
2025-12-05 17:10:20.2917 (StateSyncRequestHandler.cs:36) 当前没有其他玩家在线，无需广播状态同步消息
2025-12-05 17:10:20.3944 (StateSyncRequestHandler.cs:36) 当前没有其他玩家在线，无需广播状态同步消息
2025-12-05 17:10:20.4866 (StateSyncRequestHandler.cs:36) 当前没有其他玩家在线，无需广播状态同步消息
2025-12-05 17:10:20.5913 (StateSyncRequestHandler.cs:36) 当前没有其他玩家在线，无需广播状态同步消息
2025-12-05 17:10:20.6876 (StateSyncRequestHandler.cs:36) 当前没有其他玩家在线，无需广播状态同步消息
2025-12-05 17:10:20.8040 (StateSyncRequestHandler.cs:36) 当前没有其他玩家在线，无需广播状态同步消息
2025-12-05 17:10:20.8924 (StateSyncRequestHandler.cs:36) 当前没有其他玩家在线，无需广播状态同步消息
2025-12-05 17:10:21.0063 (StateSyncRequestHandler.cs:36) 当前没有其他玩家在线，无需广播状态同步消息
2025-12-05 17:10:21.0901 (StateSyncRequestHandler.cs:36) 当前没有其他玩家在线，无需广播状态同步消息
2025-12-05 17:10:21.1931 (StateSyncRequestHandler.cs:36) 当前没有其他玩家在线，无需广播状态同步消息
2025-12-05 17:10:21.2956 (StateSyncRequestHandler.cs:36) 当前没有其他玩家在线，无需广播状态同步消息
2025-12-05 17:10:21.3914 (StateSyncRequestHandler.cs:36) 当前没有其他玩家在线，无需广播状态同步消息
2025-12-05 17:10:21.4879 (StateSyncRequestHandler.cs:36) 当前没有其他玩家在线，无需广播状态同步消息
2025-12-05 17:10:21.5891 (StateSyncRequestHandler.cs:36) 当前没有其他玩家在线，无需广播状态同步消息
2025-12-05 17:10:21.6897 (StateSyncRequestHandler.cs:36) 当前没有其他玩家在线，无需广播状态同步消息
2025-12-05 17:10:22.9853 (StateSyncRequestHandler.cs:36) 当前没有其他玩家在线，无需广播状态同步消息
2025-12-05 17:10:23.0908 (StateSyncRequestHandler.cs:36) 当前没有其他玩家在线，无需广播状态同步消息
2025-12-05 17:10:23.1979 (StateSyncRequestHandler.cs:36) 当前没有其他玩家在线，无需广播状态同步消息
2025-12-05 17:10:23.2884 (StateSyncRequestHandler.cs:36) 当前没有其他玩家在线，无需广播状态同步消息
2025-12-05 17:10:23.3914 (StateSyncRequestHandler.cs:36) 当前没有其他玩家在线，无需广播状态同步消息
2025-12-05 17:10:23.4904 (StateSyncRequestHandler.cs:36) 当前没有其他玩家在线，无需广播状态同步消息
2025-12-05 17:10:23.5887 (StateSyncRequestHandler.cs:36) 当前没有其他玩家在线，无需广播状态同步消息
2025-12-05 17:10:23.6923 (StateSyncRequestHandler.cs:36) 当前没有其他玩家在线，无需广播状态同步消息
2025-12-05 17:10:23.7908 (StateSyncRequestHandler.cs:36) 当前没有其他玩家在线，无需广播状态同步消息
2025-12-05 17:10:23.8937 (StateSyncRequestHandler.cs:36) 当前没有其他玩家在线，无需广播状态同步消息
2025-12-05 17:10:23.9943 (StateSyncRequestHandler.cs:36) 当前没有其他玩家在线，无需广播状态同步消息
2025-12-05 17:10:24.0880 (StateSyncRequestHandler.cs:36) 当前没有其他玩家在线，无需广播状态同步消息
2025-12-05 17:10:24.1868 (StateSyncRequestHandler.cs:36) 当前没有其他玩家在线，无需广播状态同步消息
2025-12-05 17:10:24.2905 (StateSyncRequestHandler.cs:36) 当前没有其他玩家在线，无需广播状态同步消息
2025-12-05 17:10:35.3879 (StateSyncRequestHandler.cs:36) 当前没有其他玩家在线，无需广播状态同步消息
2025-12-05 17:10:35.4915 (StateSyncRequestHandler.cs:36) 当前没有其他玩家在线，无需广播状态同步消息
2025-12-05 17:10:35.5898 (StateSyncRequestHandler.cs:36) 当前没有其他玩家在线，无需广播状态同步消息
2025-12-05 17:10:35.6853 (StateSyncRequestHandler.cs:36) 当前没有其他玩家在线，无需广播状态同步消息
2025-12-05 17:10:35.7904 (StateSyncRequestHandler.cs:36) 当前没有其他玩家在线，无需广播状态同步消息
2025-12-05 17:10:35.8866 (StateSyncRequestHandler.cs:36) 当前没有其他玩家在线，无需广播状态同步消息
2025-12-05 17:10:35.9914 (StateSyncRequestHandler.cs:36) 当前没有其他玩家在线，无需广播状态同步消息
2025-12-05 17:10:36.0918 (StateSyncRequestHandler.cs:36) 当前没有其他玩家在线，无需广播状态同步消息
2025-12-05 17:10:36.1940 (StateSyncRequestHandler.cs:36) 当前没有其他玩家在线，无需广播状态同步消息
2025-12-05 17:10:36.2925 (StateSyncRequestHandler.cs:36) 当前没有其他玩家在线，无需广播状态同步消息
2025-12-05 17:10:55.5003 (EntryLobbyRequestHandler.cs:65) 玩家上次上线位置：x:2.1608455, y:0, z:0.118619174
2025-12-05 17:10:55.5003 (EntryLobbyRequestHandler.cs:96) 向ID:502274400937312257发送其他玩家登录请求
2025-12-05 17:11:35.4774 (SessionDisposeComponentSystem.cs:99) 向玩家ID:482734309785206785 发送玩家ID:482736422909116417下线消息
2025-12-05 17:11:35.6269 (SessionDisposeComponentSystem.cs:125) 账号ID:482736422909116417 数据已保存到数据库
2025-12-05 17:11:35.6269 (SessionDisposeComponentSystem.cs:112) 玩家ID:482736422909116417 下线成功 , 下线位置:x:2.927077, y:0, z:-1.7827957
2025-12-05 17:11:58.1942 (SessionDisposeComponentSystem.cs:70) 当前服务器上没有其他玩家在线，无需广播下线消息
2025-12-05 17:11:58.2090 (SessionDisposeComponentSystem.cs:125) 账号ID:482734309785206785 数据已保存到数据库
2025-12-05 17:11:58.2090 (SessionDisposeComponentSystem.cs:76) 玩家ID:482734309785206785 下线成功 , 下线位置:x:2.4467797, y:0, z:-3.0186515
2025-12-05 17:57:39.1303 (EntryLobbyRequestHandler.cs:65) 玩家上次上线位置：x:2.927077, y:0, z:-1.7827957
2025-12-05 17:57:39.1320 (EntryLobbyRequestHandler.cs:83) 当前没有其他玩家在线，无需广播
2025-12-05 17:57:40.6695 (StateSyncRequestHandler.cs:36) 当前没有其他玩家在线，无需广播状态同步消息
2025-12-05 17:57:40.7574 (StateSyncRequestHandler.cs:36) 当前没有其他玩家在线，无需广播状态同步消息
2025-12-05 17:57:40.8510 (StateSyncRequestHandler.cs:36) 当前没有其他玩家在线，无需广播状态同步消息
2025-12-05 17:57:40.9587 (StateSyncRequestHandler.cs:36) 当前没有其他玩家在线，无需广播状态同步消息
2025-12-05 17:57:41.0552 (StateSyncRequestHandler.cs:36) 当前没有其他玩家在线，无需广播状态同步消息
2025-12-05 17:57:41.1520 (StateSyncRequestHandler.cs:36) 当前没有其他玩家在线，无需广播状态同步消息
2025-12-05 17:57:41.2561 (StateSyncRequestHandler.cs:36) 当前没有其他玩家在线，无需广播状态同步消息
2025-12-05 17:57:41.3576 (StateSyncRequestHandler.cs:36) 当前没有其他玩家在线，无需广播状态同步消息
2025-12-05 17:57:41.4530 (StateSyncRequestHandler.cs:36) 当前没有其他玩家在线，无需广播状态同步消息
2025-12-05 17:57:41.5575 (StateSyncRequestHandler.cs:36) 当前没有其他玩家在线，无需广播状态同步消息
2025-12-05 17:57:41.6550 (StateSyncRequestHandler.cs:36) 当前没有其他玩家在线，无需广播状态同步消息
2025-12-05 17:57:43.8543 (StateSyncRequestHandler.cs:36) 当前没有其他玩家在线，无需广播状态同步消息
2025-12-05 17:57:43.9575 (StateSyncRequestHandler.cs:36) 当前没有其他玩家在线，无需广播状态同步消息
2025-12-05 17:57:44.0493 (StateSyncRequestHandler.cs:36) 当前没有其他玩家在线，无需广播状态同步消息
2025-12-05 17:57:44.1504 (StateSyncRequestHandler.cs:36) 当前没有其他玩家在线，无需广播状态同步消息
2025-12-05 17:57:44.2556 (StateSyncRequestHandler.cs:36) 当前没有其他玩家在线，无需广播状态同步消息
2025-12-05 17:57:44.3514 (StateSyncRequestHandler.cs:36) 当前没有其他玩家在线，无需广播状态同步消息
2025-12-05 17:57:44.4563 (StateSyncRequestHandler.cs:36) 当前没有其他玩家在线，无需广播状态同步消息
2025-12-05 17:57:44.5586 (StateSyncRequestHandler.cs:36) 当前没有其他玩家在线，无需广播状态同步消息
2025-12-05 17:57:44.6570 (StateSyncRequestHandler.cs:36) 当前没有其他玩家在线，无需广播状态同步消息
2025-12-05 17:57:44.7502 (StateSyncRequestHandler.cs:36) 当前没有其他玩家在线，无需广播状态同步消息
2025-12-05 17:57:44.8495 (StateSyncRequestHandler.cs:36) 当前没有其他玩家在线，无需广播状态同步消息
2025-12-05 17:57:44.9511 (StateSyncRequestHandler.cs:36) 当前没有其他玩家在线，无需广播状态同步消息
2025-12-05 17:57:45.0645 (StateSyncRequestHandler.cs:36) 当前没有其他玩家在线，无需广播状态同步消息
2025-12-05 17:57:45.1550 (StateSyncRequestHandler.cs:36) 当前没有其他玩家在线，无需广播状态同步消息
2025-12-05 17:57:45.2510 (StateSyncRequestHandler.cs:36) 当前没有其他玩家在线，无需广播状态同步消息
2025-12-05 17:57:45.3570 (StateSyncRequestHandler.cs:36) 当前没有其他玩家在线，无需广播状态同步消息
2025-12-05 17:57:45.4647 (StateSyncRequestHandler.cs:36) 当前没有其他玩家在线，无需广播状态同步消息
2025-12-05 17:57:45.5552 (StateSyncRequestHandler.cs:36) 当前没有其他玩家在线，无需广播状态同步消息
2025-12-05 17:57:45.6527 (StateSyncRequestHandler.cs:36) 当前没有其他玩家在线，无需广播状态同步消息
2025-12-05 17:57:45.7586 (StateSyncRequestHandler.cs:36) 当前没有其他玩家在线，无需广播状态同步消息
2025-12-05 17:57:45.8516 (StateSyncRequestHandler.cs:36) 当前没有其他玩家在线，无需广播状态同步消息
2025-12-05 17:57:45.9520 (StateSyncRequestHandler.cs:36) 当前没有其他玩家在线，无需广播状态同步消息
2025-12-05 17:57:46.0592 (StateSyncRequestHandler.cs:36) 当前没有其他玩家在线，无需广播状态同步消息
2025-12-05 17:57:46.1535 (StateSyncRequestHandler.cs:36) 当前没有其他玩家在线，无需广播状态同步消息
2025-12-05 17:57:46.2557 (StateSyncRequestHandler.cs:36) 当前没有其他玩家在线，无需广播状态同步消息
2025-12-05 17:57:46.3585 (StateSyncRequestHandler.cs:36) 当前没有其他玩家在线，无需广播状态同步消息
2025-12-05 17:57:46.4564 (StateSyncRequestHandler.cs:36) 当前没有其他玩家在线，无需广播状态同步消息
2025-12-05 17:57:46.5510 (StateSyncRequestHandler.cs:36) 当前没有其他玩家在线，无需广播状态同步消息
2025-12-05 17:57:46.6493 (StateSyncRequestHandler.cs:36) 当前没有其他玩家在线，无需广播状态同步消息
2025-12-05 17:57:46.7578 (StateSyncRequestHandler.cs:36) 当前没有其他玩家在线，无需广播状态同步消息
2025-12-05 17:57:46.8532 (StateSyncRequestHandler.cs:36) 当前没有其他玩家在线，无需广播状态同步消息
2025-12-05 17:57:46.9595 (StateSyncRequestHandler.cs:36) 当前没有其他玩家在线，无需广播状态同步消息
2025-12-05 17:57:47.0521 (StateSyncRequestHandler.cs:36) 当前没有其他玩家在线，无需广播状态同步消息
2025-12-05 17:57:47.1589 (StateSyncRequestHandler.cs:36) 当前没有其他玩家在线，无需广播状态同步消息
2025-12-05 17:57:47.2586 (StateSyncRequestHandler.cs:36) 当前没有其他玩家在线，无需广播状态同步消息
2025-12-05 17:57:47.3529 (StateSyncRequestHandler.cs:36) 当前没有其他玩家在线，无需广播状态同步消息
2025-12-05 17:57:47.4486 (StateSyncRequestHandler.cs:36) 当前没有其他玩家在线，无需广播状态同步消息
2025-12-05 17:57:47.5511 (StateSyncRequestHandler.cs:36) 当前没有其他玩家在线，无需广播状态同步消息
2025-12-05 17:57:47.6490 (StateSyncRequestHandler.cs:36) 当前没有其他玩家在线，无需广播状态同步消息
2025-12-05 17:57:47.7533 (StateSyncRequestHandler.cs:36) 当前没有其他玩家在线，无需广播状态同步消息
2025-12-05 17:57:47.8528 (StateSyncRequestHandler.cs:36) 当前没有其他玩家在线，无需广播状态同步消息
2025-12-05 17:57:47.9545 (StateSyncRequestHandler.cs:36) 当前没有其他玩家在线，无需广播状态同步消息
2025-12-05 17:57:48.0503 (StateSyncRequestHandler.cs:36) 当前没有其他玩家在线，无需广播状态同步消息
2025-12-05 17:57:48.1495 (StateSyncRequestHandler.cs:36) 当前没有其他玩家在线，无需广播状态同步消息
2025-12-05 17:57:48.2544 (StateSyncRequestHandler.cs:36) 当前没有其他玩家在线，无需广播状态同步消息
2025-12-05 17:57:48.3544 (StateSyncRequestHandler.cs:36) 当前没有其他玩家在线，无需广播状态同步消息
2025-12-05 17:57:48.4577 (StateSyncRequestHandler.cs:36) 当前没有其他玩家在线，无需广播状态同步消息
2025-12-05 17:57:48.5552 (StateSyncRequestHandler.cs:36) 当前没有其他玩家在线，无需广播状态同步消息
2025-12-05 17:57:48.6572 (StateSyncRequestHandler.cs:36) 当前没有其他玩家在线，无需广播状态同步消息
2025-12-05 17:57:48.7544  当前没有其他玩家在线，无需广播状态同步消息
2025-12-05 17:57:48.8541  当前没有其他玩家在线，无需广播状态同步消息
2025-12-05 17:57:48.9533  当前没有其他玩家在线，无需广播状态同步消息
2025-12-05 17:57:49.0491  当前没有其他玩家在线，无需广播状态同步消息
2025-12-05 17:57:49.1517  当前没有其他玩家在线，无需广播状态同步消息
2025-12-05 17:57:49.2499  当前没有其他玩家在线，无需广播状态同步消息
2025-12-05 17:57:49.3549  当前没有其他玩家在线，无需广播状态同步消息
2025-12-05 17:57:49.4481  当前没有其他玩家在线，无需广播状态同步消息
2025-12-05 17:57:49.5527  当前没有其他玩家在线，无需广播状态同步消息
2025-12-05 17:57:49.6518  当前没有其他玩家在线，无需广播状态同步消息
2025-12-05 17:57:49.7551  当前没有其他玩家在线，无需广播状态同步消息
2025-12-05 17:57:49.8565  当前没有其他玩家在线，无需广播状态同步消息
2025-12-05 17:57:49.9507  当前没有其他玩家在线，无需广播状态同步消息
2025-12-05 17:57:50.0567  当前没有其他玩家在线，无需广播状态同步消息
2025-12-05 17:57:50.1576  当前没有其他玩家在线，无需广播状态同步消息
2025-12-05 17:57:50.2572  当前没有其他玩家在线，无需广播状态同步消息
2025-12-05 17:57:50.3573  当前没有其他玩家在线，无需广播状态同步消息
2025-12-05 17:57:50.4592  当前没有其他玩家在线，无需广播状态同步消息
2025-12-05 17:57:50.5538  当前没有其他玩家在线，无需广播状态同步消息
2025-12-05 17:57:50.6553  当前没有其他玩家在线，无需广播状态同步消息
2025-12-05 17:57:50.7519  当前没有其他玩家在线，无需广播状态同步消息
2025-12-05 17:57:52.8525  当前没有其他玩家在线，无需广播状态同步消息
2025-12-05 17:57:52.9501  当前没有其他玩家在线，无需广播状态同步消息
2025-12-05 17:57:53.0593  当前没有其他玩家在线，无需广播状态同步消息
2025-12-05 17:57:53.1514  当前没有其他玩家在线，无需广播状态同步消息
2025-12-05 17:57:53.2506  当前没有其他玩家在线，无需广播状态同步消息
2025-12-05 17:57:53.3532  当前没有其他玩家在线，无需广播状态同步消息
2025-12-05 17:57:53.4622  当前没有其他玩家在线，无需广播状态同步消息
2025-12-05 17:57:53.5553  当前没有其他玩家在线，无需广播状态同步消息
2025-12-05 17:57:53.6572  当前没有其他玩家在线，无需广播状态同步消息
2025-12-05 17:57:53.7497  当前没有其他玩家在线，无需广播状态同步消息
2025-12-05 17:57:53.8484  当前没有其他玩家在线，无需广播状态同步消息
2025-12-05 17:57:53.9544  当前没有其他玩家在线，无需广播状态同步消息
2025-12-05 17:57:54.0554  当前没有其他玩家在线，无需广播状态同步消息
2025-12-05 17:57:54.1582  当前没有其他玩家在线，无需广播状态同步消息
2025-12-05 17:57:54.2518  当前没有其他玩家在线，无需广播状态同步消息
2025-12-05 17:57:54.3528  当前没有其他玩家在线，无需广播状态同步消息
2025-12-05 17:57:54.4575  当前没有其他玩家在线，无需广播状态同步消息
2025-12-05 17:57:54.5599  当前没有其他玩家在线，无需广播状态同步消息
2025-12-05 17:57:54.6548  当前没有其他玩家在线，无需广播状态同步消息
2025-12-05 17:57:54.7568  当前没有其他玩家在线，无需广播状态同步消息
2025-12-05 17:57:54.8565  当前没有其他玩家在线，无需广播状态同步消息
2025-12-05 17:57:54.9490  当前没有其他玩家在线，无需广播状态同步消息
2025-12-05 17:57:55.0513  当前没有其他玩家在线，无需广播状态同步消息
2025-12-05 17:57:55.1484  当前没有其他玩家在线，无需广播状态同步消息
2025-12-05 17:57:55.2559  当前没有其他玩家在线，无需广播状态同步消息
2025-12-05 17:57:55.3495  当前没有其他玩家在线，无需广播状态同步消息
2025-12-05 17:57:55.4545  当前没有其他玩家在线，无需广播状态同步消息
2025-12-05 17:57:55.5559  当前没有其他玩家在线，无需广播状态同步消息
2025-12-05 17:57:55.6489  当前没有其他玩家在线，无需广播状态同步消息
2025-12-05 17:57:55.7568  当前没有其他玩家在线，无需广播状态同步消息
2025-12-05 17:57:55.8520  当前没有其他玩家在线，无需广播状态同步消息
2025-12-05 17:57:55.9595  当前没有其他玩家在线，无需广播状态同步消息
2025-12-05 17:57:56.0571  当前没有其他玩家在线，无需广播状态同步消息
2025-12-05 17:57:56.1616  当前没有其他玩家在线，无需广播状态同步消息
2025-12-05 17:57:56.2638  当前没有其他玩家在线，无需广播状态同步消息
2025-12-05 17:58:04.8141  当前没有其他玩家在线，无需广播状态同步消息
2025-12-05 17:58:04.9164  当前没有其他玩家在线，无需广播状态同步消息
2025-12-05 17:58:05.0181  当前没有其他玩家在线，无需广播状态同步消息
2025-12-05 17:58:05.1155  当前没有其他玩家在线，无需广播状态同步消息
2025-12-05 17:58:05.2290  当前没有其他玩家在线，无需广播状态同步消息
2025-12-05 17:58:05.3145  当前没有其他玩家在线，无需广播状态同步消息
2025-12-05 17:58:05.4186  当前没有其他玩家在线，无需广播状态同步消息
2025-12-05 17:58:05.5155  当前没有其他玩家在线，无需广播状态同步消息
2025-12-05 17:58:05.6188  当前没有其他玩家在线，无需广播状态同步消息
2025-12-05 17:58:05.7128  当前没有其他玩家在线，无需广播状态同步消息
2025-12-05 17:58:05.8175  当前没有其他玩家在线，无需广播状态同步消息
2025-12-05 17:58:05.9119  当前没有其他玩家在线，无需广播状态同步消息
2025-12-05 17:58:06.0173  当前没有其他玩家在线，无需广播状态同步消息
2025-12-05 17:58:06.1178  当前没有其他玩家在线，无需广播状态同步消息
2025-12-05 17:58:06.2163  当前没有其他玩家在线，无需广播状态同步消息
2025-12-05 17:58:06.3128  当前没有其他玩家在线，无需广播状态同步消息
2025-12-05 17:58:06.4147  当前没有其他玩家在线，无需广播状态同步消息
2025-12-05 17:58:06.5159  当前没有其他玩家在线，无需广播状态同步消息
2025-12-05 17:58:06.6177  当前没有其他玩家在线，无需广播状态同步消息
2025-12-05 17:58:06.7132  当前没有其他玩家在线，无需广播状态同步消息
2025-12-05 17:58:06.8176  当前没有其他玩家在线，无需广播状态同步消息
2025-12-05 17:58:06.9202  当前没有其他玩家在线，无需广播状态同步消息
2025-12-05 17:58:07.0193  当前没有其他玩家在线，无需广播状态同步消息
2025-12-05 17:58:07.1212  当前没有其他玩家在线，无需广播状态同步消息
2025-12-05 17:58:07.2278  当前没有其他玩家在线，无需广播状态同步消息
2025-12-05 17:58:07.3235  当前没有其他玩家在线，无需广播状态同步消息
2025-12-05 17:58:07.4145  当前没有其他玩家在线，无需广播状态同步消息
2025-12-05 17:58:07.5312  当前没有其他玩家在线，无需广播状态同步消息
2025-12-05 17:58:07.6155  当前没有其他玩家在线，无需广播状态同步消息
2025-12-05 17:58:10.9173  当前没有其他玩家在线，无需广播状态同步消息
2025-12-05 17:58:11.0196  当前没有其他玩家在线，无需广播状态同步消息
2025-12-05 17:58:11.1153  当前没有其他玩家在线，无需广播状态同步消息
2025-12-05 17:58:11.2269  当前没有其他玩家在线，无需广播状态同步消息
2025-12-05 17:58:11.3254  当前没有其他玩家在线，无需广播状态同步消息
2025-12-05 17:58:11.4127  当前没有其他玩家在线，无需广播状态同步消息
2025-12-05 17:58:11.5171  当前没有其他玩家在线，无需广播状态同步消息
2025-12-05 17:58:11.6144  当前没有其他玩家在线，无需广播状态同步消息
2025-12-05 17:58:11.7164  当前没有其他玩家在线，无需广播状态同步消息
2025-12-05 17:58:11.8182  当前没有其他玩家在线，无需广播状态同步消息
2025-12-05 17:58:11.9166  当前没有其他玩家在线，无需广播状态同步消息
2025-12-05 17:58:12.0128  当前没有其他玩家在线，无需广播状态同步消息
2025-12-05 17:58:12.1137  当前没有其他玩家在线，无需广播状态同步消息
2025-12-05 17:58:12.2140  当前没有其他玩家在线，无需广播状态同步消息
2025-12-05 17:58:12.3234  当前没有其他玩家在线，无需广播状态同步消息
2025-12-05 17:58:12.4153  当前没有其他玩家在线，无需广播状态同步消息
2025-12-05 17:58:12.5160  当前没有其他玩家在线，无需广播状态同步消息
2025-12-05 17:58:12.6193  当前没有其他玩家在线，无需广播状态同步消息
2025-12-05 17:58:12.7146  当前没有其他玩家在线，无需广播状态同步消息
2025-12-05 17:58:12.8139  当前没有其他玩家在线，无需广播状态同步消息
2025-12-05 17:58:12.9163  当前没有其他玩家在线，无需广播状态同步消息
2025-12-05 17:58:13.0200  当前没有其他玩家在线，无需广播状态同步消息
2025-12-05 17:58:13.1191  当前没有其他玩家在线，无需广播状态同步消息
2025-12-05 17:58:13.2269  当前没有其他玩家在线，无需广播状态同步消息
2025-12-05 17:58:13.3207  当前没有其他玩家在线，无需广播状态同步消息
2025-12-05 17:58:13.4267  当前没有其他玩家在线，无需广播状态同步消息
2025-12-05 17:58:13.5236  当前没有其他玩家在线，无需广播状态同步消息
2025-12-05 17:58:13.6201  当前没有其他玩家在线，无需广播状态同步消息
2025-12-05 17:58:13.7125  当前没有其他玩家在线，无需广播状态同步消息
2025-12-05 17:58:13.8193  当前没有其他玩家在线，无需广播状态同步消息
2025-12-05 17:58:13.9196  当前没有其他玩家在线，无需广播状态同步消息
2025-12-05 17:58:14.0148  当前没有其他玩家在线，无需广播状态同步消息
2025-12-05 17:58:14.1187  当前没有其他玩家在线，无需广播状态同步消息
2025-12-05 17:58:14.2186  当前没有其他玩家在线，无需广播状态同步消息
2025-12-05 17:58:14.3257  当前没有其他玩家在线，无需广播状态同步消息
2025-12-05 17:58:14.4233  当前没有其他玩家在线，无需广播状态同步消息
2025-12-05 17:58:14.5125  当前没有其他玩家在线，无需广播状态同步消息
2025-12-05 17:58:14.6204  当前没有其他玩家在线，无需广播状态同步消息
2025-12-05 17:58:14.7121  当前没有其他玩家在线，无需广播状态同步消息
2025-12-05 17:58:14.8196  当前没有其他玩家在线，无需广播状态同步消息
2025-12-05 17:58:14.9231  当前没有其他玩家在线，无需广播状态同步消息
2025-12-05 17:58:15.0214  当前没有其他玩家在线，无需广播状态同步消息
2025-12-05 17:58:15.1190  当前没有其他玩家在线，无需广播状态同步消息
2025-12-05 17:58:15.2146  当前没有其他玩家在线，无需广播状态同步消息
2025-12-05 17:58:15.3139  当前没有其他玩家在线，无需广播状态同步消息
2025-12-05 17:58:15.4224  当前没有其他玩家在线，无需广播状态同步消息
2025-12-05 17:58:15.5205  当前没有其他玩家在线，无需广播状态同步消息
2025-12-05 17:58:15.6149  当前没有其他玩家在线，无需广播状态同步消息
2025-12-05 17:58:15.7261  当前没有其他玩家在线，无需广播状态同步消息
2025-12-05 17:58:15.8168  当前没有其他玩家在线，无需广播状态同步消息
2025-12-05 17:58:15.9183  当前没有其他玩家在线，无需广播状态同步消息
2025-12-05 17:58:16.0155  当前没有其他玩家在线，无需广播状态同步消息
2025-12-05 17:58:16.1149  当前没有其他玩家在线，无需广播状态同步消息
2025-12-05 17:58:16.2178  当前没有其他玩家在线，无需广播状态同步消息
2025-12-05 17:58:16.3151  当前没有其他玩家在线，无需广播状态同步消息
2025-12-05 17:58:16.4153  当前没有其他玩家在线，无需广播状态同步消息
2025-12-05 17:58:16.5138  当前没有其他玩家在线，无需广播状态同步消息
2025-12-05 17:58:16.6132  当前没有其他玩家在线，无需广播状态同步消息
2025-12-05 17:58:16.7124  当前没有其他玩家在线，无需广播状态同步消息
2025-12-05 17:58:16.8211  当前没有其他玩家在线，无需广播状态同步消息
2025-12-05 17:58:16.9150  当前没有其他玩家在线，无需广播状态同步消息
2025-12-05 17:58:17.0217  当前没有其他玩家在线，无需广播状态同步消息
2025-12-05 17:58:17.1291  当前没有其他玩家在线，无需广播状态同步消息
2025-12-05 17:58:17.2167  当前没有其他玩家在线，无需广播状态同步消息
2025-12-05 17:58:17.3155  当前没有其他玩家在线，无需广播状态同步消息
2025-12-05 17:58:17.4200  当前没有其他玩家在线，无需广播状态同步消息
2025-12-05 17:58:17.5147  当前没有其他玩家在线，无需广播状态同步消息
2025-12-05 17:58:17.6155  当前没有其他玩家在线，无需广播状态同步消息
2025-12-05 17:58:17.7139  当前没有其他玩家在线，无需广播状态同步消息
2025-12-05 17:58:17.8203  当前没有其他玩家在线，无需广播状态同步消息
2025-12-05 17:58:17.9116  当前没有其他玩家在线，无需广播状态同步消息
2025-12-05 17:58:18.0167  当前没有其他玩家在线，无需广播状态同步消息
2025-12-05 17:58:18.1160  当前没有其他玩家在线，无需广播状态同步消息
2025-12-05 17:58:18.2150  当前没有其他玩家在线，无需广播状态同步消息
2025-12-05 17:58:18.3214  当前没有其他玩家在线，无需广播状态同步消息
2025-12-05 17:58:18.4220  当前没有其他玩家在线，无需广播状态同步消息
2025-12-05 17:58:18.5168  当前没有其他玩家在线，无需广播状态同步消息
2025-12-05 17:58:18.6150  当前没有其他玩家在线，无需广播状态同步消息
2025-12-05 17:58:18.7256  当前没有其他玩家在线，无需广播状态同步消息
2025-12-05 17:58:18.8248  当前没有其他玩家在线，无需广播状态同步消息
2025-12-05 17:58:18.9190  当前没有其他玩家在线，无需广播状态同步消息
2025-12-05 17:58:19.0257  当前没有其他玩家在线，无需广播状态同步消息
2025-12-05 17:58:19.1136  当前没有其他玩家在线，无需广播状态同步消息
2025-12-05 17:58:19.2167  当前没有其他玩家在线，无需广播状态同步消息
2025-12-05 17:58:19.3173  当前没有其他玩家在线，无需广播状态同步消息
2025-12-05 17:58:19.4183  当前没有其他玩家在线，无需广播状态同步消息
2025-12-05 17:58:19.5252  当前没有其他玩家在线，无需广播状态同步消息
2025-12-05 17:58:19.6195  当前没有其他玩家在线，无需广播状态同步消息
2025-12-05 17:58:19.7214  当前没有其他玩家在线，无需广播状态同步消息
2025-12-05 17:58:19.8191  当前没有其他玩家在线，无需广播状态同步消息
2025-12-05 17:58:21.7153  当前没有其他玩家在线，无需广播状态同步消息
2025-12-05 17:58:21.8147  当前没有其他玩家在线，无需广播状态同步消息
2025-12-05 17:58:21.9201  当前没有其他玩家在线，无需广播状态同步消息
2025-12-05 17:58:22.0117  当前没有其他玩家在线，无需广播状态同步消息
2025-12-05 17:58:22.1165  当前没有其他玩家在线，无需广播状态同步消息
2025-12-05 17:58:22.2213  当前没有其他玩家在线，无需广播状态同步消息
2025-12-05 17:58:22.3186  当前没有其他玩家在线，无需广播状态同步消息
2025-12-05 17:58:22.4206  当前没有其他玩家在线，无需广播状态同步消息
2025-12-05 17:58:22.5196  当前没有其他玩家在线，无需广播状态同步消息
2025-12-05 17:58:22.6126  当前没有其他玩家在线，无需广播状态同步消息
2025-12-05 17:58:22.7180  当前没有其他玩家在线，无需广播状态同步消息
2025-12-05 17:58:22.8186  当前没有其他玩家在线，无需广播状态同步消息
2025-12-05 17:58:22.9164  当前没有其他玩家在线，无需广播状态同步消息
2025-12-05 17:58:23.0167  当前没有其他玩家在线，无需广播状态同步消息
2025-12-05 17:58:23.1139  当前没有其他玩家在线，无需广播状态同步消息
2025-12-05 17:58:23.2216  当前没有其他玩家在线，无需广播状态同步消息
2025-12-05 17:58:23.3189  当前没有其他玩家在线，无需广播状态同步消息
2025-12-05 17:58:23.4186  当前没有其他玩家在线，无需广播状态同步消息
2025-12-05 17:58:23.5190  当前没有其他玩家在线，无需广播状态同步消息
2025-12-05 17:58:23.6192  当前没有其他玩家在线，无需广播状态同步消息
2025-12-05 17:58:23.7192  当前没有其他玩家在线，无需广播状态同步消息
2025-12-05 17:58:23.8154  当前没有其他玩家在线，无需广播状态同步消息
2025-12-05 17:58:23.9156  当前没有其他玩家在线，无需广播状态同步消息
2025-12-05 17:58:24.0213  当前没有其他玩家在线，无需广播状态同步消息
2025-12-05 17:58:24.1193  当前没有其他玩家在线，无需广播状态同步消息
2025-12-05 17:58:24.2244  当前没有其他玩家在线，无需广播状态同步消息
2025-12-05 17:58:24.3138  当前没有其他玩家在线，无需广播状态同步消息
2025-12-05 17:58:24.4221  当前没有其他玩家在线，无需广播状态同步消息
2025-12-05 17:58:24.5217  当前没有其他玩家在线，无需广播状态同步消息
2025-12-05 17:58:24.6206  当前没有其他玩家在线，无需广播状态同步消息
2025-12-05 17:58:24.7262  当前没有其他玩家在线，无需广播状态同步消息
2025-12-05 17:58:24.8121  当前没有其他玩家在线，无需广播状态同步消息
2025-12-05 17:58:24.9218  当前没有其他玩家在线，无需广播状态同步消息
2025-12-05 17:58:25.0128  当前没有其他玩家在线，无需广播状态同步消息
2025-12-05 17:58:25.1191  当前没有其他玩家在线，无需广播状态同步消息
2025-12-05 17:58:25.2126  当前没有其他玩家在线，无需广播状态同步消息
2025-12-05 17:58:25.3150  当前没有其他玩家在线，无需广播状态同步消息
2025-12-05 17:58:25.4182  当前没有其他玩家在线，无需广播状态同步消息
2025-12-05 17:58:25.5118  当前没有其他玩家在线，无需广播状态同步消息
2025-12-05 17:58:25.6229  当前没有其他玩家在线，无需广播状态同步消息
2025-12-05 17:58:25.7199  当前没有其他玩家在线，无需广播状态同步消息
2025-12-05 17:58:25.8182  当前没有其他玩家在线，无需广播状态同步消息
2025-12-05 17:58:25.9202  当前没有其他玩家在线，无需广播状态同步消息
2025-12-05 17:58:26.0199  当前没有其他玩家在线，无需广播状态同步消息
2025-12-05 17:58:26.1150  当前没有其他玩家在线，无需广播状态同步消息
2025-12-05 17:58:26.2248  当前没有其他玩家在线，无需广播状态同步消息
2025-12-05 17:58:26.3193  当前没有其他玩家在线，无需广播状态同步消息
2025-12-05 17:58:26.4381  当前没有其他玩家在线，无需广播状态同步消息
2025-12-05 17:58:26.5240  当前没有其他玩家在线，无需广播状态同步消息
2025-12-05 17:58:26.6132  当前没有其他玩家在线，无需广播状态同步消息
2025-12-05 17:58:26.7152  当前没有其他玩家在线，无需广播状态同步消息
2025-12-05 17:58:26.8255  当前没有其他玩家在线，无需广播状态同步消息
2025-12-05 17:58:26.9137  当前没有其他玩家在线，无需广播状态同步消息
2025-12-05 17:58:27.0123  当前没有其他玩家在线，无需广播状态同步消息
2025-12-05 17:58:27.1198  当前没有其他玩家在线，无需广播状态同步消息
2025-12-05 17:58:27.2176  当前没有其他玩家在线，无需广播状态同步消息
2025-12-05 17:58:27.3152  当前没有其他玩家在线，无需广播状态同步消息
2025-12-05 17:58:27.4125  当前没有其他玩家在线，无需广播状态同步消息
2025-12-05 17:58:27.5132  当前没有其他玩家在线，无需广播状态同步消息
2025-12-05 17:58:27.6216  当前没有其他玩家在线，无需广播状态同步消息
2025-12-05 17:58:27.7194  当前没有其他玩家在线，无需广播状态同步消息
2025-12-05 17:58:27.8140  当前没有其他玩家在线，无需广播状态同步消息
2025-12-05 17:58:27.9208  当前没有其他玩家在线，无需广播状态同步消息
2025-12-05 17:58:28.0151  当前没有其他玩家在线，无需广播状态同步消息
2025-12-05 17:58:28.1120  当前没有其他玩家在线，无需广播状态同步消息
2025-12-05 17:58:28.2173  当前没有其他玩家在线，无需广播状态同步消息
2025-12-05 17:58:28.3247  当前没有其他玩家在线，无需广播状态同步消息
2025-12-05 17:58:28.4205  当前没有其他玩家在线，无需广播状态同步消息
2025-12-05 17:58:28.5177  当前没有其他玩家在线，无需广播状态同步消息
2025-12-05 17:58:28.6155  当前没有其他玩家在线，无需广播状态同步消息
2025-12-05 17:58:28.7148  当前没有其他玩家在线，无需广播状态同步消息
2025-12-05 17:58:28.8189  当前没有其他玩家在线，无需广播状态同步消息
2025-12-05 17:58:28.9153  当前没有其他玩家在线，无需广播状态同步消息
2025-12-05 17:58:29.0215  当前没有其他玩家在线，无需广播状态同步消息
2025-12-05 17:58:29.1138  当前没有其他玩家在线，无需广播状态同步消息
2025-12-05 17:58:29.2142  当前没有其他玩家在线，无需广播状态同步消息
2025-12-05 17:58:29.3132  当前没有其他玩家在线，无需广播状态同步消息
2025-12-05 17:58:29.4229  当前没有其他玩家在线，无需广播状态同步消息
2025-12-05 17:58:29.5167  当前没有其他玩家在线，无需广播状态同步消息
2025-12-05 17:58:29.6192  当前没有其他玩家在线，无需广播状态同步消息
2025-12-05 17:58:29.7176  当前没有其他玩家在线，无需广播状态同步消息
2025-12-05 17:58:29.8130  当前没有其他玩家在线，无需广播状态同步消息
2025-12-05 17:58:29.9183  当前没有其他玩家在线，无需广播状态同步消息
2025-12-05 17:58:30.0197  当前没有其他玩家在线，无需广播状态同步消息
2025-12-05 17:58:30.1347  当前没有其他玩家在线，无需广播状态同步消息
2025-12-05 17:58:30.2145  当前没有其他玩家在线，无需广播状态同步消息
2025-12-05 17:58:30.3172  当前没有其他玩家在线，无需广播状态同步消息
2025-12-05 17:58:30.4179  当前没有其他玩家在线，无需广播状态同步消息
2025-12-05 17:58:30.5306  当前没有其他玩家在线，无需广播状态同步消息
2025-12-05 17:58:30.6172  当前没有其他玩家在线，无需广播状态同步消息
2025-12-05 17:58:30.7168  当前没有其他玩家在线，无需广播状态同步消息
2025-12-05 17:58:30.8157  当前没有其他玩家在线，无需广播状态同步消息
2025-12-05 17:58:30.9157  当前没有其他玩家在线，无需广播状态同步消息
2025-12-05 17:58:31.0169  当前没有其他玩家在线，无需广播状态同步消息
2025-12-05 17:58:31.1188  当前没有其他玩家在线，无需广播状态同步消息
2025-12-05 17:58:31.2187  当前没有其他玩家在线，无需广播状态同步消息
2025-12-05 17:58:31.3250  当前没有其他玩家在线，无需广播状态同步消息
2025-12-05 17:58:31.4147  当前没有其他玩家在线，无需广播状态同步消息
2025-12-05 17:58:31.5265  当前没有其他玩家在线，无需广播状态同步消息
2025-12-05 17:58:31.6145  当前没有其他玩家在线，无需广播状态同步消息
2025-12-05 17:58:31.7127  当前没有其他玩家在线，无需广播状态同步消息
2025-12-05 17:58:31.8160  当前没有其他玩家在线，无需广播状态同步消息
2025-12-05 17:58:31.9177  当前没有其他玩家在线，无需广播状态同步消息
2025-12-05 17:58:32.0164  当前没有其他玩家在线，无需广播状态同步消息
2025-12-05 17:58:32.1205  当前没有其他玩家在线，无需广播状态同步消息
2025-12-05 17:58:32.2147  当前没有其他玩家在线，无需广播状态同步消息
2025-12-05 17:58:32.3126  当前没有其他玩家在线，无需广播状态同步消息
2025-12-05 17:58:32.4248  当前没有其他玩家在线，无需广播状态同步消息
2025-12-05 17:58:32.5169  当前没有其他玩家在线，无需广播状态同步消息
2025-12-05 17:58:32.6134  当前没有其他玩家在线，无需广播状态同步消息
2025-12-05 17:58:32.7151  当前没有其他玩家在线，无需广播状态同步消息
2025-12-05 17:58:32.8174  当前没有其他玩家在线，无需广播状态同步消息
2025-12-05 17:58:32.9153  当前没有其他玩家在线，无需广播状态同步消息
2025-12-05 17:58:33.0176  当前没有其他玩家在线，无需广播状态同步消息
2025-12-05 17:58:33.1151  当前没有其他玩家在线，无需广播状态同步消息
2025-12-05 17:58:33.2228  当前没有其他玩家在线，无需广播状态同步消息
2025-12-05 17:58:33.3120  当前没有其他玩家在线，无需广播状态同步消息
2025-12-05 17:58:33.4148  当前没有其他玩家在线，无需广播状态同步消息
2025-12-05 17:58:33.5135  当前没有其他玩家在线，无需广播状态同步消息
2025-12-05 17:58:33.6171  当前没有其他玩家在线，无需广播状态同步消息
2025-12-05 17:58:33.7132  当前没有其他玩家在线，无需广播状态同步消息
2025-12-05 17:58:33.8157  当前没有其他玩家在线，无需广播状态同步消息
2025-12-05 17:58:33.9294  当前没有其他玩家在线，无需广播状态同步消息
2025-12-05 17:58:34.0136  当前没有其他玩家在线，无需广播状态同步消息
2025-12-05 17:58:34.1220  当前没有其他玩家在线，无需广播状态同步消息
2025-12-05 17:58:34.2247  当前没有其他玩家在线，无需广播状态同步消息
2025-12-05 17:58:34.3213  当前没有其他玩家在线，无需广播状态同步消息
2025-12-05 17:58:34.4178  当前没有其他玩家在线，无需广播状态同步消息
2025-12-05 17:58:34.5168  当前没有其他玩家在线，无需广播状态同步消息
2025-12-05 17:58:34.6148  当前没有其他玩家在线，无需广播状态同步消息
2025-12-05 17:58:34.7134  当前没有其他玩家在线，无需广播状态同步消息
2025-12-05 17:58:34.8148  当前没有其他玩家在线，无需广播状态同步消息
2025-12-05 17:58:34.9211  当前没有其他玩家在线，无需广播状态同步消息
2025-12-05 17:58:35.0268  当前没有其他玩家在线，无需广播状态同步消息
2025-12-05 17:58:35.1146  当前没有其他玩家在线，无需广播状态同步消息
2025-12-05 17:58:35.2180  当前没有其他玩家在线，无需广播状态同步消息
2025-12-05 17:58:35.3185  当前没有其他玩家在线，无需广播状态同步消息
2025-12-05 17:58:35.4205  当前没有其他玩家在线，无需广播状态同步消息
2025-12-05 17:58:35.5179  当前没有其他玩家在线，无需广播状态同步消息
2025-12-05 17:58:35.6131  当前没有其他玩家在线，无需广播状态同步消息
2025-12-05 17:58:35.7180  当前没有其他玩家在线，无需广播状态同步消息
2025-12-05 17:58:35.8145  当前没有其他玩家在线，无需广播状态同步消息
2025-12-05 17:58:35.9129  当前没有其他玩家在线，无需广播状态同步消息
2025-12-05 17:58:36.0177  当前没有其他玩家在线，无需广播状态同步消息
2025-12-05 17:58:36.1220  当前没有其他玩家在线，无需广播状态同步消息
2025-12-05 17:58:36.2173  当前没有其他玩家在线，无需广播状态同步消息
2025-12-05 17:58:36.3195  当前没有其他玩家在线，无需广播状态同步消息
2025-12-05 17:58:36.4136  当前没有其他玩家在线，无需广播状态同步消息
2025-12-05 17:58:36.5161  当前没有其他玩家在线，无需广播状态同步消息
2025-12-05 17:58:36.6170  当前没有其他玩家在线，无需广播状态同步消息
2025-12-05 17:58:36.7155  当前没有其他玩家在线，无需广播状态同步消息
2025-12-05 17:58:36.8124  当前没有其他玩家在线，无需广播状态同步消息
2025-12-05 17:58:36.9176  当前没有其他玩家在线，无需广播状态同步消息
2025-12-05 17:58:37.0157  当前没有其他玩家在线，无需广播状态同步消息
2025-12-05 17:58:37.1153  当前没有其他玩家在线，无需广播状态同步消息
2025-12-05 17:58:53.4224  当前没有其他玩家在线，无需广播状态同步消息
2025-12-05 17:58:53.5191  当前没有其他玩家在线，无需广播状态同步消息
2025-12-05 17:58:53.6245  当前没有其他玩家在线，无需广播状态同步消息
2025-12-05 17:58:53.7173  当前没有其他玩家在线，无需广播状态同步消息
2025-12-05 17:58:53.8154  当前没有其他玩家在线，无需广播状态同步消息
2025-12-05 17:58:53.9124  当前没有其他玩家在线，无需广播状态同步消息
2025-12-05 17:58:54.0131  当前没有其他玩家在线，无需广播状态同步消息
2025-12-05 17:58:54.1254  当前没有其他玩家在线，无需广播状态同步消息
2025-12-05 17:58:54.2181  当前没有其他玩家在线，无需广播状态同步消息
2025-12-05 17:58:54.3174  当前没有其他玩家在线，无需广播状态同步消息
2025-12-05 17:58:54.4208  当前没有其他玩家在线，无需广播状态同步消息
2025-12-05 17:58:54.5199  当前没有其他玩家在线，无需广播状态同步消息
2025-12-05 17:58:54.6207  当前没有其他玩家在线，无需广播状态同步消息
2025-12-05 17:58:54.7181  当前没有其他玩家在线，无需广播状态同步消息
2025-12-05 17:58:54.8183  当前没有其他玩家在线，无需广播状态同步消息
2025-12-05 17:58:54.9191  当前没有其他玩家在线，无需广播状态同步消息
2025-12-05 17:58:55.0141  当前没有其他玩家在线，无需广播状态同步消息
2025-12-05 17:58:55.1235  当前没有其他玩家在线，无需广播状态同步消息
2025-12-05 17:58:55.2130  当前没有其他玩家在线，无需广播状态同步消息
2025-12-05 17:58:55.3180  当前没有其他玩家在线，无需广播状态同步消息
2025-12-05 17:58:55.4176  当前没有其他玩家在线，无需广播状态同步消息
2025-12-05 17:58:55.5149  当前没有其他玩家在线，无需广播状态同步消息
2025-12-05 17:58:55.6171  当前没有其他玩家在线，无需广播状态同步消息
2025-12-05 17:58:55.7213  当前没有其他玩家在线，无需广播状态同步消息
2025-12-05 17:58:55.8280  当前没有其他玩家在线，无需广播状态同步消息
2025-12-05 17:58:55.9217  当前没有其他玩家在线，无需广播状态同步消息
2025-12-05 17:58:56.0151  当前没有其他玩家在线，无需广播状态同步消息
2025-12-05 17:58:56.1132  当前没有其他玩家在线，无需广播状态同步消息
2025-12-05 17:58:56.2209  当前没有其他玩家在线，无需广播状态同步消息
2025-12-05 17:58:56.3147  当前没有其他玩家在线，无需广播状态同步消息
2025-12-05 17:58:56.4211  当前没有其他玩家在线，无需广播状态同步消息
2025-12-05 17:58:56.5312  当前没有其他玩家在线，无需广播状态同步消息
2025-12-05 17:58:56.6162  当前没有其他玩家在线，无需广播状态同步消息
2025-12-05 17:58:56.7139  当前没有其他玩家在线，无需广播状态同步消息
2025-12-05 17:58:56.8153  当前没有其他玩家在线，无需广播状态同步消息
2025-12-05 17:58:56.9193  当前没有其他玩家在线，无需广播状态同步消息
2025-12-05 17:58:57.0147  当前没有其他玩家在线，无需广播状态同步消息
2025-12-05 17:58:57.1161  当前没有其他玩家在线，无需广播状态同步消息
2025-12-05 17:58:57.2169  当前没有其他玩家在线，无需广播状态同步消息
2025-12-05 17:58:57.3132  当前没有其他玩家在线，无需广播状态同步消息
2025-12-05 17:58:57.4146  当前没有其他玩家在线，无需广播状态同步消息
2025-12-05 17:58:57.5117  当前没有其他玩家在线，无需广播状态同步消息
2025-12-05 17:59:08.7907  当前服务器上没有其他玩家在线，无需广播下线消息
2025-12-05 17:59:08.8728  账号ID:482736422909116417 数据已保存到数据库
2025-12-05 17:59:08.8728  玩家ID:482736422909116417 下线成功 , 下线位置:x:5.0124316, y:0, z:-1.6731515
