2025-11-27 20:07:05.1375 (EntryLobbyRequestHandler.cs:64) 玩家上次上线位置：x:3.050831, y:0, z:2.2565017
2025-11-27 20:07:05.1375 (EntryLobbyRequestHandler.cs:81) 当前没有其他玩家在线，无需广播
2025-11-27 20:07:07.9287 (StateSyncRequestHandler.cs:36) 当前没有其他玩家在线，无需广播状态同步消息
2025-11-27 20:07:08.0121 (StateSyncRequestHandler.cs:36) 当前没有其他玩家在线，无需广播状态同步消息
2025-11-27 20:07:08.1205 (StateSyncRequestHandler.cs:36) 当前没有其他玩家在线，无需广播状态同步消息
2025-11-27 20:07:08.2135 (StateSyncRequestHandler.cs:36) 当前没有其他玩家在线，无需广播状态同步消息
2025-11-27 20:07:08.3160 (StateSyncRequestHandler.cs:36) 当前没有其他玩家在线，无需广播状态同步消息
2025-11-27 20:07:08.4122 (StateSyncRequestHandler.cs:36) 当前没有其他玩家在线，无需广播状态同步消息
2025-11-27 20:07:08.5223 (StateSyncRequestHandler.cs:36) 当前没有其他玩家在线，无需广播状态同步消息
2025-11-27 20:07:08.6143 (StateSyncRequestHandler.cs:36) 当前没有其他玩家在线，无需广播状态同步消息
2025-11-27 20:07:08.7143 (StateSyncRequestHandler.cs:36) 当前没有其他玩家在线，无需广播状态同步消息
2025-11-27 20:07:08.8162 (StateSyncRequestHandler.cs:36) 当前没有其他玩家在线，无需广播状态同步消息
2025-11-27 20:07:08.9195 (StateSyncRequestHandler.cs:36) 当前没有其他玩家在线，无需广播状态同步消息
2025-11-27 20:07:09.0123 (StateSyncRequestHandler.cs:36) 当前没有其他玩家在线，无需广播状态同步消息
2025-11-27 20:07:09.1132 (StateSyncRequestHandler.cs:36) 当前没有其他玩家在线，无需广播状态同步消息
2025-11-27 20:07:09.2143 (StateSyncRequestHandler.cs:36) 当前没有其他玩家在线，无需广播状态同步消息
2025-11-27 20:07:09.3097 (StateSyncRequestHandler.cs:36) 当前没有其他玩家在线，无需广播状态同步消息
2025-11-27 20:07:09.4182 (StateSyncRequestHandler.cs:36) 当前没有其他玩家在线，无需广播状态同步消息
2025-11-27 20:07:10.2176 (StateSyncRequestHandler.cs:36) 当前没有其他玩家在线，无需广播状态同步消息
2025-11-27 20:07:10.3111 (StateSyncRequestHandler.cs:36) 当前没有其他玩家在线，无需广播状态同步消息
2025-11-27 20:07:10.4103 (StateSyncRequestHandler.cs:36) 当前没有其他玩家在线，无需广播状态同步消息
2025-11-27 20:07:10.5175 (StateSyncRequestHandler.cs:36) 当前没有其他玩家在线，无需广播状态同步消息
2025-11-27 20:07:10.6162 (StateSyncRequestHandler.cs:36) 当前没有其他玩家在线，无需广播状态同步消息
2025-11-27 20:07:10.7106 (StateSyncRequestHandler.cs:36) 当前没有其他玩家在线，无需广播状态同步消息
2025-11-27 20:07:10.8218 (StateSyncRequestHandler.cs:36) 当前没有其他玩家在线，无需广播状态同步消息
2025-11-27 20:07:10.9183 (StateSyncRequestHandler.cs:36) 当前没有其他玩家在线，无需广播状态同步消息
2025-11-27 20:07:11.0186 (StateSyncRequestHandler.cs:36) 当前没有其他玩家在线，无需广播状态同步消息
2025-11-27 20:07:11.1178 (StateSyncRequestHandler.cs:36) 当前没有其他玩家在线，无需广播状态同步消息
2025-11-27 20:07:13.1976 (SessionDisposeComponentSystem.cs:28) 当前服务器上没有其他玩家在线，无需广播下线消息
2025-11-27 20:07:13.1976 (SessionDisposeComponentSystem.cs:77) 账号ID:489242989124911105 数据已保存到数据库
2025-11-27 20:07:13.1976 (SessionDisposeComponentSystem.cs:34) 玩家ID:489242989124911105 下线成功 , 下线位置:x:3.8923204, y:0, z:3.6716628
2025-11-27 20:07:22.1473 (EntryLobbyRequestHandler.cs:64) 玩家上次上线位置：x:3.8923204, y:0, z:3.6716628
2025-11-27 20:07:22.1473 (EntryLobbyRequestHandler.cs:81) 当前没有其他玩家在线，无需广播
2025-11-27 20:07:23.1930 (StateSyncRequestHandler.cs:36) 当前没有其他玩家在线，无需广播状态同步消息
2025-11-27 20:07:23.2832 (StateSyncRequestHandler.cs:36) 当前没有其他玩家在线，无需广播状态同步消息
2025-11-27 20:07:23.3841 (StateSyncRequestHandler.cs:36) 当前没有其他玩家在线，无需广播状态同步消息
2025-11-27 20:07:23.4903 (StateSyncRequestHandler.cs:36) 当前没有其他玩家在线，无需广播状态同步消息
2025-11-27 20:07:23.5872 (StateSyncRequestHandler.cs:36) 当前没有其他玩家在线，无需广播状态同步消息
2025-11-27 20:07:23.6885 (StateSyncRequestHandler.cs:36) 当前没有其他玩家在线，无需广播状态同步消息
2025-11-27 20:07:23.7896 (StateSyncRequestHandler.cs:36) 当前没有其他玩家在线，无需广播状态同步消息
2025-11-27 20:07:23.8891 (StateSyncRequestHandler.cs:36) 当前没有其他玩家在线，无需广播状态同步消息
2025-11-27 20:07:23.9881 (StateSyncRequestHandler.cs:36) 当前没有其他玩家在线，无需广播状态同步消息
2025-11-27 20:07:24.0868 (StateSyncRequestHandler.cs:36) 当前没有其他玩家在线，无需广播状态同步消息
2025-11-27 20:07:24.1850 (StateSyncRequestHandler.cs:36) 当前没有其他玩家在线，无需广播状态同步消息
2025-11-27 20:07:24.2909 (StateSyncRequestHandler.cs:36) 当前没有其他玩家在线，无需广播状态同步消息
2025-11-27 20:07:24.3858 (StateSyncRequestHandler.cs:36) 当前没有其他玩家在线，无需广播状态同步消息
2025-11-27 20:07:24.4864 (StateSyncRequestHandler.cs:36) 当前没有其他玩家在线，无需广播状态同步消息
2025-11-27 20:07:24.5884 (StateSyncRequestHandler.cs:36) 当前没有其他玩家在线，无需广播状态同步消息
2025-11-27 20:07:24.6869 (StateSyncRequestHandler.cs:36) 当前没有其他玩家在线，无需广播状态同步消息
2025-11-27 20:07:24.7856 (StateSyncRequestHandler.cs:36) 当前没有其他玩家在线，无需广播状态同步消息
2025-11-27 20:07:24.8870 (StateSyncRequestHandler.cs:36) 当前没有其他玩家在线，无需广播状态同步消息
2025-11-27 20:07:24.9891 (StateSyncRequestHandler.cs:36) 当前没有其他玩家在线，无需广播状态同步消息
2025-11-27 20:07:25.0900 (StateSyncRequestHandler.cs:36) 当前没有其他玩家在线，无需广播状态同步消息
2025-11-27 20:07:25.1899 (StateSyncRequestHandler.cs:36) 当前没有其他玩家在线，无需广播状态同步消息
2025-11-27 20:07:25.2829 (StateSyncRequestHandler.cs:36) 当前没有其他玩家在线，无需广播状态同步消息
2025-11-27 20:07:25.3883 (StateSyncRequestHandler.cs:36) 当前没有其他玩家在线，无需广播状态同步消息
2025-11-27 20:07:25.4944 (StateSyncRequestHandler.cs:36) 当前没有其他玩家在线，无需广播状态同步消息
2025-11-27 20:07:25.5893 (StateSyncRequestHandler.cs:36) 当前没有其他玩家在线，无需广播状态同步消息
2025-11-27 20:07:25.6916 (StateSyncRequestHandler.cs:36) 当前没有其他玩家在线，无需广播状态同步消息
2025-11-27 20:07:25.7890 (StateSyncRequestHandler.cs:36) 当前没有其他玩家在线，无需广播状态同步消息
2025-11-27 20:07:25.8875 (StateSyncRequestHandler.cs:36) 当前没有其他玩家在线，无需广播状态同步消息
2025-11-27 20:07:25.9871 (StateSyncRequestHandler.cs:36) 当前没有其他玩家在线，无需广播状态同步消息
2025-11-27 20:07:26.0881 (StateSyncRequestHandler.cs:36) 当前没有其他玩家在线，无需广播状态同步消息
2025-11-27 20:07:26.1890  当前没有其他玩家在线，无需广播状态同步消息
2025-11-27 20:07:26.2889  当前没有其他玩家在线，无需广播状态同步消息
2025-11-27 20:07:26.3866  当前没有其他玩家在线，无需广播状态同步消息
2025-11-27 20:07:26.4883  当前没有其他玩家在线，无需广播状态同步消息
2025-11-27 20:07:26.5899  当前没有其他玩家在线，无需广播状态同步消息
2025-11-27 20:07:26.6855  当前没有其他玩家在线，无需广播状态同步消息
2025-11-27 20:07:26.7894  当前没有其他玩家在线，无需广播状态同步消息
2025-11-27 20:07:26.8870  当前没有其他玩家在线，无需广播状态同步消息
2025-11-27 20:07:26.9839  当前没有其他玩家在线，无需广播状态同步消息
2025-11-27 20:07:27.0910  当前没有其他玩家在线，无需广播状态同步消息
2025-11-27 20:07:27.1906  当前没有其他玩家在线，无需广播状态同步消息
2025-11-27 20:07:27.2924  当前没有其他玩家在线，无需广播状态同步消息
2025-11-27 20:07:27.3911  当前没有其他玩家在线，无需广播状态同步消息
2025-11-27 20:07:27.4837  当前没有其他玩家在线，无需广播状态同步消息
2025-11-27 20:07:27.5873  当前没有其他玩家在线，无需广播状态同步消息
2025-11-27 20:07:27.6876  当前没有其他玩家在线，无需广播状态同步消息
2025-11-27 20:07:27.7856  当前没有其他玩家在线，无需广播状态同步消息
2025-11-27 20:07:27.8897  当前没有其他玩家在线，无需广播状态同步消息
2025-11-27 20:07:27.9856  当前没有其他玩家在线，无需广播状态同步消息
2025-11-27 20:07:28.0908  当前没有其他玩家在线，无需广播状态同步消息
2025-11-27 20:07:28.1871  当前没有其他玩家在线，无需广播状态同步消息
2025-11-27 20:07:28.2818  当前没有其他玩家在线，无需广播状态同步消息
2025-11-27 20:07:28.3847  当前没有其他玩家在线，无需广播状态同步消息
2025-11-27 20:07:28.4873  当前没有其他玩家在线，无需广播状态同步消息
2025-11-27 20:07:28.5900  当前没有其他玩家在线，无需广播状态同步消息
2025-11-27 20:07:28.6829  当前没有其他玩家在线，无需广播状态同步消息
2025-11-27 20:07:28.7906  当前没有其他玩家在线，无需广播状态同步消息
2025-11-27 20:07:28.8852  当前没有其他玩家在线，无需广播状态同步消息
2025-11-27 20:07:28.9834  当前没有其他玩家在线，无需广播状态同步消息
2025-11-27 20:07:29.0945  当前没有其他玩家在线，无需广播状态同步消息
2025-11-27 20:07:29.1926  当前没有其他玩家在线，无需广播状态同步消息
2025-11-27 20:07:29.2874  当前没有其他玩家在线，无需广播状态同步消息
2025-11-27 20:07:29.3824  当前没有其他玩家在线，无需广播状态同步消息
2025-11-27 20:07:29.4922  当前没有其他玩家在线，无需广播状态同步消息
2025-11-27 20:07:29.5900  当前没有其他玩家在线，无需广播状态同步消息
2025-11-27 20:07:29.6818  当前没有其他玩家在线，无需广播状态同步消息
2025-11-27 20:07:29.7928  当前没有其他玩家在线，无需广播状态同步消息
2025-11-27 20:07:29.8891  当前没有其他玩家在线，无需广播状态同步消息
2025-11-27 20:07:29.9912  当前没有其他玩家在线，无需广播状态同步消息
2025-11-27 20:07:30.0828  当前没有其他玩家在线，无需广播状态同步消息
2025-11-27 20:07:30.1828  当前没有其他玩家在线，无需广播状态同步消息
2025-11-27 20:07:30.2866  当前没有其他玩家在线，无需广播状态同步消息
2025-11-27 20:07:30.3943  当前没有其他玩家在线，无需广播状态同步消息
2025-11-27 20:07:30.4921  当前没有其他玩家在线，无需广播状态同步消息
2025-11-27 20:07:30.5922  当前没有其他玩家在线，无需广播状态同步消息
2025-11-27 20:07:30.6904  当前没有其他玩家在线，无需广播状态同步消息
2025-11-27 20:07:30.7835  当前没有其他玩家在线，无需广播状态同步消息
2025-11-27 20:07:30.8884  当前没有其他玩家在线，无需广播状态同步消息
2025-11-27 20:07:30.9840  当前没有其他玩家在线，无需广播状态同步消息
2025-11-27 20:07:31.0825  当前没有其他玩家在线，无需广播状态同步消息
2025-11-27 20:07:31.1911  当前没有其他玩家在线，无需广播状态同步消息
2025-11-27 20:07:31.2834  当前没有其他玩家在线，无需广播状态同步消息
2025-11-27 20:07:31.3838  当前没有其他玩家在线，无需广播状态同步消息
2025-11-27 20:07:31.4847  当前没有其他玩家在线，无需广播状态同步消息
2025-11-27 20:07:31.5893  当前没有其他玩家在线，无需广播状态同步消息
2025-11-27 20:07:31.6869  当前没有其他玩家在线，无需广播状态同步消息
2025-11-27 20:07:31.7844  当前没有其他玩家在线，无需广播状态同步消息
2025-11-27 20:07:31.8872  当前没有其他玩家在线，无需广播状态同步消息
2025-11-27 20:07:31.9866  当前没有其他玩家在线，无需广播状态同步消息
2025-11-27 20:07:32.0892  当前没有其他玩家在线，无需广播状态同步消息
2025-11-27 20:07:32.1907  当前没有其他玩家在线，无需广播状态同步消息
2025-11-27 20:07:32.2927  当前没有其他玩家在线，无需广播状态同步消息
2025-11-27 20:07:32.3816  当前没有其他玩家在线，无需广播状态同步消息
2025-11-27 20:07:32.4904  当前没有其他玩家在线，无需广播状态同步消息
2025-11-27 20:07:32.5841  当前没有其他玩家在线，无需广播状态同步消息
2025-11-27 20:07:32.6889  当前没有其他玩家在线，无需广播状态同步消息
2025-11-27 20:07:32.7906  当前没有其他玩家在线，无需广播状态同步消息
2025-11-27 20:07:32.8917  当前没有其他玩家在线，无需广播状态同步消息
2025-11-27 20:07:32.9918  当前没有其他玩家在线，无需广播状态同步消息
2025-11-27 20:07:33.0881  当前没有其他玩家在线，无需广播状态同步消息
2025-11-27 20:07:33.1843  当前没有其他玩家在线，无需广播状态同步消息
2025-11-27 20:07:33.2843  当前没有其他玩家在线，无需广播状态同步消息
2025-11-27 20:07:33.3848  当前没有其他玩家在线，无需广播状态同步消息
2025-11-27 20:07:33.4848  当前没有其他玩家在线，无需广播状态同步消息
2025-11-27 20:07:33.5841  当前没有其他玩家在线，无需广播状态同步消息
2025-11-27 20:07:33.6829  当前没有其他玩家在线，无需广播状态同步消息
2025-11-27 20:07:33.7962  当前没有其他玩家在线，无需广播状态同步消息
2025-11-27 20:07:33.8881  当前没有其他玩家在线，无需广播状态同步消息
2025-11-27 20:07:33.9893  当前没有其他玩家在线，无需广播状态同步消息
2025-11-27 20:07:34.0893  当前没有其他玩家在线，无需广播状态同步消息
2025-11-27 20:07:34.1839  当前没有其他玩家在线，无需广播状态同步消息
2025-11-27 20:07:34.2848  当前没有其他玩家在线，无需广播状态同步消息
2025-11-27 20:07:34.3910  当前没有其他玩家在线，无需广播状态同步消息
2025-11-27 20:07:34.4890  当前没有其他玩家在线，无需广播状态同步消息
2025-11-27 20:07:34.5842  当前没有其他玩家在线，无需广播状态同步消息
2025-11-27 20:07:34.6875  当前没有其他玩家在线，无需广播状态同步消息
2025-11-27 20:07:34.7927  当前没有其他玩家在线，无需广播状态同步消息
2025-11-27 20:07:34.8850  当前没有其他玩家在线，无需广播状态同步消息
2025-11-27 20:07:34.9829  当前没有其他玩家在线，无需广播状态同步消息
2025-11-27 20:07:35.0904  当前没有其他玩家在线，无需广播状态同步消息
