2025-11-27 19:40:26.0725 (EntryLobbyRequestHandler.cs:64) 玩家上次上线位置：x:0, y:0, z:0
2025-11-27 19:40:26.0725 (EntryLobbyRequestHandler.cs:81) 当前没有其他玩家在线，无需广播
2025-11-27 19:40:27.4710 (StateSyncRequestHandler.cs:36) 当前没有其他玩家在线，无需广播状态同步消息
2025-11-27 19:40:27.5537 (StateSyncRequestHandler.cs:36) 当前没有其他玩家在线，无需广播状态同步消息
2025-11-27 19:40:27.6624 (StateSyncRequestHandler.cs:36) 当前没有其他玩家在线，无需广播状态同步消息
2025-11-27 19:40:27.7534 (StateSyncRequestHandler.cs:36) 当前没有其他玩家在线，无需广播状态同步消息
2025-11-27 19:40:27.8622 (StateSyncRequestHandler.cs:36) 当前没有其他玩家在线，无需广播状态同步消息
2025-11-27 19:40:27.9570 (StateSyncRequestHandler.cs:36) 当前没有其他玩家在线，无需广播状态同步消息
2025-11-27 19:40:28.0641 (StateSyncRequestHandler.cs:36) 当前没有其他玩家在线，无需广播状态同步消息
2025-11-27 19:40:28.1724 (StateSyncRequestHandler.cs:36) 当前没有其他玩家在线，无需广播状态同步消息
2025-11-27 19:40:28.2643 (StateSyncRequestHandler.cs:36) 当前没有其他玩家在线，无需广播状态同步消息
2025-11-27 19:40:28.3742 (StateSyncRequestHandler.cs:36) 当前没有其他玩家在线，无需广播状态同步消息
2025-11-27 19:40:28.4658 (StateSyncRequestHandler.cs:36) 当前没有其他玩家在线，无需广播状态同步消息
2025-11-27 19:40:28.5570 (StateSyncRequestHandler.cs:36) 当前没有其他玩家在线，无需广播状态同步消息
2025-11-27 19:40:28.6657 (StateSyncRequestHandler.cs:36) 当前没有其他玩家在线，无需广播状态同步消息
2025-11-27 19:40:28.7745 (StateSyncRequestHandler.cs:36) 当前没有其他玩家在线，无需广播状态同步消息
2025-11-27 19:40:28.8675 (StateSyncRequestHandler.cs:36) 当前没有其他玩家在线，无需广播状态同步消息
2025-11-27 19:40:28.9602 (StateSyncRequestHandler.cs:36) 当前没有其他玩家在线，无需广播状态同步消息
2025-11-27 19:40:29.0545 (StateSyncRequestHandler.cs:36) 当前没有其他玩家在线，无需广播状态同步消息
2025-11-27 19:40:29.1594 (StateSyncRequestHandler.cs:36) 当前没有其他玩家在线，无需广播状态同步消息
2025-11-27 19:40:29.2670 (StateSyncRequestHandler.cs:36) 当前没有其他玩家在线，无需广播状态同步消息
2025-11-27 19:40:29.3614 (StateSyncRequestHandler.cs:36) 当前没有其他玩家在线，无需广播状态同步消息
2025-11-27 19:40:29.4541 (StateSyncRequestHandler.cs:36) 当前没有其他玩家在线，无需广播状态同步消息
2025-11-27 19:40:29.5627 (StateSyncRequestHandler.cs:36) 当前没有其他玩家在线，无需广播状态同步消息
2025-11-27 19:40:29.6706 (StateSyncRequestHandler.cs:36) 当前没有其他玩家在线，无需广播状态同步消息
2025-11-27 19:40:29.7643 (StateSyncRequestHandler.cs:36) 当前没有其他玩家在线，无需广播状态同步消息
2025-11-27 19:40:29.8576 (StateSyncRequestHandler.cs:36) 当前没有其他玩家在线，无需广播状态同步消息
2025-11-27 19:40:29.9520 (StateSyncRequestHandler.cs:36) 当前没有其他玩家在线，无需广播状态同步消息
2025-11-27 19:40:30.0599 (StateSyncRequestHandler.cs:36) 当前没有其他玩家在线，无需广播状态同步消息
2025-11-27 19:40:30.1664 (StateSyncRequestHandler.cs:36) 当前没有其他玩家在线，无需广播状态同步消息
2025-11-27 19:40:30.2584 (StateSyncRequestHandler.cs:36) 当前没有其他玩家在线，无需广播状态同步消息
2025-11-27 19:40:30.3663 (StateSyncRequestHandler.cs:36) 当前没有其他玩家在线，无需广播状态同步消息
2025-11-27 19:40:30.4599 (StateSyncRequestHandler.cs:36) 当前没有其他玩家在线，无需广播状态同步消息
2025-11-27 19:40:30.5522 (StateSyncRequestHandler.cs:36) 当前没有其他玩家在线，无需广播状态同步消息
2025-11-27 19:40:30.6601 (StateSyncRequestHandler.cs:36) 当前没有其他玩家在线，无需广播状态同步消息
2025-11-27 19:40:30.7672 (StateSyncRequestHandler.cs:36) 当前没有其他玩家在线，无需广播状态同步消息
2025-11-27 19:40:30.8585 (StateSyncRequestHandler.cs:36) 当前没有其他玩家在线，无需广播状态同步消息
2025-11-27 19:40:30.9668 (StateSyncRequestHandler.cs:36) 当前没有其他玩家在线，无需广播状态同步消息
2025-11-27 19:40:31.0577 (StateSyncRequestHandler.cs:36) 当前没有其他玩家在线，无需广播状态同步消息
2025-11-27 19:40:31.1665 (StateSyncRequestHandler.cs:36) 当前没有其他玩家在线，无需广播状态同步消息
2025-11-27 19:40:31.2594 (StateSyncRequestHandler.cs:36) 当前没有其他玩家在线，无需广播状态同步消息
2025-11-27 19:40:31.3532 (StateSyncRequestHandler.cs:36) 当前没有其他玩家在线，无需广播状态同步消息
2025-11-27 19:40:31.4619 (StateSyncRequestHandler.cs:36) 当前没有其他玩家在线，无需广播状态同步消息
2025-11-27 19:40:31.5539 (StateSyncRequestHandler.cs:36) 当前没有其他玩家在线，无需广播状态同步消息
2025-11-27 19:40:31.6617 (StateSyncRequestHandler.cs:36) 当前没有其他玩家在线，无需广播状态同步消息
2025-11-27 19:40:31.7556 (StateSyncRequestHandler.cs:36) 当前没有其他玩家在线，无需广播状态同步消息
2025-11-27 19:40:31.8657 (StateSyncRequestHandler.cs:36) 当前没有其他玩家在线，无需广播状态同步消息
2025-11-27 19:40:31.9574 (StateSyncRequestHandler.cs:36) 当前没有其他玩家在线，无需广播状态同步消息
2025-11-27 19:40:32.0531 (StateSyncRequestHandler.cs:36) 当前没有其他玩家在线，无需广播状态同步消息
2025-11-27 19:40:32.1612 (StateSyncRequestHandler.cs:36) 当前没有其他玩家在线，无需广播状态同步消息
2025-11-27 19:40:32.2551 (StateSyncRequestHandler.cs:36) 当前没有其他玩家在线，无需广播状态同步消息
2025-11-27 19:40:32.3634 (StateSyncRequestHandler.cs:36) 当前没有其他玩家在线，无需广播状态同步消息
2025-11-27 19:40:32.4567 (StateSyncRequestHandler.cs:36) 当前没有其他玩家在线，无需广播状态同步消息
2025-11-27 19:40:32.5646 (StateSyncRequestHandler.cs:36) 当前没有其他玩家在线，无需广播状态同步消息
2025-11-27 19:40:32.6580 (StateSyncRequestHandler.cs:36) 当前没有其他玩家在线，无需广播状态同步消息
2025-11-27 19:40:32.7656 (StateSyncRequestHandler.cs:36) 当前没有其他玩家在线，无需广播状态同步消息
2025-11-27 19:40:32.8588 (StateSyncRequestHandler.cs:36) 当前没有其他玩家在线，无需广播状态同步消息
2025-11-27 19:40:32.9523 (StateSyncRequestHandler.cs:36) 当前没有其他玩家在线，无需广播状态同步消息
2025-11-27 19:40:33.0605 (StateSyncRequestHandler.cs:36) 当前没有其他玩家在线，无需广播状态同步消息
2025-11-27 19:40:33.1525 (StateSyncRequestHandler.cs:36) 当前没有其他玩家在线，无需广播状态同步消息
2025-11-27 19:40:33.2606 (StateSyncRequestHandler.cs:36) 当前没有其他玩家在线，无需广播状态同步消息
2025-11-27 19:40:33.3541 (StateSyncRequestHandler.cs:36) 当前没有其他玩家在线，无需广播状态同步消息
2025-11-27 19:40:33.4621  当前没有其他玩家在线，无需广播状态同步消息
2025-11-27 19:40:33.5557  当前没有其他玩家在线，无需广播状态同步消息
2025-11-27 19:40:33.6639  当前没有其他玩家在线，无需广播状态同步消息
2025-11-27 19:40:33.7570  当前没有其他玩家在线，无需广播状态同步消息
2025-11-27 19:40:33.8669  当前没有其他玩家在线，无需广播状态同步消息
2025-11-27 19:40:33.9601  当前没有其他玩家在线，无需广播状态同步消息
2025-11-27 19:40:34.0531  当前没有其他玩家在线，无需广播状态同步消息
2025-11-27 19:40:34.1608  当前没有其他玩家在线，无需广播状态同步消息
2025-11-27 19:40:34.2689  当前没有其他玩家在线，无需广播状态同步消息
2025-11-27 19:40:34.3611  当前没有其他玩家在线，无需广播状态同步消息
2025-11-27 19:40:34.4686  当前没有其他玩家在线，无需广播状态同步消息
2025-11-27 19:40:34.5624  当前没有其他玩家在线，无需广播状态同步消息
2025-11-27 19:40:34.6690  当前没有其他玩家在线，无需广播状态同步消息
2025-11-27 19:40:34.7619  当前没有其他玩家在线，无需广播状态同步消息
2025-11-27 19:40:34.8539  当前没有其他玩家在线，无需广播状态同步消息
2025-11-27 19:40:34.9631  当前没有其他玩家在线，无需广播状态同步消息
2025-11-27 19:40:35.0556  当前没有其他玩家在线，无需广播状态同步消息
2025-11-27 19:40:35.1638  当前没有其他玩家在线，无需广播状态同步消息
2025-11-27 19:40:35.2722  当前没有其他玩家在线，无需广播状态同步消息
2025-11-27 19:40:35.3654  当前没有其他玩家在线，无需广播状态同步消息
2025-11-27 19:40:35.4590  当前没有其他玩家在线，无需广播状态同步消息
2025-11-27 19:40:35.5668  当前没有其他玩家在线，无需广播状态同步消息
2025-11-27 19:40:35.6606  当前没有其他玩家在线，无需广播状态同步消息
2025-11-27 19:40:35.7679  当前没有其他玩家在线，无需广播状态同步消息
2025-11-27 19:40:35.8608  当前没有其他玩家在线，无需广播状态同步消息
2025-11-27 19:40:35.9705  当前没有其他玩家在线，无需广播状态同步消息
2025-11-27 19:40:36.0625  当前没有其他玩家在线，无需广播状态同步消息
2025-11-27 19:40:36.1551  当前没有其他玩家在线，无需广播状态同步消息
2025-11-27 19:40:36.2641  当前没有其他玩家在线，无需广播状态同步消息
2025-11-27 19:40:36.3734  当前没有其他玩家在线，无需广播状态同步消息
2025-11-27 19:40:36.4664  当前没有其他玩家在线，无需广播状态同步消息
2025-11-27 19:40:36.5597  当前没有其他玩家在线，无需广播状态同步消息
2025-11-27 19:40:36.6669  当前没有其他玩家在线，无需广播状态同步消息
2025-11-27 19:40:36.7608  当前没有其他玩家在线，无需广播状态同步消息
2025-11-27 19:40:36.8672  当前没有其他玩家在线，无需广播状态同步消息
2025-11-27 19:40:36.9598  当前没有其他玩家在线，无需广播状态同步消息
2025-11-27 19:40:37.0537  当前没有其他玩家在线，无需广播状态同步消息
2025-11-27 19:40:37.1620  当前没有其他玩家在线，无需广播状态同步消息
2025-11-27 19:40:37.2715  当前没有其他玩家在线，无需广播状态同步消息
2025-11-27 19:40:37.3632  当前没有其他玩家在线，无需广播状态同步消息
2025-11-27 19:40:37.4560  当前没有其他玩家在线，无需广播状态同步消息
2025-11-27 19:40:37.5645  当前没有其他玩家在线，无需广播状态同步消息
2025-11-27 19:40:37.6565  当前没有其他玩家在线，无需广播状态同步消息
2025-11-27 19:40:37.7489  当前没有其他玩家在线，无需广播状态同步消息
2025-11-27 19:40:37.8565  当前没有其他玩家在线，无需广播状态同步消息
2025-11-27 19:40:37.9652  当前没有其他玩家在线，无需广播状态同步消息
2025-11-27 19:40:38.0570  当前没有其他玩家在线，无需广播状态同步消息
2025-11-27 19:40:38.1668  当前没有其他玩家在线，无需广播状态同步消息
2025-11-27 19:40:38.2611  当前没有其他玩家在线，无需广播状态同步消息
2025-11-27 19:40:38.3540  当前没有其他玩家在线，无需广播状态同步消息
2025-11-27 19:40:38.4628  当前没有其他玩家在线，无需广播状态同步消息
2025-11-27 19:40:38.5711  当前没有其他玩家在线，无需广播状态同步消息
2025-11-27 19:40:38.6627  当前没有其他玩家在线，无需广播状态同步消息
2025-11-27 19:40:38.7699  当前没有其他玩家在线，无需广播状态同步消息
2025-11-27 19:40:38.8638  当前没有其他玩家在线，无需广播状态同步消息
2025-11-27 19:40:38.9571  当前没有其他玩家在线，无需广播状态同步消息
2025-11-27 19:40:39.0654  当前没有其他玩家在线，无需广播状态同步消息
2025-11-27 19:40:39.1572  当前没有其他玩家在线，无需广播状态同步消息
2025-11-27 19:40:39.2640  当前没有其他玩家在线，无需广播状态同步消息
2025-11-27 19:40:39.3568  当前没有其他玩家在线，无需广播状态同步消息
2025-11-27 19:40:39.4647  当前没有其他玩家在线，无需广播状态同步消息
2025-11-27 19:40:39.5551  当前没有其他玩家在线，无需广播状态同步消息
2025-11-27 19:40:39.6617  当前没有其他玩家在线，无需广播状态同步消息
2025-11-27 19:40:39.7569  当前没有其他玩家在线，无需广播状态同步消息
2025-11-27 19:40:39.8613  当前没有其他玩家在线，无需广播状态同步消息
2025-11-27 19:40:39.9550  当前没有其他玩家在线，无需广播状态同步消息
2025-11-27 19:40:40.0632  当前没有其他玩家在线，无需广播状态同步消息
2025-11-27 19:40:40.1573  当前没有其他玩家在线，无需广播状态同步消息
2025-11-27 19:40:40.2652  当前没有其他玩家在线，无需广播状态同步消息
2025-11-27 19:40:40.3591  当前没有其他玩家在线，无需广播状态同步消息
2025-11-27 19:40:40.4676  当前没有其他玩家在线，无需广播状态同步消息
2025-11-27 19:40:40.5606  当前没有其他玩家在线，无需广播状态同步消息
2025-11-27 19:40:40.6521  当前没有其他玩家在线，无需广播状态同步消息
2025-11-27 19:40:40.7605  当前没有其他玩家在线，无需广播状态同步消息
2025-11-27 19:40:40.8536  当前没有其他玩家在线，无需广播状态同步消息
2025-11-27 19:40:40.9607  当前没有其他玩家在线，无需广播状态同步消息
2025-11-27 19:40:41.0699  当前没有其他玩家在线，无需广播状态同步消息
2025-11-27 19:40:41.1620  当前没有其他玩家在线，无需广播状态同步消息
2025-11-27 19:40:41.2536  当前没有其他玩家在线，无需广播状态同步消息
2025-11-27 19:40:41.3612  当前没有其他玩家在线，无需广播状态同步消息
2025-11-27 19:40:41.4554  当前没有其他玩家在线，无需广播状态同步消息
2025-11-27 19:40:41.5620  当前没有其他玩家在线，无需广播状态同步消息
2025-11-27 19:40:41.6551  当前没有其他玩家在线，无需广播状态同步消息
2025-11-27 19:40:41.7624  当前没有其他玩家在线，无需广播状态同步消息
2025-11-27 19:40:41.8544  当前没有其他玩家在线，无需广播状态同步消息
2025-11-27 19:40:41.9609  当前没有其他玩家在线，无需广播状态同步消息
2025-11-27 19:40:42.0531  当前没有其他玩家在线，无需广播状态同步消息
2025-11-27 19:40:42.1595  当前没有其他玩家在线，无需广播状态同步消息
2025-11-27 19:40:42.2677  当前没有其他玩家在线，无需广播状态同步消息
2025-11-27 19:40:42.3594  当前没有其他玩家在线，无需广播状态同步消息
2025-11-27 19:40:42.4544  当前没有其他玩家在线，无需广播状态同步消息
2025-11-27 19:40:42.5642  当前没有其他玩家在线，无需广播状态同步消息
2025-11-27 19:40:42.6733  当前没有其他玩家在线，无需广播状态同步消息
2025-11-27 19:40:42.7644  当前没有其他玩家在线，无需广播状态同步消息
2025-11-27 19:40:42.8566  当前没有其他玩家在线，无需广播状态同步消息
2025-11-27 19:40:42.9645  当前没有其他玩家在线，无需广播状态同步消息
2025-11-27 19:40:43.0564  当前没有其他玩家在线，无需广播状态同步消息
2025-11-27 19:40:43.1616  当前没有其他玩家在线，无需广播状态同步消息
2025-11-27 19:40:52.2142  当前服务器上没有其他玩家在线，无需广播下线消息
2025-11-27 19:40:52.2142  账号ID:489242989124911105 数据已保存到数据库
2025-11-27 19:40:52.2142  玩家ID:489242989124911105 下线成功 , 下线位置:x:5.488948, y:0, z:4.861389
2025-11-27 19:45:33.0343 (LoginRequestHandler.cs:28) 账号验证失败，错误码:2003
2025-11-27 19:45:40.6365 (EntryLobbyRequestHandler.cs:64) 玩家上次上线位置：x:5.488948, y:0, z:4.861389
2025-11-27 19:45:40.6365 (EntryLobbyRequestHandler.cs:81) 当前没有其他玩家在线，无需广播
2025-11-27 19:45:44.9272 (StateSyncRequestHandler.cs:36) 当前没有其他玩家在线，无需广播状态同步消息
2025-11-27 19:45:45.0237 (StateSyncRequestHandler.cs:36) 当前没有其他玩家在线，无需广播状态同步消息
2025-11-27 19:45:45.1224 (StateSyncRequestHandler.cs:36) 当前没有其他玩家在线，无需广播状态同步消息
2025-11-27 19:45:45.2197 (StateSyncRequestHandler.cs:36) 当前没有其他玩家在线，无需广播状态同步消息
2025-11-27 19:45:45.3259 (StateSyncRequestHandler.cs:36) 当前没有其他玩家在线，无需广播状态同步消息
2025-11-27 19:45:45.4254 (StateSyncRequestHandler.cs:36) 当前没有其他玩家在线，无需广播状态同步消息
2025-11-27 19:45:45.5195 (StateSyncRequestHandler.cs:36) 当前没有其他玩家在线，无需广播状态同步消息
2025-11-27 19:45:45.6188 (StateSyncRequestHandler.cs:36) 当前没有其他玩家在线，无需广播状态同步消息
2025-11-27 19:45:45.7179 (StateSyncRequestHandler.cs:36) 当前没有其他玩家在线，无需广播状态同步消息
2025-11-27 19:45:45.8178 (StateSyncRequestHandler.cs:36) 当前没有其他玩家在线，无需广播状态同步消息
2025-11-27 19:45:45.9198 (StateSyncRequestHandler.cs:36) 当前没有其他玩家在线，无需广播状态同步消息
2025-11-27 19:45:46.0175 (StateSyncRequestHandler.cs:36) 当前没有其他玩家在线，无需广播状态同步消息
2025-11-27 19:45:46.1194 (StateSyncRequestHandler.cs:36) 当前没有其他玩家在线，无需广播状态同步消息
2025-11-27 19:45:46.2272 (StateSyncRequestHandler.cs:36) 当前没有其他玩家在线，无需广播状态同步消息
2025-11-27 19:45:46.3240 (StateSyncRequestHandler.cs:36) 当前没有其他玩家在线，无需广播状态同步消息
2025-11-27 19:45:46.4205 (StateSyncRequestHandler.cs:36) 当前没有其他玩家在线，无需广播状态同步消息
2025-11-27 19:45:46.5185 (StateSyncRequestHandler.cs:36) 当前没有其他玩家在线，无需广播状态同步消息
2025-11-27 19:45:46.6261 (StateSyncRequestHandler.cs:36) 当前没有其他玩家在线，无需广播状态同步消息
2025-11-27 19:45:46.7195 (StateSyncRequestHandler.cs:36) 当前没有其他玩家在线，无需广播状态同步消息
2025-11-27 19:45:46.8168 (StateSyncRequestHandler.cs:36) 当前没有其他玩家在线，无需广播状态同步消息
2025-11-27 19:45:46.9215 (StateSyncRequestHandler.cs:36) 当前没有其他玩家在线，无需广播状态同步消息
2025-11-27 19:45:47.0188 (StateSyncRequestHandler.cs:36) 当前没有其他玩家在线，无需广播状态同步消息
2025-11-27 19:45:47.1183 (StateSyncRequestHandler.cs:36) 当前没有其他玩家在线，无需广播状态同步消息
2025-11-27 19:45:47.2190 (StateSyncRequestHandler.cs:36) 当前没有其他玩家在线，无需广播状态同步消息
2025-11-27 19:45:47.3170 (StateSyncRequestHandler.cs:36) 当前没有其他玩家在线，无需广播状态同步消息
2025-11-27 19:45:47.4266 (StateSyncRequestHandler.cs:36) 当前没有其他玩家在线，无需广播状态同步消息
2025-11-27 19:45:47.5244 (StateSyncRequestHandler.cs:36) 当前没有其他玩家在线，无需广播状态同步消息
2025-11-27 19:45:47.6255 (StateSyncRequestHandler.cs:36) 当前没有其他玩家在线，无需广播状态同步消息
2025-11-27 19:45:47.7224 (StateSyncRequestHandler.cs:36) 当前没有其他玩家在线，无需广播状态同步消息
2025-11-27 19:45:47.8180 (StateSyncRequestHandler.cs:36) 当前没有其他玩家在线，无需广播状态同步消息
2025-11-27 19:45:47.9232 (StateSyncRequestHandler.cs:36) 当前没有其他玩家在线，无需广播状态同步消息
2025-11-27 19:45:48.0215 (StateSyncRequestHandler.cs:36) 当前没有其他玩家在线，无需广播状态同步消息
2025-11-27 19:45:48.1221 (StateSyncRequestHandler.cs:36) 当前没有其他玩家在线，无需广播状态同步消息
2025-11-27 19:45:48.2223 (StateSyncRequestHandler.cs:36) 当前没有其他玩家在线，无需广播状态同步消息
2025-11-27 19:46:51.9311 (SessionDisposeComponentSystem.cs:28) 当前服务器上没有其他玩家在线，无需广播下线消息
2025-11-27 19:46:51.9311 (SessionDisposeComponentSystem.cs:77) 账号ID:489242989124911105 数据已保存到数据库
2025-11-27 19:46:51.9311 (SessionDisposeComponentSystem.cs:34) 玩家ID:489242989124911105 下线成功 , 下线位置:x:2.8097606, y:0, z:3.2270093
2025-11-27 19:47:09.5717 (EntryLobbyRequestHandler.cs:64) 玩家上次上线位置：x:5.488948, y:0, z:4.861389
2025-11-27 19:47:09.5717 (EntryLobbyRequestHandler.cs:81) 当前没有其他玩家在线，无需广播
2025-11-27 19:47:12.7434 (StateSyncRequestHandler.cs:36) 当前没有其他玩家在线，无需广播状态同步消息
2025-11-27 19:47:12.8405 (StateSyncRequestHandler.cs:36) 当前没有其他玩家在线，无需广播状态同步消息
2025-11-27 19:47:12.9405 (StateSyncRequestHandler.cs:36) 当前没有其他玩家在线，无需广播状态同步消息
2025-11-27 19:47:13.0413 (StateSyncRequestHandler.cs:36) 当前没有其他玩家在线，无需广播状态同步消息
2025-11-27 19:47:13.1370 (StateSyncRequestHandler.cs:36) 当前没有其他玩家在线，无需广播状态同步消息
2025-11-27 19:47:13.2388 (StateSyncRequestHandler.cs:36) 当前没有其他玩家在线，无需广播状态同步消息
2025-11-27 19:47:15.3212 (SessionDisposeComponentSystem.cs:28) 当前服务器上没有其他玩家在线，无需广播下线消息
2025-11-27 19:47:15.3212 (SessionDisposeComponentSystem.cs:77) 账号ID:489242989124911105 数据已保存到数据库
2025-11-27 19:47:15.3212 (SessionDisposeComponentSystem.cs:34) 玩家ID:489242989124911105 下线成功 , 下线位置:x:3.050831, y:0, z:2.2565017
