2025-11-27 19:40:03.0721  

==========================================================================
 
  ███████╗ █████╗ ███╗   ██╗████████╗ █████╗  ██████╗ ██╗   ██╗
  ██╔════╝██╔══██╗████╗  ██║╚══██╔══╝██╔══██╗██╔════╝ ╚██╗ ██╔╝
  █████╗  ███████║██╔██╗ ██║   ██║   ███████║╚█████╗   ╚████╔╝ 
  ██╔══╝  ██╔══██║██║╚██╗██║   ██║   ██╔══██║╚════██║   ╚██╔╝  
  ██║     ██║  ██║██║ ╚████║   ██║   ██║  ██║██████╔╝    ██║   
  ╚═╝     ╚═╝  ╚═╝╚═╝  ╚═══╝   ╚═╝   ╚═╝  ╚═╝╚═════╝     ╚═╝   
                                                            
 Version : Fantasy 2.0 Official version
==========================================================================

2025-11-27 19:40:03.1451  Current inner network protocol:TCP
2025-11-27 19:40:03.1469  Max Message Size(byte):1048560
2025-11-27 19:40:03.1469  Current session idle timeout:8000
2025-11-27 19:40:03.1469  Session-check interval:5000 
2025-11-27 19:40:04.4582  dbName:OnlineTest Initialize the db database and connect to the target.
2025-11-27 19:40:04.8974  dbName:OnlineTest Database connection successful.
2025-11-27 19:40:05.2431  SceneConfigId = 1001 networkTarget = Inner TCPServer Listen 127.0.0.1:11002
2025-11-27 19:40:05.5583  SceneConfigId = 1001 networkTarget = Outer KCPServer Listen 0.0.0.0:20000
2025-11-27 19:40:05.5583  Process:1 Startup Complete SceneCount:1
2025-11-27 19:40:21.2832 (LoginRequestHandler.cs:19) 收到登录请求
2025-11-27 19:40:26.0573 (EntryLobbyRequestHandler.cs:32) 进入大厅成功，玩家ID:489242989124911105
2025-11-27 19:40:27.4710 (LobbyPlayerManagerComponentSystem.cs:97) 玩家ID:489242989124911105 移动方向: -0.778397 , 0 , -0.62777233
2025-11-27 19:40:27.4710 (LobbyPlayerManagerComponentSystem.cs:102) 玩家ID:489242989124911105 移动到新位置: -0.1556794 , 0 , -0.12555447
2025-11-27 19:40:27.5527 (LobbyPlayerManagerComponentSystem.cs:97) 玩家ID:489242989124911105 移动方向: -0.805167 , 0 , -0.59304816
2025-11-27 19:40:27.5537 (LobbyPlayerManagerComponentSystem.cs:102) 玩家ID:489242989124911105 移动到新位置: -0.3167128 , 0 , -0.24416411
2025-11-27 19:40:27.6610 (LobbyPlayerManagerComponentSystem.cs:97) 玩家ID:489242989124911105 移动方向: -0.7959114 , 0 , -0.6054132
2025-11-27 19:40:27.6610 (LobbyPlayerManagerComponentSystem.cs:102) 玩家ID:489242989124911105 移动到新位置: -0.47589505 , 0 , -0.36524674
2025-11-27 19:40:27.7534 (LobbyPlayerManagerComponentSystem.cs:97) 玩家ID:489242989124911105 移动方向: -0.7784112 , 0 , -0.6277548
2025-11-27 19:40:27.7534 (LobbyPlayerManagerComponentSystem.cs:102) 玩家ID:489242989124911105 移动到新位置: -0.63157725 , 0 , -0.4907977
2025-11-27 19:40:27.8622 (LobbyPlayerManagerComponentSystem.cs:97) 玩家ID:489242989124911105 移动方向: -0.9998566 , 0 , -0.016934365
2025-11-27 19:40:27.8622 (LobbyPlayerManagerComponentSystem.cs:102) 玩家ID:489242989124911105 移动到新位置: -0.8315486 , 0 , -0.49418458
2025-11-27 19:40:27.9570 (LobbyPlayerManagerComponentSystem.cs:97) 玩家ID:489242989124911105 移动方向: -0.95927006 , 0 , -0.2824906
2025-11-27 19:40:27.9570 (LobbyPlayerManagerComponentSystem.cs:102) 玩家ID:489242989124911105 移动到新位置: -1.0234026 , 0 , -0.5506827
2025-11-27 19:40:28.0641 (LobbyPlayerManagerComponentSystem.cs:97) 玩家ID:489242989124911105 移动方向: -0.9603376 , 0 , 0.2788401
2025-11-27 19:40:28.0641 (LobbyPlayerManagerComponentSystem.cs:102) 玩家ID:489242989124911105 移动到新位置: -1.2154701 , 0 , -0.4949147
2025-11-27 19:40:28.1724 (LobbyPlayerManagerComponentSystem.cs:97) 玩家ID:489242989124911105 移动方向: -0.9879188 , 0 , 0.15497236
2025-11-27 19:40:28.1724 (LobbyPlayerManagerComponentSystem.cs:102) 玩家ID:489242989124911105 移动到新位置: -1.4130539 , 0 , -0.46392024
2025-11-27 19:40:28.2643 (LobbyPlayerManagerComponentSystem.cs:97) 玩家ID:489242989124911105 移动方向: 0.1097826 , 0 , 0.9939557
2025-11-27 19:40:28.2643 (LobbyPlayerManagerComponentSystem.cs:102) 玩家ID:489242989124911105 移动到新位置: -1.3910973 , 0 , -0.2651291
2025-11-27 19:40:28.3742 (LobbyPlayerManagerComponentSystem.cs:97) 玩家ID:489242989124911105 移动方向: 0.09088377 , 0 , 0.99586153
2025-11-27 19:40:28.3742 (LobbyPlayerManagerComponentSystem.cs:102) 玩家ID:489242989124911105 移动到新位置: -1.3729205 , 0 , -0.06595677
2025-11-27 19:40:28.4658 (LobbyPlayerManagerComponentSystem.cs:97) 玩家ID:489242989124911105 移动方向: 0.08493013 , 0 , 0.99638695
2025-11-27 19:40:28.4658 (LobbyPlayerManagerComponentSystem.cs:102) 玩家ID:489242989124911105 移动到新位置: -1.3559345 , 0 , 0.13332061
2025-11-27 19:40:28.5570 (LobbyPlayerManagerComponentSystem.cs:97) 玩家ID:489242989124911105 移动方向: -0.6456749 , 0 , 0.76361245
2025-11-27 19:40:28.5570 (LobbyPlayerManagerComponentSystem.cs:102) 玩家ID:489242989124911105 移动到新位置: -1.4850695 , 0 , 0.2860431
2025-11-27 19:40:28.6657 (LobbyPlayerManagerComponentSystem.cs:97) 玩家ID:489242989124911105 移动方向: -0.996579 , 0 , 0.08264547
2025-11-27 19:40:28.6657 (LobbyPlayerManagerComponentSystem.cs:102) 玩家ID:489242989124911105 移动到新位置: -1.6843853 , 0 , 0.3025722
2025-11-27 19:40:28.7745 (LobbyPlayerManagerComponentSystem.cs:97) 玩家ID:489242989124911105 移动方向: -0.99659556 , 0 , 0.082445845
2025-11-27 19:40:28.7745 (LobbyPlayerManagerComponentSystem.cs:102) 玩家ID:489242989124911105 移动到新位置: -1.8837044 , 0 , 0.31906137
2025-11-27 19:40:28.8675 (LobbyPlayerManagerComponentSystem.cs:97) 玩家ID:489242989124911105 移动方向: -0.08239741 , 0 , -0.99659956
2025-11-27 19:40:28.8675 (LobbyPlayerManagerComponentSystem.cs:102) 玩家ID:489242989124911105 移动到新位置: -1.9001839 , 0 , 0.11974147
2025-11-27 19:40:28.9602 (LobbyPlayerManagerComponentSystem.cs:97) 玩家ID:489242989124911105 移动方向: -0.08238018 , 0 , -0.9966009
2025-11-27 19:40:28.9602 (LobbyPlayerManagerComponentSystem.cs:102) 玩家ID:489242989124911105 移动到新位置: -1.91666 , 0 , -0.07957871
2025-11-27 19:40:29.0545 (LobbyPlayerManagerComponentSystem.cs:97) 玩家ID:489242989124911105 移动方向: -0.08237531 , 0 , -0.9966014
2025-11-27 19:40:29.0545 (LobbyPlayerManagerComponentSystem.cs:102) 玩家ID:489242989124911105 移动到新位置: -1.933135 , 0 , -0.278899
2025-11-27 19:40:29.1594 (LobbyPlayerManagerComponentSystem.cs:97) 玩家ID:489242989124911105 移动方向: -0.76295084 , 0 , -0.64645654
2025-11-27 19:40:29.1594 (LobbyPlayerManagerComponentSystem.cs:102) 玩家ID:489242989124911105 移动到新位置: -2.0857253 , 0 , -0.4081903
2025-11-27 19:40:29.2670 (LobbyPlayerManagerComponentSystem.cs:97) 玩家ID:489242989124911105 移动方向: -0.9966015 , 0 , 0.082373574
2025-11-27 19:40:29.2670 (LobbyPlayerManagerComponentSystem.cs:102) 玩家ID:489242989124911105 移动到新位置: -2.2850456 , 0 , -0.3917156
2025-11-27 19:40:29.3614 (LobbyPlayerManagerComponentSystem.cs:97) 玩家ID:489242989124911105 移动方向: -0.64645684 , 0 , 0.76295054
2025-11-27 19:40:29.3614 (LobbyPlayerManagerComponentSystem.cs:102) 玩家ID:489242989124911105 移动到新位置: -2.414337 , 0 , -0.23912548
2025-11-27 19:40:29.4541 (LobbyPlayerManagerComponentSystem.cs:97) 玩家ID:489242989124911105 移动方向: 0.08237344 , 0 , 0.9966015
2025-11-27 19:40:29.4541 (LobbyPlayerManagerComponentSystem.cs:102) 玩家ID:489242989124911105 移动到新位置: -2.3978622 , 0 , -0.039805174
2025-11-27 19:40:29.5627 (LobbyPlayerManagerComponentSystem.cs:97) 玩家ID:489242989124911105 移动方向: 0.7629505 , 0 , 0.6464569
2025-11-27 19:40:29.5627 (LobbyPlayerManagerComponentSystem.cs:102) 玩家ID:489242989124911105 移动到新位置: -2.2452722 , 0 , 0.08948621
2025-11-27 19:40:29.6706 (LobbyPlayerManagerComponentSystem.cs:97) 玩家ID:489242989124911105 移动方向: 0.9966015 , 0 , -0.08237344
2025-11-27 19:40:29.6706 (LobbyPlayerManagerComponentSystem.cs:102) 玩家ID:489242989124911105 移动到新位置: -2.0459518 , 0 , 0.073011525
2025-11-27 19:40:29.7643 (LobbyPlayerManagerComponentSystem.cs:97) 玩家ID:489242989124911105 移动方向: 0.9966015 , 0 , -0.08237344
2025-11-27 19:40:29.7643 (LobbyPlayerManagerComponentSystem.cs:102) 玩家ID:489242989124911105 移动到新位置: -1.8466315 , 0 , 0.05653684
2025-11-27 19:40:29.8576 (LobbyPlayerManagerComponentSystem.cs:97) 玩家ID:489242989124911105 移动方向: 0.6464569 , 0 , -0.7629505
2025-11-27 19:40:29.8576 (LobbyPlayerManagerComponentSystem.cs:102) 玩家ID:489242989124911105 移动到新位置: -1.7173401 , 0 , -0.09605326
2025-11-27 19:40:29.9520 (LobbyPlayerManagerComponentSystem.cs:97) 玩家ID:489242989124911105 移动方向: -0.08237344 , 0 , -0.9966015
2025-11-27 19:40:29.9520 (LobbyPlayerManagerComponentSystem.cs:102) 玩家ID:489242989124911105 移动到新位置: -1.7338148 , 0 , -0.29537356
2025-11-27 19:40:30.0599 (LobbyPlayerManagerComponentSystem.cs:97) 玩家ID:489242989124911105 移动方向: -0.08237344 , 0 , -0.9966015
2025-11-27 19:40:30.0599 (LobbyPlayerManagerComponentSystem.cs:102) 玩家ID:489242989124911105 移动到新位置: -1.7502896 , 0 , -0.49469388
2025-11-27 19:40:30.1664 (StateSyncRequestHandler.cs:18) 玩家ID:489242989124911105 移动方向: -0.08237344 , 0 , -0.9966015
2025-11-27 19:40:30.1664 (StateSyncRequestHandler.cs:18) 玩家ID:489242989124911105 移动到新位置: -1.7667643 , 0 , -0.6940142
2025-11-27 19:40:30.2584 (StateSyncRequestHandler.cs:18) 玩家ID:489242989124911105 移动方向: -0.08237344 , 0 , -0.9966015
2025-11-27 19:40:30.2584 (StateSyncRequestHandler.cs:18) 玩家ID:489242989124911105 移动到新位置: -1.783239 , 0 , -0.8933345
2025-11-27 19:40:30.3663 (StateSyncRequestHandler.cs:18) 玩家ID:489242989124911105 移动方向: -0.08237344 , 0 , -0.9966015
2025-11-27 19:40:30.3663 (StateSyncRequestHandler.cs:18) 玩家ID:489242989124911105 移动到新位置: -1.7997137 , 0 , -1.0926548
2025-11-27 19:40:30.4599 (StateSyncRequestHandler.cs:18) 玩家ID:489242989124911105 移动方向: -0.7629505 , 0 , -0.6464569
2025-11-27 19:40:30.4599 (StateSyncRequestHandler.cs:18) 玩家ID:489242989124911105 移动到新位置: -1.9523039 , 0 , -1.2219462
2025-11-27 19:40:30.5510 (StateSyncRequestHandler.cs:18) 玩家ID:489242989124911105 移动方向: -0.9966015 , 0 , 0.08237344
2025-11-27 19:40:30.5522 (StateSyncRequestHandler.cs:18) 玩家ID:489242989124911105 移动到新位置: -2.1516242 , 0 , -1.2054715
2025-11-27 19:40:30.6601 (StateSyncRequestHandler.cs:18) 玩家ID:489242989124911105 移动方向: -0.9966015 , 0 , 0.08237344
2025-11-27 19:40:30.6601 (StateSyncRequestHandler.cs:18) 玩家ID:489242989124911105 移动到新位置: -2.3509445 , 0 , -1.1889968
2025-11-27 19:40:30.7672 (StateSyncRequestHandler.cs:18) 玩家ID:489242989124911105 移动方向: -0.9966015 , 0 , 0.08237344
2025-11-27 19:40:30.7672 (StateSyncRequestHandler.cs:18) 玩家ID:489242989124911105 移动到新位置: -2.5502648 , 0 , -1.1725221
2025-11-27 19:40:30.8585 (StateSyncRequestHandler.cs:18) 玩家ID:489242989124911105 移动方向: -0.9966015 , 0 , 0.08237344
2025-11-27 19:40:30.8585 (StateSyncRequestHandler.cs:18) 玩家ID:489242989124911105 移动到新位置: -2.7495852 , 0 , -1.1560473
2025-11-27 19:40:30.9668 (StateSyncRequestHandler.cs:18) 玩家ID:489242989124911105 移动方向: -0.9966015 , 0 , 0.08237344
2025-11-27 19:40:30.9668 (StateSyncRequestHandler.cs:18) 玩家ID:489242989124911105 移动到新位置: -2.9489055 , 0 , -1.1395726
2025-11-27 19:40:31.0577 (StateSyncRequestHandler.cs:18) 玩家ID:489242989124911105 移动方向: -0.9966015 , 0 , 0.08237344
2025-11-27 19:40:31.0577 (StateSyncRequestHandler.cs:18) 玩家ID:489242989124911105 移动到新位置: -3.1482258 , 0 , -1.1230979
2025-11-27 19:40:31.1665 (StateSyncRequestHandler.cs:18) 玩家ID:489242989124911105 移动方向: 0.08237344 , 0 , 0.9966015
2025-11-27 19:40:31.1665 (StateSyncRequestHandler.cs:18) 玩家ID:489242989124911105 移动到新位置: -3.131751 , 0 , -0.9237776
2025-11-27 19:40:31.2594 (StateSyncRequestHandler.cs:18) 玩家ID:489242989124911105 移动方向: 0.08237344 , 0 , 0.9966015
2025-11-27 19:40:31.2594 (StateSyncRequestHandler.cs:18) 玩家ID:489242989124911105 移动到新位置: -3.1152763 , 0 , -0.72445726
2025-11-27 19:40:31.3532 (StateSyncRequestHandler.cs:18) 玩家ID:489242989124911105 移动方向: 0.08237344 , 0 , 0.9966015
2025-11-27 19:40:31.3532 (StateSyncRequestHandler.cs:18) 玩家ID:489242989124911105 移动到新位置: -3.0988016 , 0 , -0.52513695
2025-11-27 19:40:31.4619 (StateSyncRequestHandler.cs:18) 玩家ID:489242989124911105 移动方向: 0.08237344 , 0 , 0.9966015
2025-11-27 19:40:31.4619 (StateSyncRequestHandler.cs:18) 玩家ID:489242989124911105 移动到新位置: -3.082327 , 0 , -0.32581663
2025-11-27 19:40:31.5539 (StateSyncRequestHandler.cs:18) 玩家ID:489242989124911105 移动方向: 0.08237344 , 0 , 0.9966015
2025-11-27 19:40:31.5539 (StateSyncRequestHandler.cs:18) 玩家ID:489242989124911105 移动到新位置: -3.0658522 , 0 , -0.12649633
2025-11-27 19:40:31.6610 (StateSyncRequestHandler.cs:18) 玩家ID:489242989124911105 移动方向: 0.08237344 , 0 , 0.9966015
2025-11-27 19:40:31.6617 (StateSyncRequestHandler.cs:18) 玩家ID:489242989124911105 移动到新位置: -3.0493774 , 0 , 0.07282397
2025-11-27 19:40:31.7550 (StateSyncRequestHandler.cs:18) 玩家ID:489242989124911105 移动方向: 0.08237344 , 0 , 0.9966015
2025-11-27 19:40:31.7556 (StateSyncRequestHandler.cs:18) 玩家ID:489242989124911105 移动到新位置: -3.0329027 , 0 , 0.27214426
2025-11-27 19:40:31.8657 (StateSyncRequestHandler.cs:18) 玩家ID:489242989124911105 移动方向: 0.7629505 , 0 , 0.6464569
2025-11-27 19:40:31.8657 (StateSyncRequestHandler.cs:18) 玩家ID:489242989124911105 移动到新位置: -2.8803127 , 0 , 0.40143564
2025-11-27 19:40:31.9574 (StateSyncRequestHandler.cs:18) 玩家ID:489242989124911105 移动方向: 0.7629505 , 0 , 0.6464569
2025-11-27 19:40:31.9574 (StateSyncRequestHandler.cs:18) 玩家ID:489242989124911105 移动到新位置: -2.7277226 , 0 , 0.530727
2025-11-27 19:40:32.0522 (StateSyncRequestHandler.cs:18) 玩家ID:489242989124911105 移动方向: 0.7629505 , 0 , 0.6464569
2025-11-27 19:40:32.0531 (StateSyncRequestHandler.cs:18) 玩家ID:489242989124911105 移动到新位置: -2.5751326 , 0 , 0.66001844
2025-11-27 19:40:32.1612 (StateSyncRequestHandler.cs:18) 玩家ID:489242989124911105 移动方向: 0.7629505 , 0 , 0.6464569
2025-11-27 19:40:32.1612 (StateSyncRequestHandler.cs:18) 玩家ID:489242989124911105 移动到新位置: -2.4225426 , 0 , 0.78930986
2025-11-27 19:40:32.2551 (StateSyncRequestHandler.cs:18) 玩家ID:489242989124911105 移动方向: 0.9966015 , 0 , -0.08237344
2025-11-27 19:40:32.2551 (StateSyncRequestHandler.cs:18) 玩家ID:489242989124911105 移动到新位置: -2.2232223 , 0 , 0.7728352
2025-11-27 19:40:32.3634 (StateSyncRequestHandler.cs:18) 玩家ID:489242989124911105 移动方向: 0.9966015 , 0 , -0.08237344
2025-11-27 19:40:32.3634 (StateSyncRequestHandler.cs:18) 玩家ID:489242989124911105 移动到新位置: -2.023902 , 0 , 0.75636053
2025-11-27 19:40:32.4567 (StateSyncRequestHandler.cs:18) 玩家ID:489242989124911105 移动方向: 0.9966015 , 0 , -0.08237344
2025-11-27 19:40:32.4567 (StateSyncRequestHandler.cs:18) 玩家ID:489242989124911105 移动到新位置: -1.8245816 , 0 , 0.73988587
2025-11-27 19:40:32.5646 (StateSyncRequestHandler.cs:18) 玩家ID:489242989124911105 移动方向: 0.6464569 , 0 , -0.7629505
2025-11-27 19:40:32.5646 (StateSyncRequestHandler.cs:18) 玩家ID:489242989124911105 移动到新位置: -1.6952902 , 0 , 0.5872958
2025-11-27 19:40:32.6580 (StateSyncRequestHandler.cs:18) 玩家ID:489242989124911105 移动方向: -0.08237344 , 0 , -0.9966015
2025-11-27 19:40:32.6580 (StateSyncRequestHandler.cs:18) 玩家ID:489242989124911105 移动到新位置: -1.7117649 , 0 , 0.38797545
2025-11-27 19:40:32.7656 (StateSyncRequestHandler.cs:18) 玩家ID:489242989124911105 移动方向: -0.08237344 , 0 , -0.9966015
2025-11-27 19:40:32.7656 (StateSyncRequestHandler.cs:18) 玩家ID:489242989124911105 移动到新位置: -1.7282397 , 0 , 0.18865515
2025-11-27 19:40:32.8588 (StateSyncRequestHandler.cs:18) 玩家ID:489242989124911105 移动方向: -0.7629505 , 0 , -0.6464569
2025-11-27 19:40:32.8588 (StateSyncRequestHandler.cs:18) 玩家ID:489242989124911105 移动到新位置: -1.8808298 , 0 , 0.059363768
2025-11-27 19:40:32.9523 (StateSyncRequestHandler.cs:18) 玩家ID:489242989124911105 移动方向: -0.7629505 , 0 , -0.6464569
2025-11-27 19:40:32.9523 (StateSyncRequestHandler.cs:18) 玩家ID:489242989124911105 移动到新位置: -2.0334198 , 0 , -0.06992762
2025-11-27 19:40:33.0605 (StateSyncRequestHandler.cs:18) 玩家ID:489242989124911105 移动方向: -0.08237344 , 0 , -0.9966015
2025-11-27 19:40:33.0605 (StateSyncRequestHandler.cs:18) 玩家ID:489242989124911105 移动到新位置: -2.0498946 , 0 , -0.26924792
2025-11-27 19:40:33.1525 (StateSyncRequestHandler.cs:18) 玩家ID:489242989124911105 移动方向: -0.08237344 , 0 , -0.9966015
2025-11-27 19:40:33.1525 (StateSyncRequestHandler.cs:18) 玩家ID:489242989124911105 移动到新位置: -2.0663693 , 0 , -0.4685682
2025-11-27 19:40:33.2606 (StateSyncRequestHandler.cs:18) 玩家ID:489242989124911105 移动方向: 0.6464569 , 0 , -0.7629505
2025-11-27 19:40:33.2606 (StateSyncRequestHandler.cs:18) 玩家ID:489242989124911105 移动到新位置: -1.9370779 , 0 , -0.6211583
2025-11-27 19:40:33.3541 (StateSyncRequestHandler.cs:18) 玩家ID:489242989124911105 移动方向: 0.6464569 , 0 , -0.7629505
2025-11-27 19:40:33.3541 (StateSyncRequestHandler.cs:18) 玩家ID:489242989124911105 移动到新位置: -1.8077865 , 0 , -0.7737484
2025-11-27 19:40:33.4621 (StateSyncRequestHandler.cs:18) 玩家ID:489242989124911105 移动方向: 0.9966015 , 0 , -0.08237344
2025-11-27 19:40:33.4621 (StateSyncRequestHandler.cs:18) 玩家ID:489242989124911105 移动到新位置: -1.6084661 , 0 , -0.79022306
2025-11-27 19:40:33.5557 (StateSyncRequestHandler.cs:18) 玩家ID:489242989124911105 移动方向: 0.9966015 , 0 , -0.08237344
2025-11-27 19:40:33.5557 (StateSyncRequestHandler.cs:18) 玩家ID:489242989124911105 移动到新位置: -1.4091458 , 0 , -0.8066977
2025-11-27 19:40:33.6639 (StateSyncRequestHandler.cs:18) 玩家ID:489242989124911105 移动方向: 0.9966015 , 0 , -0.08237344
2025-11-27 19:40:33.6639 (StateSyncRequestHandler.cs:18) 玩家ID:489242989124911105 移动到新位置: -1.2098255 , 0 , -0.8231724
2025-11-27 19:40:33.7570 (StateSyncRequestHandler.cs:18) 玩家ID:489242989124911105 移动方向: 0.9956246 , 0 , -0.09344341
2025-11-27 19:40:33.7570 (StateSyncRequestHandler.cs:18) 玩家ID:489242989124911105 移动到新位置: -1.0107006 , 0 , -0.84186107
2025-11-27 19:40:33.8669 (StateSyncRequestHandler.cs:18) 玩家ID:489242989124911105 移动方向: 0.31184343 , 0 , 0.9501335
2025-11-27 19:40:33.8669 (StateSyncRequestHandler.cs:18) 玩家ID:489242989124911105 移动到新位置: -0.9483319 , 0 , -0.65183437
2025-11-27 19:40:33.9601 (StateSyncRequestHandler.cs:18) 玩家ID:489242989124911105 移动方向: 0.6302621 , 0 , 0.77638245
2025-11-27 19:40:33.9601 (StateSyncRequestHandler.cs:18) 玩家ID:489242989124911105 移动到新位置: -0.82227945 , 0 , -0.4965579
2025-11-27 19:40:34.0526 (StateSyncRequestHandler.cs:18) 玩家ID:489242989124911105 移动方向: 0.18543366 , 0 , 0.98265684
2025-11-27 19:40:34.0531 (StateSyncRequestHandler.cs:18) 玩家ID:489242989124911105 移动到新位置: -0.7851927 , 0 , -0.30002654
2025-11-27 19:40:34.1608 (StateSyncRequestHandler.cs:18) 玩家ID:489242989124911105 移动方向: 0.451855 , 0 , 0.8920914
2025-11-27 19:40:34.1608 (StateSyncRequestHandler.cs:18) 玩家ID:489242989124911105 移动到新位置: -0.6948217 , 0 , -0.12160826
2025-11-27 19:40:34.2689 (StateSyncRequestHandler.cs:18) 玩家ID:489242989124911105 移动方向: 0.64083606 , 0 , 0.7676778
2025-11-27 19:40:34.2689 (StateSyncRequestHandler.cs:18) 玩家ID:489242989124911105 移动到新位置: -0.5666545 , 0 , 0.031927302
2025-11-27 19:40:34.3611 (StateSyncRequestHandler.cs:18) 玩家ID:489242989124911105 移动方向: 0.99986976 , 0 , -0.016140044
2025-11-27 19:40:34.3611 (StateSyncRequestHandler.cs:18) 玩家ID:489242989124911105 移动到新位置: -0.36668056 , 0 , 0.028699294
2025-11-27 19:40:34.4686 (StateSyncRequestHandler.cs:18) 玩家ID:489242989124911105 移动方向: 0.6577966 , 0 , -0.7531956
2025-11-27 19:40:34.4686 (StateSyncRequestHandler.cs:18) 玩家ID:489242989124911105 移动到新位置: -0.23512124 , 0 , -0.12193982
2025-11-27 19:40:34.5624 (StateSyncRequestHandler.cs:18) 玩家ID:489242989124911105 移动方向: 0.6467951 , 0 , -0.7626639
2025-11-27 19:40:34.5624 (StateSyncRequestHandler.cs:18) 玩家ID:489242989124911105 移动到新位置: -0.10576221 , 0 , -0.2744726
2025-11-27 19:40:34.6690 (StateSyncRequestHandler.cs:18) 玩家ID:489242989124911105 移动方向: 0.6422472 , 0 , -0.76649755
2025-11-27 19:40:34.6690 (StateSyncRequestHandler.cs:18) 玩家ID:489242989124911105 移动到新位置: 0.022687227 , 0 , -0.4277721
2025-11-27 19:40:34.7619 (StateSyncRequestHandler.cs:18) 玩家ID:489242989124911105 移动方向: 0.9959867 , 0 , -0.08950107
2025-11-27 19:40:34.7619 (StateSyncRequestHandler.cs:18) 玩家ID:489242989124911105 移动到新位置: 0.22188458 , 0 , -0.44567233
2025-11-27 19:40:34.8539 (StateSyncRequestHandler.cs:18) 玩家ID:489242989124911105 移动方向: 0.76785064 , 0 , 0.64062893
2025-11-27 19:40:34.8539 (StateSyncRequestHandler.cs:18) 玩家ID:489242989124911105 移动到新位置: 0.37545472 , 0 , -0.31754655
2025-11-27 19:40:34.9631 (StateSyncRequestHandler.cs:18) 玩家ID:489242989124911105 移动方向: 0.76795965 , 0 , 0.6404981
2025-11-27 19:40:34.9631 (StateSyncRequestHandler.cs:18) 玩家ID:489242989124911105 移动到新位置: 0.52904665 , 0 , -0.18944693
2025-11-27 19:40:35.0556 (StateSyncRequestHandler.cs:18) 玩家ID:489242989124911105 移动方向: 0.76799107 , 0 , 0.6404605
2025-11-27 19:40:35.0556 (StateSyncRequestHandler.cs:18) 玩家ID:489242989124911105 移动到新位置: 0.68264484 , 0 , -0.06135483
2025-11-27 19:40:35.1638 (StateSyncRequestHandler.cs:18) 玩家ID:489242989124911105 移动方向: 0.7680007 , 0 , 0.6404489
2025-11-27 19:40:35.1638 (StateSyncRequestHandler.cs:18) 玩家ID:489242989124911105 移动到新位置: 0.836245 , 0 , 0.066734955
2025-11-27 19:40:35.2722 (StateSyncRequestHandler.cs:18) 玩家ID:489242989124911105 移动方向: 0.76019293 , 0 , 0.64969736
2025-11-27 19:40:35.2722 (StateSyncRequestHandler.cs:18) 玩家ID:489242989124911105 移动到新位置: 0.9882836 , 0 , 0.19667442
2025-11-27 19:40:35.3654 (StateSyncRequestHandler.cs:18) 玩家ID:489242989124911105 移动方向: 0.63448966 , 0 , 0.7729313
2025-11-27 19:40:35.3654 (StateSyncRequestHandler.cs:18) 玩家ID:489242989124911105 移动到新位置: 1.1151814 , 0 , 0.35126066
2025-11-27 19:40:35.4590 (StateSyncRequestHandler.cs:18) 玩家ID:489242989124911105 移动方向: 0.8887393 , 0 , 0.45841295
2025-11-27 19:40:35.4590 (StateSyncRequestHandler.cs:18) 玩家ID:489242989124911105 移动到新位置: 1.2929293 , 0 , 0.44294325
2025-11-27 19:40:35.5668 (StateSyncRequestHandler.cs:18) 玩家ID:489242989124911105 移动方向: 0.7560795 , 0 , 0.65447974
2025-11-27 19:40:35.5668 (StateSyncRequestHandler.cs:18) 玩家ID:489242989124911105 移动到新位置: 1.4441452 , 0 , 0.5738392
2025-11-27 19:40:35.6606 (StateSyncRequestHandler.cs:18) 玩家ID:489242989124911105 移动方向: 0.6662253 , 0 , 0.74575055
2025-11-27 19:40:35.6606 (StateSyncRequestHandler.cs:18) 玩家ID:489242989124911105 移动到新位置: 1.5773902 , 0 , 0.7229893
2025-11-27 19:40:35.7679 (StateSyncRequestHandler.cs:18) 玩家ID:489242989124911105 移动方向: 0.2903351 , 0 , 0.95692503
2025-11-27 19:40:35.7679 (StateSyncRequestHandler.cs:18) 玩家ID:489242989124911105 移动到新位置: 1.6354572 , 0 , 0.91437435
2025-11-27 19:40:35.8608 (StateSyncRequestHandler.cs:18) 玩家ID:489242989124911105 移动方向: -0.31706727 , 0 , 0.94840306
2025-11-27 19:40:35.8608 (StateSyncRequestHandler.cs:18) 玩家ID:489242989124911105 移动到新位置: 1.5720437 , 0 , 1.1040549
2025-11-27 19:40:35.9705 (StateSyncRequestHandler.cs:18) 玩家ID:489242989124911105 移动方向: -0.8919994 , 0 , 0.45203662
2025-11-27 19:40:35.9705 (StateSyncRequestHandler.cs:18) 玩家ID:489242989124911105 移动到新位置: 1.3936437 , 0 , 1.1944623
2025-11-27 19:40:36.0625 (StateSyncRequestHandler.cs:18) 玩家ID:489242989124911105 移动方向: -0.9952062 , 0 , 0.09779896
2025-11-27 19:40:36.0625 (StateSyncRequestHandler.cs:18) 玩家ID:489242989124911105 移动到新位置: 1.1946025 , 0 , 1.214022
2025-11-27 19:40:36.1551 (StateSyncRequestHandler.cs:18) 玩家ID:489242989124911105 移动方向: -0.99565494 , 0 , -0.09311928
2025-11-27 19:40:36.1551 (StateSyncRequestHandler.cs:18) 玩家ID:489242989124911105 移动到新位置: 0.9954715 , 0 , 1.1953982
2025-11-27 19:40:36.2641 (StateSyncRequestHandler.cs:18) 玩家ID:489242989124911105 移动方向: -0.98974305 , 0 , -0.14285937
2025-11-27 19:40:36.2641 (StateSyncRequestHandler.cs:18) 玩家ID:489242989124911105 移动到新位置: 0.7975229 , 0 , 1.1668264
2025-11-27 19:40:36.3734 (StateSyncRequestHandler.cs:18) 玩家ID:489242989124911105 移动方向: -0.9986635 , 0 , 0.051683884
2025-11-27 19:40:36.3734 (StateSyncRequestHandler.cs:18) 玩家ID:489242989124911105 移动到新位置: 0.59779024 , 0 , 1.1771631
2025-11-27 19:40:36.4664 (StateSyncRequestHandler.cs:18) 玩家ID:489242989124911105 移动方向: -0.8510622 , 0 , 0.5250649
2025-11-27 19:40:36.4664 (StateSyncRequestHandler.cs:18) 玩家ID:489242989124911105 移动到新位置: 0.42757782 , 0 , 1.2821761
2025-11-27 19:40:36.5597 (StateSyncRequestHandler.cs:18) 玩家ID:489242989124911105 移动方向: -0.28864446 , 0 , 0.9574363
2025-11-27 19:40:36.5597 (StateSyncRequestHandler.cs:18) 玩家ID:489242989124911105 移动到新位置: 0.36984894 , 0 , 1.4736633
2025-11-27 19:40:36.6669 (StateSyncRequestHandler.cs:18) 玩家ID:489242989124911105 移动方向: 0.4756421 , 0 , 0.8796389
2025-11-27 19:40:36.6669 (StateSyncRequestHandler.cs:18) 玩家ID:489242989124911105 移动到新位置: 0.46497735 , 0 , 1.6495911
2025-11-27 19:40:36.7608 (StateSyncRequestHandler.cs:18) 玩家ID:489242989124911105 移动方向: 0.8483847 , 0 , 0.52938014
2025-11-27 19:40:36.7608 (StateSyncRequestHandler.cs:18) 玩家ID:489242989124911105 移动到新位置: 0.6346543 , 0 , 1.7554672
2025-11-27 19:40:36.8672 (StateSyncRequestHandler.cs:18) 玩家ID:489242989124911105 移动方向: 0.9439263 , 0 , 0.33015624
2025-11-27 19:40:36.8672 (StateSyncRequestHandler.cs:18) 玩家ID:489242989124911105 移动到新位置: 0.82343954 , 0 , 1.8214984
2025-11-27 19:40:36.9598 (StateSyncRequestHandler.cs:18) 玩家ID:489242989124911105 移动方向: 0.91655463 , 0 , 0.3999095
2025-11-27 19:40:36.9598 (StateSyncRequestHandler.cs:18) 玩家ID:489242989124911105 移动到新位置: 1.0067505 , 0 , 1.9014803
2025-11-27 19:40:37.0537 (StateSyncRequestHandler.cs:18) 玩家ID:489242989124911105 移动方向: 0.70180124 , 0 , 0.71237284
2025-11-27 19:40:37.0537 (StateSyncRequestHandler.cs:18) 玩家ID:489242989124911105 移动到新位置: 1.1471107 , 0 , 2.0439548
2025-11-27 19:40:37.1617 (StateSyncRequestHandler.cs:18) 玩家ID:489242989124911105 移动方向: 0.18743499 , 0 , 0.98227704
2025-11-27 19:40:37.1617 (StateSyncRequestHandler.cs:18) 玩家ID:489242989124911105 移动到新位置: 1.1845977 , 0 , 2.2404103
2025-11-27 19:40:37.2715 (StateSyncRequestHandler.cs:18) 玩家ID:489242989124911105 移动方向: -0.2861247 , 0 , 0.95819235
2025-11-27 19:40:37.2715 (StateSyncRequestHandler.cs:18) 玩家ID:489242989124911105 移动到新位置: 1.1273727 , 0 , 2.4320488
2025-11-27 19:40:37.3632 (StateSyncRequestHandler.cs:18) 玩家ID:489242989124911105 移动方向: -0.49993086 , 0 , 0.8660654
2025-11-27 19:40:37.3632 (StateSyncRequestHandler.cs:18) 玩家ID:489242989124911105 移动到新位置: 1.0273865 , 0 , 2.6052618
2025-11-27 19:40:37.4560 (StateSyncRequestHandler.cs:18) 玩家ID:489242989124911105 移动方向: -0.4575441 , 0 , 0.8891869
2025-11-27 19:40:37.4560 (StateSyncRequestHandler.cs:18) 玩家ID:489242989124911105 移动到新位置: 0.93587774 , 0 , 2.7830992
2025-11-27 19:40:37.5645 (StateSyncRequestHandler.cs:18) 玩家ID:489242989124911105 移动方向: -0.009697285 , 0 , 0.999953
2025-11-27 19:40:37.5645 (StateSyncRequestHandler.cs:18) 玩家ID:489242989124911105 移动到新位置: 0.93393826 , 0 , 2.9830897
2025-11-27 19:40:37.6565 (StateSyncRequestHandler.cs:18) 玩家ID:489242989124911105 移动方向: 0.65707797 , 0 , 0.75382257
2025-11-27 19:40:37.6565 (StateSyncRequestHandler.cs:18) 玩家ID:489242989124911105 移动到新位置: 1.0653539 , 0 , 3.1338542
2025-11-27 19:40:37.7489 (StateSyncRequestHandler.cs:18) 玩家ID:489242989124911105 移动方向: 0.9984081 , 0 , 0.05640267
2025-11-27 19:40:37.7489 (StateSyncRequestHandler.cs:18) 玩家ID:489242989124911105 移动到新位置: 1.2650355 , 0 , 3.1451347
2025-11-27 19:40:37.8565 (StateSyncRequestHandler.cs:18) 玩家ID:489242989124911105 移动方向: 0.7541232 , 0 , -0.6567329
2025-11-27 19:40:37.8565 (StateSyncRequestHandler.cs:18) 玩家ID:489242989124911105 移动到新位置: 1.4158602 , 0 , 3.0137882
2025-11-27 19:40:37.9652 (StateSyncRequestHandler.cs:18) 玩家ID:489242989124911105 移动方向: 0.15153639 , 0 , -0.98845166
2025-11-27 19:40:37.9652 (StateSyncRequestHandler.cs:18) 玩家ID:489242989124911105 移动到新位置: 1.4461675 , 0 , 2.816098
2025-11-27 19:40:38.0570 (StateSyncRequestHandler.cs:18) 玩家ID:489242989124911105 移动方向: -0.37822163 , 0 , -0.9257151
2025-11-27 19:40:38.0570 (StateSyncRequestHandler.cs:18) 玩家ID:489242989124911105 移动到新位置: 1.3705231 , 0 , 2.630955
2025-11-27 19:40:38.1668 (StateSyncRequestHandler.cs:18) 玩家ID:489242989124911105 移动方向: -0.64158964 , 0 , -0.76704806
2025-11-27 19:40:38.1668 (StateSyncRequestHandler.cs:18) 玩家ID:489242989124911105 移动到新位置: 1.2422051 , 0 , 2.4775453
2025-11-27 19:40:38.2611 (StateSyncRequestHandler.cs:18) 玩家ID:489242989124911105 移动方向: -0.43449005 , 0 , -0.90067667
2025-11-27 19:40:38.2611 (StateSyncRequestHandler.cs:18) 玩家ID:489242989124911105 移动到新位置: 1.1553072 , 0 , 2.29741
2025-11-27 19:40:38.3540 (StateSyncRequestHandler.cs:18) 玩家ID:489242989124911105 移动方向: 0.4946239 , 0 , -0.8691071
2025-11-27 19:40:38.3540 (StateSyncRequestHandler.cs:18) 玩家ID:489242989124911105 移动到新位置: 1.2542319 , 0 , 2.1235886
2025-11-27 19:40:38.4628 (StateSyncRequestHandler.cs:18) 玩家ID:489242989124911105 移动方向: 0.94511217 , 0 , -0.3267461
2025-11-27 19:40:38.4628 (StateSyncRequestHandler.cs:18) 玩家ID:489242989124911105 移动到新位置: 1.4432544 , 0 , 2.0582395
2025-11-27 19:40:38.5711 (StateSyncRequestHandler.cs:18) 玩家ID:489242989124911105 移动方向: 0.9999438 , 0 , 0.0105995955
2025-11-27 19:40:38.5711 (StateSyncRequestHandler.cs:18) 玩家ID:489242989124911105 移动到新位置: 1.6432431 , 0 , 2.0603595
2025-11-27 19:40:38.6627 (StateSyncRequestHandler.cs:18) 玩家ID:489242989124911105 移动方向: 0.9505192 , 0 , 0.31066582
2025-11-27 19:40:38.6627 (StateSyncRequestHandler.cs:18) 玩家ID:489242989124911105 移动到新位置: 1.8333468 , 0 , 2.1224926
2025-11-27 19:40:38.7699 (StateSyncRequestHandler.cs:18) 玩家ID:489242989124911105 移动方向: 0.5244053 , 0 , 0.85146874
2025-11-27 19:40:38.7699 (StateSyncRequestHandler.cs:18) 玩家ID:489242989124911105 移动到新位置: 1.9382279 , 0 , 2.2927864
2025-11-27 19:40:38.8638 (StateSyncRequestHandler.cs:18) 玩家ID:489242989124911105 移动方向: 0.21258922 , 0 , 0.9771417
2025-11-27 19:40:38.8638 (StateSyncRequestHandler.cs:18) 玩家ID:489242989124911105 移动到新位置: 1.9807458 , 0 , 2.4882147
2025-11-27 19:40:38.9571 (StateSyncRequestHandler.cs:18) 玩家ID:489242989124911105 移动方向: 0.6089891 , 0 , 0.7931786
2025-11-27 19:40:38.9571 (StateSyncRequestHandler.cs:18) 玩家ID:489242989124911105 移动到新位置: 2.1025436 , 0 , 2.6468503
2025-11-27 19:40:39.0654 (StateSyncRequestHandler.cs:18) 玩家ID:489242989124911105 移动方向: 0.99939024 , 0 , 0.034915257
2025-11-27 19:40:39.0654 (StateSyncRequestHandler.cs:18) 玩家ID:489242989124911105 移动到新位置: 2.3024216 , 0 , 2.6538334
2025-11-27 19:40:39.1572 (StateSyncRequestHandler.cs:18) 玩家ID:489242989124911105 移动方向: 0.9487762 , 0 , -0.31594896
2025-11-27 19:40:39.1572 (StateSyncRequestHandler.cs:18) 玩家ID:489242989124911105 移动到新位置: 2.4921768 , 0 , 2.5906436
2025-11-27 19:40:39.2640 (StateSyncRequestHandler.cs:18) 玩家ID:489242989124911105 移动方向: 0.99802756 , 0 , 0.06277781
2025-11-27 19:40:39.2640 (StateSyncRequestHandler.cs:18) 玩家ID:489242989124911105 移动到新位置: 2.6917822 , 0 , 2.6031992
2025-11-27 19:40:39.3568 (StateSyncRequestHandler.cs:18) 玩家ID:489242989124911105 移动方向: 0.9209993 , 0 , 0.38956416
2025-11-27 19:40:39.3568 (StateSyncRequestHandler.cs:18) 玩家ID:489242989124911105 移动到新位置: 2.875982 , 0 , 2.681112
2025-11-27 19:40:39.4647 (StateSyncRequestHandler.cs:18) 玩家ID:489242989124911105 移动方向: 0.97581834 , 0 , 0.21858309
2025-11-27 19:40:39.4647 (StateSyncRequestHandler.cs:18) 玩家ID:489242989124911105 移动到新位置: 3.0711458 , 0 , 2.7248287
2025-11-27 19:40:39.5551 (StateSyncRequestHandler.cs:18) 玩家ID:489242989124911105 移动方向: 0.99234515 , 0 , -0.1234953
2025-11-27 19:40:39.5551 (StateSyncRequestHandler.cs:18) 玩家ID:489242989124911105 移动到新位置: 3.2696147 , 0 , 2.7001297
2025-11-27 19:40:39.6617 (StateSyncRequestHandler.cs:18) 玩家ID:489242989124911105 移动方向: 0.9856995 , 0 , -0.16851288
2025-11-27 19:40:39.6617 (StateSyncRequestHandler.cs:18) 玩家ID:489242989124911105 移动到新位置: 3.4667547 , 0 , 2.6664271
2025-11-27 19:40:39.7549 (StateSyncRequestHandler.cs:18) 玩家ID:489242989124911105 移动方向: 0.857892 , 0 , 0.51383
2025-11-27 19:40:39.7569 (StateSyncRequestHandler.cs:18) 玩家ID:489242989124911105 移动到新位置: 3.638333 , 0 , 2.7691932
2025-11-27 19:40:39.8613 (StateSyncRequestHandler.cs:18) 玩家ID:489242989124911105 移动方向: -0.19522294 , 0 , 0.9807589
2025-11-27 19:40:39.8613 (StateSyncRequestHandler.cs:18) 玩家ID:489242989124911105 移动到新位置: 3.5992885 , 0 , 2.965345
2025-11-27 19:40:39.9550 (StateSyncRequestHandler.cs:18) 玩家ID:489242989124911105 移动方向: -0.9583 , 0 , 0.28576404
2025-11-27 19:40:39.9550 (StateSyncRequestHandler.cs:18) 玩家ID:489242989124911105 移动到新位置: 3.4076285 , 0 , 3.0224977
2025-11-27 19:40:40.0632 (StateSyncRequestHandler.cs:18) 玩家ID:489242989124911105 移动方向: -0.92240554 , 0 , -0.38622272
2025-11-27 19:40:40.0632 (StateSyncRequestHandler.cs:18) 玩家ID:489242989124911105 移动到新位置: 3.2231474 , 0 , 2.9452531
2025-11-27 19:40:40.1573 (StateSyncRequestHandler.cs:18) 玩家ID:489242989124911105 移动方向: -0.77938807 , 0 , -0.62654144
2025-11-27 19:40:40.1573 (StateSyncRequestHandler.cs:18) 玩家ID:489242989124911105 移动到新位置: 3.0672698 , 0 , 2.8199449
2025-11-27 19:40:40.2652 (StateSyncRequestHandler.cs:18) 玩家ID:489242989124911105 移动方向: -0.70950234 , 0 , -0.7047031
2025-11-27 19:40:40.2652 (StateSyncRequestHandler.cs:18) 玩家ID:489242989124911105 移动到新位置: 2.9253693 , 0 , 2.6790042
2025-11-27 19:40:40.3591 (StateSyncRequestHandler.cs:18) 玩家ID:489242989124911105 移动方向: -0.7468531 , 0 , -0.664989
2025-11-27 19:40:40.3591 (StateSyncRequestHandler.cs:18) 玩家ID:489242989124911105 移动到新位置: 2.7759986 , 0 , 2.5460064
2025-11-27 19:40:40.4676 (StateSyncRequestHandler.cs:18) 玩家ID:489242989124911105 移动方向: -0.97300303 , 0 , -0.23079227
2025-11-27 19:40:40.4676 (StateSyncRequestHandler.cs:18) 玩家ID:489242989124911105 移动到新位置: 2.581398 , 0 , 2.499848
2025-11-27 19:40:40.5606 (StateSyncRequestHandler.cs:18) 玩家ID:489242989124911105 移动方向: -0.7178028 , 0 , 0.69624645
2025-11-27 19:40:40.5606 (StateSyncRequestHandler.cs:18) 玩家ID:489242989124911105 移动到新位置: 2.4378374 , 0 , 2.6390972
2025-11-27 19:40:40.6521 (StateSyncRequestHandler.cs:18) 玩家ID:489242989124911105 移动方向: -0.03910458 , 0 , 0.99923515
2025-11-27 19:40:40.6521 (StateSyncRequestHandler.cs:18) 玩家ID:489242989124911105 移动到新位置: 2.4300165 , 0 , 2.8389442
2025-11-27 19:40:40.7605 (StateSyncRequestHandler.cs:18) 玩家ID:489242989124911105 移动方向: 0.3078462 , 0 , 0.95143616
2025-11-27 19:40:40.7605 (StateSyncRequestHandler.cs:18) 玩家ID:489242989124911105 移动到新位置: 2.4915857 , 0 , 3.0292315
2025-11-27 19:40:40.8536 (StateSyncRequestHandler.cs:18) 玩家ID:489242989124911105 移动方向: 0.4259489 , 0 , 0.90474725
2025-11-27 19:40:40.8536 (StateSyncRequestHandler.cs:18) 玩家ID:489242989124911105 移动到新位置: 2.5767756 , 0 , 3.210181
2025-11-27 19:40:40.9607 (StateSyncRequestHandler.cs:18) 玩家ID:489242989124911105 移动方向: 0.46792608 , 0 , 0.8837676
2025-11-27 19:40:40.9607 (StateSyncRequestHandler.cs:18) 玩家ID:489242989124911105 移动到新位置: 2.6703608 , 0 , 3.3869345
2025-11-27 19:40:41.0699 (StateSyncRequestHandler.cs:18) 玩家ID:489242989124911105 移动方向: 0.47726914 , 0 , 0.8787571
2025-11-27 19:40:41.0699 (StateSyncRequestHandler.cs:18) 玩家ID:489242989124911105 移动到新位置: 2.7658145 , 0 , 3.562686
2025-11-27 19:40:41.1620 (StateSyncRequestHandler.cs:18) 玩家ID:489242989124911105 移动方向: 0.46137792 , 0 , 0.8872037
2025-11-27 19:40:41.1620 (StateSyncRequestHandler.cs:18) 玩家ID:489242989124911105 移动到新位置: 2.8580902 , 0 , 3.7401266
2025-11-27 19:40:41.2536 (StateSyncRequestHandler.cs:18) 玩家ID:489242989124911105 移动方向: 0.4487658 , 0 , 0.8936494
2025-11-27 19:40:41.2536 (StateSyncRequestHandler.cs:18) 玩家ID:489242989124911105 移动到新位置: 2.9478433 , 0 , 3.9188564
2025-11-27 19:40:41.3612 (StateSyncRequestHandler.cs:18) 玩家ID:489242989124911105 移动方向: 0.4183487 , 0 , 0.9082865
2025-11-27 19:40:41.3612 (StateSyncRequestHandler.cs:18) 玩家ID:489242989124911105 移动到新位置: 3.031513 , 0 , 4.1005135
2025-11-27 19:40:41.4554 (StateSyncRequestHandler.cs:18) 玩家ID:489242989124911105 移动方向: 0.38614815 , 0 , 0.92243683
2025-11-27 19:40:41.4554 (StateSyncRequestHandler.cs:18) 玩家ID:489242989124911105 移动到新位置: 3.1087427 , 0 , 4.285001
2025-11-27 19:40:41.5620 (StateSyncRequestHandler.cs:18) 玩家ID:489242989124911105 移动方向: 0.37018436 , 0 , 0.92895836
2025-11-27 19:40:41.5620 (StateSyncRequestHandler.cs:18) 玩家ID:489242989124911105 移动到新位置: 3.1827796 , 0 , 4.4707923
2025-11-27 19:40:41.6551 (StateSyncRequestHandler.cs:18) 玩家ID:489242989124911105 移动方向: 0.36423182 , 0 , 0.9313083
2025-11-27 19:40:41.6551 (StateSyncRequestHandler.cs:18) 玩家ID:489242989124911105 移动到新位置: 3.255626 , 0 , 4.657054
2025-11-27 19:40:41.7624 (StateSyncRequestHandler.cs:18) 玩家ID:489242989124911105 移动方向: 0.36305827 , 0 , 0.93176645
2025-11-27 19:40:41.7624 (StateSyncRequestHandler.cs:18) 玩家ID:489242989124911105 移动到新位置: 3.3282375 , 0 , 4.843407
2025-11-27 19:40:41.8544 (StateSyncRequestHandler.cs:18) 玩家ID:489242989124911105 移动方向: 0.46225768 , 0 , 0.88674563
2025-11-27 19:40:41.8544 (StateSyncRequestHandler.cs:18) 玩家ID:489242989124911105 移动到新位置: 3.420689 , 0 , 5.0207562
2025-11-27 19:40:41.9609 (StateSyncRequestHandler.cs:18) 玩家ID:489242989124911105 移动方向: 0.8577671 , 0 , 0.5140385
2025-11-27 19:40:41.9609 (StateSyncRequestHandler.cs:18) 玩家ID:489242989124911105 移动到新位置: 3.5922425 , 0 , 5.123564
2025-11-27 19:40:42.0531 (StateSyncRequestHandler.cs:18) 玩家ID:489242989124911105 移动方向: 0.99684227 , 0 , -0.07940739
2025-11-27 19:40:42.0531 (StateSyncRequestHandler.cs:18) 玩家ID:489242989124911105 移动到新位置: 3.791611 , 0 , 5.107682
2025-11-27 19:40:42.1595 (StateSyncRequestHandler.cs:18) 玩家ID:489242989124911105 移动方向: 0.80994654 , 0 , -0.5865037
2025-11-27 19:40:42.1595 (StateSyncRequestHandler.cs:18) 玩家ID:489242989124911105 移动到新位置: 3.9536002 , 0 , 4.9903817
2025-11-27 19:40:42.2677 (StateSyncRequestHandler.cs:18) 玩家ID:489242989124911105 移动方向: 0.67908955 , 0 , -0.73405546
2025-11-27 19:40:42.2677 (StateSyncRequestHandler.cs:18) 玩家ID:489242989124911105 移动到新位置: 4.089418 , 0 , 4.8435707
2025-11-27 19:40:42.3594 (StateSyncRequestHandler.cs:18) 玩家ID:489242989124911105 移动方向: 0.6435788 , 0 , -0.76537985
2025-11-27 19:40:42.3594 (StateSyncRequestHandler.cs:18) 玩家ID:489242989124911105 移动到新位置: 4.218134 , 0 , 4.6904945
2025-11-27 19:40:42.4544 (StateSyncRequestHandler.cs:18) 玩家ID:489242989124911105 移动方向: 0.7785265 , 0 , -0.6276118
2025-11-27 19:40:42.4544 (StateSyncRequestHandler.cs:18) 玩家ID:489242989124911105 移动到新位置: 4.3738394 , 0 , 4.5649724
2025-11-27 19:40:42.5642 (StateSyncRequestHandler.cs:18) 玩家ID:489242989124911105 移动方向: 0.95138633 , 0 , -0.30800015
2025-11-27 19:40:42.5642 (StateSyncRequestHandler.cs:18) 玩家ID:489242989124911105 移动到新位置: 4.5641165 , 0 , 4.503372
2025-11-27 19:40:42.6733 (StateSyncRequestHandler.cs:18) 玩家ID:489242989124911105 移动方向: 0.9916171 , 0 , 0.12921141
2025-11-27 19:40:42.6733 (StateSyncRequestHandler.cs:18) 玩家ID:489242989124911105 移动到新位置: 4.7624397 , 0 , 4.5292144
2025-11-27 19:40:42.7644 (StateSyncRequestHandler.cs:18) 玩家ID:489242989124911105 移动方向: 0.94267493 , 0 , 0.3337125
2025-11-27 19:40:42.7644 (StateSyncRequestHandler.cs:18) 玩家ID:489242989124911105 移动到新位置: 4.950975 , 0 , 4.595957
2025-11-27 19:40:42.8566 (StateSyncRequestHandler.cs:18) 玩家ID:489242989124911105 移动方向: 0.9080697 , 0 , 0.41881916
2025-11-27 19:40:42.8566 (StateSyncRequestHandler.cs:18) 玩家ID:489242989124911105 移动到新位置: 5.132589 , 0 , 4.6797204
2025-11-27 19:40:42.9645 (StateSyncRequestHandler.cs:18) 玩家ID:489242989124911105 移动方向: 0.89337844 , 0 , 0.4493049
2025-11-27 19:40:42.9645 (StateSyncRequestHandler.cs:18) 玩家ID:489242989124911105 移动到新位置: 5.3112645 , 0 , 4.7695813
2025-11-27 19:40:43.0564 (StateSyncRequestHandler.cs:18) 玩家ID:489242989124911105 移动方向: 0.88841647 , 0 , 0.45903838
2025-11-27 19:40:43.0564 (StateSyncRequestHandler.cs:18) 玩家ID:489242989124911105 移动到新位置: 5.488948 , 0 , 4.861389
2025-11-27 19:40:43.1616 (StateSyncRequestHandler.cs:18) 玩家ID:489242989124911105 移动到新位置: 5.488948 , 0 , 4.861389
2025-11-27 19:41:02.8874  收到登录请求
2025-11-27 19:45:09.4647  

==========================================================================
 
  ███████╗ █████╗ ███╗   ██╗████████╗ █████╗  ██████╗ ██╗   ██╗
  ██╔════╝██╔══██╗████╗  ██║╚══██╔══╝██╔══██╗██╔════╝ ╚██╗ ██╔╝
  █████╗  ███████║██╔██╗ ██║   ██║   ███████║╚█████╗   ╚████╔╝ 
  ██╔══╝  ██╔══██║██║╚██╗██║   ██║   ██╔══██║╚════██║   ╚██╔╝  
  ██║     ██║  ██║██║ ╚████║   ██║   ██║  ██║██████╔╝    ██║   
  ╚═╝     ╚═╝  ╚═╝╚═╝  ╚═══╝   ╚═╝   ╚═╝  ╚═╝╚═════╝     ╚═╝   
                                                            
 Version : Fantasy 2.0 Official version
==========================================================================

2025-11-27 19:45:09.5067  Current inner network protocol:TCP
2025-11-27 19:45:09.5067  Max Message Size(byte):1048560
2025-11-27 19:45:09.5067  Current session idle timeout:8000
2025-11-27 19:45:09.5067  Session-check interval:5000 
2025-11-27 19:45:09.8728  dbName:OnlineTest Initialize the db database and connect to the target.
2025-11-27 19:45:10.1362  dbName:OnlineTest Database connection successful.
2025-11-27 19:45:10.5030  SceneConfigId = 1001 networkTarget = Inner TCPServer Listen 127.0.0.1:11002
2025-11-27 19:45:10.8159  SceneConfigId = 1001 networkTarget = Outer KCPServer Listen 0.0.0.0:20000
2025-11-27 19:45:10.8159  Process:1 Startup Complete SceneCount:1
2025-11-27 19:45:32.8609 (LoginRequestHandler.cs:19) 收到登录请求
2025-11-27 19:45:35.4833 (LoginRequestHandler.cs:19) 收到登录请求
2025-11-27 19:45:40.4292 (RegisterNameRequestHandler.cs:15) 收到注册名称请求，账号ID：489242989124911105，名称：123131
2025-11-27 19:45:40.5935 (AuthenticationAccountComponentSystem.cs:116) 账号名称注册成功 账号ID：489242989124911105 名称：123131
2025-11-27 19:45:40.6221 (EntryLobbyRequestHandler.cs:32) 进入大厅成功，玩家ID:489242989124911105
2025-11-27 19:45:44.9267 (LobbyPlayerManagerComponentSystem.cs:97) 玩家ID:489242989124911105 移动方向: -0.7399545 , 0 , -0.6726569
2025-11-27 19:45:44.9272 (LobbyPlayerManagerComponentSystem.cs:102) 玩家ID:489242989124911105 移动到新位置: 5.340957 , 0 , 4.7268577
2025-11-27 19:45:45.0237 (LobbyPlayerManagerComponentSystem.cs:97) 玩家ID:489242989124911105 移动方向: -0.8644238 , 0 , -0.50276375
2025-11-27 19:45:45.0237 (LobbyPlayerManagerComponentSystem.cs:102) 玩家ID:489242989124911105 移动到新位置: 5.168072 , 0 , 4.626305
2025-11-27 19:45:45.1224 (LobbyPlayerManagerComponentSystem.cs:97) 玩家ID:489242989124911105 移动方向: -0.9090598 , 0 , -0.41666552
2025-11-27 19:45:45.1224 (LobbyPlayerManagerComponentSystem.cs:102) 玩家ID:489242989124911105 移动到新位置: 4.9862604 , 0 , 4.542972
2025-11-27 19:45:45.2197 (LobbyPlayerManagerComponentSystem.cs:97) 玩家ID:489242989124911105 移动方向: -0.9234725 , 0 , -0.38366443
2025-11-27 19:45:45.2197 (LobbyPlayerManagerComponentSystem.cs:102) 玩家ID:489242989124911105 移动到新位置: 4.801566 , 0 , 4.466239
2025-11-27 19:45:45.3259 (LobbyPlayerManagerComponentSystem.cs:97) 玩家ID:489242989124911105 移动方向: -0.9340792 , 0 , -0.3570661
2025-11-27 19:45:45.3259 (LobbyPlayerManagerComponentSystem.cs:102) 玩家ID:489242989124911105 移动到新位置: 4.6147504 , 0 , 4.394826
2025-11-27 19:45:45.4254 (LobbyPlayerManagerComponentSystem.cs:97) 玩家ID:489242989124911105 移动方向: -0.9503957 , 0 , -0.31104332
2025-11-27 19:45:45.4254 (LobbyPlayerManagerComponentSystem.cs:102) 玩家ID:489242989124911105 移动到新位置: 4.424671 , 0 , 4.3326173
2025-11-27 19:45:45.5195 (LobbyPlayerManagerComponentSystem.cs:97) 玩家ID:489242989124911105 移动方向: -0.9631984 , 0 , -0.26879138
2025-11-27 19:45:45.5195 (LobbyPlayerManagerComponentSystem.cs:102) 玩家ID:489242989124911105 移动到新位置: 4.2320313 , 0 , 4.278859
2025-11-27 19:45:45.6188 (LobbyPlayerManagerComponentSystem.cs:97) 玩家ID:489242989124911105 移动方向: -0.9691859 , 0 , -0.24633051
2025-11-27 19:45:45.6188 (LobbyPlayerManagerComponentSystem.cs:102) 玩家ID:489242989124911105 移动到新位置: 4.038194 , 0 , 4.229593
2025-11-27 19:45:45.7179 (LobbyPlayerManagerComponentSystem.cs:97) 玩家ID:489242989124911105 移动方向: -0.85421264 , 0 , 0.5199238
2025-11-27 19:45:45.7179 (LobbyPlayerManagerComponentSystem.cs:102) 玩家ID:489242989124911105 移动到新位置: 3.8673515 , 0 , 4.3335776
2025-11-27 19:45:45.8178 (LobbyPlayerManagerComponentSystem.cs:97) 玩家ID:489242989124911105 移动方向: -0.23201258 , 0 , 0.9727128
2025-11-27 19:45:45.8178 (LobbyPlayerManagerComponentSystem.cs:102) 玩家ID:489242989124911105 移动到新位置: 3.820949 , 0 , 4.52812
2025-11-27 19:45:45.9198 (LobbyPlayerManagerComponentSystem.cs:97) 玩家ID:489242989124911105 移动方向: 0.5251485 , 0 , 0.8510106
2025-11-27 19:45:45.9198 (LobbyPlayerManagerComponentSystem.cs:102) 玩家ID:489242989124911105 移动到新位置: 3.9259787 , 0 , 4.6983223
2025-11-27 19:45:46.0175 (LobbyPlayerManagerComponentSystem.cs:97) 玩家ID:489242989124911105 移动方向: 0.97321886 , 0 , 0.2298806
2025-11-27 19:45:46.0175 (LobbyPlayerManagerComponentSystem.cs:102) 玩家ID:489242989124911105 移动到新位置: 4.1206226 , 0 , 4.7442985
2025-11-27 19:45:46.1194 (LobbyPlayerManagerComponentSystem.cs:97) 玩家ID:489242989124911105 移动方向: 0.22970484 , 0 , -0.97326034
2025-11-27 19:45:46.1194 (LobbyPlayerManagerComponentSystem.cs:102) 玩家ID:489242989124911105 移动到新位置: 4.1665635 , 0 , 4.5496464
2025-11-27 19:45:46.2272 (LobbyPlayerManagerComponentSystem.cs:97) 玩家ID:489242989124911105 移动方向: 0.22964746 , 0 , -0.97327393
2025-11-27 19:45:46.2272 (LobbyPlayerManagerComponentSystem.cs:102) 玩家ID:489242989124911105 移动到新位置: 4.212493 , 0 , 4.3549914
2025-11-27 19:45:46.3240 (LobbyPlayerManagerComponentSystem.cs:97) 玩家ID:489242989124911105 移动方向: -0.52583647 , 0 , -0.8505857
2025-11-27 19:45:46.3240 (LobbyPlayerManagerComponentSystem.cs:102) 玩家ID:489242989124911105 移动到新位置: 4.1073256 , 0 , 4.1848745
2025-11-27 19:45:46.4205 (LobbyPlayerManagerComponentSystem.cs:97) 玩家ID:489242989124911105 移动方向: -0.9732785 , 0 , -0.22962773
2025-11-27 19:45:46.4205 (LobbyPlayerManagerComponentSystem.cs:102) 玩家ID:489242989124911105 移动到新位置: 3.91267 , 0 , 4.138949
2025-11-27 19:45:46.5185 (LobbyPlayerManagerComponentSystem.cs:97) 玩家ID:489242989124911105 移动方向: -0.9732789 , 0 , -0.22962622
2025-11-27 19:45:46.5185 (LobbyPlayerManagerComponentSystem.cs:102) 玩家ID:489242989124911105 移动到新位置: 3.7180142 , 0 , 4.093024
2025-11-27 19:45:46.6261 (LobbyPlayerManagerComponentSystem.cs:97) 玩家ID:489242989124911105 移动方向: -0.85058236 , 0 , 0.5258418
2025-11-27 19:45:46.6261 (LobbyPlayerManagerComponentSystem.cs:102) 玩家ID:489242989124911105 移动到新位置: 3.5478978 , 0 , 4.198192
2025-11-27 19:45:46.7195 (LobbyPlayerManagerComponentSystem.cs:97) 玩家ID:489242989124911105 移动方向: -0.85058236 , 0 , 0.52584183
2025-11-27 19:45:46.7195 (LobbyPlayerManagerComponentSystem.cs:102) 玩家ID:489242989124911105 移动到新位置: 3.3777814 , 0 , 4.3033605
2025-11-27 19:45:46.8168 (LobbyPlayerManagerComponentSystem.cs:97) 玩家ID:489242989124911105 移动方向: -0.97327894 , 0 , -0.2296262
2025-11-27 19:45:46.8168 (LobbyPlayerManagerComponentSystem.cs:102) 玩家ID:489242989124911105 移动到新位置: 3.1831255 , 0 , 4.2574353
2025-11-27 19:45:46.9215 (LobbyPlayerManagerComponentSystem.cs:97) 玩家ID:489242989124911105 移动方向: -0.97327894 , 0 , -0.2296262
2025-11-27 19:45:46.9215 (LobbyPlayerManagerComponentSystem.cs:102) 玩家ID:489242989124911105 移动到新位置: 2.9884696 , 0 , 4.21151
2025-11-27 19:45:47.0188 (LobbyPlayerManagerComponentSystem.cs:97) 玩家ID:489242989124911105 移动方向: 0.22962621 , 0 , -0.9732789
2025-11-27 19:45:47.0188 (LobbyPlayerManagerComponentSystem.cs:102) 玩家ID:489242989124911105 移动到新位置: 3.0343947 , 0 , 4.0168543
2025-11-27 19:45:47.1183 (LobbyPlayerManagerComponentSystem.cs:97) 玩家ID:489242989124911105 移动方向: 0.22962621 , 0 , -0.9732789
2025-11-27 19:45:47.1183 (LobbyPlayerManagerComponentSystem.cs:102) 玩家ID:489242989124911105 移动到新位置: 3.08032 , 0 , 3.8221984
2025-11-27 19:45:47.2190 (LobbyPlayerManagerComponentSystem.cs:97) 玩家ID:489242989124911105 移动方向: 0.22962621 , 0 , -0.9732789
2025-11-27 19:45:47.2190 (LobbyPlayerManagerComponentSystem.cs:102) 玩家ID:489242989124911105 移动到新位置: 3.126245 , 0 , 3.6275425
2025-11-27 19:45:47.3170 (LobbyPlayerManagerComponentSystem.cs:97) 玩家ID:489242989124911105 移动方向: 0.22962621 , 0 , -0.9732789
2025-11-27 19:45:47.3170 (LobbyPlayerManagerComponentSystem.cs:102) 玩家ID:489242989124911105 移动到新位置: 3.1721702 , 0 , 3.4328866
2025-11-27 19:45:47.4266 (LobbyPlayerManagerComponentSystem.cs:97) 玩家ID:489242989124911105 移动方向: 0.22962621 , 0 , -0.9732789
2025-11-27 19:45:47.4266 (LobbyPlayerManagerComponentSystem.cs:102) 玩家ID:489242989124911105 移动到新位置: 3.2180953 , 0 , 3.2382307
2025-11-27 19:45:47.5244 (StateSyncRequestHandler.cs:18) 玩家ID:489242989124911105 移动方向: 0.22962621 , 0 , -0.9732789
2025-11-27 19:45:47.5244 (StateSyncRequestHandler.cs:18) 玩家ID:489242989124911105 移动到新位置: 3.2640204 , 0 , 3.0435748
2025-11-27 19:45:47.6255 (StateSyncRequestHandler.cs:18) 玩家ID:489242989124911105 移动方向: 0.22962621 , 0 , -0.9732789
2025-11-27 19:45:47.6255 (StateSyncRequestHandler.cs:18) 玩家ID:489242989124911105 移动到新位置: 3.3099456 , 0 , 2.848919
2025-11-27 19:45:47.7224 (StateSyncRequestHandler.cs:18) 玩家ID:489242989124911105 移动方向: -0.97327894 , 0 , -0.2296262
2025-11-27 19:45:47.7224 (StateSyncRequestHandler.cs:18) 玩家ID:489242989124911105 移动到新位置: 3.1152897 , 0 , 2.8029938
2025-11-27 19:45:47.8171 (StateSyncRequestHandler.cs:18) 玩家ID:489242989124911105 移动方向: -0.97327894 , 0 , -0.2296262
2025-11-27 19:45:47.8171 (StateSyncRequestHandler.cs:18) 玩家ID:489242989124911105 移动到新位置: 2.9206338 , 0 , 2.7570686
2025-11-27 19:45:47.9232 (StateSyncRequestHandler.cs:18) 玩家ID:489242989124911105 移动方向: -0.85058236 , 0 , 0.52584183
2025-11-27 19:45:47.9232 (StateSyncRequestHandler.cs:18) 玩家ID:489242989124911105 移动到新位置: 2.7505174 , 0 , 2.862237
2025-11-27 19:45:48.0215 (StateSyncRequestHandler.cs:18) 玩家ID:489242989124911105 移动方向: -0.22962621 , 0 , 0.9732789
2025-11-27 19:45:48.0215 (StateSyncRequestHandler.cs:18) 玩家ID:489242989124911105 移动到新位置: 2.7045922 , 0 , 3.0568929
2025-11-27 19:45:48.1221 (StateSyncRequestHandler.cs:18) 玩家ID:489242989124911105 移动方向: 0.52584183 , 0 , 0.85058236
2025-11-27 19:45:48.1221 (StateSyncRequestHandler.cs:18) 玩家ID:489242989124911105 移动到新位置: 2.8097606 , 0 , 3.2270093
2025-11-27 19:45:48.2223 (StateSyncRequestHandler.cs:18) 玩家ID:489242989124911105 移动到新位置: 2.8097606 , 0 , 3.2270093
2025-11-27 19:47:02.3415  收到登录请求
2025-11-27 19:47:09.5322  收到注册名称请求，账号ID：489242989124911105，名称：2221
2025-11-27 19:47:09.5417  账号名称注册成功 账号ID：489242989124911105 名称：2221
2025-11-27 19:47:09.5671  进入大厅成功，玩家ID:489242989124911105
2025-11-27 19:47:12.7434 (StateSyncRequestHandler.cs:18) 玩家ID:489242989124911105 移动方向: 0.24105948 , 0 , -0.97051036
2025-11-27 19:47:12.7434 (StateSyncRequestHandler.cs:18) 玩家ID:489242989124911105 移动到新位置: 2.8579724 , 0 , 3.0329072
2025-11-27 19:47:12.8405 (StateSyncRequestHandler.cs:18) 玩家ID:489242989124911105 移动方向: 0.24107061 , 0 , -0.97050756
2025-11-27 19:47:12.8405 (StateSyncRequestHandler.cs:18) 玩家ID:489242989124911105 移动到新位置: 2.9061866 , 0 , 2.8388057
2025-11-27 19:47:12.9405 (StateSyncRequestHandler.cs:18) 玩家ID:489242989124911105 移动方向: 0.24107383 , 0 , -0.9705067
2025-11-27 19:47:12.9405 (StateSyncRequestHandler.cs:18) 玩家ID:489242989124911105 移动到新位置: 2.9544013 , 0 , 2.6447043
2025-11-27 19:47:13.0413 (StateSyncRequestHandler.cs:18) 玩家ID:489242989124911105 移动方向: 0.2410748 , 0 , -0.97050655
2025-11-27 19:47:13.0413 (StateSyncRequestHandler.cs:18) 玩家ID:489242989124911105 移动到新位置: 3.0026162 , 0 , 2.450603
2025-11-27 19:47:13.1370 (StateSyncRequestHandler.cs:18) 玩家ID:489242989124911105 移动方向: 0.24107502 , 0 , -0.97050655
2025-11-27 19:47:13.1370 (StateSyncRequestHandler.cs:18) 玩家ID:489242989124911105 移动到新位置: 3.050831 , 0 , 2.2565017
2025-11-27 19:47:13.2388 (StateSyncRequestHandler.cs:18) 玩家ID:489242989124911105 移动到新位置: 3.050831 , 0 , 2.2565017
