2025-11-27 20:03:21.4640  

==========================================================================
 
  ███████╗ █████╗ ███╗   ██╗████████╗ █████╗  ██████╗ ██╗   ██╗
  ██╔════╝██╔══██╗████╗  ██║╚══██╔══╝██╔══██╗██╔════╝ ╚██╗ ██╔╝
  █████╗  ███████║██╔██╗ ██║   ██║   ███████║╚█████╗   ╚████╔╝ 
  ██╔══╝  ██╔══██║██║╚██╗██║   ██║   ██╔══██║╚════██║   ╚██╔╝  
  ██║     ██║  ██║██║ ╚████║   ██║   ██║  ██║██████╔╝    ██║   
  ╚═╝     ╚═╝  ╚═╝╚═╝  ╚═══╝   ╚═╝   ╚═╝  ╚═╝╚═════╝     ╚═╝   
                                                            
 Version : Fantasy 2.0 Official version
==========================================================================

2025-11-27 20:03:21.5112  Current inner network protocol:TCP
2025-11-27 20:03:21.5112  Max Message Size(byte):1048560
2025-11-27 20:03:21.5112  Current session idle timeout:8000
2025-11-27 20:03:21.5112  Session-check interval:5000 
2025-11-27 20:03:21.8672  dbName:OnlineTest Initialize the db database and connect to the target.
2025-11-27 20:03:22.1005  dbName:OnlineTest Database connection successful.
2025-11-27 20:03:22.4731  SceneConfigId = 1001 networkTarget = Inner TCPServer Listen 127.0.0.1:11002
2025-11-27 20:03:22.7552  SceneConfigId = 1001 networkTarget = Outer KCPServer Listen 0.0.0.0:20000
2025-11-27 20:03:22.7560  Process:1 Startup Complete SceneCount:1
2025-11-27 20:03:37.2383 (LoginRequestHandler.cs:19) 收到登录请求
2025-11-27 20:04:19.3230 (LoginRequestHandler.cs:19) 收到登录请求
2025-11-27 20:06:08.1173 (LoginRequestHandler.cs:19) 收到登录请求
2025-11-27 20:06:59.0558 (LoginRequestHandler.cs:19) 收到登录请求
2025-11-27 20:07:04.9512 (RegisterNameRequestHandler.cs:15) 收到注册名称请求，账号：111，名称：yuanchuz
2025-11-27 20:07:05.0926 (AuthenticationAccountComponentSystem.cs:115) 账号名称注册成功 账号：111 名称：yuanchuz
2025-11-27 20:07:05.1235 (EntryLobbyRequestHandler.cs:32) 进入大厅成功，玩家ID:489242989124911105
2025-11-27 20:07:07.9287 (LobbyPlayerManagerComponentSystem.cs:97) 玩家ID:489242989124911105 移动方向: -0.0039269803 , 0 , -0.9999923
2025-11-27 20:07:07.9287 (LobbyPlayerManagerComponentSystem.cs:102) 玩家ID:489242989124911105 移动到新位置: 3.0500457 , 0 , 2.0565033
2025-11-27 20:07:08.0121 (LobbyPlayerManagerComponentSystem.cs:97) 玩家ID:489242989124911105 移动方向: -0.003926981 , 0 , -0.9999923
2025-11-27 20:07:08.0121 (LobbyPlayerManagerComponentSystem.cs:102) 玩家ID:489242989124911105 移动到新位置: 3.0492604 , 0 , 1.8565048
2025-11-27 20:07:08.1205 (LobbyPlayerManagerComponentSystem.cs:97) 玩家ID:489242989124911105 移动方向: -0.71204484 , 0 , -0.702134
2025-11-27 20:07:08.1205 (LobbyPlayerManagerComponentSystem.cs:102) 玩家ID:489242989124911105 移动到新位置: 2.9068513 , 0 , 1.716078
2025-11-27 20:07:08.2135 (LobbyPlayerManagerComponentSystem.cs:97) 玩家ID:489242989124911105 移动方向: -0.71295667 , 0 , -0.7012081
2025-11-27 20:07:08.2135 (LobbyPlayerManagerComponentSystem.cs:102) 玩家ID:489242989124911105 移动到新位置: 2.76426 , 0 , 1.5758364
2025-11-27 20:07:08.3160 (LobbyPlayerManagerComponentSystem.cs:97) 玩家ID:489242989124911105 移动方向: -0.9989205 , 0 , -0.046452723
2025-11-27 20:07:08.3160 (LobbyPlayerManagerComponentSystem.cs:102) 玩家ID:489242989124911105 移动到新位置: 2.564476 , 0 , 1.5665458
2025-11-27 20:07:08.4113 (LobbyPlayerManagerComponentSystem.cs:97) 玩家ID:489242989124911105 移动方向: -0.9919234 , 0 , -0.12683858
2025-11-27 20:07:08.4122 (LobbyPlayerManagerComponentSystem.cs:102) 玩家ID:489242989124911105 移动到新位置: 2.3660913 , 0 , 1.5411781
2025-11-27 20:07:08.5223 (LobbyPlayerManagerComponentSystem.cs:97) 玩家ID:489242989124911105 移动方向: -0.83447826 , 0 , 0.5510409
2025-11-27 20:07:08.5223 (LobbyPlayerManagerComponentSystem.cs:102) 玩家ID:489242989124911105 移动到新位置: 2.1991956 , 0 , 1.6513863
2025-11-27 20:07:08.6143 (LobbyPlayerManagerComponentSystem.cs:97) 玩家ID:489242989124911105 移动方向: -0.23245151 , 0 , 0.972608
2025-11-27 20:07:08.6143 (LobbyPlayerManagerComponentSystem.cs:102) 玩家ID:489242989124911105 移动到新位置: 2.1527054 , 0 , 1.8459078
2025-11-27 20:07:08.7143 (LobbyPlayerManagerComponentSystem.cs:97) 玩家ID:489242989124911105 移动方向: -0.24572466 , 0 , 0.96933967
2025-11-27 20:07:08.7143 (LobbyPlayerManagerComponentSystem.cs:102) 玩家ID:489242989124911105 移动到新位置: 2.1035604 , 0 , 2.0397758
2025-11-27 20:07:08.8162 (LobbyPlayerManagerComponentSystem.cs:97) 玩家ID:489242989124911105 移动方向: 0.5076674 , 0 , 0.8615531
2025-11-27 20:07:08.8162 (LobbyPlayerManagerComponentSystem.cs:102) 玩家ID:489242989124911105 移动到新位置: 2.2050939 , 0 , 2.2120864
2025-11-27 20:07:08.9195 (LobbyPlayerManagerComponentSystem.cs:97) 玩家ID:489242989124911105 移动方向: 0.5379338 , 0 , 0.842987
2025-11-27 20:07:08.9195 (LobbyPlayerManagerComponentSystem.cs:102) 玩家ID:489242989124911105 移动到新位置: 2.3126807 , 0 , 2.380684
2025-11-27 20:07:09.0123 (LobbyPlayerManagerComponentSystem.cs:97) 玩家ID:489242989124911105 移动方向: 0.70455426 , 0 , 0.70965016
2025-11-27 20:07:09.0123 (LobbyPlayerManagerComponentSystem.cs:102) 玩家ID:489242989124911105 移动到新位置: 2.4535916 , 0 , 2.522614
2025-11-27 20:07:09.1132 (LobbyPlayerManagerComponentSystem.cs:97) 玩家ID:489242989124911105 移动方向: 0.8931483 , 0 , 0.44976237
2025-11-27 20:07:09.1132 (LobbyPlayerManagerComponentSystem.cs:102) 玩家ID:489242989124911105 移动到新位置: 2.6322212 , 0 , 2.6125665
2025-11-27 20:07:09.2143 (LobbyPlayerManagerComponentSystem.cs:97) 玩家ID:489242989124911105 移动方向: 0.8728935 , 0 , -0.48791075
2025-11-27 20:07:09.2143 (LobbyPlayerManagerComponentSystem.cs:102) 玩家ID:489242989124911105 移动到新位置: 2.8068 , 0 , 2.5149844
2025-11-27 20:07:09.3097 (LobbyPlayerManagerComponentSystem.cs:97) 玩家ID:489242989124911105 移动方向: 0.832473 , 0 , -0.5540657
2025-11-27 20:07:09.3097 (LobbyPlayerManagerComponentSystem.cs:102) 玩家ID:489242989124911105 移动到新位置: 2.9732945 , 0 , 2.4041712
2025-11-27 20:07:09.4182 (LobbyPlayerManagerComponentSystem.cs:102) 玩家ID:489242989124911105 移动到新位置: 2.9732945 , 0 , 2.4041712
2025-11-27 20:07:10.2176 (LobbyPlayerManagerComponentSystem.cs:97) 玩家ID:489242989124911105 移动方向: 0.590957 , 0 , 0.8067031
2025-11-27 20:07:10.2176 (LobbyPlayerManagerComponentSystem.cs:102) 玩家ID:489242989124911105 移动到新位置: 3.091486 , 0 , 2.565512
2025-11-27 20:07:10.3111 (LobbyPlayerManagerComponentSystem.cs:97) 玩家ID:489242989124911105 移动方向: 0.98829496 , 0 , 0.15255475
2025-11-27 20:07:10.3111 (LobbyPlayerManagerComponentSystem.cs:102) 玩家ID:489242989124911105 移动到新位置: 3.289145 , 0 , 2.5960228
2025-11-27 20:07:10.4103 (LobbyPlayerManagerComponentSystem.cs:97) 玩家ID:489242989124911105 移动方向: 0.98829496 , 0 , 0.15255475
2025-11-27 20:07:10.4103 (LobbyPlayerManagerComponentSystem.cs:102) 玩家ID:489242989124911105 移动到新位置: 3.486804 , 0 , 2.6265337
2025-11-27 20:07:10.5175 (LobbyPlayerManagerComponentSystem.cs:97) 玩家ID:489242989124911105 移动方向: 0.5909575 , 0 , 0.8067026
2025-11-27 20:07:10.5175 (LobbyPlayerManagerComponentSystem.cs:102) 玩家ID:489242989124911105 移动到新位置: 3.6049955 , 0 , 2.7878742
2025-11-27 20:07:10.6162 (LobbyPlayerManagerComponentSystem.cs:97) 玩家ID:489242989124911105 移动方向: -0.15255484 , 0 , 0.98829496
2025-11-27 20:07:10.6162 (LobbyPlayerManagerComponentSystem.cs:102) 玩家ID:489242989124911105 移动到新位置: 3.5744846 , 0 , 2.9855332
2025-11-27 20:07:10.7106 (LobbyPlayerManagerComponentSystem.cs:97) 玩家ID:489242989124911105 移动方向: -0.15255484 , 0 , 0.98829496
2025-11-27 20:07:10.7106 (LobbyPlayerManagerComponentSystem.cs:102) 玩家ID:489242989124911105 移动到新位置: 3.5439737 , 0 , 3.1831923
2025-11-27 20:07:10.8218 (LobbyPlayerManagerComponentSystem.cs:97) 玩家ID:489242989124911105 移动方向: 0.59078866 , 0 , 0.80682635
2025-11-27 20:07:10.8218 (LobbyPlayerManagerComponentSystem.cs:102) 玩家ID:489242989124911105 移动到新位置: 3.6621313 , 0 , 3.3445575
2025-11-27 20:07:10.9183 (LobbyPlayerManagerComponentSystem.cs:97) 玩家ID:489242989124911105 移动方向: 0.5834485 , 0 , 0.8121501
2025-11-27 20:07:10.9183 (LobbyPlayerManagerComponentSystem.cs:102) 玩家ID:489242989124911105 移动到新位置: 3.778821 , 0 , 3.5069876
2025-11-27 20:07:11.0186 (LobbyPlayerManagerComponentSystem.cs:97) 玩家ID:489242989124911105 移动方向: 0.5674966 , 0 , 0.82337576
2025-11-27 20:07:11.0186 (LobbyPlayerManagerComponentSystem.cs:102) 玩家ID:489242989124911105 移动到新位置: 3.8923204 , 0 , 3.6716628
2025-11-27 20:07:11.1178 (LobbyPlayerManagerComponentSystem.cs:102) 玩家ID:489242989124911105 移动到新位置: 3.8923204 , 0 , 3.6716628
2025-11-27 20:07:22.1003  收到登录请求
2025-11-27 20:07:22.1473  进入大厅成功，玩家ID:489242989124911105
2025-11-27 20:07:23.1930 (StateSyncRequestHandler.cs:18) 玩家ID:489242989124911105 移动方向: 0.061800398 , 0 , -0.99808854
2025-11-27 20:07:23.1930 (StateSyncRequestHandler.cs:18) 玩家ID:489242989124911105 移动到新位置: 3.9046805 , 0 , 3.4720452
2025-11-27 20:07:23.2832 (StateSyncRequestHandler.cs:18) 玩家ID:489242989124911105 移动方向: 0.14971925 , 0 , -0.9887286
2025-11-27 20:07:23.2832 (StateSyncRequestHandler.cs:18) 玩家ID:489242989124911105 移动到新位置: 3.9346244 , 0 , 3.2742994
2025-11-27 20:07:23.3841 (StateSyncRequestHandler.cs:18) 玩家ID:489242989124911105 移动方向: 0.20054713 , 0 , -0.97968405
2025-11-27 20:07:23.3841 (StateSyncRequestHandler.cs:18) 玩家ID:489242989124911105 移动到新位置: 3.9747338 , 0 , 3.0783625
2025-11-27 20:07:23.4895 (StateSyncRequestHandler.cs:18) 玩家ID:489242989124911105 移动方向: 0.22316104 , 0 , -0.9747816
2025-11-27 20:07:23.4895 (StateSyncRequestHandler.cs:18) 玩家ID:489242989124911105 移动到新位置: 4.0193663 , 0 , 2.8834062
2025-11-27 20:07:23.5872 (StateSyncRequestHandler.cs:18) 玩家ID:489242989124911105 移动方向: -0.5255172 , 0 , -0.850783
2025-11-27 20:07:23.5872 (StateSyncRequestHandler.cs:18) 玩家ID:489242989124911105 移动到新位置: 3.9142628 , 0 , 2.7132497
2025-11-27 20:07:23.6885 (StateSyncRequestHandler.cs:18) 玩家ID:489242989124911105 移动方向: -0.52340204 , 0 , -0.8520858
2025-11-27 20:07:23.6885 (StateSyncRequestHandler.cs:18) 玩家ID:489242989124911105 移动到新位置: 3.8095825 , 0 , 2.5428326
2025-11-27 20:07:23.7896 (StateSyncRequestHandler.cs:18) 玩家ID:489242989124911105 移动方向: -0.52277374 , 0 , -0.85247135
2025-11-27 20:07:23.7896 (StateSyncRequestHandler.cs:18) 玩家ID:489242989124911105 移动到新位置: 3.7050278 , 0 , 2.3723383
2025-11-27 20:07:23.8891 (StateSyncRequestHandler.cs:18) 玩家ID:489242989124911105 移动方向: -0.9723929 , 0 , -0.23334944
2025-11-27 20:07:23.8891 (StateSyncRequestHandler.cs:18) 玩家ID:489242989124911105 移动到新位置: 3.5105493 , 0 , 2.3256683
2025-11-27 20:07:23.9881 (StateSyncRequestHandler.cs:18) 玩家ID:489242989124911105 移动方向: -0.9723767 , 0 , -0.23341706
2025-11-27 20:07:23.9881 (StateSyncRequestHandler.cs:18) 玩家ID:489242989124911105 移动到新位置: 3.316074 , 0 , 2.278985
2025-11-27 20:07:24.0868 (StateSyncRequestHandler.cs:18) 玩家ID:489242989124911105 移动方向: -0.97237206 , 0 , -0.23343657
2025-11-27 20:07:24.0868 (StateSyncRequestHandler.cs:18) 玩家ID:489242989124911105 移动到新位置: 3.1215994 , 0 , 2.2322977
2025-11-27 20:07:24.1850 (StateSyncRequestHandler.cs:18) 玩家ID:489242989124911105 移动到新位置: 3.1215994 , 0 , 2.2322977
2025-11-27 20:07:24.2909 (StateSyncRequestHandler.cs:18) 玩家ID:489242989124911105 移动方向: 0.9723701 , 0 , 0.23344468
2025-11-27 20:07:24.2909 (StateSyncRequestHandler.cs:18) 玩家ID:489242989124911105 移动到新位置: 3.3160734 , 0 , 2.2789867
2025-11-27 20:07:24.3858 (StateSyncRequestHandler.cs:18) 玩家ID:489242989124911105 移动方向: 0.85264003 , 0 , -0.5224987
2025-11-27 20:07:24.3858 (StateSyncRequestHandler.cs:18) 玩家ID:489242989124911105 移动到新位置: 3.4866014 , 0 , 2.1744869
2025-11-27 20:07:24.4864 (StateSyncRequestHandler.cs:18) 玩家ID:489242989124911105 移动方向: 0.2334453 , 0 , -0.97236997
2025-11-27 20:07:24.4864 (StateSyncRequestHandler.cs:18) 玩家ID:489242989124911105 移动到新位置: 3.5332904 , 0 , 1.9800129
2025-11-27 20:07:24.5884 (StateSyncRequestHandler.cs:18) 玩家ID:489242989124911105 移动方向: 0.2334453 , 0 , -0.97236997
2025-11-27 20:07:24.5884 (StateSyncRequestHandler.cs:18) 玩家ID:489242989124911105 移动到新位置: 3.5799794 , 0 , 1.7855389
2025-11-27 20:07:24.6869 (StateSyncRequestHandler.cs:18) 玩家ID:489242989124911105 移动方向: -0.52249855 , 0 , -0.85264015
2025-11-27 20:07:24.6869 (StateSyncRequestHandler.cs:18) 玩家ID:489242989124911105 移动到新位置: 3.4754796 , 0 , 1.6150109
2025-11-27 20:07:24.7856 (StateSyncRequestHandler.cs:18) 玩家ID:489242989124911105 移动方向: -0.52249855 , 0 , -0.85264015
2025-11-27 20:07:24.7856 (StateSyncRequestHandler.cs:18) 玩家ID:489242989124911105 移动到新位置: 3.3709798 , 0 , 1.4444828
2025-11-27 20:07:24.8870 (StateSyncRequestHandler.cs:18) 玩家ID:489242989124911105 移动方向: -0.9723699 , 0 , -0.23344532
2025-11-27 20:07:24.8870 (StateSyncRequestHandler.cs:18) 玩家ID:489242989124911105 移动到新位置: 3.1765058 , 0 , 1.3977938
2025-11-27 20:07:24.9891 (StateSyncRequestHandler.cs:18) 玩家ID:489242989124911105 移动方向: -0.2334453 , 0 , 0.97236997
2025-11-27 20:07:24.9891 (StateSyncRequestHandler.cs:18) 玩家ID:489242989124911105 移动到新位置: 3.1298168 , 0 , 1.5922678
2025-11-27 20:07:25.0900 (StateSyncRequestHandler.cs:18) 玩家ID:489242989124911105 移动方向: 0.52249855 , 0 , 0.85264015
2025-11-27 20:07:25.0900 (StateSyncRequestHandler.cs:18) 玩家ID:489242989124911105 移动到新位置: 3.2343166 , 0 , 1.7627958
2025-11-27 20:07:25.1899 (StateSyncRequestHandler.cs:18) 玩家ID:489242989124911105 移动方向: 0.52249855 , 0 , 0.85264015
2025-11-27 20:07:25.1899 (StateSyncRequestHandler.cs:18) 玩家ID:489242989124911105 移动到新位置: 3.3388164 , 0 , 1.9333239
2025-11-27 20:07:25.2829 (StateSyncRequestHandler.cs:18) 玩家ID:489242989124911105 移动方向: -0.8526401 , 0 , 0.5224986
2025-11-27 20:07:25.2829 (StateSyncRequestHandler.cs:18) 玩家ID:489242989124911105 移动到新位置: 3.1682885 , 0 , 2.0378237
2025-11-27 20:07:25.3883 (StateSyncRequestHandler.cs:18) 玩家ID:489242989124911105 移动方向: -0.9723699 , 0 , -0.23344532
2025-11-27 20:07:25.3883 (StateSyncRequestHandler.cs:18) 玩家ID:489242989124911105 移动到新位置: 2.9738145 , 0 , 1.9911346
2025-11-27 20:07:25.4944 (StateSyncRequestHandler.cs:18) 玩家ID:489242989124911105 移动方向: -0.52249855 , 0 , -0.85264015
2025-11-27 20:07:25.4944 (StateSyncRequestHandler.cs:18) 玩家ID:489242989124911105 移动到新位置: 2.8693147 , 0 , 1.8206066
2025-11-27 20:07:25.5893 (StateSyncRequestHandler.cs:18) 玩家ID:489242989124911105 移动方向: 0.2334453 , 0 , -0.97236997
2025-11-27 20:07:25.5893 (StateSyncRequestHandler.cs:18) 玩家ID:489242989124911105 移动到新位置: 2.9160037 , 0 , 1.6261326
2025-11-27 20:07:25.6916 (StateSyncRequestHandler.cs:18) 玩家ID:489242989124911105 移动方向: 0.2334453 , 0 , -0.97236997
2025-11-27 20:07:25.6916 (StateSyncRequestHandler.cs:18) 玩家ID:489242989124911105 移动到新位置: 2.9626927 , 0 , 1.4316586
2025-11-27 20:07:25.7890 (StateSyncRequestHandler.cs:18) 玩家ID:489242989124911105 移动方向: 0.2334453 , 0 , -0.97236997
2025-11-27 20:07:25.7890 (StateSyncRequestHandler.cs:18) 玩家ID:489242989124911105 移动到新位置: 3.0093818 , 0 , 1.2371846
2025-11-27 20:07:25.8875 (StateSyncRequestHandler.cs:18) 玩家ID:489242989124911105 移动方向: -0.52249855 , 0 , -0.85264015
2025-11-27 20:07:25.8875 (StateSyncRequestHandler.cs:18) 玩家ID:489242989124911105 移动到新位置: 2.904882 , 0 , 1.0666566
2025-11-27 20:07:25.9871 (StateSyncRequestHandler.cs:18) 玩家ID:489242989124911105 移动方向: -0.52249855 , 0 , -0.85264015
2025-11-27 20:07:25.9871 (StateSyncRequestHandler.cs:18) 玩家ID:489242989124911105 移动到新位置: 2.8003821 , 0 , 0.89612854
2025-11-27 20:07:26.0881 (StateSyncRequestHandler.cs:18) 玩家ID:489242989124911105 移动方向: -0.9723699 , 0 , -0.23344532
2025-11-27 20:07:26.0881 (StateSyncRequestHandler.cs:18) 玩家ID:489242989124911105 移动到新位置: 2.6059082 , 0 , 0.8494395
2025-11-27 20:07:26.1890 (StateSyncRequestHandler.cs:18) 玩家ID:489242989124911105 移动方向: -0.9723699 , 0 , -0.23344532
2025-11-27 20:07:26.1890 (StateSyncRequestHandler.cs:18) 玩家ID:489242989124911105 移动到新位置: 2.4114342 , 0 , 0.80275047
2025-11-27 20:07:26.2889 (StateSyncRequestHandler.cs:18) 玩家ID:489242989124911105 移动方向: -0.9723699 , 0 , -0.23344532
2025-11-27 20:07:26.2889 (StateSyncRequestHandler.cs:18) 玩家ID:489242989124911105 移动到新位置: 2.2169602 , 0 , 0.75606143
2025-11-27 20:07:26.3866 (StateSyncRequestHandler.cs:18) 玩家ID:489242989124911105 移动方向: -0.9723699 , 0 , -0.23344532
2025-11-27 20:07:26.3866 (StateSyncRequestHandler.cs:18) 玩家ID:489242989124911105 移动到新位置: 2.0224862 , 0 , 0.7093724
2025-11-27 20:07:26.4883 (StateSyncRequestHandler.cs:18) 玩家ID:489242989124911105 移动方向: 0.2029568 , 0 , -0.97918767
2025-11-27 20:07:26.4883 (StateSyncRequestHandler.cs:18) 玩家ID:489242989124911105 移动到新位置: 2.0630774 , 0 , 0.5135349
2025-11-27 20:07:26.5899 (StateSyncRequestHandler.cs:18) 玩家ID:489242989124911105 移动方向: 0.040832795 , 0 , -0.999166
2025-11-27 20:07:26.5899 (StateSyncRequestHandler.cs:18) 玩家ID:489242989124911105 移动到新位置: 2.071244 , 0 , 0.3137017
2025-11-27 20:07:26.6855 (StateSyncRequestHandler.cs:18) 玩家ID:489242989124911105 移动方向: -0.2305902 , 0 , -0.97305095
2025-11-27 20:07:26.6855 (StateSyncRequestHandler.cs:18) 玩家ID:489242989124911105 移动到新位置: 2.025126 , 0 , 0.119091496
2025-11-27 20:07:26.7894 (StateSyncRequestHandler.cs:18) 玩家ID:489242989124911105 移动方向: -0.41750073 , 0 , -0.9086766
2025-11-27 20:07:26.7894 (StateSyncRequestHandler.cs:18) 玩家ID:489242989124911105 移动到新位置: 1.9416258 , 0 , -0.062643826
2025-11-27 20:07:26.8870 (StateSyncRequestHandler.cs:18) 玩家ID:489242989124911105 移动方向: -0.963495 , 0 , -0.26772633
2025-11-27 20:07:26.8870 (StateSyncRequestHandler.cs:18) 玩家ID:489242989124911105 移动到新位置: 1.7489269 , 0 , -0.11618909
2025-11-27 20:07:26.9839 (StateSyncRequestHandler.cs:18) 玩家ID:489242989124911105 移动方向: -0.9712522 , 0 , -0.23805305
2025-11-27 20:07:26.9839 (StateSyncRequestHandler.cs:18) 玩家ID:489242989124911105 移动到新位置: 1.5546764 , 0 , -0.1637997
2025-11-27 20:07:27.0910 (StateSyncRequestHandler.cs:18) 玩家ID:489242989124911105 移动方向: -0.9739367 , 0 , -0.22681999
2025-11-27 20:07:27.0910 (StateSyncRequestHandler.cs:18) 玩家ID:489242989124911105 移动到新位置: 1.359889 , 0 , -0.2091637
2025-11-27 20:07:27.1906 (StateSyncRequestHandler.cs:18) 玩家ID:489242989124911105 移动方向: -0.53164935 , 0 , -0.84696454
2025-11-27 20:07:27.1906 (StateSyncRequestHandler.cs:18) 玩家ID:489242989124911105 移动到新位置: 1.2535591 , 0 , -0.3785566
2025-11-27 20:07:27.2924 (StateSyncRequestHandler.cs:18) 玩家ID:489242989124911105 移动方向: -0.53637457 , 0 , -0.8439801
2025-11-27 20:07:27.2924 (StateSyncRequestHandler.cs:18) 玩家ID:489242989124911105 移动到新位置: 1.1462842 , 0 , -0.5473526
2025-11-27 20:07:27.3911 (StateSyncRequestHandler.cs:18) 玩家ID:489242989124911105 移动方向: -0.54000026 , 0 , -0.84166485
2025-11-27 20:07:27.3911 (StateSyncRequestHandler.cs:18) 玩家ID:489242989124911105 移动到新位置: 1.0382842 , 0 , -0.7156856
2025-11-27 20:07:27.4837 (StateSyncRequestHandler.cs:18) 玩家ID:489242989124911105 移动方向: -0.54149604 , 0 , -0.8407033
2025-11-27 20:07:27.4837 (StateSyncRequestHandler.cs:18) 玩家ID:489242989124911105 移动到新位置: 0.929985 , 0 , -0.88382626
2025-11-27 20:07:27.5873 (StateSyncRequestHandler.cs:18) 玩家ID:489242989124911105 移动方向: 0.81759804 , 0 , -0.5757894
2025-11-27 20:07:27.5873 (StateSyncRequestHandler.cs:18) 玩家ID:489242989124911105 移动到新位置: 1.0935045 , 0 , -0.99898416
2025-11-27 20:07:27.6876 (StateSyncRequestHandler.cs:18) 玩家ID:489242989124911105 移动方向: 0.5149285 , 0 , -0.85723317
2025-11-27 20:07:27.6876 (StateSyncRequestHandler.cs:18) 玩家ID:489242989124911105 移动到新位置: 1.1964903 , 0 , -1.1704308
2025-11-27 20:07:27.7856 (StateSyncRequestHandler.cs:18) 玩家ID:489242989124911105 移动方向: 0.976327 , 0 , -0.2162998
2025-11-27 20:07:27.7856 (StateSyncRequestHandler.cs:18) 玩家ID:489242989124911105 移动到新位置: 1.3917557 , 0 , -1.2136908
2025-11-27 20:07:27.8897 (StateSyncRequestHandler.cs:18) 玩家ID:489242989124911105 移动方向: 0.60493904 , 0 , -0.79627174
2025-11-27 20:07:27.8897 (StateSyncRequestHandler.cs:18) 玩家ID:489242989124911105 移动到新位置: 1.5127435 , 0 , -1.3729451
2025-11-27 20:07:27.9856 (StateSyncRequestHandler.cs:18) 玩家ID:489242989124911105 移动方向: 0.21478282 , 0 , -0.9766618
2025-11-27 20:07:27.9856 (StateSyncRequestHandler.cs:18) 玩家ID:489242989124911105 移动到新位置: 1.5557001 , 0 , -1.5682774
2025-11-27 20:07:28.0908 (StateSyncRequestHandler.cs:18) 玩家ID:489242989124911105 移动方向: -0.011635128 , 0 , -0.9999323
2025-11-27 20:07:28.0908 (StateSyncRequestHandler.cs:18) 玩家ID:489242989124911105 移动到新位置: 1.553373 , 0 , -1.7682638
2025-11-27 20:07:28.1871 (StateSyncRequestHandler.cs:18) 玩家ID:489242989124911105 移动方向: -0.09017655 , 0 , -0.9959258
2025-11-27 20:07:28.1871 (StateSyncRequestHandler.cs:18) 玩家ID:489242989124911105 移动到新位置: 1.5353377 , 0 , -1.967449
2025-11-27 20:07:28.2818 (StateSyncRequestHandler.cs:18) 玩家ID:489242989124911105 移动方向: -0.032063797 , 0 , -0.9994858
2025-11-27 20:07:28.2818 (StateSyncRequestHandler.cs:18) 玩家ID:489242989124911105 移动到新位置: 1.528925 , 0 , -2.167346
2025-11-27 20:07:28.3847 (StateSyncRequestHandler.cs:18) 玩家ID:489242989124911105 移动方向: 0.4417719 , 0 , -0.8971274
2025-11-27 20:07:28.3847 (StateSyncRequestHandler.cs:18) 玩家ID:489242989124911105 移动到新位置: 1.6172793 , 0 , -2.3467715
2025-11-27 20:07:28.4873 (StateSyncRequestHandler.cs:18) 玩家ID:489242989124911105 移动方向: 0.86255383 , 0 , -0.50596535
2025-11-27 20:07:28.4873 (StateSyncRequestHandler.cs:18) 玩家ID:489242989124911105 移动到新位置: 1.78979 , 0 , -2.4479647
2025-11-27 20:07:28.5900 (StateSyncRequestHandler.cs:18) 玩家ID:489242989124911105 移动方向: 0.99980485 , 0 , 0.01975489
2025-11-27 20:07:28.5900 (StateSyncRequestHandler.cs:18) 玩家ID:489242989124911105 移动到新位置: 1.989751 , 0 , -2.4440136
2025-11-27 20:07:28.6829 (StateSyncRequestHandler.cs:18) 玩家ID:489242989124911105 移动方向: 0.8315024 , 0 , 0.55552113
2025-11-27 20:07:28.6829 (StateSyncRequestHandler.cs:18) 玩家ID:489242989124911105 移动到新位置: 2.1560514 , 0 , -2.3329093
2025-11-27 20:07:28.7906 (StateSyncRequestHandler.cs:18) 玩家ID:489242989124911105 移动方向: 0.4572024 , 0 , 0.8893627
2025-11-27 20:07:28.7906 (StateSyncRequestHandler.cs:18) 玩家ID:489242989124911105 移动到新位置: 2.2474918 , 0 , -2.155037
2025-11-27 20:07:28.8852 (StateSyncRequestHandler.cs:18) 玩家ID:489242989124911105 移动方向: 0.22594045 , 0 , 0.9741411
2025-11-27 20:07:28.8852 (StateSyncRequestHandler.cs:18) 玩家ID:489242989124911105 移动到新位置: 2.29268 , 0 , -1.9602087
2025-11-27 20:07:28.9834 (StateSyncRequestHandler.cs:18) 玩家ID:489242989124911105 移动方向: 0.106878154 , 0 , 0.9942721
2025-11-27 20:07:28.9834 (StateSyncRequestHandler.cs:18) 玩家ID:489242989124911105 移动到新位置: 2.3140557 , 0 , -1.7613542
