2025-11-27 21:17:02.1174 (EntryLobbyRequestHandler.cs:65) 玩家上次上线位置：x:6.179425, y:0, z:0.5871968
2025-11-27 21:17:02.1174 (EntryLobbyRequestHandler.cs:82) 当前没有其他玩家在线，无需广播
2025-11-27 21:17:03.7401 (StateSyncRequestHandler.cs:36) 当前没有其他玩家在线，无需广播状态同步消息
2025-11-27 21:17:03.8318 (StateSyncRequestHandler.cs:36) 当前没有其他玩家在线，无需广播状态同步消息
2025-11-27 21:17:03.9228 (StateSyncRequestHandler.cs:36) 当前没有其他玩家在线，无需广播状态同步消息
2025-11-27 21:17:04.0238 (StateSyncRequestHandler.cs:36) 当前没有其他玩家在线，无需广播状态同步消息
2025-11-27 21:17:04.1289 (StateSyncRequestHandler.cs:36) 当前没有其他玩家在线，无需广播状态同步消息
2025-11-27 21:17:04.2262 (StateSyncRequestHandler.cs:36) 当前没有其他玩家在线，无需广播状态同步消息
2025-11-27 21:17:04.3259 (StateSyncRequestHandler.cs:36) 当前没有其他玩家在线，无需广播状态同步消息
2025-11-27 21:17:04.4311 (StateSyncRequestHandler.cs:36) 当前没有其他玩家在线，无需广播状态同步消息
2025-11-27 21:17:04.5310 (StateSyncRequestHandler.cs:36) 当前没有其他玩家在线，无需广播状态同步消息
2025-11-27 21:17:04.6236 (StateSyncRequestHandler.cs:36) 当前没有其他玩家在线，无需广播状态同步消息
2025-11-27 21:17:04.7273 (StateSyncRequestHandler.cs:36) 当前没有其他玩家在线，无需广播状态同步消息
2025-11-27 21:17:04.8334 (StateSyncRequestHandler.cs:36) 当前没有其他玩家在线，无需广播状态同步消息
2025-11-27 21:17:04.9240 (StateSyncRequestHandler.cs:36) 当前没有其他玩家在线，无需广播状态同步消息
2025-11-27 21:17:05.0308 (StateSyncRequestHandler.cs:36) 当前没有其他玩家在线，无需广播状态同步消息
2025-11-27 21:17:05.1325 (StateSyncRequestHandler.cs:36) 当前没有其他玩家在线，无需广播状态同步消息
2025-11-27 21:17:05.2241 (StateSyncRequestHandler.cs:36) 当前没有其他玩家在线，无需广播状态同步消息
2025-11-27 21:17:05.3238 (StateSyncRequestHandler.cs:36) 当前没有其他玩家在线，无需广播状态同步消息
2025-11-27 21:17:05.4254 (StateSyncRequestHandler.cs:36) 当前没有其他玩家在线，无需广播状态同步消息
2025-11-27 21:17:05.5254 (StateSyncRequestHandler.cs:36) 当前没有其他玩家在线，无需广播状态同步消息
2025-11-27 21:17:05.6234 (StateSyncRequestHandler.cs:36) 当前没有其他玩家在线，无需广播状态同步消息
2025-11-27 21:17:05.7244 (StateSyncRequestHandler.cs:36) 当前没有其他玩家在线，无需广播状态同步消息
2025-11-27 21:17:05.8314 (StateSyncRequestHandler.cs:36) 当前没有其他玩家在线，无需广播状态同步消息
2025-11-27 21:17:05.9280 (StateSyncRequestHandler.cs:36) 当前没有其他玩家在线，无需广播状态同步消息
2025-11-27 21:17:06.0286 (StateSyncRequestHandler.cs:36) 当前没有其他玩家在线，无需广播状态同步消息
2025-11-27 21:17:06.1289 (StateSyncRequestHandler.cs:36) 当前没有其他玩家在线，无需广播状态同步消息
2025-11-27 21:17:06.2243 (StateSyncRequestHandler.cs:36) 当前没有其他玩家在线，无需广播状态同步消息
2025-11-27 21:17:06.3294 (StateSyncRequestHandler.cs:36) 当前没有其他玩家在线，无需广播状态同步消息
2025-11-27 21:17:06.4252 (StateSyncRequestHandler.cs:36) 当前没有其他玩家在线，无需广播状态同步消息
2025-11-27 21:17:06.5304 (StateSyncRequestHandler.cs:36) 当前没有其他玩家在线，无需广播状态同步消息
2025-11-27 21:17:06.6317 (StateSyncRequestHandler.cs:36) 当前没有其他玩家在线，无需广播状态同步消息
2025-11-27 21:17:06.7239 (StateSyncRequestHandler.cs:36) 当前没有其他玩家在线，无需广播状态同步消息
2025-11-27 21:17:06.8264 (StateSyncRequestHandler.cs:36) 当前没有其他玩家在线，无需广播状态同步消息
2025-11-27 21:17:06.9298 (StateSyncRequestHandler.cs:36) 当前没有其他玩家在线，无需广播状态同步消息
2025-11-27 21:17:08.3320 (StateSyncRequestHandler.cs:36) 当前没有其他玩家在线，无需广播状态同步消息
2025-11-27 21:17:08.4251 (StateSyncRequestHandler.cs:36) 当前没有其他玩家在线，无需广播状态同步消息
2025-11-27 21:17:08.5236 (StateSyncRequestHandler.cs:36) 当前没有其他玩家在线，无需广播状态同步消息
2025-11-27 21:17:08.6283 (StateSyncRequestHandler.cs:36) 当前没有其他玩家在线，无需广播状态同步消息
2025-11-27 21:17:08.7244 (StateSyncRequestHandler.cs:36) 当前没有其他玩家在线，无需广播状态同步消息
2025-11-27 21:17:08.8284 (StateSyncRequestHandler.cs:36) 当前没有其他玩家在线，无需广播状态同步消息
2025-11-27 21:17:08.9216 (StateSyncRequestHandler.cs:36) 当前没有其他玩家在线，无需广播状态同步消息
2025-11-27 21:17:09.0293 (StateSyncRequestHandler.cs:36) 当前没有其他玩家在线，无需广播状态同步消息
2025-11-27 21:17:09.1308 (StateSyncRequestHandler.cs:36) 当前没有其他玩家在线，无需广播状态同步消息
2025-11-27 21:17:09.2315 (StateSyncRequestHandler.cs:36) 当前没有其他玩家在线，无需广播状态同步消息
2025-11-27 21:17:09.3286 (StateSyncRequestHandler.cs:36) 当前没有其他玩家在线，无需广播状态同步消息
2025-11-27 21:17:09.4260 (StateSyncRequestHandler.cs:36) 当前没有其他玩家在线，无需广播状态同步消息
2025-11-27 21:17:09.5290 (StateSyncRequestHandler.cs:36) 当前没有其他玩家在线，无需广播状态同步消息
2025-11-27 21:17:09.8311 (StateSyncRequestHandler.cs:36) 当前没有其他玩家在线，无需广播状态同步消息
2025-11-27 21:17:09.9248 (StateSyncRequestHandler.cs:36) 当前没有其他玩家在线，无需广播状态同步消息
2025-11-27 21:17:10.0310 (StateSyncRequestHandler.cs:36) 当前没有其他玩家在线，无需广播状态同步消息
2025-11-27 21:17:10.1287 (StateSyncRequestHandler.cs:36) 当前没有其他玩家在线，无需广播状态同步消息
2025-11-27 21:17:10.2310 (StateSyncRequestHandler.cs:36) 当前没有其他玩家在线，无需广播状态同步消息
2025-11-27 21:17:10.3282 (StateSyncRequestHandler.cs:36) 当前没有其他玩家在线，无需广播状态同步消息
2025-11-27 21:17:10.4323 (StateSyncRequestHandler.cs:36) 当前没有其他玩家在线，无需广播状态同步消息
2025-11-27 21:17:10.5318 (StateSyncRequestHandler.cs:36) 当前没有其他玩家在线，无需广播状态同步消息
2025-11-27 21:17:10.6299 (StateSyncRequestHandler.cs:36) 当前没有其他玩家在线，无需广播状态同步消息
2025-11-27 21:17:10.7263 (StateSyncRequestHandler.cs:36) 当前没有其他玩家在线，无需广播状态同步消息
2025-11-27 21:17:10.8282 (StateSyncRequestHandler.cs:36) 当前没有其他玩家在线，无需广播状态同步消息
2025-11-27 21:17:10.9232 (StateSyncRequestHandler.cs:36) 当前没有其他玩家在线，无需广播状态同步消息
2025-11-27 21:17:11.0264 (StateSyncRequestHandler.cs:36) 当前没有其他玩家在线，无需广播状态同步消息
2025-11-27 21:17:39.7484 (SessionDisposeComponentSystem.cs:28) 当前服务器上没有其他玩家在线，无需广播下线消息
2025-11-27 21:17:39.7484 (SessionDisposeComponentSystem.cs:77) 账号ID:489242989124911105 数据已保存到数据库
2025-11-27 21:17:39.7484 (SessionDisposeComponentSystem.cs:34) 玩家ID:489242989124911105 下线成功 , 下线位置:x:4.2180376, y:0, z:-3.561622
2025-11-27 21:32:13.8291 (EntryLobbyRequestHandler.cs:65) 玩家上次上线位置：x:4.2180376, y:0, z:-3.561622
2025-11-27 21:32:13.8291 (EntryLobbyRequestHandler.cs:82) 当前没有其他玩家在线，无需广播
2025-11-27 21:32:15.6631 (StateSyncRequestHandler.cs:36) 当前没有其他玩家在线，无需广播状态同步消息
2025-11-27 21:32:15.7541 (StateSyncRequestHandler.cs:36) 当前没有其他玩家在线，无需广播状态同步消息
2025-11-27 21:32:15.8569 (StateSyncRequestHandler.cs:36) 当前没有其他玩家在线，无需广播状态同步消息
2025-11-27 21:32:15.9588 (StateSyncRequestHandler.cs:36) 当前没有其他玩家在线，无需广播状态同步消息
2025-11-27 21:32:16.0532 (StateSyncRequestHandler.cs:36) 当前没有其他玩家在线，无需广播状态同步消息
2025-11-27 21:32:16.1557 (StateSyncRequestHandler.cs:36) 当前没有其他玩家在线，无需广播状态同步消息
2025-11-27 21:32:16.2597 (StateSyncRequestHandler.cs:36) 当前没有其他玩家在线，无需广播状态同步消息
2025-11-27 21:32:16.3665 (StateSyncRequestHandler.cs:36) 当前没有其他玩家在线，无需广播状态同步消息
2025-11-27 21:32:16.4590 (StateSyncRequestHandler.cs:36) 当前没有其他玩家在线，无需广播状态同步消息
2025-11-27 21:32:16.5526 (StateSyncRequestHandler.cs:36) 当前没有其他玩家在线，无需广播状态同步消息
2025-11-27 21:32:16.6598 (StateSyncRequestHandler.cs:36) 当前没有其他玩家在线，无需广播状态同步消息
2025-11-27 21:32:16.7557 (StateSyncRequestHandler.cs:36) 当前没有其他玩家在线，无需广播状态同步消息
2025-11-27 21:32:16.8540 (StateSyncRequestHandler.cs:36) 当前没有其他玩家在线，无需广播状态同步消息
2025-11-27 21:32:16.9610 (StateSyncRequestHandler.cs:36) 当前没有其他玩家在线，无需广播状态同步消息
2025-11-27 21:32:17.0527 (StateSyncRequestHandler.cs:36) 当前没有其他玩家在线，无需广播状态同步消息
2025-11-27 21:32:17.1575 (StateSyncRequestHandler.cs:36) 当前没有其他玩家在线，无需广播状态同步消息
2025-11-27 21:32:17.2557 (StateSyncRequestHandler.cs:36) 当前没有其他玩家在线，无需广播状态同步消息
2025-11-27 21:32:17.3608 (StateSyncRequestHandler.cs:36) 当前没有其他玩家在线，无需广播状态同步消息
2025-11-27 21:32:17.4533 (StateSyncRequestHandler.cs:36) 当前没有其他玩家在线，无需广播状态同步消息
2025-11-27 21:32:17.5508 (StateSyncRequestHandler.cs:36) 当前没有其他玩家在线，无需广播状态同步消息
2025-11-27 21:32:17.6501 (StateSyncRequestHandler.cs:36) 当前没有其他玩家在线，无需广播状态同步消息
2025-11-27 21:32:17.7555 (StateSyncRequestHandler.cs:36) 当前没有其他玩家在线，无需广播状态同步消息
2025-11-27 21:32:17.8599 (StateSyncRequestHandler.cs:36) 当前没有其他玩家在线，无需广播状态同步消息
2025-11-27 21:32:17.9585 (StateSyncRequestHandler.cs:36) 当前没有其他玩家在线，无需广播状态同步消息
2025-11-27 21:32:18.0506 (StateSyncRequestHandler.cs:36) 当前没有其他玩家在线，无需广播状态同步消息
2025-11-27 21:32:18.1525 (StateSyncRequestHandler.cs:36) 当前没有其他玩家在线，无需广播状态同步消息
2025-11-27 21:32:18.9549 (StateSyncRequestHandler.cs:36) 当前没有其他玩家在线，无需广播状态同步消息
2025-11-27 21:32:19.0576 (StateSyncRequestHandler.cs:36) 当前没有其他玩家在线，无需广播状态同步消息
2025-11-27 21:32:19.1526 (StateSyncRequestHandler.cs:36) 当前没有其他玩家在线，无需广播状态同步消息
2025-11-27 21:32:19.2584 (StateSyncRequestHandler.cs:36) 当前没有其他玩家在线，无需广播状态同步消息
2025-11-27 21:32:19.3558 (StateSyncRequestHandler.cs:36) 当前没有其他玩家在线，无需广播状态同步消息
2025-11-27 21:32:19.4555 (StateSyncRequestHandler.cs:36) 当前没有其他玩家在线，无需广播状态同步消息
2025-11-27 21:32:19.5527 (StateSyncRequestHandler.cs:36) 当前没有其他玩家在线，无需广播状态同步消息
2025-11-27 21:32:19.6572 (StateSyncRequestHandler.cs:36) 当前没有其他玩家在线，无需广播状态同步消息
2025-11-27 21:32:19.7564 (StateSyncRequestHandler.cs:36) 当前没有其他玩家在线，无需广播状态同步消息
2025-11-27 21:32:19.8511 (StateSyncRequestHandler.cs:36) 当前没有其他玩家在线，无需广播状态同步消息
2025-11-27 21:32:19.9527 (StateSyncRequestHandler.cs:36) 当前没有其他玩家在线，无需广播状态同步消息
2025-11-27 21:32:20.0560 (StateSyncRequestHandler.cs:36) 当前没有其他玩家在线，无需广播状态同步消息
2025-11-27 21:32:20.1530 (StateSyncRequestHandler.cs:36) 当前没有其他玩家在线，无需广播状态同步消息
2025-11-27 21:32:20.2525 (StateSyncRequestHandler.cs:36) 当前没有其他玩家在线，无需广播状态同步消息
2025-11-27 21:32:20.3579 (StateSyncRequestHandler.cs:36) 当前没有其他玩家在线，无需广播状态同步消息
2025-11-27 21:32:20.4589 (StateSyncRequestHandler.cs:36) 当前没有其他玩家在线，无需广播状态同步消息
2025-11-27 21:32:20.5572 (StateSyncRequestHandler.cs:36) 当前没有其他玩家在线，无需广播状态同步消息
2025-11-27 21:32:20.6568 (StateSyncRequestHandler.cs:36) 当前没有其他玩家在线，无需广播状态同步消息
2025-11-27 21:32:20.7549 (StateSyncRequestHandler.cs:36) 当前没有其他玩家在线，无需广播状态同步消息
2025-11-27 21:32:20.8566 (StateSyncRequestHandler.cs:36) 当前没有其他玩家在线，无需广播状态同步消息
2025-11-27 21:32:20.9532 (StateSyncRequestHandler.cs:36) 当前没有其他玩家在线，无需广播状态同步消息
2025-11-27 21:32:21.0525 (StateSyncRequestHandler.cs:36) 当前没有其他玩家在线，无需广播状态同步消息
2025-11-27 21:32:21.1537 (StateSyncRequestHandler.cs:36) 当前没有其他玩家在线，无需广播状态同步消息
2025-11-27 21:32:21.2517 (StateSyncRequestHandler.cs:36) 当前没有其他玩家在线，无需广播状态同步消息
2025-11-27 21:32:21.3595 (StateSyncRequestHandler.cs:36) 当前没有其他玩家在线，无需广播状态同步消息
2025-11-27 21:32:21.4514 (StateSyncRequestHandler.cs:36) 当前没有其他玩家在线，无需广播状态同步消息
2025-11-27 21:32:21.5527 (StateSyncRequestHandler.cs:36) 当前没有其他玩家在线，无需广播状态同步消息
2025-11-27 21:32:21.6535 (StateSyncRequestHandler.cs:36) 当前没有其他玩家在线，无需广播状态同步消息
2025-11-27 21:32:21.7561 (StateSyncRequestHandler.cs:36) 当前没有其他玩家在线，无需广播状态同步消息
2025-11-27 21:32:21.8527 (StateSyncRequestHandler.cs:36) 当前没有其他玩家在线，无需广播状态同步消息
2025-11-27 21:32:21.9535 (StateSyncRequestHandler.cs:36) 当前没有其他玩家在线，无需广播状态同步消息
2025-11-27 21:32:22.0599 (StateSyncRequestHandler.cs:36) 当前没有其他玩家在线，无需广播状态同步消息
2025-11-27 21:32:22.1532 (StateSyncRequestHandler.cs:36) 当前没有其他玩家在线，无需广播状态同步消息
2025-11-27 21:32:22.2586 (StateSyncRequestHandler.cs:36) 当前没有其他玩家在线，无需广播状态同步消息
2025-11-27 21:32:22.3551  当前没有其他玩家在线，无需广播状态同步消息
2025-11-27 21:32:22.4590  当前没有其他玩家在线，无需广播状态同步消息
2025-11-27 21:32:22.5591  当前没有其他玩家在线，无需广播状态同步消息
2025-11-27 21:32:22.6553  当前没有其他玩家在线，无需广播状态同步消息
2025-11-27 21:32:22.7555  当前没有其他玩家在线，无需广播状态同步消息
2025-11-27 21:32:22.8517  当前没有其他玩家在线，无需广播状态同步消息
2025-11-27 21:32:22.9628  当前没有其他玩家在线，无需广播状态同步消息
2025-11-27 21:32:23.0498  当前没有其他玩家在线，无需广播状态同步消息
2025-11-27 21:32:23.1592  当前没有其他玩家在线，无需广播状态同步消息
2025-11-27 21:32:23.2577  当前没有其他玩家在线，无需广播状态同步消息
2025-11-27 21:32:23.4590  当前没有其他玩家在线，无需广播状态同步消息
2025-11-27 21:32:23.5598  当前没有其他玩家在线，无需广播状态同步消息
2025-11-27 21:32:23.6559  当前没有其他玩家在线，无需广播状态同步消息
2025-11-27 21:32:23.7550  当前没有其他玩家在线，无需广播状态同步消息
2025-11-27 21:32:23.8556  当前没有其他玩家在线，无需广播状态同步消息
2025-11-27 21:32:23.9569  当前没有其他玩家在线，无需广播状态同步消息
2025-11-27 21:32:24.0568  当前没有其他玩家在线，无需广播状态同步消息
2025-11-27 21:32:24.1529  当前没有其他玩家在线，无需广播状态同步消息
2025-11-27 21:32:24.2568  当前没有其他玩家在线，无需广播状态同步消息
2025-11-27 21:32:24.3572  当前没有其他玩家在线，无需广播状态同步消息
2025-11-27 21:32:24.4556  当前没有其他玩家在线，无需广播状态同步消息
2025-11-27 21:32:24.5597  当前没有其他玩家在线，无需广播状态同步消息
2025-11-27 21:32:24.6545  当前没有其他玩家在线，无需广播状态同步消息
2025-11-27 21:32:24.7534  当前没有其他玩家在线，无需广播状态同步消息
2025-11-27 21:32:24.8596  当前没有其他玩家在线，无需广播状态同步消息
2025-11-27 21:32:24.9597  当前没有其他玩家在线，无需广播状态同步消息
2025-11-27 21:32:25.0605  当前没有其他玩家在线，无需广播状态同步消息
2025-11-27 21:32:25.1572  当前没有其他玩家在线，无需广播状态同步消息
2025-11-27 21:32:25.2530  当前没有其他玩家在线，无需广播状态同步消息
2025-11-27 21:32:25.3627  当前没有其他玩家在线，无需广播状态同步消息
2025-11-27 21:32:25.4556  当前没有其他玩家在线，无需广播状态同步消息
2025-11-27 21:32:25.5576  当前没有其他玩家在线，无需广播状态同步消息
2025-11-27 21:32:25.6534  当前没有其他玩家在线，无需广播状态同步消息
2025-11-27 21:32:25.7520  当前没有其他玩家在线，无需广播状态同步消息
2025-11-27 21:32:25.8602  当前没有其他玩家在线，无需广播状态同步消息
2025-11-27 21:32:25.9573  当前没有其他玩家在线，无需广播状态同步消息
2025-11-27 21:32:26.0566  当前没有其他玩家在线，无需广播状态同步消息
2025-11-27 21:32:26.1615  当前没有其他玩家在线，无需广播状态同步消息
2025-11-27 21:32:26.6566  当前没有其他玩家在线，无需广播状态同步消息
2025-11-27 21:32:26.7580  当前没有其他玩家在线，无需广播状态同步消息
2025-11-27 21:32:26.8605  当前没有其他玩家在线，无需广播状态同步消息
2025-11-27 21:32:26.9646  当前没有其他玩家在线，无需广播状态同步消息
2025-11-27 21:32:27.0560  当前没有其他玩家在线，无需广播状态同步消息
2025-11-27 21:32:27.1543  当前没有其他玩家在线，无需广播状态同步消息
2025-11-27 21:32:27.2588  当前没有其他玩家在线，无需广播状态同步消息
2025-11-27 21:32:27.3545  当前没有其他玩家在线，无需广播状态同步消息
2025-11-27 21:32:27.4534  当前没有其他玩家在线，无需广播状态同步消息
2025-11-27 21:32:27.9533  当前没有其他玩家在线，无需广播状态同步消息
2025-11-27 21:32:28.0504  当前没有其他玩家在线，无需广播状态同步消息
2025-11-27 21:32:28.1605  当前没有其他玩家在线，无需广播状态同步消息
2025-11-27 21:32:28.2561  当前没有其他玩家在线，无需广播状态同步消息
2025-11-27 21:32:28.3524  当前没有其他玩家在线，无需广播状态同步消息
2025-11-27 21:32:28.4534  当前没有其他玩家在线，无需广播状态同步消息
2025-11-27 21:32:28.5531  当前没有其他玩家在线，无需广播状态同步消息
2025-11-27 21:33:02.5124  当前服务器上没有其他玩家在线，无需广播下线消息
2025-11-27 21:33:02.6017  账号ID:489242989124911105 数据已保存到数据库
2025-11-27 21:33:02.6017  玩家ID:489242989124911105 下线成功 , 下线位置:x:1.5090895, y:0, z:-8.2935095
2025-11-27 21:33:52.4631  玩家上次上线位置：x:1.5090895, y:0, z:-8.2935095
2025-11-27 21:33:52.4631  当前没有其他玩家在线，无需广播
2025-11-27 21:33:53.5665  当前没有其他玩家在线，无需广播状态同步消息
2025-11-27 21:33:53.6632  当前没有其他玩家在线，无需广播状态同步消息
2025-11-27 21:33:53.7604  当前没有其他玩家在线，无需广播状态同步消息
2025-11-27 21:33:53.8542  当前没有其他玩家在线，无需广播状态同步消息
2025-11-27 21:33:53.9584  当前没有其他玩家在线，无需广播状态同步消息
2025-11-27 21:33:54.0545  当前没有其他玩家在线，无需广播状态同步消息
2025-11-27 21:33:54.1541  当前没有其他玩家在线，无需广播状态同步消息
2025-11-27 21:33:54.2571  当前没有其他玩家在线，无需广播状态同步消息
2025-11-27 21:33:54.3587  当前没有其他玩家在线，无需广播状态同步消息
2025-11-27 21:33:54.4625  当前没有其他玩家在线，无需广播状态同步消息
2025-11-27 21:33:54.5571  当前没有其他玩家在线，无需广播状态同步消息
2025-11-27 21:33:54.6562  当前没有其他玩家在线，无需广播状态同步消息
2025-11-27 21:33:54.7560  当前没有其他玩家在线，无需广播状态同步消息
2025-11-27 21:33:54.8526  当前没有其他玩家在线，无需广播状态同步消息
2025-11-27 21:33:54.9598  当前没有其他玩家在线，无需广播状态同步消息
2025-11-27 21:33:55.0562  当前没有其他玩家在线，无需广播状态同步消息
2025-11-27 21:33:55.1569  当前没有其他玩家在线，无需广播状态同步消息
2025-11-27 21:33:55.2537  当前没有其他玩家在线，无需广播状态同步消息
2025-11-27 21:33:55.3609  当前没有其他玩家在线，无需广播状态同步消息
2025-11-27 21:33:55.4595  当前没有其他玩家在线，无需广播状态同步消息
2025-11-27 21:33:55.5574  当前没有其他玩家在线，无需广播状态同步消息
2025-11-27 21:33:55.6563  当前没有其他玩家在线，无需广播状态同步消息
2025-11-27 21:33:55.7619  当前没有其他玩家在线，无需广播状态同步消息
2025-11-27 21:33:55.8601  当前没有其他玩家在线，无需广播状态同步消息
2025-11-27 21:33:56.2615  当前没有其他玩家在线，无需广播状态同步消息
2025-11-27 21:33:56.3601  当前没有其他玩家在线，无需广播状态同步消息
2025-11-27 21:33:56.4648  当前没有其他玩家在线，无需广播状态同步消息
2025-11-27 21:33:56.5558  当前没有其他玩家在线，无需广播状态同步消息
2025-11-27 21:33:57.9582  当前没有其他玩家在线，无需广播状态同步消息
2025-11-27 21:33:58.0583  当前没有其他玩家在线，无需广播状态同步消息
2025-11-27 21:33:58.1617  当前没有其他玩家在线，无需广播状态同步消息
2025-11-27 21:33:58.2536  当前没有其他玩家在线，无需广播状态同步消息
2025-11-27 21:33:58.3611  当前没有其他玩家在线，无需广播状态同步消息
2025-11-27 21:33:58.4617  当前没有其他玩家在线，无需广播状态同步消息
2025-11-27 21:33:58.5558  当前没有其他玩家在线，无需广播状态同步消息
2025-11-27 21:33:58.6601  当前没有其他玩家在线，无需广播状态同步消息
2025-11-27 21:33:58.7606  当前没有其他玩家在线，无需广播状态同步消息
2025-11-27 21:33:58.8633  当前没有其他玩家在线，无需广播状态同步消息
2025-11-27 21:33:58.9584  当前没有其他玩家在线，无需广播状态同步消息
2025-11-27 21:33:59.0585  当前没有其他玩家在线，无需广播状态同步消息
2025-11-27 21:33:59.1610  当前没有其他玩家在线，无需广播状态同步消息
2025-11-27 21:33:59.2573  当前没有其他玩家在线，无需广播状态同步消息
2025-11-27 21:33:59.3609  当前没有其他玩家在线，无需广播状态同步消息
2025-11-27 21:33:59.4557  当前没有其他玩家在线，无需广播状态同步消息
2025-11-27 21:33:59.5555  当前没有其他玩家在线，无需广播状态同步消息
2025-11-27 21:33:59.6599  当前没有其他玩家在线，无需广播状态同步消息
2025-11-27 21:33:59.7582  当前没有其他玩家在线，无需广播状态同步消息
2025-11-27 21:33:59.8597  当前没有其他玩家在线，无需广播状态同步消息
2025-11-27 21:33:59.9634  当前没有其他玩家在线，无需广播状态同步消息
2025-11-27 21:34:00.0550  当前没有其他玩家在线，无需广播状态同步消息
2025-11-27 21:34:00.1582  当前没有其他玩家在线，无需广播状态同步消息
2025-11-27 21:34:00.2553  当前没有其他玩家在线，无需广播状态同步消息
2025-11-27 21:34:00.3534  当前没有其他玩家在线，无需广播状态同步消息
2025-11-27 21:34:00.4551  当前没有其他玩家在线，无需广播状态同步消息
2025-11-27 21:34:00.5552  当前没有其他玩家在线，无需广播状态同步消息
2025-11-27 21:34:00.6628  当前没有其他玩家在线，无需广播状态同步消息
2025-11-27 21:34:00.7624  当前没有其他玩家在线，无需广播状态同步消息
2025-11-27 21:34:00.8563  当前没有其他玩家在线，无需广播状态同步消息
2025-11-27 21:34:00.9563  当前没有其他玩家在线，无需广播状态同步消息
2025-11-27 21:34:01.0620  当前没有其他玩家在线，无需广播状态同步消息
2025-11-27 21:34:01.1618  当前没有其他玩家在线，无需广播状态同步消息
2025-11-27 21:34:01.2614  当前没有其他玩家在线，无需广播状态同步消息
2025-11-27 21:34:01.3631  当前没有其他玩家在线，无需广播状态同步消息
2025-11-27 21:34:01.4571  当前没有其他玩家在线，无需广播状态同步消息
2025-11-27 21:34:01.5632  当前没有其他玩家在线，无需广播状态同步消息
2025-11-27 21:34:01.6547  当前没有其他玩家在线，无需广播状态同步消息
2025-11-27 21:34:01.7586  当前没有其他玩家在线，无需广播状态同步消息
2025-11-27 21:34:01.8572  当前没有其他玩家在线，无需广播状态同步消息
2025-11-27 21:34:01.9609  当前没有其他玩家在线，无需广播状态同步消息
2025-11-27 21:34:02.0547  当前没有其他玩家在线，无需广播状态同步消息
2025-11-27 21:34:02.1589  当前没有其他玩家在线，无需广播状态同步消息
2025-11-27 21:34:02.2537  当前没有其他玩家在线，无需广播状态同步消息
2025-11-27 21:34:02.3603  当前没有其他玩家在线，无需广播状态同步消息
2025-11-27 21:34:02.4561  当前没有其他玩家在线，无需广播状态同步消息
2025-11-27 21:34:02.5581  当前没有其他玩家在线，无需广播状态同步消息
2025-11-27 21:34:02.6591  当前没有其他玩家在线，无需广播状态同步消息
2025-11-27 21:34:03.0607  当前没有其他玩家在线，无需广播状态同步消息
2025-11-27 21:34:03.1545  当前没有其他玩家在线，无需广播状态同步消息
2025-11-27 21:34:03.2536  当前没有其他玩家在线，无需广播状态同步消息
2025-11-27 21:34:03.3575  当前没有其他玩家在线，无需广播状态同步消息
2025-11-27 21:34:03.4536  当前没有其他玩家在线，无需广播状态同步消息
2025-11-27 21:34:03.5577  当前没有其他玩家在线，无需广播状态同步消息
2025-11-27 21:34:03.6548  当前没有其他玩家在线，无需广播状态同步消息
2025-11-27 21:34:03.7542  当前没有其他玩家在线，无需广播状态同步消息
2025-11-27 21:34:03.8638  当前没有其他玩家在线，无需广播状态同步消息
2025-11-27 21:34:03.9613  当前没有其他玩家在线，无需广播状态同步消息
2025-11-27 21:34:04.0602  当前没有其他玩家在线，无需广播状态同步消息
2025-11-27 21:34:04.1549  当前没有其他玩家在线，无需广播状态同步消息
2025-11-27 21:34:04.2615  当前没有其他玩家在线，无需广播状态同步消息
2025-11-27 21:34:04.3614  当前没有其他玩家在线，无需广播状态同步消息
2025-11-27 21:34:08.8575  当前没有其他玩家在线，无需广播状态同步消息
2025-11-27 21:34:08.9596  当前没有其他玩家在线，无需广播状态同步消息
2025-11-27 21:34:09.0563  当前没有其他玩家在线，无需广播状态同步消息
2025-11-27 21:34:09.1622  当前没有其他玩家在线，无需广播状态同步消息
2025-11-27 21:34:09.2569  当前没有其他玩家在线，无需广播状态同步消息
2025-11-27 21:34:09.3557  当前没有其他玩家在线，无需广播状态同步消息
2025-11-27 21:34:09.4589  当前没有其他玩家在线，无需广播状态同步消息
2025-11-27 21:34:09.5621  当前没有其他玩家在线，无需广播状态同步消息
2025-11-27 21:34:09.6552  当前没有其他玩家在线，无需广播状态同步消息
2025-11-27 21:34:09.7582  当前没有其他玩家在线，无需广播状态同步消息
2025-11-27 21:34:09.8543  当前没有其他玩家在线，无需广播状态同步消息
2025-11-27 21:34:09.9618  当前没有其他玩家在线，无需广播状态同步消息
2025-11-27 21:34:10.0653  当前没有其他玩家在线，无需广播状态同步消息
2025-11-27 21:34:10.1622  当前没有其他玩家在线，无需广播状态同步消息
2025-11-27 21:34:10.2605  当前没有其他玩家在线，无需广播状态同步消息
2025-11-27 21:34:10.3595  当前没有其他玩家在线，无需广播状态同步消息
2025-11-27 21:34:10.4675  当前没有其他玩家在线，无需广播状态同步消息
2025-11-27 21:34:10.5536  当前没有其他玩家在线，无需广播状态同步消息
2025-11-27 21:34:10.6545  当前没有其他玩家在线，无需广播状态同步消息
2025-11-27 21:34:10.7651  当前没有其他玩家在线，无需广播状态同步消息
2025-11-27 21:34:10.8578  当前没有其他玩家在线，无需广播状态同步消息
2025-11-27 21:34:10.9589  当前没有其他玩家在线，无需广播状态同步消息
2025-11-27 21:34:11.0601  当前没有其他玩家在线，无需广播状态同步消息
2025-11-27 21:34:11.1635  当前没有其他玩家在线，无需广播状态同步消息
2025-11-27 21:34:11.2621  当前没有其他玩家在线，无需广播状态同步消息
2025-11-27 21:34:11.3627  当前没有其他玩家在线，无需广播状态同步消息
2025-11-27 21:34:11.4618  当前没有其他玩家在线，无需广播状态同步消息
2025-11-27 21:34:11.9564  当前没有其他玩家在线，无需广播状态同步消息
2025-11-27 21:34:12.0541  当前没有其他玩家在线，无需广播状态同步消息
2025-11-27 21:34:12.1628  当前没有其他玩家在线，无需广播状态同步消息
2025-11-27 21:34:12.2541  当前没有其他玩家在线，无需广播状态同步消息
2025-11-27 21:34:12.3630  当前没有其他玩家在线，无需广播状态同步消息
2025-11-27 21:34:15.4576  当前服务器上没有其他玩家在线，无需广播下线消息
2025-11-27 21:34:15.4586  账号ID:489242989124911105 数据已保存到数据库
2025-11-27 21:34:15.4586  玩家ID:489242989124911105 下线成功 , 下线位置:x:-4.380139, y:0, z:-8.748863
2025-11-27 21:35:57.4956  玩家上次上线位置：x:-4.380139, y:0, z:-8.748863
2025-11-27 21:35:57.4956  当前没有其他玩家在线，无需广播
2025-11-27 21:35:58.7988  当前没有其他玩家在线，无需广播状态同步消息
2025-11-27 21:35:58.8933  当前没有其他玩家在线，无需广播状态同步消息
2025-11-27 21:35:58.9914  当前没有其他玩家在线，无需广播状态同步消息
2025-11-27 21:35:59.0898  当前没有其他玩家在线，无需广播状态同步消息
2025-11-27 21:35:59.1885  当前没有其他玩家在线，无需广播状态同步消息
2025-11-27 21:35:59.2967  当前没有其他玩家在线，无需广播状态同步消息
2025-11-27 21:35:59.3912  当前没有其他玩家在线，无需广播状态同步消息
2025-11-27 21:35:59.4956  当前没有其他玩家在线，无需广播状态同步消息
2025-11-27 21:35:59.5875  当前没有其他玩家在线，无需广播状态同步消息
2025-11-27 21:35:59.6887  当前没有其他玩家在线，无需广播状态同步消息
2025-11-27 21:35:59.7890  当前没有其他玩家在线，无需广播状态同步消息
2025-11-27 21:35:59.9041  当前没有其他玩家在线，无需广播状态同步消息
2025-11-27 21:35:59.9881  当前没有其他玩家在线，无需广播状态同步消息
2025-11-27 21:36:00.0913  当前没有其他玩家在线，无需广播状态同步消息
2025-11-27 21:36:00.1948  当前没有其他玩家在线，无需广播状态同步消息
2025-11-27 21:36:00.2866  当前没有其他玩家在线，无需广播状态同步消息
2025-11-27 21:36:00.3900  当前没有其他玩家在线，无需广播状态同步消息
2025-11-27 21:36:00.5039  当前没有其他玩家在线，无需广播状态同步消息
2025-11-27 21:36:00.5883  当前没有其他玩家在线，无需广播状态同步消息
2025-11-27 21:36:00.7071  当前没有其他玩家在线，无需广播状态同步消息
2025-11-27 21:36:00.7935  当前没有其他玩家在线，无需广播状态同步消息
2025-11-27 21:36:00.8949  当前没有其他玩家在线，无需广播状态同步消息
2025-11-27 21:36:01.2905  当前没有其他玩家在线，无需广播状态同步消息
2025-11-27 21:36:01.3876  当前没有其他玩家在线，无需广播状态同步消息
2025-11-27 21:36:01.4902  当前没有其他玩家在线，无需广播状态同步消息
2025-11-27 21:36:01.6000  当前没有其他玩家在线，无需广播状态同步消息
2025-11-27 21:36:01.6989  当前没有其他玩家在线，无需广播状态同步消息
2025-11-27 21:36:03.0965  当前没有其他玩家在线，无需广播状态同步消息
2025-11-27 21:36:03.1942  当前没有其他玩家在线，无需广播状态同步消息
2025-11-27 21:36:03.2921  当前没有其他玩家在线，无需广播状态同步消息
2025-11-27 21:36:03.3930  当前没有其他玩家在线，无需广播状态同步消息
2025-11-27 21:36:03.4946  当前没有其他玩家在线，无需广播状态同步消息
2025-11-27 21:36:03.5879  当前没有其他玩家在线，无需广播状态同步消息
2025-11-27 21:36:03.6946  当前没有其他玩家在线，无需广播状态同步消息
2025-11-27 21:36:03.7914  当前没有其他玩家在线，无需广播状态同步消息
2025-11-27 21:36:03.8953  当前没有其他玩家在线，无需广播状态同步消息
2025-11-27 21:36:03.9910  当前没有其他玩家在线，无需广播状态同步消息
2025-11-27 21:36:04.0883  当前没有其他玩家在线，无需广播状态同步消息
2025-11-27 21:36:04.1944  当前没有其他玩家在线，无需广播状态同步消息
2025-11-27 21:36:04.2952  当前没有其他玩家在线，无需广播状态同步消息
2025-11-27 21:36:04.3969  当前没有其他玩家在线，无需广播状态同步消息
2025-11-27 21:36:04.4887  当前没有其他玩家在线，无需广播状态同步消息
2025-11-27 21:36:04.5889  当前没有其他玩家在线，无需广播状态同步消息
2025-11-27 21:36:04.6904  当前没有其他玩家在线，无需广播状态同步消息
2025-11-27 21:36:04.7949  当前没有其他玩家在线，无需广播状态同步消息
2025-11-27 21:36:04.8891  当前没有其他玩家在线，无需广播状态同步消息
2025-11-27 21:36:04.9957  当前没有其他玩家在线，无需广播状态同步消息
2025-11-27 21:36:05.0939  当前没有其他玩家在线，无需广播状态同步消息
2025-11-27 21:36:05.1906  当前没有其他玩家在线，无需广播状态同步消息
2025-11-27 21:36:05.2958  当前没有其他玩家在线，无需广播状态同步消息
2025-11-27 21:36:05.3901  当前没有其他玩家在线，无需广播状态同步消息
2025-11-27 21:36:05.4959  当前没有其他玩家在线，无需广播状态同步消息
2025-11-27 21:36:05.5880  当前没有其他玩家在线，无需广播状态同步消息
2025-11-27 21:36:05.6947  当前没有其他玩家在线，无需广播状态同步消息
2025-11-27 21:36:05.7914  当前没有其他玩家在线，无需广播状态同步消息
2025-11-27 21:36:05.8970  当前没有其他玩家在线，无需广播状态同步消息
2025-11-27 21:36:05.9929  当前没有其他玩家在线，无需广播状态同步消息
2025-11-27 21:36:06.0950  当前没有其他玩家在线，无需广播状态同步消息
2025-11-27 21:36:06.1921  当前没有其他玩家在线，无需广播状态同步消息
2025-11-27 21:36:06.2949  当前没有其他玩家在线，无需广播状态同步消息
2025-11-27 21:36:06.3877  当前没有其他玩家在线，无需广播状态同步消息
2025-11-27 21:36:06.4911  当前没有其他玩家在线，无需广播状态同步消息
2025-11-27 21:36:06.5945  当前没有其他玩家在线，无需广播状态同步消息
2025-11-27 21:36:06.6893  当前没有其他玩家在线，无需广播状态同步消息
2025-11-27 21:36:06.7923  当前没有其他玩家在线，无需广播状态同步消息
2025-11-27 21:36:06.8945  当前没有其他玩家在线，无需广播状态同步消息
2025-11-27 21:36:06.9972  当前没有其他玩家在线，无需广播状态同步消息
2025-11-27 21:36:07.0911  当前没有其他玩家在线，无需广播状态同步消息
2025-11-27 21:36:07.1868  当前没有其他玩家在线，无需广播状态同步消息
2025-11-27 21:36:07.2970  当前没有其他玩家在线，无需广播状态同步消息
2025-11-27 21:36:07.3926  当前没有其他玩家在线，无需广播状态同步消息
2025-11-27 21:36:07.4952  当前没有其他玩家在线，无需广播状态同步消息
2025-11-27 21:36:07.5909  当前没有其他玩家在线，无需广播状态同步消息
2025-11-27 21:36:07.6896  当前没有其他玩家在线，无需广播状态同步消息
2025-11-27 21:36:07.7883  当前没有其他玩家在线，无需广播状态同步消息
2025-11-27 21:36:07.8949  当前没有其他玩家在线，无需广播状态同步消息
2025-11-27 21:36:07.9978  当前没有其他玩家在线，无需广播状态同步消息
2025-11-27 21:36:08.1124  当前没有其他玩家在线，无需广播状态同步消息
2025-11-27 21:36:08.1885  当前没有其他玩家在线，无需广播状态同步消息
2025-11-27 21:36:08.2912  当前没有其他玩家在线，无需广播状态同步消息
2025-11-27 21:36:08.3892  当前没有其他玩家在线，无需广播状态同步消息
2025-11-27 21:36:08.4898  当前没有其他玩家在线，无需广播状态同步消息
2025-11-27 21:36:08.5928  当前没有其他玩家在线，无需广播状态同步消息
2025-11-27 21:36:08.6872  当前没有其他玩家在线，无需广播状态同步消息
2025-11-27 21:36:08.7936  当前没有其他玩家在线，无需广播状态同步消息
2025-11-27 21:36:08.8964  当前没有其他玩家在线，无需广播状态同步消息
2025-11-27 21:36:08.9906  当前没有其他玩家在线，无需广播状态同步消息
2025-11-27 21:36:09.0959  当前没有其他玩家在线，无需广播状态同步消息
2025-11-27 21:36:09.1928  当前没有其他玩家在线，无需广播状态同步消息
2025-11-27 21:36:09.2899  当前没有其他玩家在线，无需广播状态同步消息
2025-11-27 21:36:09.3937  当前没有其他玩家在线，无需广播状态同步消息
2025-11-27 21:36:09.4934  当前没有其他玩家在线，无需广播状态同步消息
2025-11-27 21:36:09.5893  当前没有其他玩家在线，无需广播状态同步消息
2025-11-27 21:36:09.6915  当前没有其他玩家在线，无需广播状态同步消息
2025-11-27 21:36:09.7863  当前没有其他玩家在线，无需广播状态同步消息
2025-11-27 21:36:09.8913  当前没有其他玩家在线，无需广播状态同步消息
2025-11-27 21:36:09.9938  当前没有其他玩家在线，无需广播状态同步消息
2025-11-27 21:36:10.0936  当前没有其他玩家在线，无需广播状态同步消息
2025-11-27 21:36:10.1967  当前没有其他玩家在线，无需广播状态同步消息
2025-11-27 21:36:10.2922  当前没有其他玩家在线，无需广播状态同步消息
2025-11-27 21:36:10.3883  当前没有其他玩家在线，无需广播状态同步消息
2025-11-27 21:36:10.4947  当前没有其他玩家在线，无需广播状态同步消息
2025-11-27 21:36:10.5897  当前没有其他玩家在线，无需广播状态同步消息
2025-11-27 21:36:10.6931  当前没有其他玩家在线，无需广播状态同步消息
2025-11-27 21:36:10.7903  当前没有其他玩家在线，无需广播状态同步消息
2025-11-27 21:36:10.8935  当前没有其他玩家在线，无需广播状态同步消息
2025-11-27 21:36:10.9882  当前没有其他玩家在线，无需广播状态同步消息
2025-11-27 21:36:11.0887  当前没有其他玩家在线，无需广播状态同步消息
2025-11-27 21:36:11.1919  当前没有其他玩家在线，无需广播状态同步消息
2025-11-27 21:36:11.2965  当前没有其他玩家在线，无需广播状态同步消息
2025-11-27 21:36:11.3940  当前没有其他玩家在线，无需广播状态同步消息
2025-11-27 21:36:11.4930  当前没有其他玩家在线，无需广播状态同步消息
2025-11-27 21:36:11.5918  当前没有其他玩家在线，无需广播状态同步消息
2025-11-27 21:36:11.6909  当前没有其他玩家在线，无需广播状态同步消息
2025-11-27 21:36:11.7912  当前没有其他玩家在线，无需广播状态同步消息
2025-11-27 21:36:12.3887  当前没有其他玩家在线，无需广播状态同步消息
2025-11-27 21:36:12.4923  当前没有其他玩家在线，无需广播状态同步消息
2025-11-27 21:36:12.5895  当前没有其他玩家在线，无需广播状态同步消息
2025-11-27 21:36:12.6942  当前没有其他玩家在线，无需广播状态同步消息
2025-11-27 21:36:12.7958  当前没有其他玩家在线，无需广播状态同步消息
2025-11-27 21:36:12.8971  当前没有其他玩家在线，无需广播状态同步消息
2025-11-27 21:36:12.9959  当前没有其他玩家在线，无需广播状态同步消息
2025-11-27 21:36:13.0940  当前没有其他玩家在线，无需广播状态同步消息
2025-11-27 21:36:13.1942  当前没有其他玩家在线，无需广播状态同步消息
2025-11-27 21:36:13.3062  当前没有其他玩家在线，无需广播状态同步消息
2025-11-27 21:36:18.2932  当前没有其他玩家在线，无需广播状态同步消息
2025-11-27 21:36:18.3951  当前没有其他玩家在线，无需广播状态同步消息
2025-11-27 21:36:18.4978  当前没有其他玩家在线，无需广播状态同步消息
2025-11-27 21:36:18.5889  当前没有其他玩家在线，无需广播状态同步消息
2025-11-27 21:36:18.6939  当前没有其他玩家在线，无需广播状态同步消息
2025-11-27 21:36:18.7899  当前没有其他玩家在线，无需广播状态同步消息
2025-11-27 21:36:18.8941  当前没有其他玩家在线，无需广播状态同步消息
2025-11-27 21:36:18.9932  当前没有其他玩家在线，无需广播状态同步消息
2025-11-27 21:36:19.0925  当前没有其他玩家在线，无需广播状态同步消息
2025-11-27 21:36:19.1889  当前没有其他玩家在线，无需广播状态同步消息
2025-11-27 21:36:21.4881  当前没有其他玩家在线，无需广播状态同步消息
2025-11-27 21:36:21.5956  当前没有其他玩家在线，无需广播状态同步消息
2025-11-27 21:36:21.6893  当前没有其他玩家在线，无需广播状态同步消息
2025-11-27 21:36:21.7956  当前没有其他玩家在线，无需广播状态同步消息
2025-11-27 21:36:21.8927  当前没有其他玩家在线，无需广播状态同步消息
2025-11-27 21:36:21.9953  当前没有其他玩家在线，无需广播状态同步消息
2025-11-27 21:36:22.0877  当前没有其他玩家在线，无需广播状态同步消息
2025-11-27 21:36:22.1899  当前没有其他玩家在线，无需广播状态同步消息
2025-11-27 21:36:22.2897  当前没有其他玩家在线，无需广播状态同步消息
2025-11-27 21:36:22.3940  当前没有其他玩家在线，无需广播状态同步消息
2025-11-27 21:36:22.4958  当前没有其他玩家在线，无需广播状态同步消息
2025-11-27 21:36:25.7890  当前没有其他玩家在线，无需广播状态同步消息
2025-11-27 21:36:25.8951  当前没有其他玩家在线，无需广播状态同步消息
2025-11-27 21:36:25.9884  当前没有其他玩家在线，无需广播状态同步消息
2025-11-27 21:36:26.0927  当前没有其他玩家在线，无需广播状态同步消息
2025-11-27 21:36:26.1909  当前没有其他玩家在线，无需广播状态同步消息
2025-11-27 21:36:26.2928  当前没有其他玩家在线，无需广播状态同步消息
2025-11-27 21:36:26.3934  当前没有其他玩家在线，无需广播状态同步消息
2025-11-27 21:36:26.4954  当前没有其他玩家在线，无需广播状态同步消息
2025-11-27 21:36:26.5930  当前没有其他玩家在线，无需广播状态同步消息
2025-11-27 21:36:26.6945  当前没有其他玩家在线，无需广播状态同步消息
2025-11-27 21:36:26.7878  当前没有其他玩家在线，无需广播状态同步消息
2025-11-27 21:36:26.8873  当前没有其他玩家在线，无需广播状态同步消息
2025-11-27 21:36:26.9971  当前没有其他玩家在线，无需广播状态同步消息
2025-11-27 21:36:27.0946  当前没有其他玩家在线，无需广播状态同步消息
2025-11-27 21:36:27.1914  当前没有其他玩家在线，无需广播状态同步消息
2025-11-27 21:36:27.2899  当前没有其他玩家在线，无需广播状态同步消息
2025-11-27 21:36:27.3907  当前没有其他玩家在线，无需广播状态同步消息
2025-11-27 21:36:27.4909  当前没有其他玩家在线，无需广播状态同步消息
2025-11-27 21:36:27.5899  当前没有其他玩家在线，无需广播状态同步消息
2025-11-27 21:36:27.6888  当前没有其他玩家在线，无需广播状态同步消息
2025-11-27 21:36:27.7871  当前没有其他玩家在线，无需广播状态同步消息
2025-11-27 21:36:27.8939  当前没有其他玩家在线，无需广播状态同步消息
2025-11-27 21:36:27.9881  当前没有其他玩家在线，无需广播状态同步消息
2025-11-27 21:36:28.0876  当前没有其他玩家在线，无需广播状态同步消息
2025-11-27 21:36:28.1887  当前没有其他玩家在线，无需广播状态同步消息
2025-11-27 21:36:28.2877  当前没有其他玩家在线，无需广播状态同步消息
2025-11-27 21:36:28.3898  当前没有其他玩家在线，无需广播状态同步消息
2025-11-27 21:36:28.4925  当前没有其他玩家在线，无需广播状态同步消息
2025-11-27 21:36:28.5873  当前没有其他玩家在线，无需广播状态同步消息
2025-11-27 21:36:28.6916  当前没有其他玩家在线，无需广播状态同步消息
2025-11-27 21:36:28.7949  当前没有其他玩家在线，无需广播状态同步消息
2025-11-27 21:36:28.8898  当前没有其他玩家在线，无需广播状态同步消息
2025-11-27 21:36:28.9901  当前没有其他玩家在线，无需广播状态同步消息
2025-11-27 21:36:29.0932  当前没有其他玩家在线，无需广播状态同步消息
2025-11-27 21:36:29.1890  当前没有其他玩家在线，无需广播状态同步消息
2025-11-27 21:36:29.3050  当前没有其他玩家在线，无需广播状态同步消息
2025-11-27 21:36:29.3899  当前没有其他玩家在线，无需广播状态同步消息
2025-11-27 21:36:29.4900  当前没有其他玩家在线，无需广播状态同步消息
2025-11-27 21:36:29.5934  当前没有其他玩家在线，无需广播状态同步消息
2025-11-27 21:36:29.6960  当前没有其他玩家在线，无需广播状态同步消息
2025-11-27 21:36:29.7920  当前没有其他玩家在线，无需广播状态同步消息
2025-11-27 21:36:29.8942  当前没有其他玩家在线，无需广播状态同步消息
2025-11-27 21:36:29.9899  当前没有其他玩家在线，无需广播状态同步消息
2025-11-27 21:36:30.0893  当前没有其他玩家在线，无需广播状态同步消息
2025-11-27 21:36:30.1911  当前没有其他玩家在线，无需广播状态同步消息
2025-11-27 21:36:30.2949  当前没有其他玩家在线，无需广播状态同步消息
2025-11-27 21:36:30.3909  当前没有其他玩家在线，无需广播状态同步消息
2025-11-27 21:36:30.4895  当前没有其他玩家在线，无需广播状态同步消息
2025-11-27 21:36:30.5950  当前没有其他玩家在线，无需广播状态同步消息
2025-11-27 21:36:30.6918  当前没有其他玩家在线，无需广播状态同步消息
2025-11-27 21:36:30.7944  当前没有其他玩家在线，无需广播状态同步消息
2025-11-27 21:36:30.8981  当前没有其他玩家在线，无需广播状态同步消息
2025-11-27 21:36:30.9866  当前没有其他玩家在线，无需广播状态同步消息
2025-11-27 21:36:31.0946  当前没有其他玩家在线，无需广播状态同步消息
2025-11-27 21:36:31.1958  当前没有其他玩家在线，无需广播状态同步消息
2025-11-27 21:36:31.2909  当前没有其他玩家在线，无需广播状态同步消息
2025-11-27 21:36:31.3878  当前没有其他玩家在线，无需广播状态同步消息
2025-11-27 21:36:31.4898  当前没有其他玩家在线，无需广播状态同步消息
2025-11-27 21:36:31.5960  当前没有其他玩家在线，无需广播状态同步消息
2025-11-27 21:36:31.6884  当前没有其他玩家在线，无需广播状态同步消息
2025-11-27 21:36:31.7953  当前没有其他玩家在线，无需广播状态同步消息
2025-11-27 21:36:31.8891  当前没有其他玩家在线，无需广播状态同步消息
2025-11-27 21:36:31.9935  当前没有其他玩家在线，无需广播状态同步消息
2025-11-27 21:36:32.0932  当前没有其他玩家在线，无需广播状态同步消息
2025-11-27 21:36:32.1914  当前没有其他玩家在线，无需广播状态同步消息
2025-11-27 21:36:32.2877  当前没有其他玩家在线，无需广播状态同步消息
2025-11-27 21:36:32.3919  当前没有其他玩家在线，无需广播状态同步消息
2025-11-27 21:36:32.4952  当前没有其他玩家在线，无需广播状态同步消息
2025-11-27 21:36:32.5912  当前没有其他玩家在线，无需广播状态同步消息
2025-11-27 21:36:32.6945  当前没有其他玩家在线，无需广播状态同步消息
2025-11-27 21:36:32.7894  当前没有其他玩家在线，无需广播状态同步消息
2025-11-27 21:36:32.8901  当前没有其他玩家在线，无需广播状态同步消息
2025-11-27 21:36:32.9935  当前没有其他玩家在线，无需广播状态同步消息
2025-11-27 21:36:33.0927  当前没有其他玩家在线，无需广播状态同步消息
2025-11-27 21:36:33.1877  当前没有其他玩家在线，无需广播状态同步消息
2025-11-27 21:36:33.2940  当前没有其他玩家在线，无需广播状态同步消息
2025-11-27 21:36:33.3877  当前没有其他玩家在线，无需广播状态同步消息
2025-11-27 21:36:33.4864  当前没有其他玩家在线，无需广播状态同步消息
2025-11-27 21:36:33.5893  当前没有其他玩家在线，无需广播状态同步消息
2025-11-27 21:36:33.6897  当前没有其他玩家在线，无需广播状态同步消息
2025-11-27 21:36:33.7898  当前没有其他玩家在线，无需广播状态同步消息
2025-11-27 21:36:33.8943  当前没有其他玩家在线，无需广播状态同步消息
2025-11-27 21:36:33.9913  当前没有其他玩家在线，无需广播状态同步消息
2025-11-27 21:36:34.0976  当前没有其他玩家在线，无需广播状态同步消息
2025-11-27 21:36:34.2026  当前没有其他玩家在线，无需广播状态同步消息
2025-11-27 21:36:34.2910  当前没有其他玩家在线，无需广播状态同步消息
2025-11-27 21:36:34.3888  当前没有其他玩家在线，无需广播状态同步消息
2025-11-27 21:36:34.4937  当前没有其他玩家在线，无需广播状态同步消息
2025-11-27 21:36:34.5961  当前没有其他玩家在线，无需广播状态同步消息
2025-11-27 21:36:34.6880  当前没有其他玩家在线，无需广播状态同步消息
2025-11-27 21:36:34.7900  当前没有其他玩家在线，无需广播状态同步消息
2025-11-27 21:36:36.3936  当前服务器上没有其他玩家在线，无需广播下线消息
2025-11-27 21:36:36.3971  账号ID:489242989124911105 数据已保存到数据库
2025-11-27 21:36:36.3971  玩家ID:489242989124911105 下线成功 , 下线位置:x:-7.3604445, y:0, z:-5.910705
2025-11-27 21:37:57.9899  账号验证失败，错误码:2003
2025-11-27 21:38:00.0631  玩家上次上线位置：x:-7.3604445, y:0, z:-5.910705
2025-11-27 21:38:00.0631  当前没有其他玩家在线，无需广播
2025-11-27 21:38:01.6649  当前没有其他玩家在线，无需广播状态同步消息
2025-11-27 21:38:01.7537  当前没有其他玩家在线，无需广播状态同步消息
2025-11-27 21:38:01.8705  当前没有其他玩家在线，无需广播状态同步消息
2025-11-27 21:38:01.9713  当前没有其他玩家在线，无需广播状态同步消息
2025-11-27 21:38:02.0576  当前没有其他玩家在线，无需广播状态同步消息
2025-11-27 21:38:02.1617  当前没有其他玩家在线，无需广播状态同步消息
2025-11-27 21:38:02.2552  当前没有其他玩家在线，无需广播状态同步消息
2025-11-27 21:38:02.3585  当前没有其他玩家在线，无需广播状态同步消息
2025-11-27 21:38:02.4535  当前没有其他玩家在线，无需广播状态同步消息
2025-11-27 21:38:02.5548  当前没有其他玩家在线，无需广播状态同步消息
2025-11-27 21:38:02.6609  当前没有其他玩家在线，无需广播状态同步消息
2025-11-27 21:38:02.7599  当前没有其他玩家在线，无需广播状态同步消息
2025-11-27 21:38:02.8604  当前没有其他玩家在线，无需广播状态同步消息
2025-11-27 21:38:02.9654  当前没有其他玩家在线，无需广播状态同步消息
2025-11-27 21:38:03.0629  当前没有其他玩家在线，无需广播状态同步消息
2025-11-27 21:38:03.1571  当前没有其他玩家在线，无需广播状态同步消息
2025-11-27 21:38:03.2593  当前没有其他玩家在线，无需广播状态同步消息
2025-11-27 21:38:03.3566  当前没有其他玩家在线，无需广播状态同步消息
2025-11-27 21:38:03.4550  当前没有其他玩家在线，无需广播状态同步消息
2025-11-27 21:38:03.5617  当前没有其他玩家在线，无需广播状态同步消息
2025-11-27 21:38:03.6567  当前没有其他玩家在线，无需广播状态同步消息
2025-11-27 21:38:03.7613  当前没有其他玩家在线，无需广播状态同步消息
2025-11-27 21:38:03.8592  当前没有其他玩家在线，无需广播状态同步消息
2025-11-27 21:38:03.9530  当前没有其他玩家在线，无需广播状态同步消息
2025-11-27 21:38:04.0591  当前没有其他玩家在线，无需广播状态同步消息
2025-11-27 21:38:04.1536  当前没有其他玩家在线，无需广播状态同步消息
2025-11-27 21:38:04.2586  当前没有其他玩家在线，无需广播状态同步消息
2025-11-27 21:38:04.3654  当前没有其他玩家在线，无需广播状态同步消息
2025-11-27 21:38:04.4569  当前没有其他玩家在线，无需广播状态同步消息
2025-11-27 21:38:04.5610  当前没有其他玩家在线，无需广播状态同步消息
2025-11-27 21:38:04.6628  当前没有其他玩家在线，无需广播状态同步消息
2025-11-27 21:38:04.7599  当前没有其他玩家在线，无需广播状态同步消息
2025-11-27 21:38:04.8609  当前没有其他玩家在线，无需广播状态同步消息
2025-11-27 21:38:04.9594  当前没有其他玩家在线，无需广播状态同步消息
2025-11-27 21:38:05.0619  当前没有其他玩家在线，无需广播状态同步消息
2025-11-27 21:38:05.1630  当前没有其他玩家在线，无需广播状态同步消息
2025-11-27 21:38:05.2610  当前没有其他玩家在线，无需广播状态同步消息
2025-11-27 21:38:05.3546  当前没有其他玩家在线，无需广播状态同步消息
2025-11-27 21:38:05.4566  当前没有其他玩家在线，无需广播状态同步消息
2025-11-27 21:38:05.5634  当前没有其他玩家在线，无需广播状态同步消息
2025-11-27 21:38:05.6623  当前没有其他玩家在线，无需广播状态同步消息
2025-11-27 21:38:05.7595  当前没有其他玩家在线，无需广播状态同步消息
2025-11-27 21:38:05.9592  当前没有其他玩家在线，无需广播状态同步消息
2025-11-27 21:38:06.0619  当前没有其他玩家在线，无需广播状态同步消息
2025-11-27 21:38:06.1582  当前没有其他玩家在线，无需广播状态同步消息
2025-11-27 21:38:06.2736  当前没有其他玩家在线，无需广播状态同步消息
2025-11-27 21:38:06.3560  当前没有其他玩家在线，无需广播状态同步消息
2025-11-27 21:38:06.4623  当前没有其他玩家在线，无需广播状态同步消息
2025-11-27 21:38:06.5593  当前没有其他玩家在线，无需广播状态同步消息
2025-11-27 21:38:06.6619  当前没有其他玩家在线，无需广播状态同步消息
2025-11-27 21:38:06.7632  当前没有其他玩家在线，无需广播状态同步消息
2025-11-27 21:38:06.8622  当前没有其他玩家在线，无需广播状态同步消息
2025-11-27 21:38:06.9571  当前没有其他玩家在线，无需广播状态同步消息
2025-11-27 21:38:07.0596  当前没有其他玩家在线，无需广播状态同步消息
2025-11-27 21:38:07.1533  当前没有其他玩家在线，无需广播状态同步消息
2025-11-27 21:38:07.2590  当前没有其他玩家在线，无需广播状态同步消息
2025-11-27 21:38:07.3592  当前没有其他玩家在线，无需广播状态同步消息
2025-11-27 21:38:07.4588  当前没有其他玩家在线，无需广播状态同步消息
2025-11-27 21:38:07.5570  当前没有其他玩家在线，无需广播状态同步消息
2025-11-27 21:38:07.6595  当前没有其他玩家在线，无需广播状态同步消息
2025-11-27 21:38:07.7569  当前没有其他玩家在线，无需广播状态同步消息
2025-11-27 21:38:07.8553  当前没有其他玩家在线，无需广播状态同步消息
2025-11-27 21:38:07.9544  当前没有其他玩家在线，无需广播状态同步消息
2025-11-27 21:38:08.0547  当前没有其他玩家在线，无需广播状态同步消息
2025-11-27 21:38:08.1561  当前没有其他玩家在线，无需广播状态同步消息
2025-11-27 21:38:08.2562  当前没有其他玩家在线，无需广播状态同步消息
2025-11-27 21:38:08.3571  当前没有其他玩家在线，无需广播状态同步消息
2025-11-27 21:38:08.4609  当前没有其他玩家在线，无需广播状态同步消息
2025-11-27 21:38:08.5557  当前没有其他玩家在线，无需广播状态同步消息
2025-11-27 21:38:08.6570  当前没有其他玩家在线，无需广播状态同步消息
2025-11-27 21:38:08.7552  当前没有其他玩家在线，无需广播状态同步消息
2025-11-27 21:38:08.8568  当前没有其他玩家在线，无需广播状态同步消息
2025-11-27 21:38:08.9631  当前没有其他玩家在线，无需广播状态同步消息
2025-11-27 21:38:09.0606  当前没有其他玩家在线，无需广播状态同步消息
2025-11-27 21:38:09.1634  当前没有其他玩家在线，无需广播状态同步消息
2025-11-27 21:38:09.2559  当前没有其他玩家在线，无需广播状态同步消息
2025-11-27 21:38:09.3561  当前没有其他玩家在线，无需广播状态同步消息
2025-11-27 21:38:09.4575  当前没有其他玩家在线，无需广播状态同步消息
2025-11-27 21:38:09.5611  当前没有其他玩家在线，无需广播状态同步消息
2025-11-27 21:38:09.6581  当前没有其他玩家在线，无需广播状态同步消息
2025-11-27 21:38:09.7582  当前没有其他玩家在线，无需广播状态同步消息
2025-11-27 21:38:09.8617  当前没有其他玩家在线，无需广播状态同步消息
2025-11-27 21:38:09.9545  当前没有其他玩家在线，无需广播状态同步消息
2025-11-27 21:38:10.0547  当前没有其他玩家在线，无需广播状态同步消息
2025-11-27 21:38:10.1531  当前没有其他玩家在线，无需广播状态同步消息
2025-11-27 21:38:10.2611  当前没有其他玩家在线，无需广播状态同步消息
2025-11-27 21:38:10.3630  当前没有其他玩家在线，无需广播状态同步消息
2025-11-27 21:38:10.4583  当前没有其他玩家在线，无需广播状态同步消息
2025-11-27 21:38:10.5596  当前没有其他玩家在线，无需广播状态同步消息
2025-11-27 21:38:10.6548  当前没有其他玩家在线，无需广播状态同步消息
2025-11-27 21:38:10.7624  当前没有其他玩家在线，无需广播状态同步消息
2025-11-27 21:38:10.8632  当前没有其他玩家在线，无需广播状态同步消息
2025-11-27 21:38:10.9631  当前没有其他玩家在线，无需广播状态同步消息
2025-11-27 21:38:11.0613  当前没有其他玩家在线，无需广播状态同步消息
2025-11-27 21:38:11.1555  当前没有其他玩家在线，无需广播状态同步消息
2025-11-27 21:38:11.2632  当前没有其他玩家在线，无需广播状态同步消息
2025-11-27 21:38:11.3632  当前没有其他玩家在线，无需广播状态同步消息
2025-11-27 21:38:11.4540  当前没有其他玩家在线，无需广播状态同步消息
2025-11-27 21:38:11.5581  当前没有其他玩家在线，无需广播状态同步消息
2025-11-27 21:38:11.6603  当前没有其他玩家在线，无需广播状态同步消息
2025-11-27 21:38:11.7561  当前没有其他玩家在线，无需广播状态同步消息
2025-11-27 21:38:11.8591  当前没有其他玩家在线，无需广播状态同步消息
2025-11-27 21:38:11.9601  当前没有其他玩家在线，无需广播状态同步消息
2025-11-27 21:38:12.0562  当前没有其他玩家在线，无需广播状态同步消息
2025-11-27 21:38:12.1564  当前没有其他玩家在线，无需广播状态同步消息
2025-11-27 21:38:12.2585  当前没有其他玩家在线，无需广播状态同步消息
2025-11-27 21:38:12.3577  当前没有其他玩家在线，无需广播状态同步消息
2025-11-27 21:38:12.4557  当前没有其他玩家在线，无需广播状态同步消息
2025-11-27 21:38:12.5660  当前没有其他玩家在线，无需广播状态同步消息
2025-11-27 21:38:12.6615  当前没有其他玩家在线，无需广播状态同步消息
2025-11-27 21:38:12.7615  当前没有其他玩家在线，无需广播状态同步消息
2025-11-27 21:38:12.8605  当前没有其他玩家在线，无需广播状态同步消息
2025-11-27 21:38:12.9554  当前没有其他玩家在线，无需广播状态同步消息
2025-11-27 21:38:13.0591  当前没有其他玩家在线，无需广播状态同步消息
2025-11-27 21:38:13.1546  当前没有其他玩家在线，无需广播状态同步消息
2025-11-27 21:38:13.2607  当前没有其他玩家在线，无需广播状态同步消息
2025-11-27 21:38:13.3577  当前没有其他玩家在线，无需广播状态同步消息
2025-11-27 21:38:13.4568  当前没有其他玩家在线，无需广播状态同步消息
2025-11-27 21:38:13.5548  当前没有其他玩家在线，无需广播状态同步消息
2025-11-27 21:38:13.6621  当前没有其他玩家在线，无需广播状态同步消息
2025-11-27 21:38:13.7633  当前没有其他玩家在线，无需广播状态同步消息
2025-11-27 21:38:13.8598  当前没有其他玩家在线，无需广播状态同步消息
2025-11-27 21:38:13.9541  当前没有其他玩家在线，无需广播状态同步消息
2025-11-27 21:38:14.0575  当前没有其他玩家在线，无需广播状态同步消息
2025-11-27 21:38:14.1608  当前没有其他玩家在线，无需广播状态同步消息
2025-11-27 21:38:14.2532  当前没有其他玩家在线，无需广播状态同步消息
2025-11-27 21:38:14.3633  当前没有其他玩家在线，无需广播状态同步消息
2025-11-27 21:38:14.4545  当前没有其他玩家在线，无需广播状态同步消息
2025-11-27 21:38:14.5552  当前没有其他玩家在线，无需广播状态同步消息
2025-11-27 21:38:14.6550  当前没有其他玩家在线，无需广播状态同步消息
2025-11-27 21:38:14.7575  当前没有其他玩家在线，无需广播状态同步消息
2025-11-27 21:38:14.8608  当前没有其他玩家在线，无需广播状态同步消息
2025-11-27 21:38:14.9645  当前没有其他玩家在线，无需广播状态同步消息
2025-11-27 21:38:15.0550  当前没有其他玩家在线，无需广播状态同步消息
2025-11-27 21:38:15.1575  当前没有其他玩家在线，无需广播状态同步消息
2025-11-27 21:38:15.2556  当前没有其他玩家在线，无需广播状态同步消息
2025-11-27 21:38:15.3561  当前没有其他玩家在线，无需广播状态同步消息
2025-11-27 21:38:15.4541  当前没有其他玩家在线，无需广播状态同步消息
2025-11-27 21:38:15.5590  当前没有其他玩家在线，无需广播状态同步消息
2025-11-27 21:38:15.6665  当前没有其他玩家在线，无需广播状态同步消息
2025-11-27 21:38:15.7606  当前没有其他玩家在线，无需广播状态同步消息
2025-11-27 21:38:15.8631  当前没有其他玩家在线，无需广播状态同步消息
2025-11-27 21:38:15.9575  当前没有其他玩家在线，无需广播状态同步消息
2025-11-27 21:38:16.0605  当前没有其他玩家在线，无需广播状态同步消息
2025-11-27 21:38:16.1535  当前没有其他玩家在线，无需广播状态同步消息
2025-11-27 21:38:16.2586  当前没有其他玩家在线，无需广播状态同步消息
2025-11-27 21:38:16.3590  当前没有其他玩家在线，无需广播状态同步消息
2025-11-27 21:38:16.4616  当前没有其他玩家在线，无需广播状态同步消息
2025-11-27 21:38:16.5603  当前没有其他玩家在线，无需广播状态同步消息
2025-11-27 21:38:16.6589  当前没有其他玩家在线，无需广播状态同步消息
2025-11-27 21:38:16.7572  当前没有其他玩家在线，无需广播状态同步消息
2025-11-27 21:38:17.0553  当前没有其他玩家在线，无需广播状态同步消息
2025-11-27 21:38:17.1617  当前没有其他玩家在线，无需广播状态同步消息
2025-11-27 21:38:17.2594  当前没有其他玩家在线，无需广播状态同步消息
2025-11-27 21:38:17.3561  当前没有其他玩家在线，无需广播状态同步消息
2025-11-27 21:38:17.4620  当前没有其他玩家在线，无需广播状态同步消息
2025-11-27 21:38:17.5613  当前没有其他玩家在线，无需广播状态同步消息
2025-11-27 21:38:17.6621  当前没有其他玩家在线，无需广播状态同步消息
2025-11-27 21:38:17.7545  当前没有其他玩家在线，无需广播状态同步消息
2025-11-27 21:38:17.8600  当前没有其他玩家在线，无需广播状态同步消息
2025-11-27 21:38:17.9646  当前没有其他玩家在线，无需广播状态同步消息
2025-11-27 21:38:18.0598  当前没有其他玩家在线，无需广播状态同步消息
2025-11-27 21:38:18.1608  当前没有其他玩家在线，无需广播状态同步消息
2025-11-27 21:38:18.2617  当前没有其他玩家在线，无需广播状态同步消息
2025-11-27 21:38:18.3625  当前没有其他玩家在线，无需广播状态同步消息
2025-11-27 21:38:18.4575  当前没有其他玩家在线，无需广播状态同步消息
2025-11-27 21:38:18.5580  当前没有其他玩家在线，无需广播状态同步消息
2025-11-27 21:38:18.6617  当前没有其他玩家在线，无需广播状态同步消息
2025-11-27 21:38:18.7558  当前没有其他玩家在线，无需广播状态同步消息
2025-11-27 21:38:18.8571  当前没有其他玩家在线，无需广播状态同步消息
2025-11-27 21:38:18.9634  当前没有其他玩家在线，无需广播状态同步消息
2025-11-27 21:38:19.0537  当前没有其他玩家在线，无需广播状态同步消息
2025-11-27 21:38:23.7556  当前没有其他玩家在线，无需广播状态同步消息
2025-11-27 21:38:23.8594  当前没有其他玩家在线，无需广播状态同步消息
2025-11-27 21:38:23.9565  当前没有其他玩家在线，无需广播状态同步消息
2025-11-27 21:38:24.0574  当前没有其他玩家在线，无需广播状态同步消息
2025-11-27 21:38:24.1612  当前没有其他玩家在线，无需广播状态同步消息
2025-11-27 21:38:24.2609  当前没有其他玩家在线，无需广播状态同步消息
2025-11-27 21:38:24.8563  当前没有其他玩家在线，无需广播状态同步消息
2025-11-27 21:38:24.9629  当前没有其他玩家在线，无需广播状态同步消息
2025-11-27 21:38:25.0547  当前没有其他玩家在线，无需广播状态同步消息
2025-11-27 21:38:25.1612  当前没有其他玩家在线，无需广播状态同步消息
2025-11-27 21:38:25.2594  当前没有其他玩家在线，无需广播状态同步消息
2025-11-27 21:38:25.3562  当前没有其他玩家在线，无需广播状态同步消息
2025-11-27 21:38:25.4588  当前没有其他玩家在线，无需广播状态同步消息
2025-11-27 21:38:25.5565  当前没有其他玩家在线，无需广播状态同步消息
2025-11-27 21:38:25.6580  当前没有其他玩家在线，无需广播状态同步消息
2025-11-27 21:38:25.7665  当前没有其他玩家在线，无需广播状态同步消息
2025-11-27 21:38:25.8662  当前没有其他玩家在线，无需广播状态同步消息
2025-11-27 21:38:25.9543  当前没有其他玩家在线，无需广播状态同步消息
2025-11-27 21:38:26.0614  当前没有其他玩家在线，无需广播状态同步消息
2025-11-27 21:38:26.1683  当前没有其他玩家在线，无需广播状态同步消息
2025-11-27 21:38:26.2629  当前没有其他玩家在线，无需广播状态同步消息
2025-11-27 21:38:26.3567  当前没有其他玩家在线，无需广播状态同步消息
2025-11-27 21:38:26.4615  当前没有其他玩家在线，无需广播状态同步消息
2025-11-27 21:38:26.5575  当前没有其他玩家在线，无需广播状态同步消息
2025-11-27 21:38:26.6542  当前没有其他玩家在线，无需广播状态同步消息
2025-11-27 21:38:26.7631  当前没有其他玩家在线，无需广播状态同步消息
2025-11-27 21:38:26.8554  当前没有其他玩家在线，无需广播状态同步消息
2025-11-27 21:38:26.9530  当前没有其他玩家在线，无需广播状态同步消息
2025-11-27 21:38:27.0531  当前没有其他玩家在线，无需广播状态同步消息
2025-11-27 21:38:27.1570  当前没有其他玩家在线，无需广播状态同步消息
2025-11-27 21:38:27.2583  当前没有其他玩家在线，无需广播状态同步消息
2025-11-27 21:38:27.3575  当前没有其他玩家在线，无需广播状态同步消息
2025-11-27 21:38:27.4613  当前没有其他玩家在线，无需广播状态同步消息
2025-11-27 21:38:27.5599  当前没有其他玩家在线，无需广播状态同步消息
2025-11-27 21:38:27.6548  当前没有其他玩家在线，无需广播状态同步消息
2025-11-27 21:38:27.7561  当前没有其他玩家在线，无需广播状态同步消息
2025-11-27 21:38:27.8580  当前没有其他玩家在线，无需广播状态同步消息
2025-11-27 21:38:27.9529  当前没有其他玩家在线，无需广播状态同步消息
2025-11-27 21:38:28.0555  当前没有其他玩家在线，无需广播状态同步消息
2025-11-27 21:38:28.1542  当前没有其他玩家在线，无需广播状态同步消息
2025-11-27 21:38:28.2583  当前没有其他玩家在线，无需广播状态同步消息
2025-11-27 21:38:28.3630  当前没有其他玩家在线，无需广播状态同步消息
2025-11-27 21:38:28.4703  当前没有其他玩家在线，无需广播状态同步消息
2025-11-27 21:38:28.5538  当前没有其他玩家在线，无需广播状态同步消息
2025-11-27 21:38:28.6568  当前没有其他玩家在线，无需广播状态同步消息
2025-11-27 21:38:28.7567  当前没有其他玩家在线，无需广播状态同步消息
2025-11-27 21:38:28.8605  当前没有其他玩家在线，无需广播状态同步消息
2025-11-27 21:38:28.9583  当前没有其他玩家在线，无需广播状态同步消息
2025-11-27 21:38:29.0614  当前没有其他玩家在线，无需广播状态同步消息
2025-11-27 21:38:29.1623  当前没有其他玩家在线，无需广播状态同步消息
2025-11-27 21:38:29.2593  当前没有其他玩家在线，无需广播状态同步消息
2025-11-27 21:38:29.3592  当前没有其他玩家在线，无需广播状态同步消息
2025-11-27 21:38:29.4608  当前没有其他玩家在线，无需广播状态同步消息
2025-11-27 21:38:29.5598  当前没有其他玩家在线，无需广播状态同步消息
2025-11-27 21:38:29.6603  当前没有其他玩家在线，无需广播状态同步消息
2025-11-27 21:38:29.7570  当前没有其他玩家在线，无需广播状态同步消息
2025-11-27 21:38:29.8558  当前没有其他玩家在线，无需广播状态同步消息
2025-11-27 21:38:29.9565  当前没有其他玩家在线，无需广播状态同步消息
2025-11-27 21:38:30.0588  当前没有其他玩家在线，无需广播状态同步消息
2025-11-27 21:38:31.2283  当前服务器上没有其他玩家在线，无需广播下线消息
2025-11-27 21:38:31.2283  账号ID:489242989124911105 数据已保存到数据库
2025-11-27 21:38:31.2283  玩家ID:489242989124911105 下线成功 , 下线位置:x:-7.371595, y:0, z:0.7230398
2025-11-27 21:38:40.6374  账号验证失败，错误码:2003
2025-11-27 21:38:57.3346  玩家上次上线位置：x:0, y:0, z:0
2025-11-27 21:38:57.3346  当前没有其他玩家在线，无需广播
2025-11-27 21:38:58.6412  当前没有其他玩家在线，无需广播状态同步消息
2025-11-27 21:38:58.7388  当前没有其他玩家在线，无需广播状态同步消息
2025-11-27 21:38:58.8429  当前没有其他玩家在线，无需广播状态同步消息
2025-11-27 21:38:58.9432  当前没有其他玩家在线，无需广播状态同步消息
2025-11-27 21:38:59.0388  当前没有其他玩家在线，无需广播状态同步消息
2025-11-27 21:38:59.1443  当前没有其他玩家在线，无需广播状态同步消息
2025-11-27 21:38:59.2382  当前没有其他玩家在线，无需广播状态同步消息
2025-11-27 21:38:59.3365  当前没有其他玩家在线，无需广播状态同步消息
2025-11-27 21:38:59.4446  当前没有其他玩家在线，无需广播状态同步消息
2025-11-27 21:38:59.5450  当前没有其他玩家在线，无需广播状态同步消息
2025-11-27 21:38:59.6402  当前没有其他玩家在线，无需广播状态同步消息
2025-11-27 21:38:59.7375  当前没有其他玩家在线，无需广播状态同步消息
2025-11-27 21:38:59.8419  当前没有其他玩家在线，无需广播状态同步消息
2025-11-27 21:38:59.9429  当前没有其他玩家在线，无需广播状态同步消息
2025-11-27 21:39:00.0382  当前没有其他玩家在线，无需广播状态同步消息
2025-11-27 21:39:00.1389  当前没有其他玩家在线，无需广播状态同步消息
2025-11-27 21:39:00.2398  当前没有其他玩家在线，无需广播状态同步消息
2025-11-27 21:39:00.3391  当前没有其他玩家在线，无需广播状态同步消息
2025-11-27 21:39:00.4463  当前没有其他玩家在线，无需广播状态同步消息
2025-11-27 21:39:00.5379  当前没有其他玩家在线，无需广播状态同步消息
2025-11-27 21:39:00.6477  当前没有其他玩家在线，无需广播状态同步消息
2025-11-27 21:39:00.7469  当前没有其他玩家在线，无需广播状态同步消息
2025-11-27 21:39:00.8459  当前没有其他玩家在线，无需广播状态同步消息
2025-11-27 21:39:00.9380  当前没有其他玩家在线，无需广播状态同步消息
2025-11-27 21:39:01.0469  当前没有其他玩家在线，无需广播状态同步消息
2025-11-27 21:39:01.1436  当前没有其他玩家在线，无需广播状态同步消息
2025-11-27 21:39:01.2399  当前没有其他玩家在线，无需广播状态同步消息
2025-11-27 21:39:01.3475  当前没有其他玩家在线，无需广播状态同步消息
2025-11-27 21:39:01.4429  当前没有其他玩家在线，无需广播状态同步消息
2025-11-27 21:39:01.5580  当前没有其他玩家在线，无需广播状态同步消息
2025-11-27 21:39:01.6409  当前没有其他玩家在线，无需广播状态同步消息
2025-11-27 21:39:01.7373  当前没有其他玩家在线，无需广播状态同步消息
2025-11-27 21:39:01.8462  当前没有其他玩家在线，无需广播状态同步消息
2025-11-27 21:39:01.9376  当前没有其他玩家在线，无需广播状态同步消息
2025-11-27 21:39:02.0362  当前没有其他玩家在线，无需广播状态同步消息
2025-11-27 21:39:02.1454  当前没有其他玩家在线，无需广播状态同步消息
2025-11-27 21:39:02.2378  当前没有其他玩家在线，无需广播状态同步消息
2025-11-27 21:39:02.3476  当前没有其他玩家在线，无需广播状态同步消息
2025-11-27 21:39:02.4392  当前没有其他玩家在线，无需广播状态同步消息
2025-11-27 21:39:02.5379  当前没有其他玩家在线，无需广播状态同步消息
2025-11-27 21:39:02.6403  当前没有其他玩家在线，无需广播状态同步消息
2025-11-27 21:39:02.7408  当前没有其他玩家在线，无需广播状态同步消息
2025-11-27 21:39:02.8398  当前没有其他玩家在线，无需广播状态同步消息
2025-11-27 21:39:02.9416  当前没有其他玩家在线，无需广播状态同步消息
2025-11-27 21:39:03.0441  当前没有其他玩家在线，无需广播状态同步消息
2025-11-27 21:39:03.1421  当前没有其他玩家在线，无需广播状态同步消息
2025-11-27 21:39:03.2403  当前没有其他玩家在线，无需广播状态同步消息
2025-11-27 21:39:03.3388  当前没有其他玩家在线，无需广播状态同步消息
2025-11-27 21:39:03.4430  当前没有其他玩家在线，无需广播状态同步消息
2025-11-27 21:39:03.5445  当前没有其他玩家在线，无需广播状态同步消息
2025-11-27 21:39:03.6444  当前没有其他玩家在线，无需广播状态同步消息
2025-11-27 21:39:03.7481  当前没有其他玩家在线，无需广播状态同步消息
2025-11-27 21:39:03.8378  当前没有其他玩家在线，无需广播状态同步消息
2025-11-27 21:39:03.9404  当前没有其他玩家在线，无需广播状态同步消息
2025-11-27 21:39:04.0444  当前没有其他玩家在线，无需广播状态同步消息
2025-11-27 21:39:04.1493  当前没有其他玩家在线，无需广播状态同步消息
2025-11-27 21:39:04.2382  当前没有其他玩家在线，无需广播状态同步消息
2025-11-27 21:39:04.3406  当前没有其他玩家在线，无需广播状态同步消息
2025-11-27 21:39:04.4478  当前没有其他玩家在线，无需广播状态同步消息
2025-11-27 21:39:04.5431  当前没有其他玩家在线，无需广播状态同步消息
2025-11-27 21:39:04.6414  当前没有其他玩家在线，无需广播状态同步消息
2025-11-27 21:39:04.7402  当前没有其他玩家在线，无需广播状态同步消息
2025-11-27 21:39:04.8453  当前没有其他玩家在线，无需广播状态同步消息
2025-11-27 21:39:04.9370  当前没有其他玩家在线，无需广播状态同步消息
2025-11-27 21:39:05.0373  当前没有其他玩家在线，无需广播状态同步消息
2025-11-27 21:39:05.1409  当前没有其他玩家在线，无需广播状态同步消息
2025-11-27 21:39:05.2441  当前没有其他玩家在线，无需广播状态同步消息
2025-11-27 21:39:05.3431  当前没有其他玩家在线，无需广播状态同步消息
2025-11-27 21:39:05.4423  当前没有其他玩家在线，无需广播状态同步消息
2025-11-27 21:39:05.5381  当前没有其他玩家在线，无需广播状态同步消息
2025-11-27 21:39:05.6387  当前没有其他玩家在线，无需广播状态同步消息
2025-11-27 21:39:05.7409  当前没有其他玩家在线，无需广播状态同步消息
2025-11-27 21:39:05.8382  当前没有其他玩家在线，无需广播状态同步消息
2025-11-27 21:39:05.9377  当前没有其他玩家在线，无需广播状态同步消息
2025-11-27 21:39:06.0390  当前没有其他玩家在线，无需广播状态同步消息
2025-11-27 21:39:06.1389  当前没有其他玩家在线，无需广播状态同步消息
2025-11-27 21:39:06.2432  当前没有其他玩家在线，无需广播状态同步消息
2025-11-27 21:39:06.3419  当前没有其他玩家在线，无需广播状态同步消息
2025-11-27 21:39:06.4391  当前没有其他玩家在线，无需广播状态同步消息
2025-11-27 21:39:06.5430  当前没有其他玩家在线，无需广播状态同步消息
2025-11-27 21:39:06.6437  当前没有其他玩家在线，无需广播状态同步消息
2025-11-27 21:39:06.7414  当前没有其他玩家在线，无需广播状态同步消息
2025-11-27 21:39:06.8381  当前没有其他玩家在线，无需广播状态同步消息
2025-11-27 21:39:06.9403  当前没有其他玩家在线，无需广播状态同步消息
2025-11-27 21:39:07.0431  当前没有其他玩家在线，无需广播状态同步消息
2025-11-27 21:39:07.1437  当前没有其他玩家在线，无需广播状态同步消息
2025-11-27 21:39:07.2403  当前没有其他玩家在线，无需广播状态同步消息
2025-11-27 21:39:07.3405  当前没有其他玩家在线，无需广播状态同步消息
2025-11-27 21:39:07.4432  当前没有其他玩家在线，无需广播状态同步消息
2025-11-27 21:39:07.5455  当前没有其他玩家在线，无需广播状态同步消息
2025-11-27 21:39:07.6439  当前没有其他玩家在线，无需广播状态同步消息
2025-11-27 21:39:07.7398  当前没有其他玩家在线，无需广播状态同步消息
2025-11-27 21:39:07.8539  当前没有其他玩家在线，无需广播状态同步消息
2025-11-27 21:39:07.9456  当前没有其他玩家在线，无需广播状态同步消息
2025-11-27 21:39:08.0455  当前没有其他玩家在线，无需广播状态同步消息
2025-11-27 21:39:08.1452  当前没有其他玩家在线，无需广播状态同步消息
2025-11-27 21:39:08.2423  当前没有其他玩家在线，无需广播状态同步消息
2025-11-27 21:39:08.3455  当前没有其他玩家在线，无需广播状态同步消息
2025-11-27 21:39:08.4477  当前没有其他玩家在线，无需广播状态同步消息
2025-11-27 21:39:08.5384  当前没有其他玩家在线，无需广播状态同步消息
2025-11-27 21:39:08.6363  当前没有其他玩家在线，无需广播状态同步消息
2025-11-27 21:39:08.7374  当前没有其他玩家在线，无需广播状态同步消息
2025-11-27 21:39:08.8431  当前没有其他玩家在线，无需广播状态同步消息
2025-11-27 21:39:08.9457  当前没有其他玩家在线，无需广播状态同步消息
2025-11-27 21:39:09.0407  当前没有其他玩家在线，无需广播状态同步消息
2025-11-27 21:39:09.1411  当前没有其他玩家在线，无需广播状态同步消息
2025-11-27 21:39:09.2399  当前没有其他玩家在线，无需广播状态同步消息
2025-11-27 21:39:09.3419  当前没有其他玩家在线，无需广播状态同步消息
2025-11-27 21:39:09.4415  当前没有其他玩家在线，无需广播状态同步消息
2025-11-27 21:39:09.5417  当前没有其他玩家在线，无需广播状态同步消息
2025-11-27 21:39:09.6424  当前没有其他玩家在线，无需广播状态同步消息
2025-11-27 21:39:09.7467  当前没有其他玩家在线，无需广播状态同步消息
2025-11-27 21:39:09.8390  当前没有其他玩家在线，无需广播状态同步消息
2025-11-27 21:39:09.9454  当前没有其他玩家在线，无需广播状态同步消息
2025-11-27 21:39:10.0433  当前没有其他玩家在线，无需广播状态同步消息
2025-11-27 21:39:10.1399  当前没有其他玩家在线，无需广播状态同步消息
2025-11-27 21:39:10.2397  当前没有其他玩家在线，无需广播状态同步消息
2025-11-27 21:39:10.3408  当前没有其他玩家在线，无需广播状态同步消息
2025-11-27 21:39:10.4428  当前没有其他玩家在线，无需广播状态同步消息
2025-11-27 21:39:10.5384  当前没有其他玩家在线，无需广播状态同步消息
2025-11-27 21:39:10.6381  当前没有其他玩家在线，无需广播状态同步消息
2025-11-27 21:39:10.7378  当前没有其他玩家在线，无需广播状态同步消息
2025-11-27 21:39:10.8385  当前没有其他玩家在线，无需广播状态同步消息
2025-11-27 21:39:10.9432  当前没有其他玩家在线，无需广播状态同步消息
2025-11-27 21:39:11.0432  当前没有其他玩家在线，无需广播状态同步消息
2025-11-27 21:39:11.1428  当前没有其他玩家在线，无需广播状态同步消息
2025-11-27 21:39:11.2403  当前没有其他玩家在线，无需广播状态同步消息
2025-11-27 21:39:11.3429  当前没有其他玩家在线，无需广播状态同步消息
2025-11-27 21:39:11.4416  当前没有其他玩家在线，无需广播状态同步消息
2025-11-27 21:39:11.5451  当前没有其他玩家在线，无需广播状态同步消息
2025-11-27 21:39:11.6430  当前没有其他玩家在线，无需广播状态同步消息
2025-11-27 21:39:11.7439  当前没有其他玩家在线，无需广播状态同步消息
2025-11-27 21:39:11.8455  当前没有其他玩家在线，无需广播状态同步消息
2025-11-27 21:39:11.9463  当前没有其他玩家在线，无需广播状态同步消息
2025-11-27 21:39:12.0409  当前没有其他玩家在线，无需广播状态同步消息
2025-11-27 21:39:12.1399  当前没有其他玩家在线，无需广播状态同步消息
2025-11-27 21:39:12.2473  当前没有其他玩家在线，无需广播状态同步消息
2025-11-27 21:39:12.3394  当前没有其他玩家在线，无需广播状态同步消息
2025-11-27 21:39:12.4399  当前没有其他玩家在线，无需广播状态同步消息
2025-11-27 21:39:12.5444  当前没有其他玩家在线，无需广播状态同步消息
2025-11-27 21:39:12.6434  当前没有其他玩家在线，无需广播状态同步消息
2025-11-27 21:39:12.7526  当前没有其他玩家在线，无需广播状态同步消息
2025-11-27 21:39:12.8414  当前没有其他玩家在线，无需广播状态同步消息
2025-11-27 21:39:12.9399  当前没有其他玩家在线，无需广播状态同步消息
2025-11-27 21:39:13.0446  当前没有其他玩家在线，无需广播状态同步消息
2025-11-27 21:39:13.1377  当前没有其他玩家在线，无需广播状态同步消息
2025-11-27 21:39:13.2398  当前没有其他玩家在线，无需广播状态同步消息
2025-11-27 21:39:13.3397  当前没有其他玩家在线，无需广播状态同步消息
2025-11-27 21:39:13.4428  当前没有其他玩家在线，无需广播状态同步消息
2025-11-27 21:39:13.5396  当前没有其他玩家在线，无需广播状态同步消息
2025-11-27 21:39:13.6418  当前没有其他玩家在线，无需广播状态同步消息
2025-11-27 21:39:13.7413  当前没有其他玩家在线，无需广播状态同步消息
2025-11-27 21:39:13.8430  当前没有其他玩家在线，无需广播状态同步消息
2025-11-27 21:39:13.9369  当前没有其他玩家在线，无需广播状态同步消息
2025-11-27 21:39:14.0377  当前没有其他玩家在线，无需广播状态同步消息
2025-11-27 21:39:14.1445  当前没有其他玩家在线，无需广播状态同步消息
2025-11-27 21:39:14.2389  当前没有其他玩家在线，无需广播状态同步消息
2025-11-27 21:39:14.3431  当前没有其他玩家在线，无需广播状态同步消息
2025-11-27 21:39:14.4415  当前没有其他玩家在线，无需广播状态同步消息
2025-11-27 21:39:14.5406  当前没有其他玩家在线，无需广播状态同步消息
2025-11-27 21:39:14.6477  当前没有其他玩家在线，无需广播状态同步消息
2025-11-27 21:39:14.7409  当前没有其他玩家在线，无需广播状态同步消息
2025-11-27 21:39:14.8438  当前没有其他玩家在线，无需广播状态同步消息
2025-11-27 21:39:14.9441  当前没有其他玩家在线，无需广播状态同步消息
2025-11-27 21:39:17.0721  当前服务器上没有其他玩家在线，无需广播下线消息
2025-11-27 21:39:17.0721  账号ID:490676460229754881 数据已保存到数据库
2025-11-27 21:39:17.0721  玩家ID:490676460229754881 下线成功 , 下线位置:x:4.6934667, y:0, z:6.032993
2025-11-27 21:39:59.8903  玩家上次上线位置：x:4.6934667, y:0, z:6.032993
2025-11-27 21:39:59.8903  当前没有其他玩家在线，无需广播
2025-11-27 21:40:00.8967  当前没有其他玩家在线，无需广播状态同步消息
2025-11-27 21:40:00.9979  当前没有其他玩家在线，无需广播状态同步消息
2025-11-27 21:40:01.0928  当前没有其他玩家在线，无需广播状态同步消息
2025-11-27 21:40:01.1957  当前没有其他玩家在线，无需广播状态同步消息
2025-11-27 21:40:01.2912  当前没有其他玩家在线，无需广播状态同步消息
2025-11-27 21:40:01.3977  当前没有其他玩家在线，无需广播状态同步消息
2025-11-27 21:40:01.4961  当前没有其他玩家在线，无需广播状态同步消息
2025-11-27 21:40:01.5977  当前没有其他玩家在线，无需广播状态同步消息
2025-11-27 21:40:01.6909  当前没有其他玩家在线，无需广播状态同步消息
2025-11-27 21:40:01.8004  当前没有其他玩家在线，无需广播状态同步消息
2025-11-27 21:40:01.8979  当前没有其他玩家在线，无需广播状态同步消息
2025-11-27 21:40:02.0001  当前没有其他玩家在线，无需广播状态同步消息
2025-11-27 21:40:02.0916  当前没有其他玩家在线，无需广播状态同步消息
2025-11-27 21:40:02.1990  当前没有其他玩家在线，无需广播状态同步消息
2025-11-27 21:40:02.2958  当前没有其他玩家在线，无需广播状态同步消息
2025-11-27 21:40:02.3999  当前没有其他玩家在线，无需广播状态同步消息
2025-11-27 21:40:02.4902  当前没有其他玩家在线，无需广播状态同步消息
2025-11-27 21:40:02.5929  当前没有其他玩家在线，无需广播状态同步消息
2025-11-27 21:40:02.6995  当前没有其他玩家在线，无需广播状态同步消息
2025-11-27 21:40:02.7943  当前没有其他玩家在线，无需广播状态同步消息
2025-11-27 21:40:02.8987  当前没有其他玩家在线，无需广播状态同步消息
2025-11-27 21:40:02.9915  当前没有其他玩家在线，无需广播状态同步消息
2025-11-27 21:40:03.0952  当前没有其他玩家在线，无需广播状态同步消息
2025-11-27 21:40:03.2089  当前没有其他玩家在线，无需广播状态同步消息
2025-11-27 21:40:03.2994  当前没有其他玩家在线，无需广播状态同步消息
2025-11-27 21:40:03.3962  当前没有其他玩家在线，无需广播状态同步消息
2025-11-27 21:40:03.4906  当前没有其他玩家在线，无需广播状态同步消息
2025-11-27 21:40:03.5968  当前没有其他玩家在线，无需广播状态同步消息
2025-11-27 21:40:03.6954  当前没有其他玩家在线，无需广播状态同步消息
2025-11-27 21:40:03.7928  当前没有其他玩家在线，无需广播状态同步消息
2025-11-27 21:40:03.8964  当前没有其他玩家在线，无需广播状态同步消息
2025-11-27 21:40:04.0018  当前没有其他玩家在线，无需广播状态同步消息
2025-11-27 21:40:04.0941  当前没有其他玩家在线，无需广播状态同步消息
2025-11-27 21:40:04.1978  当前没有其他玩家在线，无需广播状态同步消息
2025-11-27 21:40:04.2930  当前没有其他玩家在线，无需广播状态同步消息
2025-11-27 21:40:04.3931  当前没有其他玩家在线，无需广播状态同步消息
2025-11-27 21:40:04.5069  当前没有其他玩家在线，无需广播状态同步消息
2025-11-27 21:40:04.5947  当前没有其他玩家在线，无需广播状态同步消息
2025-11-27 21:40:04.6932  当前没有其他玩家在线，无需广播状态同步消息
2025-11-27 21:40:04.7931  当前没有其他玩家在线，无需广播状态同步消息
2025-11-27 21:40:04.8989  当前没有其他玩家在线，无需广播状态同步消息
2025-11-27 21:40:04.9911  当前没有其他玩家在线，无需广播状态同步消息
2025-11-27 21:40:05.0988  当前没有其他玩家在线，无需广播状态同步消息
2025-11-27 21:40:25.0996  当前没有其他玩家在线，无需广播状态同步消息
2025-11-27 21:40:25.1931  当前没有其他玩家在线，无需广播状态同步消息
2025-11-27 21:40:25.3030  当前没有其他玩家在线，无需广播状态同步消息
2025-11-27 21:40:25.3954  当前没有其他玩家在线，无需广播状态同步消息
2025-11-27 21:40:25.5185  当前没有其他玩家在线，无需广播状态同步消息
2025-11-27 21:40:25.5952  当前没有其他玩家在线，无需广播状态同步消息
2025-11-27 21:40:25.7040  当前没有其他玩家在线，无需广播状态同步消息
2025-11-27 21:40:25.8109  当前没有其他玩家在线，无需广播状态同步消息
2025-11-27 21:40:25.9047  当前没有其他玩家在线，无需广播状态同步消息
2025-11-27 21:40:25.9958  当前没有其他玩家在线，无需广播状态同步消息
2025-11-27 21:40:26.1019  当前没有其他玩家在线，无需广播状态同步消息
2025-11-27 21:40:26.2110  当前没有其他玩家在线，无需广播状态同步消息
2025-11-27 21:40:34.5093  当前没有其他玩家在线，无需广播状态同步消息
2025-11-27 21:40:34.6189  当前没有其他玩家在线，无需广播状态同步消息
2025-11-27 21:40:34.6972  当前没有其他玩家在线，无需广播状态同步消息
2025-11-27 21:40:34.8046  当前没有其他玩家在线，无需广播状态同步消息
2025-11-27 21:40:34.8982  当前没有其他玩家在线，无需广播状态同步消息
2025-11-27 21:40:35.0062  当前没有其他玩家在线，无需广播状态同步消息
2025-11-27 21:40:35.0996  当前没有其他玩家在线，无需广播状态同步消息
2025-11-27 21:40:35.2065  当前没有其他玩家在线，无需广播状态同步消息
2025-11-27 21:40:35.2984  当前没有其他玩家在线，无需广播状态同步消息
2025-11-27 21:40:35.4089  当前没有其他玩家在线，无需广播状态同步消息
2025-11-27 21:40:35.5009  当前没有其他玩家在线，无需广播状态同步消息
2025-11-27 21:40:35.5938  当前没有其他玩家在线，无需广播状态同步消息
2025-11-27 21:40:35.7012  当前没有其他玩家在线，无需广播状态同步消息
2025-11-27 21:40:35.7945  当前没有其他玩家在线，无需广播状态同步消息
2025-11-27 21:40:35.9016  当前没有其他玩家在线，无需广播状态同步消息
2025-11-27 21:40:36.0094  当前没有其他玩家在线，无需广播状态同步消息
2025-11-27 21:40:36.1038  当前没有其他玩家在线，无需广播状态同步消息
2025-11-27 21:40:36.1956  当前没有其他玩家在线，无需广播状态同步消息
2025-11-27 21:40:36.3043  当前没有其他玩家在线，无需广播状态同步消息
2025-11-27 21:40:36.3976  当前没有其他玩家在线，无需广播状态同步消息
2025-11-27 21:40:36.5056  当前没有其他玩家在线，无需广播状态同步消息
2025-11-27 21:40:36.5995  当前没有其他玩家在线，无需广播状态同步消息
2025-11-27 21:40:41.9064  当前没有其他玩家在线，无需广播状态同步消息
2025-11-27 21:40:41.9992  当前没有其他玩家在线，无需广播状态同步消息
2025-11-27 21:40:42.1080  当前没有其他玩家在线，无需广播状态同步消息
2025-11-27 21:40:42.2003  当前没有其他玩家在线，无需广播状态同步消息
2025-11-27 21:40:42.3077  当前没有其他玩家在线，无需广播状态同步消息
2025-11-27 21:40:42.4004  当前没有其他玩家在线，无需广播状态同步消息
2025-11-27 21:40:42.5069  当前没有其他玩家在线，无需广播状态同步消息
2025-11-27 21:40:42.6003  当前没有其他玩家在线，无需广播状态同步消息
2025-11-27 21:40:42.7088  当前没有其他玩家在线，无需广播状态同步消息
2025-11-27 21:40:42.8184  当前没有其他玩家在线，无需广播状态同步消息
2025-11-27 21:40:42.9092  当前没有其他玩家在线，无需广播状态同步消息
2025-11-27 21:40:43.0013  当前没有其他玩家在线，无需广播状态同步消息
2025-11-27 21:40:43.1097  当前没有其他玩家在线，无需广播状态同步消息
2025-11-27 21:40:43.2156  当前没有其他玩家在线，无需广播状态同步消息
2025-11-27 21:40:43.3228  当前没有其他玩家在线，无需广播状态同步消息
2025-11-27 21:40:43.4144  当前没有其他玩家在线，无需广播状态同步消息
2025-11-27 21:40:43.4910  当前没有其他玩家在线，无需广播状态同步消息
2025-11-27 21:40:43.6156  当前没有其他玩家在线，无需广播状态同步消息
2025-11-27 21:40:43.7062  当前没有其他玩家在线，无需广播状态同步消息
2025-11-27 21:40:43.7982  当前没有其他玩家在线，无需广播状态同步消息
2025-11-27 21:40:43.8912  当前没有其他玩家在线，无需广播状态同步消息
2025-11-27 21:40:44.0143  当前没有其他玩家在线，无需广播状态同步消息
2025-11-27 21:40:44.1074  当前没有其他玩家在线，无需广播状态同步消息
2025-11-27 21:40:44.2153  当前没有其他玩家在线，无需广播状态同步消息
2025-11-27 21:40:44.2913  当前没有其他玩家在线，无需广播状态同步消息
2025-11-27 21:40:44.4012  当前没有其他玩家在线，无需广播状态同步消息
2025-11-27 21:40:44.5078  当前没有其他玩家在线，无需广播状态同步消息
2025-11-27 21:40:44.6158  当前没有其他玩家在线，无需广播状态同步消息
2025-11-27 21:40:44.7244  当前没有其他玩家在线，无需广播状态同步消息
2025-11-27 21:40:44.7979  当前没有其他玩家在线，无需广播状态同步消息
2025-11-27 21:40:44.9203  当前没有其他玩家在线，无需广播状态同步消息
2025-11-27 21:40:45.0130  当前没有其他玩家在线，无需广播状态同步消息
2025-11-27 21:40:45.1346  当前没有其他玩家在线，无需广播状态同步消息
2025-11-27 21:40:45.2144  当前没有其他玩家在线，无需广播状态同步消息
2025-11-27 21:40:45.3061  当前没有其他玩家在线，无需广播状态同步消息
2025-11-27 21:40:45.3989  当前没有其他玩家在线，无需广播状态同步消息
2025-11-27 21:40:45.5099  当前没有其他玩家在线，无需广播状态同步消息
2025-11-27 21:40:45.6155  当前没有其他玩家在线，无需广播状态同步消息
2025-11-27 21:40:45.7251  当前没有其他玩家在线，无需广播状态同步消息
2025-11-27 21:40:45.8184  当前没有其他玩家在线，无需广播状态同步消息
2025-11-27 21:40:45.9079  当前没有其他玩家在线，无需广播状态同步消息
2025-11-27 21:40:46.0150  当前没有其他玩家在线，无需广播状态同步消息
2025-11-27 21:40:46.1076  当前没有其他玩家在线，无需广播状态同步消息
2025-11-27 21:40:46.1999  当前没有其他玩家在线，无需广播状态同步消息
2025-11-27 21:40:46.3074  当前没有其他玩家在线，无需广播状态同步消息
2025-11-27 21:40:46.4159  当前没有其他玩家在线，无需广播状态同步消息
2025-11-27 21:40:46.5083  当前没有其他玩家在线，无需广播状态同步消息
2025-11-27 21:40:46.6167  当前没有其他玩家在线，无需广播状态同步消息
2025-11-27 21:40:46.7226  当前没有其他玩家在线，无需广播状态同步消息
2025-11-27 21:40:46.8179  当前没有其他玩家在线，无需广播状态同步消息
2025-11-27 21:40:46.9374  当前没有其他玩家在线，无需广播状态同步消息
2025-11-27 21:40:46.9999  当前没有其他玩家在线，无需广播状态同步消息
2025-11-27 21:40:47.1078  当前没有其他玩家在线，无需广播状态同步消息
2025-11-27 21:40:47.1986  当前没有其他玩家在线，无需广播状态同步消息
2025-11-27 21:40:47.3214  当前没有其他玩家在线，无需广播状态同步消息
2025-11-27 21:40:47.3991  当前没有其他玩家在线，无需广播状态同步消息
2025-11-27 21:40:47.5076  当前没有其他玩家在线，无需广播状态同步消息
2025-11-27 21:40:47.6013  当前没有其他玩家在线，无需广播状态同步消息
2025-11-27 21:40:47.7249  当前没有其他玩家在线，无需广播状态同步消息
2025-11-27 21:40:47.8150  当前没有其他玩家在线，无需广播状态同步消息
2025-11-27 21:40:47.9241  当前没有其他玩家在线，无需广播状态同步消息
2025-11-27 21:40:48.0019  当前没有其他玩家在线，无需广播状态同步消息
2025-11-27 21:40:48.1110  当前没有其他玩家在线，无需广播状态同步消息
2025-11-27 21:40:48.2174  当前没有其他玩家在线，无需广播状态同步消息
2025-11-27 21:40:48.3110  当前没有其他玩家在线，无需广播状态同步消息
2025-11-27 21:40:48.4196  当前没有其他玩家在线，无需广播状态同步消息
2025-11-27 21:40:48.4957  当前没有其他玩家在线，无需广播状态同步消息
2025-11-27 21:40:48.6051  当前没有其他玩家在线，无需广播状态同步消息
2025-11-27 21:40:48.7134  当前没有其他玩家在线，无需广播状态同步消息
2025-11-27 21:40:48.8078  当前没有其他玩家在线，无需广播状态同步消息
2025-11-27 21:40:48.9007  当前没有其他玩家在线，无需广播状态同步消息
2025-11-27 21:40:49.0093  当前没有其他玩家在线，无需广播状态同步消息
2025-11-27 21:40:49.1017  当前没有其他玩家在线，无需广播状态同步消息
2025-11-27 21:40:49.2103  当前没有其他玩家在线，无需广播状态同步消息
2025-11-27 21:40:49.3197  当前没有其他玩家在线，无需广播状态同步消息
2025-11-27 21:40:49.3990  当前没有其他玩家在线，无需广播状态同步消息
2025-11-27 21:40:49.5062  当前没有其他玩家在线，无需广播状态同步消息
2025-11-27 21:40:49.5994  当前没有其他玩家在线，无需广播状态同步消息
2025-11-27 21:40:49.7226  当前没有其他玩家在线，无需广播状态同步消息
2025-11-27 21:40:49.8126  当前没有其他玩家在线，无需广播状态同步消息
2025-11-27 21:40:49.9049  当前没有其他玩家在线，无需广播状态同步消息
2025-11-27 21:40:49.9984  当前没有其他玩家在线，无需广播状态同步消息
2025-11-27 21:40:50.1072  当前没有其他玩家在线，无需广播状态同步消息
2025-11-27 21:40:50.1989  当前没有其他玩家在线，无需广播状态同步消息
2025-11-27 21:40:50.3075  当前没有其他玩家在线，无需广播状态同步消息
2025-11-27 21:40:50.4160  当前没有其他玩家在线，无需广播状态同步消息
2025-11-27 21:40:50.5090  当前没有其他玩家在线，无需广播状态同步消息
2025-11-27 21:40:50.6016  当前没有其他玩家在线，无需广播状态同步消息
2025-11-27 21:40:50.7092  当前没有其他玩家在线，无需广播状态同步消息
2025-11-27 21:40:50.8028  当前没有其他玩家在线，无需广播状态同步消息
2025-11-27 21:40:50.9124  当前没有其他玩家在线，无需广播状态同步消息
2025-11-27 21:40:51.0022  当前没有其他玩家在线，无需广播状态同步消息
2025-11-27 21:40:51.0946  当前没有其他玩家在线，无需广播状态同步消息
2025-11-27 21:40:51.2022  当前没有其他玩家在线，无需广播状态同步消息
2025-11-27 21:40:51.2951  当前没有其他玩家在线，无需广播状态同步消息
2025-11-27 21:40:51.4171  当前没有其他玩家在线，无需广播状态同步消息
2025-11-27 21:40:51.5100  当前没有其他玩家在线，无需广播状态同步消息
2025-11-27 21:40:51.6180  当前没有其他玩家在线，无需广播状态同步消息
2025-11-27 21:40:51.7261  当前没有其他玩家在线，无需广播状态同步消息
2025-11-27 21:40:51.8499  当前没有其他玩家在线，无需广播状态同步消息
2025-11-27 21:40:51.9100  当前没有其他玩家在线，无需广播状态同步消息
2025-11-27 21:40:52.0077  当前没有其他玩家在线，无需广播状态同步消息
2025-11-27 21:40:52.1174  当前没有其他玩家在线，无需广播状态同步消息
2025-11-27 21:40:52.2187  当前没有其他玩家在线，无需广播状态同步消息
2025-11-27 21:40:52.3184  当前没有其他玩家在线，无需广播状态同步消息
2025-11-27 21:40:52.4097  当前没有其他玩家在线，无需广播状态同步消息
2025-11-27 21:40:52.5028  当前没有其他玩家在线，无需广播状态同步消息
2025-11-27 21:40:52.6018  当前没有其他玩家在线，无需广播状态同步消息
2025-11-27 21:40:52.7026  当前没有其他玩家在线，无需广播状态同步消息
2025-11-27 21:40:52.8057  当前没有其他玩家在线，无需广播状态同步消息
2025-11-27 21:40:52.9200  当前没有其他玩家在线，无需广播状态同步消息
2025-11-27 21:40:53.0530  当前没有其他玩家在线，无需广播状态同步消息
2025-11-27 21:40:53.1295  当前没有其他玩家在线，无需广播状态同步消息
2025-11-27 21:40:53.2218  当前没有其他玩家在线，无需广播状态同步消息
2025-11-27 21:40:53.3155  当前没有其他玩家在线，无需广播状态同步消息
2025-11-27 21:40:53.4091  当前没有其他玩家在线，无需广播状态同步消息
2025-11-27 21:40:53.5200  当前没有其他玩家在线，无需广播状态同步消息
2025-11-27 21:40:53.6109  当前没有其他玩家在线，无需广播状态同步消息
2025-11-27 21:40:53.7024  当前没有其他玩家在线，无需广播状态同步消息
2025-11-27 21:40:53.8099  当前没有其他玩家在线，无需广播状态同步消息
2025-11-27 21:40:53.9026  当前没有其他玩家在线，无需广播状态同步消息
2025-11-27 21:40:54.0095  当前没有其他玩家在线，无需广播状态同步消息
2025-11-27 21:40:54.1174  当前没有其他玩家在线，无需广播状态同步消息
2025-11-27 21:40:54.2089  当前没有其他玩家在线，无需广播状态同步消息
2025-11-27 21:40:54.3177  当前没有其他玩家在线，无需广播状态同步消息
2025-11-27 21:40:54.3946  当前没有其他玩家在线，无需广播状态同步消息
2025-11-27 21:40:54.5168  当前没有其他玩家在线，无需广播状态同步消息
2025-11-27 21:40:54.5940  当前没有其他玩家在线，无需广播状态同步消息
2025-11-27 21:40:54.7020  当前没有其他玩家在线，无需广播状态同步消息
2025-11-27 21:40:54.8101  当前没有其他玩家在线，无需广播状态同步消息
2025-11-27 21:40:54.9013  当前没有其他玩家在线，无需广播状态同步消息
2025-11-27 21:40:55.0079  当前没有其他玩家在线，无需广播状态同步消息
2025-11-27 21:40:55.1011  当前没有其他玩家在线，无需广播状态同步消息
2025-11-27 21:40:55.1937  当前没有其他玩家在线，无需广播状态同步消息
2025-11-27 21:40:55.3002  当前没有其他玩家在线，无需广播状态同步消息
2025-11-27 21:40:55.4075  当前没有其他玩家在线，无需广播状态同步消息
2025-11-27 21:40:55.4979  当前没有其他玩家在线，无需广播状态同步消息
2025-11-27 21:40:55.6064  当前没有其他玩家在线，无需广播状态同步消息
2025-11-27 21:40:55.7136  当前没有其他玩家在线，无需广播状态同步消息
2025-11-27 21:40:55.8076  当前没有其他玩家在线，无需广播状态同步消息
2025-11-27 21:40:55.9177  当前没有其他玩家在线，无需广播状态同步消息
2025-11-27 21:40:56.0104  当前没有其他玩家在线，无需广播状态同步消息
2025-11-27 21:40:56.1195  当前没有其他玩家在线，无需广播状态同步消息
2025-11-27 21:40:56.2116  当前没有其他玩家在线，无需广播状态同步消息
2025-11-27 21:40:57.0131  当前没有其他玩家在线，无需广播状态同步消息
2025-11-27 21:40:57.1083  当前没有其他玩家在线，无需广播状态同步消息
2025-11-27 21:40:57.2171  当前没有其他玩家在线，无需广播状态同步消息
2025-11-27 21:40:57.3102  当前没有其他玩家在线，无需广播状态同步消息
2025-11-27 21:40:57.4184  当前没有其他玩家在线，无需广播状态同步消息
2025-11-27 21:40:57.5106  当前没有其他玩家在线，无需广播状态同步消息
2025-11-27 21:40:57.6029  当前没有其他玩家在线，无需广播状态同步消息
2025-11-27 21:40:57.6955  当前没有其他玩家在线，无需广播状态同步消息
2025-11-27 21:40:57.8051  当前没有其他玩家在线，无需广播状态同步消息
2025-11-27 21:40:57.9143  当前没有其他玩家在线，无需广播状态同步消息
2025-11-27 21:40:58.0076  当前没有其他玩家在线，无需广播状态同步消息
2025-11-27 21:40:58.1010  当前没有其他玩家在线，无需广播状态同步消息
2025-11-27 21:40:58.2099  当前没有其他玩家在线，无需广播状态同步消息
2025-11-27 21:40:58.3030  当前没有其他玩家在线，无需广播状态同步消息
2025-11-27 21:40:58.4098  当前没有其他玩家在线，无需广播状态同步消息
2025-11-27 21:40:58.5026  当前没有其他玩家在线，无需广播状态同步消息
2025-11-27 21:40:58.5946  当前没有其他玩家在线，无需广播状态同步消息
2025-11-27 21:40:58.7037  当前没有其他玩家在线，无需广播状态同步消息
2025-11-27 21:40:58.8114  当前没有其他玩家在线，无需广播状态同步消息
2025-11-27 21:40:58.9022  当前没有其他玩家在线，无需广播状态同步消息
2025-11-27 21:40:59.0095  当前没有其他玩家在线，无需广播状态同步消息
2025-11-27 21:40:59.1019  当前没有其他玩家在线，无需广播状态同步消息
2025-11-27 21:40:59.2090  当前没有其他玩家在线，无需广播状态同步消息
2025-11-27 21:40:59.3175  当前没有其他玩家在线，无需广播状态同步消息
2025-11-27 21:40:59.3961  当前没有其他玩家在线，无需广播状态同步消息
2025-11-27 21:40:59.5028  当前没有其他玩家在线，无需广播状态同步消息
2025-11-27 21:40:59.6118  当前没有其他玩家在线，无需广播状态同步消息
2025-11-27 21:40:59.7039  当前没有其他玩家在线，无需广播状态同步消息
2025-11-27 21:40:59.8106  当前没有其他玩家在线，无需广播状态同步消息
2025-11-27 21:40:59.9048  当前没有其他玩家在线，无需广播状态同步消息
2025-11-27 21:41:00.0119  当前没有其他玩家在线，无需广播状态同步消息
2025-11-27 21:41:00.1037  当前没有其他玩家在线，无需广播状态同步消息
2025-11-27 21:41:00.2097  当前没有其他玩家在线，无需广播状态同步消息
2025-11-27 21:41:00.3032  当前没有其他玩家在线，无需广播状态同步消息
2025-11-27 21:41:00.4108  当前没有其他玩家在线，无需广播状态同步消息
2025-11-27 21:41:00.5045  当前没有其他玩家在线，无需广播状态同步消息
2025-11-27 21:41:00.5993  当前没有其他玩家在线，无需广播状态同步消息
2025-11-27 21:41:00.7072  当前没有其他玩家在线，无需广播状态同步消息
2025-11-27 21:41:00.7986  当前没有其他玩家在线，无需广播状态同步消息
2025-11-27 21:41:00.8917  当前没有其他玩家在线，无需广播状态同步消息
2025-11-27 21:41:01.0157  当前没有其他玩家在线，无需广播状态同步消息
2025-11-27 21:41:01.1079  当前没有其他玩家在线，无需广播状态同步消息
2025-11-27 21:41:01.2013  当前没有其他玩家在线，无需广播状态同步消息
2025-11-27 21:41:01.3107  当前没有其他玩家在线，无需广播状态同步消息
2025-11-27 21:41:01.4031  当前没有其他玩家在线，无需广播状态同步消息
2025-11-27 21:41:01.5096  当前没有其他玩家在线，无需广播状态同步消息
2025-11-27 21:41:01.6017  当前没有其他玩家在线，无需广播状态同步消息
2025-11-27 21:41:01.6934  当前没有其他玩家在线，无需广播状态同步消息
2025-11-27 21:41:01.8003  当前没有其他玩家在线，无需广播状态同步消息
2025-11-27 21:41:01.9078  当前没有其他玩家在线，无需广播状态同步消息
2025-11-27 21:41:01.9996  当前没有其他玩家在线，无需广播状态同步消息
2025-11-27 21:41:02.9096  当前没有其他玩家在线，无需广播状态同步消息
2025-11-27 21:41:03.0033  当前没有其他玩家在线，无需广播状态同步消息
2025-11-27 21:41:03.0961  当前没有其他玩家在线，无需广播状态同步消息
2025-11-27 21:41:03.2039  当前没有其他玩家在线，无需广播状态同步消息
2025-11-27 21:41:03.3118  当前没有其他玩家在线，无需广播状态同步消息
2025-11-27 21:41:03.4031  当前没有其他玩家在线，无需广播状态同步消息
2025-11-27 21:41:03.5103  当前没有其他玩家在线，无需广播状态同步消息
2025-11-27 21:41:03.6031  当前没有其他玩家在线，无需广播状态同步消息
2025-11-27 21:41:03.7092  当前没有其他玩家在线，无需广播状态同步消息
2025-11-27 21:41:03.8168  当前没有其他玩家在线，无需广播状态同步消息
2025-11-27 21:41:03.8938  当前没有其他玩家在线，无需广播状态同步消息
2025-11-27 21:41:04.0009  当前没有其他玩家在线，无需广播状态同步消息
2025-11-27 21:41:04.1086  当前没有其他玩家在线，无需广播状态同步消息
2025-11-27 21:41:04.2019  当前没有其他玩家在线，无需广播状态同步消息
2025-11-27 21:41:04.3085  当前没有其他玩家在线，无需广播状态同步消息
2025-11-27 21:41:04.4025  当前没有其他玩家在线，无需广播状态同步消息
2025-11-27 21:41:04.5102  当前没有其他玩家在线，无需广播状态同步消息
2025-11-27 21:41:04.6026  当前没有其他玩家在线，无需广播状态同步消息
2025-11-27 21:41:04.7111  当前没有其他玩家在线，无需广播状态同步消息
2025-11-27 21:41:04.8039  当前没有其他玩家在线，无需广播状态同步消息
2025-11-27 21:41:04.8976  当前没有其他玩家在线，无需广播状态同步消息
2025-11-27 21:41:05.0060  当前没有其他玩家在线，无需广播状态同步消息
2025-11-27 21:41:05.1147  当前没有其他玩家在线，无需广播状态同步消息
2025-11-27 21:41:05.2093  当前没有其他玩家在线，无需广播状态同步消息
2025-11-27 21:41:05.3240  当前没有其他玩家在线，无需广播状态同步消息
2025-11-27 21:41:05.3961  当前没有其他玩家在线，无需广播状态同步消息
2025-11-27 21:41:05.5151  当前没有其他玩家在线，无需广播状态同步消息
2025-11-27 21:41:05.6073  当前没有其他玩家在线，无需广播状态同步消息
2025-11-27 21:41:05.7160  当前没有其他玩家在线，无需广播状态同步消息
2025-11-27 21:41:05.8083  当前没有其他玩家在线，无需广播状态同步消息
2025-11-27 21:41:05.9008  当前没有其他玩家在线，无需广播状态同步消息
2025-11-27 21:41:05.9945  当前没有其他玩家在线，无需广播状态同步消息
2025-11-27 21:41:06.1017  当前没有其他玩家在线，无需广播状态同步消息
2025-11-27 21:41:06.2090  当前没有其他玩家在线，无需广播状态同步消息
2025-11-27 21:41:06.3025  当前没有其他玩家在线，无需广播状态同步消息
2025-11-27 21:41:06.4096  当前没有其他玩家在线，无需广播状态同步消息
2025-11-27 21:41:06.5186  当前没有其他玩家在线，无需广播状态同步消息
2025-11-27 21:41:06.6107  当前没有其他玩家在线，无需广播状态同步消息
2025-11-27 21:41:06.7175  当前没有其他玩家在线，无需广播状态同步消息
2025-11-27 21:41:06.8091  当前没有其他玩家在线，无需广播状态同步消息
2025-11-27 21:41:06.9018  当前没有其他玩家在线，无需广播状态同步消息
2025-11-27 21:41:07.0096  当前没有其他玩家在线，无需广播状态同步消息
2025-11-27 21:41:07.1013  当前没有其他玩家在线，无需广播状态同步消息
2025-11-27 21:41:07.2091  当前没有其他玩家在线，无需广播状态同步消息
2025-11-27 21:41:07.3008  当前没有其他玩家在线，无需广播状态同步消息
2025-11-27 21:41:07.4077  当前没有其他玩家在线，无需广播状态同步消息
2025-11-27 21:41:07.5003  当前没有其他玩家在线，无需广播状态同步消息
2025-11-27 21:41:07.6087  当前没有其他玩家在线，无需广播状态同步消息
2025-11-27 21:41:07.7002  当前没有其他玩家在线，无需广播状态同步消息
2025-11-27 21:41:07.8086  当前没有其他玩家在线，无需广播状态同步消息
2025-11-27 21:41:07.9005  当前没有其他玩家在线，无需广播状态同步消息
2025-11-27 21:41:07.9927  当前没有其他玩家在线，无需广播状态同步消息
2025-11-27 21:41:08.1006  当前没有其他玩家在线，无需广播状态同步消息
2025-11-27 21:41:08.1929  当前没有其他玩家在线，无需广播状态同步消息
2025-11-27 21:41:08.3154  当前没有其他玩家在线，无需广播状态同步消息
2025-11-27 21:41:08.4077  当前没有其他玩家在线，无需广播状态同步消息
2025-11-27 21:41:08.4997  当前没有其他玩家在线，无需广播状态同步消息
2025-11-27 21:41:08.6072  当前没有其他玩家在线，无需广播状态同步消息
2025-11-27 21:41:08.7145  当前没有其他玩家在线，无需广播状态同步消息
2025-11-27 21:41:08.8058  当前没有其他玩家在线，无需广播状态同步消息
2025-11-27 21:41:09.2100  当前没有其他玩家在线，无需广播状态同步消息
2025-11-27 21:41:09.3024  当前没有其他玩家在线，无需广播状态同步消息
2025-11-27 21:41:09.3965  当前没有其他玩家在线，无需广播状态同步消息
2025-11-27 21:41:09.5021  当前没有其他玩家在线，无需广播状态同步消息
2025-11-27 21:41:09.5934  当前没有其他玩家在线，无需广播状态同步消息
2025-11-27 21:41:09.7013  当前没有其他玩家在线，无需广播状态同步消息
2025-11-27 21:41:09.8104  当前没有其他玩家在线，无需广播状态同步消息
2025-11-27 21:41:09.9028  当前没有其他玩家在线，无需广播状态同步消息
2025-11-27 21:41:09.9964  当前没有其他玩家在线，无需广播状态同步消息
2025-11-27 21:41:10.1064  当前没有其他玩家在线，无需广播状态同步消息
2025-11-27 21:41:10.2153  当前没有其他玩家在线，无需广播状态同步消息
2025-11-27 21:41:10.3223  当前没有其他玩家在线，无需广播状态同步消息
2025-11-27 21:41:10.4147  当前没有其他玩家在线，无需广播状态同步消息
2025-11-27 21:41:10.5055  当前没有其他玩家在线，无需广播状态同步消息
2025-11-27 21:41:10.6153  当前没有其他玩家在线，无需广播状态同步消息
2025-11-27 21:41:10.7049  当前没有其他玩家在线，无需广播状态同步消息
2025-11-27 21:41:10.7970  当前没有其他玩家在线，无需广播状态同步消息
2025-11-27 21:41:10.9066  当前没有其他玩家在线，无需广播状态同步消息
2025-11-27 21:41:11.0151  当前没有其他玩家在线，无需广播状态同步消息
2025-11-27 21:41:11.1242  当前没有其他玩家在线，无需广播状态同步消息
2025-11-27 21:41:11.2169  当前没有其他玩家在线，无需广播状态同步消息
2025-11-27 21:41:11.3092  当前没有其他玩家在线，无需广播状态同步消息
2025-11-27 21:41:11.4017  当前没有其他玩家在线，无需广播状态同步消息
2025-11-27 21:41:11.5112  当前没有其他玩家在线，无需广播状态同步消息
2025-11-27 21:41:11.6070  当前没有其他玩家在线，无需广播状态同步消息
2025-11-27 21:41:11.6996  当前没有其他玩家在线，无需广播状态同步消息
2025-11-27 21:41:11.8066  当前没有其他玩家在线，无需广播状态同步消息
2025-11-27 21:41:11.8999  当前没有其他玩家在线，无需广播状态同步消息
2025-11-27 21:41:12.0079  当前没有其他玩家在线，无需广播状态同步消息
2025-11-27 21:41:12.1024  当前没有其他玩家在线，无需广播状态同步消息
2025-11-27 21:41:12.2100  当前没有其他玩家在线，无需广播状态同步消息
2025-11-27 21:41:12.3039  当前没有其他玩家在线，无需广播状态同步消息
2025-11-27 21:41:12.3969  当前没有其他玩家在线，无需广播状态同步消息
2025-11-27 21:41:12.5219  当前没有其他玩家在线，无需广播状态同步消息
2025-11-27 21:41:12.5981  当前没有其他玩家在线，无需广播状态同步消息
2025-11-27 21:41:12.7051  当前没有其他玩家在线，无需广播状态同步消息
2025-11-27 21:41:12.7975  当前没有其他玩家在线，无需广播状态同步消息
2025-11-27 21:41:12.9204  当前没有其他玩家在线，无需广播状态同步消息
2025-11-27 21:41:13.0129  当前没有其他玩家在线，无需广播状态同步消息
2025-11-27 21:41:13.1218  当前没有其他玩家在线，无需广播状态同步消息
2025-11-27 21:41:13.1980  当前没有其他玩家在线，无需广播状态同步消息
2025-11-27 21:41:13.3063  当前没有其他玩家在线，无需广播状态同步消息
2025-11-27 21:41:13.3997  当前没有其他玩家在线，无需广播状态同步消息
2025-11-27 21:41:13.5228  当前没有其他玩家在线，无需广播状态同步消息
2025-11-27 21:41:13.6157  当前没有其他玩家在线，无需广播状态同步消息
2025-11-27 21:41:13.7063  当前没有其他玩家在线，无需广播状态同步消息
2025-11-27 21:41:13.7988  当前没有其他玩家在线，无需广播状态同步消息
2025-11-27 21:41:13.9082  当前没有其他玩家在线，无需广播状态同步消息
2025-11-27 21:41:14.0006  当前没有其他玩家在线，无需广播状态同步消息
2025-11-27 21:41:14.0935  当前没有其他玩家在线，无需广播状态同步消息
2025-11-27 21:41:14.2023  当前没有其他玩家在线，无需广播状态同步消息
2025-11-27 21:41:14.3082  当前没有其他玩家在线，无需广播状态同步消息
2025-11-27 21:41:14.4178  当前没有其他玩家在线，无需广播状态同步消息
2025-11-27 21:41:14.4949  当前没有其他玩家在线，无需广播状态同步消息
2025-11-27 21:41:14.6018  当前没有其他玩家在线，无需广播状态同步消息
2025-11-27 21:41:14.7089  当前没有其他玩家在线，无需广播状态同步消息
2025-11-27 21:41:14.8162  当前没有其他玩家在线，无需广播状态同步消息
2025-11-27 21:41:14.8931  当前没有其他玩家在线，无需广播状态同步消息
2025-11-27 21:41:15.0023  当前没有其他玩家在线，无需广播状态同步消息
2025-11-27 21:41:15.1119  当前没有其他玩家在线，无需广播状态同步消息
2025-11-27 21:41:15.2046  当前没有其他玩家在线，无需广播状态同步消息
2025-11-27 21:41:15.2980  当前没有其他玩家在线，无需广播状态同步消息
2025-11-27 21:41:15.4073  当前没有其他玩家在线，无需广播状态同步消息
2025-11-27 21:41:15.5152  当前没有其他玩家在线，无需广播状态同步消息
2025-11-27 21:41:15.6066  当前没有其他玩家在线，无需广播状态同步消息
2025-11-27 21:41:15.7016  当前没有其他玩家在线，无需广播状态同步消息
2025-11-27 21:41:15.8117  当前没有其他玩家在线，无需广播状态同步消息
2025-11-27 21:41:15.9062  当前没有其他玩家在线，无需广播状态同步消息
2025-11-27 21:41:16.0009  当前没有其他玩家在线，无需广播状态同步消息
2025-11-27 21:41:16.1103  当前没有其他玩家在线，无需广播状态同步消息
2025-11-27 21:41:16.2028  当前没有其他玩家在线，无需广播状态同步消息
2025-11-27 21:41:18.0458  当前服务器上没有其他玩家在线，无需广播下线消息
2025-11-27 21:41:18.0607  账号ID:490676460229754881 数据已保存到数据库
2025-11-27 21:41:18.0607  玩家ID:490676460229754881 下线成功 , 下线位置:x:6.919572, y:0, z:-8.343602
2025-11-27 21:42:33.4997  玩家上次上线位置：x:-7.371595, y:0, z:0.7230398
2025-11-27 21:42:33.4997  当前没有其他玩家在线，无需广播
2025-11-27 21:42:35.3744  当前没有其他玩家在线，无需广播状态同步消息
2025-11-27 21:42:35.4674  当前没有其他玩家在线，无需广播状态同步消息
2025-11-27 21:42:35.5623  当前没有其他玩家在线，无需广播状态同步消息
2025-11-27 21:42:35.6560  当前没有其他玩家在线，无需广播状态同步消息
2025-11-27 21:42:35.7654  当前没有其他玩家在线，无需广播状态同步消息
2025-11-27 21:42:35.8747  当前没有其他玩家在线，无需广播状态同步消息
2025-11-27 21:42:35.9537  当前没有其他玩家在线，无需广播状态同步消息
2025-11-27 21:42:36.0630  当前没有其他玩家在线，无需广播状态同步消息
2025-11-27 21:42:36.1570  当前没有其他玩家在线，无需广播状态同步消息
2025-11-27 21:42:36.2624  当前没有其他玩家在线，无需广播状态同步消息
2025-11-27 21:42:36.3735  当前没有其他玩家在线，无需广播状态同步消息
2025-11-27 21:42:36.4648  当前没有其他玩家在线，无需广播状态同步消息
2025-11-27 21:42:36.5729  当前没有其他玩家在线，无需广播状态同步消息
2025-11-27 21:42:36.6668  当前没有其他玩家在线，无需广播状态同步消息
2025-11-27 21:42:36.7733  当前没有其他玩家在线，无需广播状态同步消息
2025-11-27 21:42:36.8686  当前没有其他玩家在线，无需广播状态同步消息
2025-11-27 21:42:36.9610  当前没有其他玩家在线，无需广播状态同步消息
2025-11-27 21:42:37.0683  当前没有其他玩家在线，无需广播状态同步消息
2025-11-27 21:42:37.1629  当前没有其他玩家在线，无需广播状态同步消息
2025-11-27 21:42:37.2722  当前没有其他玩家在线，无需广播状态同步消息
2025-11-27 21:42:37.3790  当前没有其他玩家在线，无需广播状态同步消息
2025-11-27 21:42:37.4567  当前没有其他玩家在线，无需广播状态同步消息
2025-11-27 21:42:37.5640  当前没有其他玩家在线，无需广播状态同步消息
2025-11-27 21:42:37.6719  当前没有其他玩家在线，无需广播状态同步消息
2025-11-27 21:42:37.7819  当前没有其他玩家在线，无需广播状态同步消息
2025-11-27 21:42:37.8586  当前没有其他玩家在线，无需广播状态同步消息
2025-11-27 21:42:37.9651  当前没有其他玩家在线，无需广播状态同步消息
2025-11-27 21:42:38.0732  当前没有其他玩家在线，无需广播状态同步消息
2025-11-27 21:42:38.1660  当前没有其他玩家在线，无需广播状态同步消息
2025-11-27 21:42:38.2597  当前没有其他玩家在线，无需广播状态同步消息
2025-11-27 21:42:38.3688  当前没有其他玩家在线，无需广播状态同步消息
2025-11-27 21:42:38.4632  当前没有其他玩家在线，无需广播状态同步消息
2025-11-27 21:42:38.5721  当前没有其他玩家在线，无需广播状态同步消息
2025-11-27 21:42:38.6639  当前没有其他玩家在线，无需广播状态同步消息
2025-11-27 21:42:38.8068  当前没有其他玩家在线，无需广播状态同步消息
2025-11-27 21:42:38.8653  当前没有其他玩家在线，无需广播状态同步消息
2025-11-27 21:42:38.9699  当前没有其他玩家在线，无需广播状态同步消息
2025-11-27 21:42:39.0763  当前没有其他玩家在线，无需广播状态同步消息
2025-11-27 21:42:39.1665  当前没有其他玩家在线，无需广播状态同步消息
2025-11-27 21:42:39.2601  当前没有其他玩家在线，无需广播状态同步消息
2025-11-27 21:42:39.3835  当前没有其他玩家在线，无需广播状态同步消息
2025-11-27 21:42:39.4761  当前没有其他玩家在线，无需广播状态同步消息
2025-11-27 21:42:39.5673  当前没有其他玩家在线，无需广播状态同步消息
2025-11-27 21:42:39.6616  当前没有其他玩家在线，无需广播状态同步消息
2025-11-27 21:42:39.7665  当前没有其他玩家在线，无需广播状态同步消息
2025-11-27 21:42:39.8730  当前没有其他玩家在线，无需广播状态同步消息
2025-11-27 21:42:39.9663  当前没有其他玩家在线，无需广播状态同步消息
2025-11-27 21:42:40.0743  当前没有其他玩家在线，无需广播状态同步消息
2025-11-27 21:42:40.1684  当前没有其他玩家在线，无需广播状态同步消息
2025-11-27 21:42:40.2619  当前没有其他玩家在线，无需广播状态同步消息
2025-11-27 21:42:40.3694  当前没有其他玩家在线，无需广播状态同步消息
2025-11-27 21:42:40.4602  当前没有其他玩家在线，无需广播状态同步消息
2025-11-27 21:42:40.5532  当前没有其他玩家在线，无需广播状态同步消息
2025-11-27 21:42:40.6617  当前没有其他玩家在线，无需广播状态同步消息
2025-11-27 21:42:40.7700  当前没有其他玩家在线，无需广播状态同步消息
2025-11-27 21:42:40.8628  当前没有其他玩家在线，无需广播状态同步消息
2025-11-27 21:42:40.9730  当前没有其他玩家在线，无需广播状态同步消息
2025-11-27 21:42:41.0659  当前没有其他玩家在线，无需广播状态同步消息
2025-11-27 21:42:41.1608  当前没有其他玩家在线，无需广播状态同步消息
2025-11-27 21:42:41.2678  当前没有其他玩家在线，无需广播状态同步消息
2025-11-27 21:42:41.3600  当前没有其他玩家在线，无需广播状态同步消息
2025-11-27 21:42:41.4694  当前没有其他玩家在线，无需广播状态同步消息
2025-11-27 21:42:41.5614  当前没有其他玩家在线，无需广播状态同步消息
2025-11-27 21:42:41.6537  当前没有其他玩家在线，无需广播状态同步消息
2025-11-27 21:42:41.7782  当前没有其他玩家在线，无需广播状态同步消息
2025-11-27 21:42:41.8568  当前没有其他玩家在线，无需广播状态同步消息
2025-11-27 21:42:41.9669  当前没有其他玩家在线，无需广播状态同步消息
2025-11-27 21:42:42.0610  当前没有其他玩家在线，无需广播状态同步消息
2025-11-27 21:42:42.1686  当前没有其他玩家在线，无需广播状态同步消息
2025-11-27 21:42:42.2615  当前没有其他玩家在线，无需广播状态同步消息
2025-11-27 21:42:42.3706  当前没有其他玩家在线，无需广播状态同步消息
2025-11-27 21:42:42.4652  当前没有其他玩家在线，无需广播状态同步消息
2025-11-27 21:42:42.5582  当前没有其他玩家在线，无需广播状态同步消息
2025-11-27 21:42:42.6648  当前没有其他玩家在线，无需广播状态同步消息
2025-11-27 21:42:42.7588  当前没有其他玩家在线，无需广播状态同步消息
2025-11-27 21:42:42.8691  当前没有其他玩家在线，无需广播状态同步消息
2025-11-27 21:42:42.9782  当前没有其他玩家在线，无需广播状态同步消息
2025-11-27 21:42:43.0563  当前没有其他玩家在线，无需广播状态同步消息
2025-11-27 21:42:43.1642  当前没有其他玩家在线，无需广播状态同步消息
2025-11-27 21:42:43.2576  当前没有其他玩家在线，无需广播状态同步消息
2025-11-27 21:42:43.3662  当前没有其他玩家在线，无需广播状态同步消息
2025-11-27 21:42:43.4594  当前没有其他玩家在线，无需广播状态同步消息
2025-11-27 21:42:43.5546  当前没有其他玩家在线，无需广播状态同步消息
2025-11-27 21:42:43.6641  当前没有其他玩家在线，无需广播状态同步消息
2025-11-27 21:42:43.7724  当前没有其他玩家在线，无需广播状态同步消息
2025-11-27 21:42:43.8648  当前没有其他玩家在线，无需广播状态同步消息
2025-11-27 21:42:43.9589  当前没有其他玩家在线，无需广播状态同步消息
2025-11-27 21:42:44.0673  当前没有其他玩家在线，无需广播状态同步消息
2025-11-27 21:42:44.1606  当前没有其他玩家在线，无需广播状态同步消息
2025-11-27 21:42:44.2692  当前没有其他玩家在线，无需广播状态同步消息
2025-11-27 21:42:44.3649  当前没有其他玩家在线，无需广播状态同步消息
2025-11-27 21:42:44.4709  当前没有其他玩家在线，无需广播状态同步消息
2025-11-27 21:42:44.5680  当前没有其他玩家在线，无需广播状态同步消息
2025-11-27 21:42:44.6615  当前没有其他玩家在线，无需广播状态同步消息
2025-11-27 21:42:44.7677  当前没有其他玩家在线，无需广播状态同步消息
2025-11-27 21:42:44.8621  当前没有其他玩家在线，无需广播状态同步消息
2025-11-27 21:42:44.9773  当前没有其他玩家在线，无需广播状态同步消息
2025-11-27 21:42:45.0787  当前没有其他玩家在线，无需广播状态同步消息
2025-11-27 21:42:45.1705  当前没有其他玩家在线，无需广播状态同步消息
2025-11-27 21:42:45.2619  当前没有其他玩家在线，无需广播状态同步消息
2025-11-27 21:42:45.3696  当前没有其他玩家在线，无需广播状态同步消息
2025-11-27 21:42:45.4625  当前没有其他玩家在线，无需广播状态同步消息
2025-11-27 21:42:45.5723  当前没有其他玩家在线，无需广播状态同步消息
2025-11-27 21:42:45.6808  当前没有其他玩家在线，无需广播状态同步消息
2025-11-27 21:42:45.7847  当前没有其他玩家在线，无需广播状态同步消息
2025-11-27 21:42:45.8703  当前没有其他玩家在线，无需广播状态同步消息
2025-11-27 21:42:45.9869  当前没有其他玩家在线，无需广播状态同步消息
2025-11-27 21:42:49.9599  当前没有其他玩家在线，无需广播状态同步消息
2025-11-27 21:42:50.0678  当前没有其他玩家在线，无需广播状态同步消息
2025-11-27 21:42:50.1614  当前没有其他玩家在线，无需广播状态同步消息
2025-11-27 21:42:50.2681  当前没有其他玩家在线，无需广播状态同步消息
2025-11-27 21:42:50.3614  当前没有其他玩家在线，无需广播状态同步消息
2025-11-27 21:42:50.4706  当前没有其他玩家在线，无需广播状态同步消息
2025-11-27 21:42:50.5786  当前没有其他玩家在线，无需广播状态同步消息
2025-11-27 21:42:50.6706  当前没有其他玩家在线，无需广播状态同步消息
2025-11-27 21:42:50.7640  当前没有其他玩家在线，无需广播状态同步消息
2025-11-27 21:42:50.8725  当前没有其他玩家在线，无需广播状态同步消息
2025-11-27 21:42:50.9644  当前没有其他玩家在线，无需广播状态同步消息
2025-11-27 21:42:51.0746  当前没有其他玩家在线，无需广播状态同步消息
2025-11-27 21:42:51.1683  当前没有其他玩家在线，无需广播状态同步消息
2025-11-27 21:42:51.2756  当前没有其他玩家在线，无需广播状态同步消息
2025-11-27 21:42:51.3678  当前没有其他玩家在线，无需广播状态同步消息
2025-11-27 21:42:51.4607  当前没有其他玩家在线，无需广播状态同步消息
2025-11-27 21:42:51.5690  当前没有其他玩家在线，无需广播状态同步消息
2025-11-27 21:42:56.1724  当前没有其他玩家在线，无需广播状态同步消息
2025-11-27 21:42:56.2668  当前没有其他玩家在线，无需广播状态同步消息
2025-11-27 21:42:56.3601  当前没有其他玩家在线，无需广播状态同步消息
2025-11-27 21:42:56.4683  当前没有其他玩家在线，无需广播状态同步消息
2025-11-27 21:42:56.5635  当前没有其他玩家在线，无需广播状态同步消息
2025-11-27 21:42:56.6576  当前没有其他玩家在线，无需广播状态同步消息
2025-11-27 21:42:56.7638  当前没有其他玩家在线，无需广播状态同步消息
2025-11-27 21:42:56.8720  当前没有其他玩家在线，无需广播状态同步消息
2025-11-27 21:42:56.9672  当前没有其他玩家在线，无需广播状态同步消息
2025-11-27 21:42:57.0760  当前没有其他玩家在线，无需广播状态同步消息
2025-11-27 21:42:57.1696  当前没有其他玩家在线，无需广播状态同步消息
2025-11-27 21:42:57.2643  当前没有其他玩家在线，无需广播状态同步消息
2025-11-27 21:42:57.3568  当前没有其他玩家在线，无需广播状态同步消息
2025-11-27 21:42:57.4649  当前没有其他玩家在线，无需广播状态同步消息
2025-11-27 21:42:57.5586  当前没有其他玩家在线，无需广播状态同步消息
2025-11-27 21:42:57.6686  当前没有其他玩家在线，无需广播状态同步消息
2025-11-27 21:42:57.7614  当前没有其他玩家在线，无需广播状态同步消息
2025-11-27 21:42:57.8560  当前没有其他玩家在线，无需广播状态同步消息
2025-11-27 21:42:57.9630  当前没有其他玩家在线，无需广播状态同步消息
2025-11-27 21:42:58.0716  当前没有其他玩家在线，无需广播状态同步消息
2025-11-27 21:42:58.1652  当前没有其他玩家在线，无需广播状态同步消息
2025-11-27 21:42:58.2738  当前没有其他玩家在线，无需广播状态同步消息
2025-11-27 21:42:58.3668  当前没有其他玩家在线，无需广播状态同步消息
2025-11-27 21:42:58.4599  当前没有其他玩家在线，无需广播状态同步消息
2025-11-27 21:42:58.5687  当前没有其他玩家在线，无需广播状态同步消息
2025-11-27 21:42:58.6788  当前没有其他玩家在线，无需广播状态同步消息
2025-11-27 21:42:58.7714  当前没有其他玩家在线，无需广播状态同步消息
2025-11-27 21:42:58.8651  当前没有其他玩家在线，无需广播状态同步消息
2025-11-27 21:42:58.9742  当前没有其他玩家在线，无需广播状态同步消息
2025-11-27 21:42:59.0661  当前没有其他玩家在线，无需广播状态同步消息
2025-11-27 21:42:59.1592  当前没有其他玩家在线，无需广播状态同步消息
2025-11-27 21:42:59.2681  当前没有其他玩家在线，无需广播状态同步消息
2025-11-27 21:42:59.3759  当前没有其他玩家在线，无需广播状态同步消息
2025-11-27 21:42:59.4679  当前没有其他玩家在线，无需广播状态同步消息
2025-11-27 21:42:59.5639  当前没有其他玩家在线，无需广播状态同步消息
2025-11-27 21:42:59.6560  当前没有其他玩家在线，无需广播状态同步消息
2025-11-27 21:42:59.7656  当前没有其他玩家在线，无需广播状态同步消息
2025-11-27 21:42:59.8736  当前没有其他玩家在线，无需广播状态同步消息
2025-11-27 21:42:59.9659  当前没有其他玩家在线，无需广播状态同步消息
2025-11-27 21:43:00.0744  当前没有其他玩家在线，无需广播状态同步消息
2025-11-27 21:43:00.1691  当前没有其他玩家在线，无需广播状态同步消息
2025-11-27 21:43:00.2776  当前没有其他玩家在线，无需广播状态同步消息
2025-11-27 21:43:00.3693  当前没有其他玩家在线，无需广播状态同步消息
2025-11-27 21:43:00.4620  当前没有其他玩家在线，无需广播状态同步消息
2025-11-27 21:43:00.5730  当前没有其他玩家在线，无需广播状态同步消息
2025-11-27 21:43:00.6681  当前没有其他玩家在线，无需广播状态同步消息
2025-11-27 21:43:00.7622  当前没有其他玩家在线，无需广播状态同步消息
2025-11-27 21:43:00.8559  当前没有其他玩家在线，无需广播状态同步消息
2025-11-27 21:43:00.9649  当前没有其他玩家在线，无需广播状态同步消息
2025-11-27 21:43:01.0730  当前没有其他玩家在线，无需广播状态同步消息
2025-11-27 21:43:01.1650  当前没有其他玩家在线，无需广播状态同步消息
2025-11-27 21:43:01.2726  当前没有其他玩家在线，无需广播状态同步消息
2025-11-27 21:43:01.3669  当前没有其他玩家在线，无需广播状态同步消息
2025-11-27 21:43:01.4601  当前没有其他玩家在线，无需广播状态同步消息
2025-11-27 21:43:01.5689  当前没有其他玩家在线，无需广播状态同步消息
2025-11-27 21:43:01.6618  当前没有其他玩家在线，无需广播状态同步消息
2025-11-27 21:43:01.7541  当前没有其他玩家在线，无需广播状态同步消息
2025-11-27 21:43:01.8633  当前没有其他玩家在线，无需广播状态同步消息
2025-11-27 21:43:01.9570  当前没有其他玩家在线，无需广播状态同步消息
2025-11-27 21:43:02.0661  当前没有其他玩家在线，无需广播状态同步消息
2025-11-27 21:43:02.1723  当前没有其他玩家在线，无需广播状态同步消息
2025-11-27 21:43:02.2657  当前没有其他玩家在线，无需广播状态同步消息
2025-11-27 21:43:02.3745  当前没有其他玩家在线，无需广播状态同步消息
2025-11-27 21:43:02.4695  当前没有其他玩家在线，无需广播状态同步消息
2025-11-27 21:43:02.5659  当前没有其他玩家在线，无需广播状态同步消息
2025-11-27 21:43:02.6569  当前没有其他玩家在线，无需广播状态同步消息
2025-11-27 21:43:02.7653  当前没有其他玩家在线，无需广播状态同步消息
2025-11-27 21:43:02.8585  当前没有其他玩家在线，无需广播状态同步消息
2025-11-27 21:43:02.9703  当前没有其他玩家在线，无需广播状态同步消息
2025-11-27 21:43:03.0780  当前没有其他玩家在线，无需广播状态同步消息
2025-11-27 21:43:03.1714  当前没有其他玩家在线，无需广播状态同步消息
2025-11-27 21:43:03.2648  当前没有其他玩家在线，无需广播状态同步消息
2025-11-27 21:43:03.3581  当前没有其他玩家在线，无需广播状态同步消息
2025-11-27 21:43:03.4664  当前没有其他玩家在线，无需广播状态同步消息
2025-11-27 21:43:03.5609  当前没有其他玩家在线，无需广播状态同步消息
2025-11-27 21:43:03.6704  当前没有其他玩家在线，无需广播状态同步消息
2025-11-27 21:43:03.7654  当前没有其他玩家在线，无需广播状态同步消息
2025-11-27 21:43:03.8763  当前没有其他玩家在线，无需广播状态同步消息
2025-11-27 21:43:03.9679  当前没有其他玩家在线，无需广播状态同步消息
2025-11-27 21:43:04.0756  当前没有其他玩家在线，无需广播状态同步消息
2025-11-27 21:43:04.1665  当前没有其他玩家在线，无需广播状态同步消息
2025-11-27 21:43:04.2775  当前没有其他玩家在线，无需广播状态同步消息
2025-11-27 21:43:04.3548  当前没有其他玩家在线，无需广播状态同步消息
2025-11-27 21:43:04.4788  当前没有其他玩家在线，无需广播状态同步消息
2025-11-27 21:43:04.5744  当前没有其他玩家在线，无需广播状态同步消息
2025-11-27 21:43:04.6679  当前没有其他玩家在线，无需广播状态同步消息
2025-11-27 21:43:04.7613  当前没有其他玩家在线，无需广播状态同步消息
2025-11-27 21:43:04.8701  当前没有其他玩家在线，无需广播状态同步消息
2025-11-27 21:43:04.9628  当前没有其他玩家在线，无需广播状态同步消息
2025-11-27 21:43:05.0708  当前没有其他玩家在线，无需广播状态同步消息
2025-11-27 21:43:05.1793  当前没有其他玩家在线，无需广播状态同步消息
2025-11-27 21:43:05.2703  当前没有其他玩家在线，无需广播状态同步消息
2025-11-27 21:43:05.3631  当前没有其他玩家在线，无需广播状态同步消息
2025-11-27 21:43:05.4728  当前没有其他玩家在线，无需广播状态同步消息
2025-11-27 21:43:05.5666  当前没有其他玩家在线，无需广播状态同步消息
2025-11-27 21:43:05.6747  当前没有其他玩家在线，无需广播状态同步消息
2025-11-27 21:43:05.7675  当前没有其他玩家在线，无需广播状态同步消息
2025-11-27 21:43:05.8614  当前没有其他玩家在线，无需广播状态同步消息
2025-11-27 21:43:05.9712  当前没有其他玩家在线，无需广播状态同步消息
2025-11-27 21:43:06.0655  当前没有其他玩家在线，无需广播状态同步消息
2025-11-27 21:43:06.1743  当前没有其他玩家在线，无需广播状态同步消息
2025-11-27 21:43:06.2676  当前没有其他玩家在线，无需广播状态同步消息
2025-11-27 21:43:06.3775  当前没有其他玩家在线，无需广播状态同步消息
2025-11-27 21:43:06.4685  当前没有其他玩家在线，无需广播状态同步消息
2025-11-27 21:43:06.5621  当前没有其他玩家在线，无需广播状态同步消息
2025-11-27 21:43:06.6717  当前没有其他玩家在线，无需广播状态同步消息
2025-11-27 21:43:06.7637  当前没有其他玩家在线，无需广播状态同步消息
2025-11-27 21:43:06.8733  当前没有其他玩家在线，无需广播状态同步消息
2025-11-27 21:43:06.9656  当前没有其他玩家在线，无需广播状态同步消息
2025-11-27 21:43:07.0770  当前没有其他玩家在线，无需广播状态同步消息
2025-11-27 21:43:07.1712  当前没有其他玩家在线，无需广播状态同步消息
2025-11-27 21:43:07.2631  当前没有其他玩家在线，无需广播状态同步消息
2025-11-27 21:43:07.3732  当前没有其他玩家在线，无需广播状态同步消息
2025-11-27 21:43:07.4683  当前没有其他玩家在线，无需广播状态同步消息
2025-11-27 21:43:07.9677  当前没有其他玩家在线，无需广播状态同步消息
2025-11-27 21:43:08.0608  当前没有其他玩家在线，无需广播状态同步消息
2025-11-27 21:43:08.1697  当前没有其他玩家在线，无需广播状态同步消息
2025-11-27 21:43:08.2654  当前没有其他玩家在线，无需广播状态同步消息
2025-11-27 21:43:08.3727  当前没有其他玩家在线，无需广播状态同步消息
2025-11-27 21:43:08.4647  当前没有其他玩家在线，无需广播状态同步消息
2025-11-27 21:43:08.5729  当前没有其他玩家在线，无需广播状态同步消息
2025-11-27 21:43:08.6669  当前没有其他玩家在线，无需广播状态同步消息
2025-11-27 21:43:08.7580  当前没有其他玩家在线，无需广播状态同步消息
2025-11-27 21:43:08.8665  当前没有其他玩家在线，无需广播状态同步消息
2025-11-27 21:43:08.9608  当前没有其他玩家在线，无需广播状态同步消息
2025-11-27 21:43:09.0691  当前没有其他玩家在线，无需广播状态同步消息
2025-11-27 21:45:22.6520  玩家上次上线位置：x:6.919572, y:0, z:-8.343602
2025-11-27 21:45:22.6520  向ID:490680308520452097发送其他玩家登录请求
