2025-11-29 15:33:31.1448  

==========================================================================
 
  ███████╗ █████╗ ███╗   ██╗████████╗ █████╗  ██████╗ ██╗   ██╗
  ██╔════╝██╔══██╗████╗  ██║╚══██╔══╝██╔══██╗██╔════╝ ╚██╗ ██╔╝
  █████╗  ███████║██╔██╗ ██║   ██║   ███████║╚█████╗   ╚████╔╝ 
  ██╔══╝  ██╔══██║██║╚██╗██║   ██║   ██╔══██║╚════██║   ╚██╔╝  
  ██║     ██║  ██║██║ ╚████║   ██║   ██║  ██║██████╔╝    ██║   
  ╚═╝     ╚═╝  ╚═╝╚═╝  ╚═══╝   ╚═╝   ╚═╝  ╚═╝╚═════╝     ╚═╝   
                                                            
 Version : Fantasy 2.0 Official version
==========================================================================

2025-11-29 15:33:31.2177  Current inner network protocol:TCP
2025-11-29 15:33:31.2177  Max Message Size(byte):1048560
2025-11-29 15:33:31.2177  Current session idle timeout:8000
2025-11-29 15:33:31.2177  Session-check interval:5000 
2025-11-29 15:33:32.4430  dbName:OnlineTest Initialize the db database and connect to the target.
2025-11-29 15:33:32.8701  dbName:OnlineTest Database connection successful.
2025-11-29 15:33:33.2323  SceneConfigId = 1001 networkTarget = Inner TCPServer Listen 127.0.0.1:11002
2025-11-29 15:33:33.5418  SceneConfigId = 1001 networkTarget = Outer KCPServer Listen 0.0.0.0:20000
2025-11-29 15:33:33.5418  Process:1 Startup Complete SceneCount:1
2025-11-29 15:33:46.6904 (LoginRequestHandler.cs:16) 收到登录请求
2025-11-29 15:33:59.0427 (RegisterNameRequestHandler.cs:15) 收到注册名称请求，账号：111，名称：player1
2025-11-29 15:33:59.2486 (AuthenticationAccountComponentSystem.cs:115) 账号名称注册成功 账号：111 名称：player1
2025-11-29 15:33:59.2901 (EntryLobbyRequestHandler.cs:32) 进入大厅成功，玩家ID:482734309785206785
2025-11-29 15:34:00.7043 (LobbyPlayerManagerComponentSystem.cs:97) 玩家ID:482734309785206785 移动方向: 0.75442874 , 0 , -0.65638196
2025-11-29 15:34:00.7043 (LobbyPlayerManagerComponentSystem.cs:102) 玩家ID:482734309785206785 移动到新位置: 4.488473 , 0 , -4.454864
2025-11-29 15:34:00.7915 (LobbyPlayerManagerComponentSystem.cs:97) 玩家ID:482734309785206785 移动方向: 0.9187318 , 0 , -0.39488208
2025-11-29 15:34:00.7915 (LobbyPlayerManagerComponentSystem.cs:102) 玩家ID:482734309785206785 移动到新位置: 4.6722193 , 0 , -4.5338407
2025-11-29 15:34:00.8861 (LobbyPlayerManagerComponentSystem.cs:97) 玩家ID:482734309785206785 移动方向: 0.9638493 , 0 , -0.26644796
2025-11-29 15:34:00.8861 (LobbyPlayerManagerComponentSystem.cs:102) 玩家ID:482734309785206785 移动到新位置: 4.8649893 , 0 , -4.58713
2025-11-29 15:34:00.9870 (LobbyPlayerManagerComponentSystem.cs:97) 玩家ID:482734309785206785 移动方向: 0.97863954 , 0 , -0.20558375
2025-11-29 15:34:00.9870 (LobbyPlayerManagerComponentSystem.cs:102) 玩家ID:482734309785206785 移动到新位置: 5.060717 , 0 , -4.628247
2025-11-29 15:34:01.0879 (LobbyPlayerManagerComponentSystem.cs:97) 玩家ID:482734309785206785 移动方向: 0.5621968 , 0 , -0.8270035
2025-11-29 15:34:01.0879 (LobbyPlayerManagerComponentSystem.cs:102) 玩家ID:482734309785206785 移动到新位置: 5.1731563 , 0 , -4.7936473
2025-11-29 15:34:01.1868 (LobbyPlayerManagerComponentSystem.cs:97) 玩家ID:482734309785206785 移动方向: 0.5653368 , 0 , -0.8248602
2025-11-29 15:34:01.1868 (LobbyPlayerManagerComponentSystem.cs:102) 玩家ID:482734309785206785 移动到新位置: 5.2862234 , 0 , -4.958619
2025-11-29 15:34:01.2882 (LobbyPlayerManagerComponentSystem.cs:97) 玩家ID:482734309785206785 移动方向: -0.089380525 , 0 , -0.9959976
2025-11-29 15:34:01.2882 (LobbyPlayerManagerComponentSystem.cs:102) 玩家ID:482734309785206785 移动到新位置: 5.2683473 , 0 , -5.157819
2025-11-29 15:34:01.3940 (LobbyPlayerManagerComponentSystem.cs:97) 玩家ID:482734309785206785 移动方向: 0.29271525 , 0 , -0.9561997
2025-11-29 15:34:01.3940 (LobbyPlayerManagerComponentSystem.cs:102) 玩家ID:482734309785206785 移动到新位置: 5.3268905 , 0 , -5.3490586
2025-11-29 15:34:01.4879 (LobbyPlayerManagerComponentSystem.cs:97) 玩家ID:482734309785206785 移动方向: 0.56403923 , 0 , -0.825748
2025-11-29 15:34:01.4879 (LobbyPlayerManagerComponentSystem.cs:102) 玩家ID:482734309785206785 移动到新位置: 5.439698 , 0 , -5.5142083
2025-11-29 15:34:01.5880 (LobbyPlayerManagerComponentSystem.cs:97) 玩家ID:482734309785206785 移动方向: -0.71374816 , 0 , -0.70040244
2025-11-29 15:34:01.5880 (LobbyPlayerManagerComponentSystem.cs:102) 玩家ID:482734309785206785 移动到新位置: 5.2969484 , 0 , -5.654289
2025-11-29 15:34:01.6941 (LobbyPlayerManagerComponentSystem.cs:97) 玩家ID:482734309785206785 移动方向: -0.6770045 , 0 , -0.73597884
2025-11-29 15:34:01.6941 (LobbyPlayerManagerComponentSystem.cs:102) 玩家ID:482734309785206785 移动到新位置: 5.1615477 , 0 , -5.8014846
2025-11-29 15:34:01.7918 (LobbyPlayerManagerComponentSystem.cs:97) 玩家ID:482734309785206785 移动方向: -0.6815262 , 0 , -0.73179364
2025-11-29 15:34:01.7918 (LobbyPlayerManagerComponentSystem.cs:102) 玩家ID:482734309785206785 移动到新位置: 5.0252423 , 0 , -5.9478436
2025-11-29 15:34:01.8950 (LobbyPlayerManagerComponentSystem.cs:97) 玩家ID:482734309785206785 移动方向: -0.7246613 , 0 , -0.6891053
2025-11-29 15:34:01.8950 (LobbyPlayerManagerComponentSystem.cs:102) 玩家ID:482734309785206785 移动到新位置: 4.88031 , 0 , -6.0856647
2025-11-29 15:34:01.9901 (LobbyPlayerManagerComponentSystem.cs:97) 玩家ID:482734309785206785 移动方向: -0.798002 , 0 , -0.6026549
2025-11-29 15:34:01.9901 (LobbyPlayerManagerComponentSystem.cs:102) 玩家ID:482734309785206785 移动到新位置: 4.72071 , 0 , -6.206196
2025-11-29 15:34:02.0922 (LobbyPlayerManagerComponentSystem.cs:97) 玩家ID:482734309785206785 移动方向: 0.37307033 , 0 , -0.92780304
2025-11-29 15:34:02.0922 (LobbyPlayerManagerComponentSystem.cs:102) 玩家ID:482734309785206785 移动到新位置: 4.795324 , 0 , -6.3917565
2025-11-29 15:34:02.1881 (LobbyPlayerManagerComponentSystem.cs:97) 玩家ID:482734309785206785 移动方向: 0.04228531 , 0 , -0.9991056
2025-11-29 15:34:02.1881 (LobbyPlayerManagerComponentSystem.cs:102) 玩家ID:482734309785206785 移动到新位置: 4.803781 , 0 , -6.5915775
2025-11-29 15:34:02.2849 (LobbyPlayerManagerComponentSystem.cs:97) 玩家ID:482734309785206785 移动方向: -0.27047616 , 0 , -0.9627267
2025-11-29 15:34:02.2849 (LobbyPlayerManagerComponentSystem.cs:102) 玩家ID:482734309785206785 移动到新位置: 4.749686 , 0 , -6.784123
2025-11-29 15:34:02.3867 (LobbyPlayerManagerComponentSystem.cs:97) 玩家ID:482734309785206785 移动方向: -0.47505128 , 0 , -0.8799581
2025-11-29 15:34:02.3867 (LobbyPlayerManagerComponentSystem.cs:102) 玩家ID:482734309785206785 移动到新位置: 4.6546755 , 0 , -6.9601145
2025-11-29 15:34:02.4933 (LobbyPlayerManagerComponentSystem.cs:102) 玩家ID:482734309785206785 移动到新位置: 4.6546755 , 0 , -6.9601145
2025-11-29 15:34:05.6908 (LobbyPlayerManagerComponentSystem.cs:97) 玩家ID:482734309785206785 移动方向: 0.5925175 , 0 , -0.8055576
2025-11-29 15:34:05.6908 (LobbyPlayerManagerComponentSystem.cs:102) 玩家ID:482734309785206785 移动到新位置: 4.773179 , 0 , -7.121226
2025-11-29 15:34:05.7870 (LobbyPlayerManagerComponentSystem.cs:97) 玩家ID:482734309785206785 移动方向: 0.40838635 , 0 , -0.91280913
2025-11-29 15:34:05.7870 (LobbyPlayerManagerComponentSystem.cs:102) 玩家ID:482734309785206785 移动到新位置: 4.8548565 , 0 , -7.3037877
2025-11-29 15:34:05.8954 (LobbyPlayerManagerComponentSystem.cs:97) 玩家ID:482734309785206785 移动方向: 0.31354845 , 0 , -0.9495722
2025-11-29 15:34:05.8954 (LobbyPlayerManagerComponentSystem.cs:102) 玩家ID:482734309785206785 移动到新位置: 4.9175663 , 0 , -7.493702
2025-11-29 15:34:05.9946 (LobbyPlayerManagerComponentSystem.cs:97) 玩家ID:482734309785206785 移动方向: 0.28043815 , 0 , -0.9598721
2025-11-29 15:34:05.9946 (LobbyPlayerManagerComponentSystem.cs:102) 玩家ID:482734309785206785 移动到新位置: 4.973654 , 0 , -7.6856766
2025-11-29 15:34:06.0940 (LobbyPlayerManagerComponentSystem.cs:97) 玩家ID:482734309785206785 移动方向: 0.8712691 , 0 , -0.49080563
2025-11-29 15:34:06.0940 (LobbyPlayerManagerComponentSystem.cs:102) 玩家ID:482734309785206785 移动到新位置: 5.1479077 , 0 , -7.783838
2025-11-29 15:34:06.1948 (LobbyPlayerManagerComponentSystem.cs:97) 玩家ID:482734309785206785 移动方向: 0.9641233 , 0 , 0.26545483
2025-11-29 15:34:06.1948 (LobbyPlayerManagerComponentSystem.cs:102) 玩家ID:482734309785206785 移动到新位置: 5.3407326 , 0 , -7.7307467
2025-11-29 15:34:06.2914 (LobbyPlayerManagerComponentSystem.cs:97) 玩家ID:482734309785206785 移动方向: 0.9672842 , 0 , 0.25369537
2025-11-29 15:34:06.2914 (LobbyPlayerManagerComponentSystem.cs:102) 玩家ID:482734309785206785 移动到新位置: 5.534189 , 0 , -7.6800075
2025-11-29 15:34:06.3948 (LobbyPlayerManagerComponentSystem.cs:97) 玩家ID:482734309785206785 移动方向: 0.97226155 , 0 , 0.23389642
2025-11-29 15:34:06.3948 (LobbyPlayerManagerComponentSystem.cs:102) 玩家ID:482734309785206785 移动到新位置: 5.7286415 , 0 , -7.6332283
2025-11-29 15:34:06.4865 (LobbyPlayerManagerComponentSystem.cs:97) 玩家ID:482734309785206785 移动方向: 0.97444415 , 0 , 0.22462998
2025-11-29 15:34:06.4865 (LobbyPlayerManagerComponentSystem.cs:102) 玩家ID:482734309785206785 移动到新位置: 5.9235306 , 0 , -7.588302
2025-11-29 15:34:06.5952 (StateSyncRequestHandler.cs:18) 玩家ID:482734309785206785 移动到新位置: 5.9235306 , 0 , -7.588302
2025-11-29 15:34:06.7937 (StateSyncRequestHandler.cs:18) 玩家ID:482734309785206785 移动方向: -0.97587067 , 0 , -0.21834932
2025-11-29 15:34:06.7937 (StateSyncRequestHandler.cs:18) 玩家ID:482734309785206785 移动到新位置: 5.7283564 , 0 , -7.631972
2025-11-29 15:34:06.8866 (StateSyncRequestHandler.cs:18) 玩家ID:482734309785206785 移动到新位置: 5.7283564 , 0 , -7.631972
2025-11-29 15:34:07.9912 (StateSyncRequestHandler.cs:18) 玩家ID:482734309785206785 移动方向: -0.49553573 , 0 , 0.8685876
2025-11-29 15:34:07.9912 (StateSyncRequestHandler.cs:18) 玩家ID:482734309785206785 移动到新位置: 5.629249 , 0 , -7.4582543
2025-11-29 15:34:08.0843 (StateSyncRequestHandler.cs:18) 玩家ID:482734309785206785 移动方向: -0.5661003 , 0 , 0.82433635
2025-11-29 15:34:08.0843 (StateSyncRequestHandler.cs:18) 玩家ID:482734309785206785 移动到新位置: 5.516029 , 0 , -7.293387
2025-11-29 15:34:08.1886 (StateSyncRequestHandler.cs:18) 玩家ID:482734309785206785 移动方向: -0.5976877 , 0 , 0.80172896
2025-11-29 15:34:08.1886 (StateSyncRequestHandler.cs:18) 玩家ID:482734309785206785 移动到新位置: 5.3964915 , 0 , -7.1330414
2025-11-29 15:34:08.2932 (StateSyncRequestHandler.cs:18) 玩家ID:482734309785206785 移动方向: -0.60817254 , 0 , 0.7938049
2025-11-29 15:34:08.2932 (StateSyncRequestHandler.cs:18) 玩家ID:482734309785206785 移动到新位置: 5.274857 , 0 , -6.9742804
2025-11-29 15:34:08.3865 (StateSyncRequestHandler.cs:18) 玩家ID:482734309785206785 移动方向: -0.9918602 , 0 , 0.12733114
2025-11-29 15:34:08.3865 (StateSyncRequestHandler.cs:18) 玩家ID:482734309785206785 移动到新位置: 5.076485 , 0 , -6.948814
2025-11-29 15:34:08.4913 (StateSyncRequestHandler.cs:18) 玩家ID:482734309785206785 移动方向: -0.99204063 , 0 , 0.12591872
2025-11-29 15:34:08.4913 (StateSyncRequestHandler.cs:18) 玩家ID:482734309785206785 移动到新位置: 4.878077 , 0 , -6.92363
2025-11-29 15:34:08.5860 (StateSyncRequestHandler.cs:18) 玩家ID:482734309785206785 移动方向: -0.9920908 , 0 , 0.12552136
2025-11-29 15:34:08.5860 (StateSyncRequestHandler.cs:18) 玩家ID:482734309785206785 移动到新位置: 4.679659 , 0 , -6.898526
2025-11-29 15:34:08.6945 (StateSyncRequestHandler.cs:18) 玩家ID:482734309785206785 移动方向: -0.9921082 , 0 , 0.12538472
2025-11-29 15:34:08.6945 (StateSyncRequestHandler.cs:18) 玩家ID:482734309785206785 移动到新位置: 4.4812374 , 0 , -6.8734493
2025-11-29 15:34:08.7884 (StateSyncRequestHandler.cs:18) 玩家ID:482734309785206785 移动方向: -0.7901649 , 0 , -0.61289436
2025-11-29 15:34:08.7884 (StateSyncRequestHandler.cs:18) 玩家ID:482734309785206785 移动到新位置: 4.3232045 , 0 , -6.9960284
2025-11-29 15:34:08.8946 (StateSyncRequestHandler.cs:18) 玩家ID:482734309785206785 移动方向: -0.79015845 , 0 , -0.61290264
2025-11-29 15:34:08.8946 (StateSyncRequestHandler.cs:18) 玩家ID:482734309785206785 移动到新位置: 4.1651726 , 0 , -7.118609
2025-11-29 15:34:08.9871 (StateSyncRequestHandler.cs:18) 玩家ID:482734309785206785 移动方向: -0.7901564 , 0 , -0.6129053
2025-11-29 15:34:08.9871 (StateSyncRequestHandler.cs:18) 玩家ID:482734309785206785 移动到新位置: 4.007141 , 0 , -7.24119
2025-11-29 15:34:09.0955 (StateSyncRequestHandler.cs:18) 玩家ID:482734309785206785 移动方向: -0.7901564 , 0 , -0.6129053
2025-11-29 15:34:09.0955 (StateSyncRequestHandler.cs:18) 玩家ID:482734309785206785 移动到新位置: 3.84911 , 0 , -7.363771
2025-11-29 15:34:09.1957 (StateSyncRequestHandler.cs:18) 玩家ID:482734309785206785 移动方向: -0.7901564 , 0 , -0.6129053
2025-11-29 15:34:09.1957 (StateSyncRequestHandler.cs:18) 玩家ID:482734309785206785 移动到新位置: 3.6910787 , 0 , -7.486352
2025-11-29 15:34:09.2875 (StateSyncRequestHandler.cs:18) 玩家ID:482734309785206785 移动方向: -0.7901564 , 0 , -0.6129053
2025-11-29 15:34:09.2875 (StateSyncRequestHandler.cs:18) 玩家ID:482734309785206785 移动到新位置: 3.5330474 , 0 , -7.608933
2025-11-29 15:34:09.3838 (StateSyncRequestHandler.cs:18) 玩家ID:482734309785206785 移动方向: -0.7901564 , 0 , -0.6129053
2025-11-29 15:34:09.3838 (StateSyncRequestHandler.cs:18) 玩家ID:482734309785206785 移动到新位置: 3.3750162 , 0 , -7.731514
2025-11-29 15:34:09.4932 (StateSyncRequestHandler.cs:18) 玩家ID:482734309785206785 移动方向: -0.7901564 , 0 , -0.6129053
2025-11-29 15:34:09.4932 (StateSyncRequestHandler.cs:18) 玩家ID:482734309785206785 移动到新位置: 3.216985 , 0 , -7.854095
2025-11-29 15:34:09.5935 (StateSyncRequestHandler.cs:18) 玩家ID:482734309785206785 移动方向: -0.9921144 , 0 , 0.12533543
2025-11-29 15:34:09.5935 (StateSyncRequestHandler.cs:18) 玩家ID:482734309785206785 移动到新位置: 3.018562 , 0 , -7.829028
2025-11-29 15:34:09.6884 (StateSyncRequestHandler.cs:18) 玩家ID:482734309785206785 移动方向: -0.9921144 , 0 , 0.12533543
2025-11-29 15:34:09.6884 (StateSyncRequestHandler.cs:18) 玩家ID:482734309785206785 移动到新位置: 2.8201392 , 0 , -7.8039613
2025-11-29 15:34:09.7863 (StateSyncRequestHandler.cs:18) 玩家ID:482734309785206785 移动方向: -0.83181596 , 0 , -0.5550516
2025-11-29 15:34:09.7863 (StateSyncRequestHandler.cs:18) 玩家ID:482734309785206785 移动到新位置: 2.653776 , 0 , -7.914972
2025-11-29 15:34:09.8944 (StateSyncRequestHandler.cs:18) 玩家ID:482734309785206785 移动方向: -0.98918426 , 0 , -0.14667834
2025-11-29 15:34:09.8944 (StateSyncRequestHandler.cs:18) 玩家ID:482734309785206785 移动到新位置: 2.455939 , 0 , -7.9443073
2025-11-29 15:34:09.9911 (StateSyncRequestHandler.cs:18) 玩家ID:482734309785206785 移动方向: -0.99146056 , 0 , 0.13040696
2025-11-29 15:34:09.9911 (StateSyncRequestHandler.cs:18) 玩家ID:482734309785206785 移动到新位置: 2.257647 , 0 , -7.918226
2025-11-29 15:34:10.0894 (StateSyncRequestHandler.cs:18) 玩家ID:482734309785206785 移动方向: -0.9675093 , 0 , 0.25283533
2025-11-29 15:34:10.0894 (StateSyncRequestHandler.cs:18) 玩家ID:482734309785206785 移动到新位置: 2.064145 , 0 , -7.8676586
2025-11-29 15:34:10.1943 (StateSyncRequestHandler.cs:18) 玩家ID:482734309785206785 移动方向: -0.9532181 , 0 , 0.30228335
2025-11-29 15:34:10.1943 (StateSyncRequestHandler.cs:18) 玩家ID:482734309785206785 移动到新位置: 1.8735015 , 0 , -7.807202
2025-11-29 15:34:10.2906 (StateSyncRequestHandler.cs:18) 玩家ID:482734309785206785 移动方向: -0.94846374 , 0 , 0.3168857
2025-11-29 15:34:10.2906 (StateSyncRequestHandler.cs:18) 玩家ID:482734309785206785 移动到新位置: 1.6838088 , 0 , -7.743825
2025-11-29 15:34:10.3960 (StateSyncRequestHandler.cs:18) 玩家ID:482734309785206785 移动方向: -0.946795 , 0 , 0.32183725
2025-11-29 15:34:10.3960 (StateSyncRequestHandler.cs:18) 玩家ID:482734309785206785 移动到新位置: 1.4944499 , 0 , -7.6794577
2025-11-29 15:34:10.4907 (StateSyncRequestHandler.cs:18) 玩家ID:482734309785206785 移动方向: -0.9463112 , 0 , 0.32325715
2025-11-29 15:34:10.4907 (StateSyncRequestHandler.cs:18) 玩家ID:482734309785206785 移动到新位置: 1.3051876 , 0 , -7.614806
2025-11-29 15:34:10.5961 (StateSyncRequestHandler.cs:18) 玩家ID:482734309785206785 移动方向: -0.9461486 , 0 , 0.32373276
2025-11-29 15:34:10.5961 (StateSyncRequestHandler.cs:18) 玩家ID:482734309785206785 移动到新位置: 1.1159579 , 0 , -7.55006
2025-11-29 15:34:10.6869 (StateSyncRequestHandler.cs:18) 玩家ID:482734309785206785 移动到新位置: 1.1159579 , 0 , -7.55006
2025-11-29 15:34:17.4936 (StateSyncRequestHandler.cs:18) 玩家ID:482734309785206785 移动方向: 0.8477854 , 0 , -0.5303394
2025-11-29 15:34:17.4936 (StateSyncRequestHandler.cs:18) 玩家ID:482734309785206785 移动到新位置: 1.285515 , 0 , -7.6561275
2025-11-29 15:34:17.5890 (StateSyncRequestHandler.cs:18) 玩家ID:482734309785206785 移动方向: 0.9483767 , 0 , -0.31714594
2025-11-29 15:34:17.5890 (StateSyncRequestHandler.cs:18) 玩家ID:482734309785206785 移动到新位置: 1.4751903 , 0 , -7.719557
2025-11-29 15:34:17.6922 (StateSyncRequestHandler.cs:18) 玩家ID:482734309785206785 移动方向: 0.9740656 , 0 , -0.22626574
2025-11-29 15:34:17.6922 (StateSyncRequestHandler.cs:18) 玩家ID:482734309785206785 移动到新位置: 1.6700034 , 0 , -7.76481
2025-11-29 15:34:17.7868 (StateSyncRequestHandler.cs:18) 玩家ID:482734309785206785 移动方向: 0.980113 , 0 , -0.1984401
2025-11-29 15:34:17.7868 (StateSyncRequestHandler.cs:18) 玩家ID:482734309785206785 移动到新位置: 1.866026 , 0 , -7.804498
2025-11-29 15:34:17.8927 (StateSyncRequestHandler.cs:18) 玩家ID:482734309785206785 移动到新位置: 1.866026 , 0 , -7.804498
2025-11-29 15:34:19.4886 (StateSyncRequestHandler.cs:18) 玩家ID:482734309785206785 移动方向: -0.22654855 , 0 , 0.97399986
2025-11-29 15:34:19.4886 (StateSyncRequestHandler.cs:18) 玩家ID:482734309785206785 移动到新位置: 1.8207164 , 0 , -7.6096983
2025-11-29 15:34:19.5937 (StateSyncRequestHandler.cs:18) 玩家ID:482734309785206785 移动方向: 0.46132082 , 0 , 0.8872334
2025-11-29 15:34:19.5937 (StateSyncRequestHandler.cs:18) 玩家ID:482734309785206785 移动到新位置: 1.9129806 , 0 , -7.4322515
2025-11-29 15:34:19.6865 (StateSyncRequestHandler.cs:18) 玩家ID:482734309785206785 移动方向: 0.8699318 , 0 , 0.49317205
2025-11-29 15:34:19.6865 (StateSyncRequestHandler.cs:18) 玩家ID:482734309785206785 移动到新位置: 2.086967 , 0 , -7.333617
2025-11-29 15:34:19.7853 (StateSyncRequestHandler.cs:18) 玩家ID:482734309785206785 移动方向: 0.9777303 , 0 , 0.20986529
2025-11-29 15:34:19.7853 (StateSyncRequestHandler.cs:18) 玩家ID:482734309785206785 移动到新位置: 2.2825131 , 0 , -7.291644
2025-11-29 15:34:19.8923 (StateSyncRequestHandler.cs:18) 玩家ID:482734309785206785 移动方向: 0.996354 , 0 , 0.08531548
2025-11-29 15:34:19.8923 (StateSyncRequestHandler.cs:18) 玩家ID:482734309785206785 移动到新位置: 2.4817839 , 0 , -7.274581
2025-11-29 15:34:19.9848 (StateSyncRequestHandler.cs:18) 玩家ID:482734309785206785 移动方向: 0.9988138 , 0 , 0.048692588
2025-11-29 15:34:19.9848 (StateSyncRequestHandler.cs:18) 玩家ID:482734309785206785 移动到新位置: 2.6815467 , 0 , -7.2648425
2025-11-29 15:34:20.0953 (StateSyncRequestHandler.cs:18) 玩家ID:482734309785206785 移动方向: 0.993214 , 0 , 0.11630102
2025-11-29 15:34:20.0953 (StateSyncRequestHandler.cs:18) 玩家ID:482734309785206785 移动到新位置: 2.8801894 , 0 , -7.2415824
2025-11-29 15:34:20.1885 (StateSyncRequestHandler.cs:18) 玩家ID:482734309785206785 移动方向: 0.8380869 , 0 , 0.54553676
2025-11-29 15:34:20.1885 (StateSyncRequestHandler.cs:18) 玩家ID:482734309785206785 移动到新位置: 3.0478067 , 0 , -7.132475
2025-11-29 15:34:20.2893 (StateSyncRequestHandler.cs:18) 玩家ID:482734309785206785 移动方向: 0.24620922 , 0 , 0.9692167
2025-11-29 15:34:20.2893 (StateSyncRequestHandler.cs:18) 玩家ID:482734309785206785 移动到新位置: 3.0970485 , 0 , -6.9386315
2025-11-29 15:34:20.3945 (StateSyncRequestHandler.cs:18) 玩家ID:482734309785206785 移动方向: -0.44273204 , 0 , 0.896654
2025-11-29 15:34:20.3945 (StateSyncRequestHandler.cs:18) 玩家ID:482734309785206785 移动到新位置: 3.008502 , 0 , -6.7593007
2025-11-29 15:34:20.4895 (StateSyncRequestHandler.cs:18) 玩家ID:482734309785206785 移动方向: -0.7396902 , 0 , 0.6729475
2025-11-29 15:34:20.4895 (StateSyncRequestHandler.cs:18) 玩家ID:482734309785206785 移动到新位置: 2.860564 , 0 , -6.624711
2025-11-29 15:34:20.5959 (StateSyncRequestHandler.cs:18) 玩家ID:482734309785206785 移动方向: -0.84779525 , 0 , 0.53032374
2025-11-29 15:34:20.5959 (StateSyncRequestHandler.cs:18) 玩家ID:482734309785206785 移动到新位置: 2.691005 , 0 , -6.5186462
2025-11-29 15:34:20.6892 (StateSyncRequestHandler.cs:18) 玩家ID:482734309785206785 移动方向: -0.880266 , 0 , 0.4744805
2025-11-29 15:34:20.6892 (StateSyncRequestHandler.cs:18) 玩家ID:482734309785206785 移动到新位置: 2.5149517 , 0 , -6.42375
2025-11-29 15:34:20.7938 (StateSyncRequestHandler.cs:18) 玩家ID:482734309785206785 移动方向: -0.8899935 , 0 , 0.45597324
2025-11-29 15:34:20.7938 (StateSyncRequestHandler.cs:18) 玩家ID:482734309785206785 移动到新位置: 2.336953 , 0 , -6.3325553
2025-11-29 15:34:20.8906 (StateSyncRequestHandler.cs:18) 玩家ID:482734309785206785 移动方向: -0.82384306 , 0 , 0.56681794
2025-11-29 15:34:20.8906 (StateSyncRequestHandler.cs:18) 玩家ID:482734309785206785 移动到新位置: 2.1721842 , 0 , -6.2191916
2025-11-29 15:34:20.9908 (StateSyncRequestHandler.cs:18) 玩家ID:482734309785206785 移动方向: -0.3944566 , 0 , 0.91891456
2025-11-29 15:34:20.9908 (StateSyncRequestHandler.cs:18) 玩家ID:482734309785206785 移动到新位置: 2.093293 , 0 , -6.0354085
2025-11-29 15:34:21.0895 (StateSyncRequestHandler.cs:18) 玩家ID:482734309785206785 移动方向: 0.38934132 , 0 , 0.9210935
2025-11-29 15:34:21.0895 (StateSyncRequestHandler.cs:18) 玩家ID:482734309785206785 移动到新位置: 2.1711612 , 0 , -5.8511896
2025-11-29 15:34:21.1957 (StateSyncRequestHandler.cs:18) 玩家ID:482734309785206785 移动方向: 0.8632718 , 0 , 0.50473946
2025-11-29 15:34:21.1957 (StateSyncRequestHandler.cs:18) 玩家ID:482734309785206785 移动到新位置: 2.3438156 , 0 , -5.7502418
2025-11-29 15:34:21.2884 (StateSyncRequestHandler.cs:18) 玩家ID:482734309785206785 移动方向: 0.96218663 , 0 , 0.27239102
2025-11-29 15:34:21.2884 (StateSyncRequestHandler.cs:18) 玩家ID:482734309785206785 移动到新位置: 2.536253 , 0 , -5.6957636
2025-11-29 15:34:21.3874 (StateSyncRequestHandler.cs:18) 玩家ID:482734309785206785 移动方向: 0.98642886 , 0 , 0.16418938
2025-11-29 15:34:21.3874 (StateSyncRequestHandler.cs:18) 玩家ID:482734309785206785 移动到新位置: 2.7335386 , 0 , -5.6629257
2025-11-29 15:34:21.4863 (StateSyncRequestHandler.cs:18) 玩家ID:482734309785206785 移动方向: 0.99183905 , 0 , 0.1274965
2025-11-29 15:34:21.4863 (StateSyncRequestHandler.cs:18) 玩家ID:482734309785206785 移动到新位置: 2.9319065 , 0 , -5.6374264
2025-11-29 15:34:21.5839 (StateSyncRequestHandler.cs:18) 玩家ID:482734309785206785 移动方向: 0.9933176 , 0 , 0.11541291
2025-11-29 15:34:21.5839 (StateSyncRequestHandler.cs:18) 玩家ID:482734309785206785 移动到新位置: 3.13057 , 0 , -5.6143436
2025-11-29 15:34:21.6869 (StateSyncRequestHandler.cs:18) 玩家ID:482734309785206785 移动方向: 0.9937712 , 0 , 0.11143967
2025-11-29 15:34:21.6869 (StateSyncRequestHandler.cs:18) 玩家ID:482734309785206785 移动到新位置: 3.3293242 , 0 , -5.592056
2025-11-29 15:34:21.7848 (StateSyncRequestHandler.cs:18) 玩家ID:482734309785206785 移动方向: 0.9939062 , 0 , 0.11022919
2025-11-29 15:34:21.7848 (StateSyncRequestHandler.cs:18) 玩家ID:482734309785206785 移动到新位置: 3.5281055 , 0 , -5.57001
2025-11-29 15:34:21.8926 (StateSyncRequestHandler.cs:18) 玩家ID:482734309785206785 移动方向: 0.99371696 , 0 , 0.111922435
2025-11-29 15:34:21.8926 (StateSyncRequestHandler.cs:18) 玩家ID:482734309785206785 移动到新位置: 3.7268488 , 0 , -5.5476255
2025-11-29 15:34:21.9917 (StateSyncRequestHandler.cs:18) 玩家ID:482734309785206785 移动方向: 0.97679114 , 0 , 0.21419401
2025-11-29 15:34:21.9917 (StateSyncRequestHandler.cs:18) 玩家ID:482734309785206785 移动到新位置: 3.922207 , 0 , -5.504787
2025-11-29 15:34:22.0892 (StateSyncRequestHandler.cs:18) 玩家ID:482734309785206785 移动方向: 0.82965857 , 0 , 0.55827117
2025-11-29 15:34:22.0892 (StateSyncRequestHandler.cs:18) 玩家ID:482734309785206785 移动到新位置: 4.088139 , 0 , -5.3931327
2025-11-29 15:34:22.1971 (StateSyncRequestHandler.cs:18) 玩家ID:482734309785206785 移动方向: 0.3505491 , 0 , 0.93654436
2025-11-29 15:34:22.1971 (StateSyncRequestHandler.cs:18) 玩家ID:482734309785206785 移动到新位置: 4.158249 , 0 , -5.205824
2025-11-29 15:34:22.2932 (StateSyncRequestHandler.cs:18) 玩家ID:482734309785206785 移动方向: -0.18318415 , 0 , 0.9830786
2025-11-29 15:34:22.2932 (StateSyncRequestHandler.cs:18) 玩家ID:482734309785206785 移动到新位置: 4.121612 , 0 , -5.009208
2025-11-29 15:34:22.3872 (StateSyncRequestHandler.cs:18) 玩家ID:482734309785206785 移动方向: -0.6780217 , 0 , 0.73504186
2025-11-29 15:34:22.3872 (StateSyncRequestHandler.cs:18) 玩家ID:482734309785206785 移动到新位置: 3.9860077 , 0 , -4.8622
2025-11-29 15:34:22.4939 (StateSyncRequestHandler.cs:18) 玩家ID:482734309785206785 移动方向: -0.9788149 , 0 , 0.20474719
2025-11-29 15:34:22.4939 (StateSyncRequestHandler.cs:18) 玩家ID:482734309785206785 移动到新位置: 3.7902448 , 0 , -4.8212504
2025-11-29 15:34:22.5906 (StateSyncRequestHandler.cs:18) 玩家ID:482734309785206785 移动方向: -0.943502 , 0 , -0.33136693
2025-11-29 15:34:22.5906 (StateSyncRequestHandler.cs:18) 玩家ID:482734309785206785 移动到新位置: 3.6015444 , 0 , -4.8875237
2025-11-29 15:34:22.6864 (StateSyncRequestHandler.cs:18) 玩家ID:482734309785206785 移动方向: -0.7104107 , 0 , -0.70378727
2025-11-29 15:34:22.6864 (StateSyncRequestHandler.cs:18) 玩家ID:482734309785206785 移动到新位置: 3.4594622 , 0 , -5.028281
2025-11-29 15:34:22.7925 (StateSyncRequestHandler.cs:18) 玩家ID:482734309785206785 移动到新位置: 3.4594622 , 0 , -5.028281
2025-11-29 15:34:24.6946 (StateSyncRequestHandler.cs:18) 玩家ID:482734309785206785 移动方向: 0.97681063 , 0 , -0.21410511
2025-11-29 15:34:24.6946 (StateSyncRequestHandler.cs:18) 玩家ID:482734309785206785 移动到新位置: 3.6548243 , 0 , -5.071102
2025-11-29 15:34:24.7891 (StateSyncRequestHandler.cs:18) 玩家ID:482734309785206785 移动方向: 0.9807662 , 0 , -0.19518659
2025-11-29 15:34:24.7891 (StateSyncRequestHandler.cs:18) 玩家ID:482734309785206785 移动到新位置: 3.8509774 , 0 , -5.1101394
2025-11-29 15:34:24.8913 (StateSyncRequestHandler.cs:18) 玩家ID:482734309785206785 移动方向: 0.97382295 , 0 , -0.22730806
2025-11-29 15:34:24.8913 (StateSyncRequestHandler.cs:18) 玩家ID:482734309785206785 移动到新位置: 4.045742 , 0 , -5.155601
2025-11-29 15:34:24.9926 (StateSyncRequestHandler.cs:18) 玩家ID:482734309785206785 移动方向: 0.95632577 , 0 , -0.29230294
2025-11-29 15:34:24.9926 (StateSyncRequestHandler.cs:18) 玩家ID:482734309785206785 移动到新位置: 4.237007 , 0 , -5.2140617
2025-11-29 15:34:25.0945 (StateSyncRequestHandler.cs:18) 玩家ID:482734309785206785 移动方向: 0.41023323 , 0 , -0.9119806
2025-11-29 15:34:25.0945 (StateSyncRequestHandler.cs:18) 玩家ID:482734309785206785 移动到新位置: 4.3190536 , 0 , -5.3964577
2025-11-29 15:34:25.1903 (StateSyncRequestHandler.cs:18) 玩家ID:482734309785206785 移动方向: -0.40189767 , 0 , -0.9156846
2025-11-29 15:34:25.1903 (StateSyncRequestHandler.cs:18) 玩家ID:482734309785206785 移动到新位置: 4.238674 , 0 , -5.5795946
2025-11-29 15:34:25.2851 (StateSyncRequestHandler.cs:18) 玩家ID:482734309785206785 移动方向: -0.43172878 , 0 , -0.90200347
2025-11-29 15:34:25.2851 (StateSyncRequestHandler.cs:18) 玩家ID:482734309785206785 移动到新位置: 4.1523285 , 0 , -5.7599955
2025-11-29 15:34:25.3897 (StateSyncRequestHandler.cs:18) 玩家ID:482734309785206785 移动方向: -0.45297933 , 0 , -0.89152104
2025-11-29 15:34:25.3897 (StateSyncRequestHandler.cs:18) 玩家ID:482734309785206785 移动到新位置: 4.061733 , 0 , -5.9382997
2025-11-29 15:34:25.4946 (StateSyncRequestHandler.cs:18) 玩家ID:482734309785206785 移动方向: -0.46274498 , 0 , -0.8864915
2025-11-29 15:34:25.4946 (StateSyncRequestHandler.cs:18) 玩家ID:482734309785206785 移动到新位置: 3.9691837 , 0 , -6.1155977
2025-11-29 15:34:25.5981 (StateSyncRequestHandler.cs:18) 玩家ID:482734309785206785 移动方向: 0.29549178 , 0 , -0.9553453
2025-11-29 15:34:25.5981 (StateSyncRequestHandler.cs:18) 玩家ID:482734309785206785 移动到新位置: 4.028282 , 0 , -6.306667
2025-11-29 15:34:25.6906 (StateSyncRequestHandler.cs:18) 玩家ID:482734309785206785 移动方向: 0.8707303 , 0 , -0.49176085
2025-11-29 15:34:25.6906 (StateSyncRequestHandler.cs:18) 玩家ID:482734309785206785 移动到新位置: 4.2024283 , 0 , -6.405019
2025-11-29 15:34:25.7931 (StateSyncRequestHandler.cs:18) 玩家ID:482734309785206785 移动方向: 0.79196644 , 0 , -0.61056465
2025-11-29 15:34:25.7931 (StateSyncRequestHandler.cs:18) 玩家ID:482734309785206785 移动到新位置: 4.3608217 , 0 , -6.5271316
2025-11-29 15:34:25.8924 (StateSyncRequestHandler.cs:18) 玩家ID:482734309785206785 移动方向: 0.7396363 , 0 , 0.6730068
2025-11-29 15:34:25.8924 (StateSyncRequestHandler.cs:18) 玩家ID:482734309785206785 移动到新位置: 4.508749 , 0 , -6.3925304
2025-11-29 15:34:25.9946 (StateSyncRequestHandler.cs:18) 玩家ID:482734309785206785 移动方向: 0.80512106 , 0 , 0.5931105
2025-11-29 15:34:25.9946 (StateSyncRequestHandler.cs:18) 玩家ID:482734309785206785 移动到新位置: 4.669773 , 0 , -6.273908
2025-11-29 15:34:26.0884 (StateSyncRequestHandler.cs:18) 玩家ID:482734309785206785 移动方向: 0.8275845 , 0 , 0.5613411
2025-11-29 15:34:26.0884 (StateSyncRequestHandler.cs:18) 玩家ID:482734309785206785 移动到新位置: 4.83529 , 0 , -6.1616397
2025-11-29 15:34:26.1862 (StateSyncRequestHandler.cs:18) 玩家ID:482734309785206785 移动方向: 0.97918975 , 0 , -0.20294675
2025-11-29 15:34:26.1862 (StateSyncRequestHandler.cs:18) 玩家ID:482734309785206785 移动到新位置: 5.031128 , 0 , -6.202229
2025-11-29 15:34:26.2863 (StateSyncRequestHandler.cs:18) 玩家ID:482734309785206785 移动方向: 0.97812545 , 0 , -0.20801562
2025-11-29 15:34:26.2863 (StateSyncRequestHandler.cs:18) 玩家ID:482734309785206785 移动到新位置: 5.226753 , 0 , -6.243832
2025-11-29 15:34:26.3870 (StateSyncRequestHandler.cs:18) 玩家ID:482734309785206785 移动方向: 0.54307365 , 0 , -0.8396851
2025-11-29 15:34:26.3870 (StateSyncRequestHandler.cs:18) 玩家ID:482734309785206785 移动到新位置: 5.335368 , 0 , -6.411769
2025-11-29 15:34:26.4897 (StateSyncRequestHandler.cs:18) 玩家ID:482734309785206785 移动方向: 0.54262275 , 0 , -0.8399765
2025-11-29 15:34:26.4897 (StateSyncRequestHandler.cs:18) 玩家ID:482734309785206785 移动到新位置: 5.4438925 , 0 , -6.5797644
2025-11-29 15:34:26.5910 (StateSyncRequestHandler.cs:18) 玩家ID:482734309785206785 移动方向: -0.8407828 , 0 , -0.5413726
2025-11-29 15:34:26.5910 (StateSyncRequestHandler.cs:18) 玩家ID:482734309785206785 移动到新位置: 5.275736 , 0 , -6.688039
2025-11-29 15:34:26.6884 (StateSyncRequestHandler.cs:18) 玩家ID:482734309785206785 移动方向: -0.8470337 , 0 , -0.53153926
2025-11-29 15:34:26.6884 (StateSyncRequestHandler.cs:18) 玩家ID:482734309785206785 移动到新位置: 5.106329 , 0 , -6.794347
2025-11-29 15:34:26.7884 (StateSyncRequestHandler.cs:18) 玩家ID:482734309785206785 移动方向: -0.85376096 , 0 , -0.52066517
2025-11-29 15:34:26.7884 (StateSyncRequestHandler.cs:18) 玩家ID:482734309785206785 移动到新位置: 4.935577 , 0 , -6.89848
2025-11-29 15:34:26.8966 (StateSyncRequestHandler.cs:18) 玩家ID:482734309785206785 移动方向: -0.85952264 , 0 , -0.51109767
2025-11-29 15:34:26.8966 (StateSyncRequestHandler.cs:18) 玩家ID:482734309785206785 移动到新位置: 4.7636724 , 0 , -7.0006995
2025-11-29 15:34:26.9857 (StateSyncRequestHandler.cs:18) 玩家ID:482734309785206785 移动方向: -0.8635114 , 0 , -0.50432926
2025-11-29 15:34:26.9857 (StateSyncRequestHandler.cs:18) 玩家ID:482734309785206785 移动到新位置: 4.59097 , 0 , -7.1015654
2025-11-29 15:34:27.0872 (StateSyncRequestHandler.cs:18) 玩家ID:482734309785206785 移动方向: -0.8655544 , 0 , -0.50081486
2025-11-29 15:34:27.0872 (StateSyncRequestHandler.cs:18) 玩家ID:482734309785206785 移动到新位置: 4.417859 , 0 , -7.2017283
2025-11-29 15:34:27.1930 (StateSyncRequestHandler.cs:18) 玩家ID:482734309785206785 移动方向: 0.49560386 , 0 , -0.8685487
2025-11-29 15:34:27.1930 (StateSyncRequestHandler.cs:18) 玩家ID:482734309785206785 移动到新位置: 4.5169797 , 0 , -7.375438
2025-11-29 15:34:27.2848 (StateSyncRequestHandler.cs:18) 玩家ID:482734309785206785 移动方向: 0.4498264 , 0 , -0.893116
2025-11-29 15:34:27.2848 (StateSyncRequestHandler.cs:18) 玩家ID:482734309785206785 移动到新位置: 4.606945 , 0 , -7.5540614
2025-11-29 15:34:27.3933 (StateSyncRequestHandler.cs:18) 玩家ID:482734309785206785 移动方向: 0.94980425 , 0 , 0.3128448
2025-11-29 15:34:27.3933 (StateSyncRequestHandler.cs:18) 玩家ID:482734309785206785 移动到新位置: 4.796906 , 0 , -7.4914923
2025-11-29 15:34:27.4943 (StateSyncRequestHandler.cs:18) 玩家ID:482734309785206785 移动方向: 0.9778528 , 0 , 0.20929375
2025-11-29 15:34:27.4943 (StateSyncRequestHandler.cs:18) 玩家ID:482734309785206785 移动到新位置: 4.9924765 , 0 , -7.4496336
2025-11-29 15:34:27.5920 (StateSyncRequestHandler.cs:18) 玩家ID:482734309785206785 移动方向: 0.98701584 , 0 , 0.16062284
2025-11-29 15:34:27.5920 (StateSyncRequestHandler.cs:18) 玩家ID:482734309785206785 移动到新位置: 5.1898794 , 0 , -7.417509
2025-11-29 15:34:27.6875 (StateSyncRequestHandler.cs:18) 玩家ID:482734309785206785 移动方向: 0.9897181 , 0 , 0.14303198
2025-11-29 15:34:27.6875 (StateSyncRequestHandler.cs:18) 玩家ID:482734309785206785 移动到新位置: 5.387823 , 0 , -7.3889027
2025-11-29 15:34:27.7833 (StateSyncRequestHandler.cs:18) 玩家ID:482734309785206785 移动方向: 0.99067074 , 0 , 0.13627714
2025-11-29 15:34:27.7833 (StateSyncRequestHandler.cs:18) 玩家ID:482734309785206785 移动到新位置: 5.585957 , 0 , -7.361647
2025-11-29 15:34:27.8900 (StateSyncRequestHandler.cs:18) 玩家ID:482734309785206785 移动方向: 0.9944158 , 0 , 0.10553281
2025-11-29 15:34:27.8900 (StateSyncRequestHandler.cs:18) 玩家ID:482734309785206785 移动到新位置: 5.78484 , 0 , -7.3405404
2025-11-29 15:34:27.9853 (StateSyncRequestHandler.cs:18) 玩家ID:482734309785206785 移动方向: 0.9988991 , 0 , 0.04691023
2025-11-29 15:34:27.9853 (StateSyncRequestHandler.cs:18) 玩家ID:482734309785206785 移动到新位置: 5.98462 , 0 , -7.331158
2025-11-29 15:34:28.0944 (StateSyncRequestHandler.cs:18) 玩家ID:482734309785206785 移动方向: 0.9999794 , 0 , 0.0064235083
2025-11-29 15:34:28.0944 (StateSyncRequestHandler.cs:18) 玩家ID:482734309785206785 移动到新位置: 6.184616 , 0 , -7.3298736
2025-11-29 15:34:28.1873 (StateSyncRequestHandler.cs:18) 玩家ID:482734309785206785 移动方向: 0.99997264 , 0 , -0.007394162
2025-11-29 15:34:28.1873 (StateSyncRequestHandler.cs:18) 玩家ID:482734309785206785 移动到新位置: 6.3846107 , 0 , -7.331352
2025-11-29 15:34:28.2884 (StateSyncRequestHandler.cs:18) 玩家ID:482734309785206785 移动方向: 0.9999147 , 0 , -0.013059204
2025-11-29 15:34:28.2884 (StateSyncRequestHandler.cs:18) 玩家ID:482734309785206785 移动到新位置: 6.584594 , 0 , -7.333964
2025-11-29 15:34:28.3905 (StateSyncRequestHandler.cs:18) 玩家ID:482734309785206785 移动方向: 0.9998891 , 0 , -0.014893833
2025-11-29 15:34:28.3905 (StateSyncRequestHandler.cs:18) 玩家ID:482734309785206785 移动到新位置: 6.7845716 , 0 , -7.3369427
2025-11-29 15:34:28.4921 (StateSyncRequestHandler.cs:18) 玩家ID:482734309785206785 移动方向: 0.99988043 , 0 , -0.015464707
2025-11-29 15:34:28.4921 (StateSyncRequestHandler.cs:18) 玩家ID:482734309785206785 移动到新位置: 6.9845476 , 0 , -7.3400354
2025-11-29 15:34:28.5888 (StateSyncRequestHandler.cs:18) 玩家ID:482734309785206785 移动到新位置: 6.9845476 , 0 , -7.3400354
2025-11-29 15:34:41.3942 (StateSyncRequestHandler.cs:18) 玩家ID:482734309785206785 移动方向: -0.9556924 , 0 , 0.29436705
2025-11-29 15:34:41.3942 (StateSyncRequestHandler.cs:18) 玩家ID:482734309785206785 移动到新位置: 6.7934093 , 0 , -7.2811623
2025-11-29 15:34:41.4920 (StateSyncRequestHandler.cs:18) 玩家ID:482734309785206785 移动方向: -0.95575756 , 0 , 0.29415557
2025-11-29 15:34:41.4920 (StateSyncRequestHandler.cs:18) 玩家ID:482734309785206785 移动到新位置: 6.6022577 , 0 , -7.222331
2025-11-29 15:34:41.5909 (StateSyncRequestHandler.cs:18) 玩家ID:482734309785206785 移动方向: -0.95577836 , 0 , 0.294088
2025-11-29 15:34:41.5909 (StateSyncRequestHandler.cs:18) 玩家ID:482734309785206785 移动到新位置: 6.4111023 , 0 , -7.1635137
2025-11-29 15:34:41.6882 (StateSyncRequestHandler.cs:18) 玩家ID:482734309785206785 移动方向: -0.9557845 , 0 , 0.29406816
2025-11-29 15:34:41.6882 (StateSyncRequestHandler.cs:18) 玩家ID:482734309785206785 移动到新位置: 6.2199454 , 0 , -7.1047
2025-11-29 15:34:41.7858 (StateSyncRequestHandler.cs:18) 玩家ID:482734309785206785 移动方向: -0.9557867 , 0 , 0.29406092
2025-11-29 15:34:41.7858 (StateSyncRequestHandler.cs:18) 玩家ID:482734309785206785 移动到新位置: 6.028788 , 0 , -7.045888
2025-11-29 15:34:41.8906 (StateSyncRequestHandler.cs:18) 玩家ID:482734309785206785 移动方向: -0.9557867 , 0 , 0.2940608
2025-11-29 15:34:41.8906 (StateSyncRequestHandler.cs:18) 玩家ID:482734309785206785 移动到新位置: 5.8376307 , 0 , -6.987076
2025-11-29 15:34:41.9875 (StateSyncRequestHandler.cs:18) 玩家ID:482734309785206785 移动方向: -0.9557867 , 0 , 0.2940608
2025-11-29 15:34:41.9875 (StateSyncRequestHandler.cs:18) 玩家ID:482734309785206785 移动到新位置: 5.6464734 , 0 , -6.9282637
2025-11-29 15:34:42.0884 (StateSyncRequestHandler.cs:18) 玩家ID:482734309785206785 移动方向: -0.9557867 , 0 , 0.29406077
2025-11-29 15:34:42.0884 (StateSyncRequestHandler.cs:18) 玩家ID:482734309785206785 移动到新位置: 5.455316 , 0 , -6.8694515
2025-11-29 15:34:42.1910 (StateSyncRequestHandler.cs:18) 玩家ID:482734309785206785 移动方向: -0.9557867 , 0 , 0.29406077
2025-11-29 15:34:42.1910 (StateSyncRequestHandler.cs:18) 玩家ID:482734309785206785 移动到新位置: 5.2641587 , 0 , -6.8106394
2025-11-29 15:34:42.2912 (StateSyncRequestHandler.cs:18) 玩家ID:482734309785206785 移动方向: -0.9557867 , 0 , 0.29406077
2025-11-29 15:34:42.2912 (StateSyncRequestHandler.cs:18) 玩家ID:482734309785206785 移动到新位置: 5.0730014 , 0 , -6.7518272
2025-11-29 15:34:42.3941 (StateSyncRequestHandler.cs:18) 玩家ID:482734309785206785 移动方向: -0.9557867 , 0 , 0.29406077
2025-11-29 15:34:42.3941 (StateSyncRequestHandler.cs:18) 玩家ID:482734309785206785 移动到新位置: 4.881844 , 0 , -6.693015
2025-11-29 15:34:42.4913 (StateSyncRequestHandler.cs:18) 玩家ID:482734309785206785 移动方向: -0.9557867 , 0 , 0.29406077
2025-11-29 15:34:42.4913 (StateSyncRequestHandler.cs:18) 玩家ID:482734309785206785 移动到新位置: 4.6906867 , 0 , -6.634203
2025-11-29 15:34:42.5944 (StateSyncRequestHandler.cs:18) 玩家ID:482734309785206785 移动方向: -0.9557867 , 0 , 0.29406077
2025-11-29 15:34:42.5944 (StateSyncRequestHandler.cs:18) 玩家ID:482734309785206785 移动到新位置: 4.4995294 , 0 , -6.575391
2025-11-29 15:34:42.6869 (StateSyncRequestHandler.cs:18) 玩家ID:482734309785206785 移动方向: -0.9557867 , 0 , 0.29406077
2025-11-29 15:34:42.6869 (StateSyncRequestHandler.cs:18) 玩家ID:482734309785206785 移动到新位置: 4.308372 , 0 , -6.5165787
2025-11-29 15:34:42.7906 (StateSyncRequestHandler.cs:18) 玩家ID:482734309785206785 移动到新位置: 4.308372 , 0 , -6.5165787
2025-11-29 15:34:43.4921 (StateSyncRequestHandler.cs:18) 玩家ID:482734309785206785 移动方向: -0.9557867 , 0 , 0.29406077
2025-11-29 15:34:43.4921 (StateSyncRequestHandler.cs:18) 玩家ID:482734309785206785 移动到新位置: 4.1172147 , 0 , -6.4577665
2025-11-29 15:34:43.5839 (StateSyncRequestHandler.cs:18) 玩家ID:482734309785206785 移动方向: -0.9557867 , 0 , 0.29406077
2025-11-29 15:34:43.5839 (StateSyncRequestHandler.cs:18) 玩家ID:482734309785206785 移动到新位置: 3.9260573 , 0 , -6.3989544
2025-11-29 15:34:43.6868 (StateSyncRequestHandler.cs:18) 玩家ID:482734309785206785 移动方向: -0.9557867 , 0 , 0.29406077
2025-11-29 15:34:43.6868 (StateSyncRequestHandler.cs:18) 玩家ID:482734309785206785 移动到新位置: 3.7349 , 0 , -6.3401423
2025-11-29 15:34:43.7883 (StateSyncRequestHandler.cs:18) 玩家ID:482734309785206785 移动方向: -0.9557867 , 0 , 0.29406077
2025-11-29 15:34:43.7883 (StateSyncRequestHandler.cs:18) 玩家ID:482734309785206785 移动到新位置: 3.5437427 , 0 , -6.28133
2025-11-29 15:34:43.8878 (StateSyncRequestHandler.cs:18) 玩家ID:482734309785206785 移动方向: -0.9557867 , 0 , 0.29406077
2025-11-29 15:34:43.8878 (StateSyncRequestHandler.cs:18) 玩家ID:482734309785206785 移动到新位置: 3.3525853 , 0 , -6.222518
2025-11-29 15:34:43.9918 (StateSyncRequestHandler.cs:18) 玩家ID:482734309785206785 移动方向: -0.9557867 , 0 , 0.29406077
2025-11-29 15:34:43.9918 (StateSyncRequestHandler.cs:18) 玩家ID:482734309785206785 移动到新位置: 3.161428 , 0 , -6.163706
2025-11-29 15:34:44.0856 (StateSyncRequestHandler.cs:18) 玩家ID:482734309785206785 移动方向: -0.9557867 , 0 , 0.29406077
2025-11-29 15:34:44.0856 (StateSyncRequestHandler.cs:18) 玩家ID:482734309785206785 移动到新位置: 2.9702706 , 0 , -6.1048937
2025-11-29 15:34:44.1892 (StateSyncRequestHandler.cs:18) 玩家ID:482734309785206785 移动方向: -0.9557867 , 0 , 0.29406077
2025-11-29 15:34:44.1892 (StateSyncRequestHandler.cs:18) 玩家ID:482734309785206785 移动到新位置: 2.7791133 , 0 , -6.0460815
2025-11-29 15:34:44.2883 (StateSyncRequestHandler.cs:18) 玩家ID:482734309785206785 移动到新位置: 2.7791133 , 0 , -6.0460815
2025-11-29 15:34:44.9931 (StateSyncRequestHandler.cs:18) 玩家ID:482734309785206785 移动方向: -0.9557867 , 0 , 0.29406077
2025-11-29 15:34:44.9931 (StateSyncRequestHandler.cs:18) 玩家ID:482734309785206785 移动到新位置: 2.587956 , 0 , -5.9872694
2025-11-29 15:34:45.0843 (StateSyncRequestHandler.cs:18) 玩家ID:482734309785206785 移动方向: -0.9557867 , 0 , 0.29406077
2025-11-29 15:34:45.0843 (StateSyncRequestHandler.cs:18) 玩家ID:482734309785206785 移动到新位置: 2.3967986 , 0 , -5.9284573
2025-11-29 15:34:45.1867 (StateSyncRequestHandler.cs:18) 玩家ID:482734309785206785 移动方向: -0.9557867 , 0 , 0.29406077
2025-11-29 15:34:45.1867 (StateSyncRequestHandler.cs:18) 玩家ID:482734309785206785 移动到新位置: 2.2056413 , 0 , -5.869645
2025-11-29 15:34:45.2852 (StateSyncRequestHandler.cs:18) 玩家ID:482734309785206785 移动方向: -0.9557867 , 0 , 0.29406077
2025-11-29 15:34:45.2852 (StateSyncRequestHandler.cs:18) 玩家ID:482734309785206785 移动到新位置: 2.014484 , 0 , -5.810833
2025-11-29 15:34:45.3867 (StateSyncRequestHandler.cs:18) 玩家ID:482734309785206785 移动方向: -0.9557867 , 0 , 0.29406077
2025-11-29 15:34:45.3867 (StateSyncRequestHandler.cs:18) 玩家ID:482734309785206785 移动到新位置: 1.8233266 , 0 , -5.752021
2025-11-29 15:34:45.4919 (StateSyncRequestHandler.cs:18) 玩家ID:482734309785206785 移动方向: -0.8837756 , 0 , -0.46791095
2025-11-29 15:34:45.4919 (StateSyncRequestHandler.cs:18) 玩家ID:482734309785206785 移动到新位置: 1.6465715 , 0 , -5.845603
2025-11-29 15:34:45.5937 (StateSyncRequestHandler.cs:18) 玩家ID:482734309785206785 移动方向: -0.8837756 , 0 , -0.46791095
2025-11-29 15:34:45.5937 (StateSyncRequestHandler.cs:18) 玩家ID:482734309785206785 移动到新位置: 1.4698164 , 0 , -5.939185
2025-11-29 15:34:45.6891 (StateSyncRequestHandler.cs:18) 玩家ID:482734309785206785 移动方向: -0.8837756 , 0 , -0.46791095
2025-11-29 15:34:45.6891 (StateSyncRequestHandler.cs:18) 玩家ID:482734309785206785 移动到新位置: 1.2930614 , 0 , -6.0327673
2025-11-29 15:34:45.7864 (StateSyncRequestHandler.cs:18) 玩家ID:482734309785206785 移动方向: -0.8837756 , 0 , -0.46791095
2025-11-29 15:34:45.7864 (StateSyncRequestHandler.cs:18) 玩家ID:482734309785206785 移动到新位置: 1.1163063 , 0 , -6.1263494
2025-11-29 15:34:45.8926 (StateSyncRequestHandler.cs:18) 玩家ID:482734309785206785 移动方向: -0.8837756 , 0 , -0.46791095
2025-11-29 15:34:45.8926 (StateSyncRequestHandler.cs:18) 玩家ID:482734309785206785 移动到新位置: 0.9395512 , 0 , -6.2199316
2025-11-29 15:34:45.9839 (StateSyncRequestHandler.cs:18) 玩家ID:482734309785206785 移动方向: -0.8837756 , 0 , -0.46791095
2025-11-29 15:34:45.9839 (StateSyncRequestHandler.cs:18) 玩家ID:482734309785206785 移动到新位置: 0.76279604 , 0 , -6.3135138
2025-11-29 15:34:46.0898 (StateSyncRequestHandler.cs:18) 玩家ID:482734309785206785 移动方向: -0.8837756 , 0 , -0.46791095
2025-11-29 15:34:46.0898 (StateSyncRequestHandler.cs:18) 玩家ID:482734309785206785 移动到新位置: 0.5860409 , 0 , -6.407096
2025-11-29 15:34:46.1903 (StateSyncRequestHandler.cs:18) 玩家ID:482734309785206785 移动方向: -0.8837756 , 0 , -0.46791095
2025-11-29 15:34:46.1903 (StateSyncRequestHandler.cs:18) 玩家ID:482734309785206785 移动到新位置: 0.40928578 , 0 , -6.500678
2025-11-29 15:34:46.2861 (StateSyncRequestHandler.cs:18) 玩家ID:482734309785206785 移动方向: -0.8837756 , 0 , -0.46791095
2025-11-29 15:34:46.2861 (StateSyncRequestHandler.cs:18) 玩家ID:482734309785206785 移动到新位置: 0.23253067 , 0 , -6.59426
2025-11-29 15:34:46.3910 (StateSyncRequestHandler.cs:18) 玩家ID:482734309785206785 移动方向: -0.8837756 , 0 , -0.46791095
2025-11-29 15:34:46.3910 (StateSyncRequestHandler.cs:18) 玩家ID:482734309785206785 移动到新位置: 0.055775553 , 0 , -6.6878424
2025-11-29 15:34:46.4966 (StateSyncRequestHandler.cs:18) 玩家ID:482734309785206785 移动方向: -0.8837756 , 0 , -0.46791095
2025-11-29 15:34:46.4966 (StateSyncRequestHandler.cs:18) 玩家ID:482734309785206785 移动到新位置: -0.12097956 , 0 , -6.7814245
2025-11-29 15:34:46.5893 (StateSyncRequestHandler.cs:18) 玩家ID:482734309785206785 移动方向: -0.8837756 , 0 , -0.46791095
2025-11-29 15:34:46.5893 (StateSyncRequestHandler.cs:18) 玩家ID:482734309785206785 移动到新位置: -0.29773468 , 0 , -6.8750067
2025-11-29 15:34:46.6922 (StateSyncRequestHandler.cs:18) 玩家ID:482734309785206785 移动方向: -0.8837756 , 0 , -0.46791095
2025-11-29 15:34:46.6922 (StateSyncRequestHandler.cs:18) 玩家ID:482734309785206785 移动到新位置: -0.4744898 , 0 , -6.968589
2025-11-29 15:34:46.7847 (StateSyncRequestHandler.cs:18) 玩家ID:482734309785206785 移动方向: -0.8837756 , 0 , -0.46791095
2025-11-29 15:34:46.7847 (StateSyncRequestHandler.cs:18) 玩家ID:482734309785206785 移动到新位置: -0.65124494 , 0 , -7.062171
2025-11-29 15:34:46.8896 (StateSyncRequestHandler.cs:18) 玩家ID:482734309785206785 移动方向: -0.8837756 , 0 , -0.46791095
2025-11-29 15:34:46.8896 (StateSyncRequestHandler.cs:18) 玩家ID:482734309785206785 移动到新位置: -0.82800007 , 0 , -7.155753
2025-11-29 15:34:46.9899 (StateSyncRequestHandler.cs:18) 玩家ID:482734309785206785 移动方向: -0.8837756 , 0 , -0.46791095
2025-11-29 15:34:46.9899 (StateSyncRequestHandler.cs:18) 玩家ID:482734309785206785 移动到新位置: -1.0047551 , 0 , -7.2493353
2025-11-29 15:34:47.0939 (StateSyncRequestHandler.cs:18) 玩家ID:482734309785206785 移动方向: -0.8837756 , 0 , -0.46791095
2025-11-29 15:34:47.0939 (StateSyncRequestHandler.cs:18) 玩家ID:482734309785206785 移动到新位置: -1.1815102 , 0 , -7.3429174
2025-11-29 15:34:47.1865 (StateSyncRequestHandler.cs:18) 玩家ID:482734309785206785 移动方向: -0.8837756 , 0 , -0.46791095
2025-11-29 15:34:47.1865 (StateSyncRequestHandler.cs:18) 玩家ID:482734309785206785 移动到新位置: -1.3582653 , 0 , -7.4364996
2025-11-29 15:34:47.2895 (StateSyncRequestHandler.cs:18) 玩家ID:482734309785206785 移动方向: -0.8837756 , 0 , -0.46791095
2025-11-29 15:34:47.2895 (StateSyncRequestHandler.cs:18) 玩家ID:482734309785206785 移动到新位置: -1.5350204 , 0 , -7.5300817
2025-11-29 15:34:47.3845 (StateSyncRequestHandler.cs:18) 玩家ID:482734309785206785 移动方向: -0.9566497 , 0 , 0.2912411
2025-11-29 15:34:47.3845 (StateSyncRequestHandler.cs:18) 玩家ID:482734309785206785 移动到新位置: -1.7263503 , 0 , -7.4718337
2025-11-29 15:34:47.4868 (StateSyncRequestHandler.cs:18) 玩家ID:482734309785206785 移动方向: -0.9726288 , 0 , 0.23236449
2025-11-29 15:34:47.4868 (StateSyncRequestHandler.cs:18) 玩家ID:482734309785206785 移动到新位置: -1.920876 , 0 , -7.4253607
2025-11-29 15:34:47.5888 (StateSyncRequestHandler.cs:18) 玩家ID:482734309785206785 移动方向: -0.9886237 , 0 , 0.15041025
2025-11-29 15:34:47.5888 (StateSyncRequestHandler.cs:18) 玩家ID:482734309785206785 移动到新位置: -2.1186008 , 0 , -7.3952785
2025-11-29 15:34:47.6851 (StateSyncRequestHandler.cs:18) 玩家ID:482734309785206785 移动方向: -0.99386466 , 0 , 0.11060293
2025-11-29 15:34:47.6851 (StateSyncRequestHandler.cs:18) 玩家ID:482734309785206785 移动到新位置: -2.3173738 , 0 , -7.373158
2025-11-29 15:34:47.7856 (StateSyncRequestHandler.cs:18) 玩家ID:482734309785206785 移动方向: -0.99551034 , 0 , 0.09465278
2025-11-29 15:34:47.7856 (StateSyncRequestHandler.cs:18) 玩家ID:482734309785206785 移动到新位置: -2.516476 , 0 , -7.3542275
2025-11-29 15:34:47.8889 (StateSyncRequestHandler.cs:18) 玩家ID:482734309785206785 移动方向: -0.99603504 , 0 , 0.08896224
2025-11-29 15:34:47.8889 (StateSyncRequestHandler.cs:18) 玩家ID:482734309785206785 移动到新位置: -2.715683 , 0 , -7.3364353
2025-11-29 15:34:47.9911 (StateSyncRequestHandler.cs:18) 玩家ID:482734309785206785 移动方向: -0.99620056 , 0 , 0.087088965
2025-11-29 15:34:47.9911 (StateSyncRequestHandler.cs:18) 玩家ID:482734309785206785 移动到新位置: -2.9149232 , 0 , -7.3190174
2025-11-29 15:34:48.0905 (StateSyncRequestHandler.cs:18) 玩家ID:482734309785206785 移动到新位置: -2.9149232 , 0 , -7.3190174
2025-11-29 15:35:08.4945 (StateSyncRequestHandler.cs:18) 玩家ID:482734309785206785 移动方向: -0.95682317 , 0 , 0.29067066
2025-11-29 15:35:08.4945 (StateSyncRequestHandler.cs:18) 玩家ID:482734309785206785 移动到新位置: -3.1062877 , 0 , -7.2608833
2025-11-29 15:35:08.5959 (StateSyncRequestHandler.cs:18) 玩家ID:482734309785206785 移动方向: -0.9868678 , 0 , 0.16153024
2025-11-29 15:35:08.5959 (StateSyncRequestHandler.cs:18) 玩家ID:482734309785206785 移动到新位置: -3.3036613 , 0 , -7.228577
2025-11-29 15:35:08.6921 (StateSyncRequestHandler.cs:18) 玩家ID:482734309785206785 移动方向: -0.18809325 , 0 , 0.98215115
2025-11-29 15:35:08.6921 (StateSyncRequestHandler.cs:18) 玩家ID:482734309785206785 移动到新位置: -3.34128 , 0 , -7.032147
2025-11-29 15:35:08.7869 (StateSyncRequestHandler.cs:18) 玩家ID:482734309785206785 移动方向: -0.43304163 , 0 , 0.9013739
2025-11-29 15:35:08.7869 (StateSyncRequestHandler.cs:18) 玩家ID:482734309785206785 移动到新位置: -3.4278884 , 0 , -6.851872
2025-11-29 15:35:08.8892 (StateSyncRequestHandler.cs:18) 玩家ID:482734309785206785 移动方向: 0.197247 , 0 , 0.9803538
2025-11-29 15:35:08.8892 (StateSyncRequestHandler.cs:18) 玩家ID:482734309785206785 移动到新位置: -3.388439 , 0 , -6.6558013
2025-11-29 15:35:08.9945 (StateSyncRequestHandler.cs:18) 玩家ID:482734309785206785 移动方向: 0.28737268 , 0 , 0.95781887
2025-11-29 15:35:08.9945 (StateSyncRequestHandler.cs:18) 玩家ID:482734309785206785 移动到新位置: -3.3309643 , 0 , -6.4642377
2025-11-29 15:35:09.0964 (StateSyncRequestHandler.cs:18) 玩家ID:482734309785206785 移动到新位置: -3.3309643 , 0 , -6.4642377
2025-11-29 15:35:43.6920  收到登录请求
2025-11-29 15:35:43.7293  进入大厅成功，玩家ID:482734309785206785
2025-11-29 15:36:02.9168 (StateSyncRequestHandler.cs:18) 玩家ID:482734309785206785 移动方向: 0.22196972 , 0 , -0.97505355
2025-11-29 15:36:02.9168 (StateSyncRequestHandler.cs:18) 玩家ID:482734309785206785 移动到新位置: -3.2865703 , 0 , -6.6592484
2025-11-29 15:36:03.0131 (StateSyncRequestHandler.cs:18) 玩家ID:482734309785206785 移动方向: 0.36514947 , 0 , -0.9309489
2025-11-29 15:36:03.0131 (StateSyncRequestHandler.cs:18) 玩家ID:482734309785206785 移动到新位置: -3.2135403 , 0 , -6.845438
2025-11-29 15:36:03.1181 (StateSyncRequestHandler.cs:18) 玩家ID:482734309785206785 移动方向: 0.39554584 , 0 , -0.91844624
2025-11-29 15:36:03.1181 (StateSyncRequestHandler.cs:18) 玩家ID:482734309785206785 移动到新位置: -3.1344311 , 0 , -7.029127
2025-11-29 15:36:03.2153 (StateSyncRequestHandler.cs:18) 玩家ID:482734309785206785 移动方向: -0.38146427 , 0 , -0.92438364
2025-11-29 15:36:03.2153 (StateSyncRequestHandler.cs:18) 玩家ID:482734309785206785 移动到新位置: -3.2107239 , 0 , -7.214004
2025-11-29 15:36:03.3121 (StateSyncRequestHandler.cs:18) 玩家ID:482734309785206785 移动方向: -0.39342496 , 0 , -0.9193567
2025-11-29 15:36:03.3121 (StateSyncRequestHandler.cs:18) 玩家ID:482734309785206785 移动到新位置: -3.289409 , 0 , -7.3978753
2025-11-29 15:36:03.4139 (StateSyncRequestHandler.cs:18) 玩家ID:482734309785206785 移动方向: -0.9344039 , 0 , -0.35621536
2025-11-29 15:36:03.4139 (StateSyncRequestHandler.cs:18) 玩家ID:482734309785206785 移动到新位置: -3.4762897 , 0 , -7.4691186
2025-11-29 15:36:03.5092 (StateSyncRequestHandler.cs:18) 玩家ID:482734309785206785 移动方向: -0.8940908 , 0 , 0.44788575
2025-11-29 15:36:03.5092 (StateSyncRequestHandler.cs:18) 玩家ID:482734309785206785 移动到新位置: -3.655108 , 0 , -7.3795414
2025-11-29 15:36:03.6178 (StateSyncRequestHandler.cs:18) 玩家ID:482734309785206785 移动方向: -0.27275297 , 0 , 0.9620841
2025-11-29 15:36:03.6178 (StateSyncRequestHandler.cs:18) 玩家ID:482734309785206785 移动到新位置: -3.7096586 , 0 , -7.1871247
2025-11-29 15:36:03.7183 (StateSyncRequestHandler.cs:18) 玩家ID:482734309785206785 移动到新位置: -3.7096586 , 0 , -7.1871247
