2025-11-29 16:33:40.8466 (EntryLobbyRequestHandler.cs:65) 玩家上次上线位置：x:-3.7096586, y:0, z:-7.1871247
2025-11-29 16:33:40.8466 (EntryLobbyRequestHandler.cs:83) 当前没有其他玩家在线，无需广播
2025-11-29 16:33:42.2874 (StateSyncRequestHandler.cs:36) 当前没有其他玩家在线，无需广播状态同步消息
2025-11-29 16:33:42.3707 (StateSyncRequestHandler.cs:36) 当前没有其他玩家在线，无需广播状态同步消息
2025-11-29 16:33:42.4814 (StateSyncRequestHandler.cs:36) 当前没有其他玩家在线，无需广播状态同步消息
2025-11-29 16:33:42.5729 (StateSyncRequestHandler.cs:36) 当前没有其他玩家在线，无需广播状态同步消息
2025-11-29 16:33:42.6815 (StateSyncRequestHandler.cs:36) 当前没有其他玩家在线，无需广播状态同步消息
2025-11-29 16:33:42.7748 (StateSyncRequestHandler.cs:36) 当前没有其他玩家在线，无需广播状态同步消息
2025-11-29 16:33:42.8843 (StateSyncRequestHandler.cs:36) 当前没有其他玩家在线，无需广播状态同步消息
2025-11-29 16:33:42.9753 (StateSyncRequestHandler.cs:36) 当前没有其他玩家在线，无需广播状态同步消息
2025-11-29 16:33:43.0838 (StateSyncRequestHandler.cs:36) 当前没有其他玩家在线，无需广播状态同步消息
2025-11-29 16:33:43.1756 (StateSyncRequestHandler.cs:36) 当前没有其他玩家在线，无需广播状态同步消息
2025-11-29 16:33:43.2834 (StateSyncRequestHandler.cs:36) 当前没有其他玩家在线，无需广播状态同步消息
2025-11-29 16:33:43.3754 (StateSyncRequestHandler.cs:36) 当前没有其他玩家在线，无需广播状态同步消息
2025-11-29 16:33:43.4835 (StateSyncRequestHandler.cs:36) 当前没有其他玩家在线，无需广播状态同步消息
2025-11-29 16:33:43.5753 (StateSyncRequestHandler.cs:36) 当前没有其他玩家在线，无需广播状态同步消息
2025-11-29 16:33:43.6821 (StateSyncRequestHandler.cs:36) 当前没有其他玩家在线，无需广播状态同步消息
2025-11-29 16:33:43.7745 (StateSyncRequestHandler.cs:36) 当前没有其他玩家在线，无需广播状态同步消息
2025-11-29 16:33:43.8832 (StateSyncRequestHandler.cs:36) 当前没有其他玩家在线，无需广播状态同步消息
2025-11-29 16:33:43.9750 (StateSyncRequestHandler.cs:36) 当前没有其他玩家在线，无需广播状态同步消息
2025-11-29 16:33:44.0674 (StateSyncRequestHandler.cs:36) 当前没有其他玩家在线，无需广播状态同步消息
2025-11-29 16:33:44.1770 (StateSyncRequestHandler.cs:36) 当前没有其他玩家在线，无需广播状态同步消息
2025-11-29 16:33:44.2714 (StateSyncRequestHandler.cs:36) 当前没有其他玩家在线，无需广播状态同步消息
2025-11-29 16:33:45.4840 (StateSyncRequestHandler.cs:36) 当前没有其他玩家在线，无需广播状态同步消息
2025-11-29 16:33:45.5789 (StateSyncRequestHandler.cs:36) 当前没有其他玩家在线，无需广播状态同步消息
2025-11-29 16:33:45.6716 (StateSyncRequestHandler.cs:36) 当前没有其他玩家在线，无需广播状态同步消息
2025-11-29 16:33:45.7796 (StateSyncRequestHandler.cs:36) 当前没有其他玩家在线，无需广播状态同步消息
2025-11-29 16:33:45.8740 (StateSyncRequestHandler.cs:36) 当前没有其他玩家在线，无需广播状态同步消息
2025-11-29 16:33:45.9715 (StateSyncRequestHandler.cs:36) 当前没有其他玩家在线，无需广播状态同步消息
2025-11-29 16:33:46.0770 (StateSyncRequestHandler.cs:36) 当前没有其他玩家在线，无需广播状态同步消息
2025-11-29 16:33:46.1861 (StateSyncRequestHandler.cs:36) 当前没有其他玩家在线，无需广播状态同步消息
2025-11-29 16:33:46.2781 (StateSyncRequestHandler.cs:36) 当前没有其他玩家在线，无需广播状态同步消息
2025-11-29 16:33:46.3703 (StateSyncRequestHandler.cs:36) 当前没有其他玩家在线，无需广播状态同步消息
2025-11-29 16:33:46.4784 (StateSyncRequestHandler.cs:36) 当前没有其他玩家在线，无需广播状态同步消息
2025-11-29 16:33:46.5860 (StateSyncRequestHandler.cs:36) 当前没有其他玩家在线，无需广播状态同步消息
2025-11-29 16:33:46.6794 (StateSyncRequestHandler.cs:36) 当前没有其他玩家在线，无需广播状态同步消息
2025-11-29 16:33:46.7714 (StateSyncRequestHandler.cs:36) 当前没有其他玩家在线，无需广播状态同步消息
2025-11-29 16:33:46.8784 (StateSyncRequestHandler.cs:36) 当前没有其他玩家在线，无需广播状态同步消息
2025-11-29 16:33:46.9864 (StateSyncRequestHandler.cs:36) 当前没有其他玩家在线，无需广播状态同步消息
2025-11-29 16:33:47.0792 (StateSyncRequestHandler.cs:36) 当前没有其他玩家在线，无需广播状态同步消息
2025-11-29 16:33:47.1873 (StateSyncRequestHandler.cs:36) 当前没有其他玩家在线，无需广播状态同步消息
2025-11-29 16:33:47.2800 (StateSyncRequestHandler.cs:36) 当前没有其他玩家在线，无需广播状态同步消息
2025-11-29 16:33:47.3723 (StateSyncRequestHandler.cs:36) 当前没有其他玩家在线，无需广播状态同步消息
2025-11-29 16:33:47.7748 (StateSyncRequestHandler.cs:36) 当前没有其他玩家在线，无需广播状态同步消息
2025-11-29 16:33:47.8818 (StateSyncRequestHandler.cs:36) 当前没有其他玩家在线，无需广播状态同步消息
2025-11-29 16:33:47.9739 (StateSyncRequestHandler.cs:36) 当前没有其他玩家在线，无需广播状态同步消息
2025-11-29 16:33:48.0841 (StateSyncRequestHandler.cs:36) 当前没有其他玩家在线，无需广播状态同步消息
2025-11-29 16:33:48.2693 (StateSyncRequestHandler.cs:36) 当前没有其他玩家在线，无需广播状态同步消息
2025-11-29 16:33:48.3780 (StateSyncRequestHandler.cs:36) 当前没有其他玩家在线，无需广播状态同步消息
2025-11-29 16:33:48.6891 (StateSyncRequestHandler.cs:36) 当前没有其他玩家在线，无需广播状态同步消息
2025-11-29 16:33:48.7846 (StateSyncRequestHandler.cs:36) 当前没有其他玩家在线，无需广播状态同步消息
2025-11-29 16:33:48.8771 (StateSyncRequestHandler.cs:36) 当前没有其他玩家在线，无需广播状态同步消息
2025-11-29 16:33:48.9845 (StateSyncRequestHandler.cs:36) 当前没有其他玩家在线，无需广播状态同步消息
2025-11-29 16:33:49.0779 (StateSyncRequestHandler.cs:36) 当前没有其他玩家在线，无需广播状态同步消息
2025-11-29 16:33:49.1860 (StateSyncRequestHandler.cs:36) 当前没有其他玩家在线，无需广播状态同步消息
2025-11-29 16:33:49.2793 (StateSyncRequestHandler.cs:36) 当前没有其他玩家在线，无需广播状态同步消息
2025-11-29 16:33:49.3713 (StateSyncRequestHandler.cs:36) 当前没有其他玩家在线，无需广播状态同步消息
2025-11-29 16:33:49.4786 (StateSyncRequestHandler.cs:36) 当前没有其他玩家在线，无需广播状态同步消息
2025-11-29 16:33:49.5713 (StateSyncRequestHandler.cs:36) 当前没有其他玩家在线，无需广播状态同步消息
2025-11-29 16:33:49.6788 (StateSyncRequestHandler.cs:36) 当前没有其他玩家在线，无需广播状态同步消息
2025-11-29 16:33:49.7731 (StateSyncRequestHandler.cs:36) 当前没有其他玩家在线，无需广播状态同步消息
2025-11-29 16:33:49.8804 (StateSyncRequestHandler.cs:36) 当前没有其他玩家在线，无需广播状态同步消息
2025-11-29 16:34:05.1745  当前服务器上没有其他玩家在线，无需广播下线消息
2025-11-29 16:34:05.3394  账号ID:482734309785206785 数据已保存到数据库
2025-11-29 16:34:05.3394  玩家ID:482734309785206785 下线成功 , 下线位置:x:-1.3072542, y:0, z:-5.9386415
2025-11-29 16:35:30.6296  玩家上次上线位置：x:-1.3072542, y:0, z:-5.9386415
2025-11-29 16:35:30.6303  当前没有其他玩家在线，无需广播
2025-11-29 16:35:36.9968  当前服务器上没有其他玩家在线，无需广播下线消息
2025-11-29 16:35:36.9968  账号ID:482734309785206785 数据已保存到数据库
2025-11-29 16:35:36.9968  玩家ID:482734309785206785 下线成功 , 下线位置:x:-1.3072542, y:0, z:-5.9386415
2025-11-29 16:35:57.9794  玩家上次上线位置：x:-1.3072542, y:0, z:-5.9386415
2025-11-29 16:35:57.9794  当前没有其他玩家在线，无需广播
2025-11-29 16:36:07.5692  当前服务器上没有其他玩家在线，无需广播下线消息
2025-11-29 16:36:07.5692  账号ID:482734309785206785 数据已保存到数据库
2025-11-29 16:36:07.5692  玩家ID:482734309785206785 下线成功 , 下线位置:x:-1.3072542, y:0, z:-5.9386415
2025-11-29 16:36:48.0947  玩家上次上线位置：x:-1.3072542, y:0, z:-5.9386415
2025-11-29 16:36:48.0947  当前没有其他玩家在线，无需广播
2025-11-29 16:36:50.0954  当前没有其他玩家在线，无需广播状态同步消息
2025-11-29 16:36:50.1823  当前没有其他玩家在线，无需广播状态同步消息
2025-11-29 16:36:50.2917  当前没有其他玩家在线，无需广播状态同步消息
2025-11-29 16:36:50.3908  当前没有其他玩家在线，无需广播状态同步消息
2025-11-29 16:36:50.4834  当前没有其他玩家在线，无需广播状态同步消息
2025-11-29 16:36:50.5871  当前没有其他玩家在线，无需广播状态同步消息
2025-11-29 16:36:50.6902  当前没有其他玩家在线，无需广播状态同步消息
2025-11-29 16:36:50.7867  当前没有其他玩家在线，无需广播状态同步消息
2025-11-29 16:36:50.8900  当前没有其他玩家在线，无需广播状态同步消息
2025-11-29 16:36:50.9922  当前没有其他玩家在线，无需广播状态同步消息
2025-11-29 16:36:51.0914  当前没有其他玩家在线，无需广播状态同步消息
2025-11-29 16:36:53.4924  当前没有其他玩家在线，无需广播状态同步消息
2025-11-29 16:36:53.5878  当前没有其他玩家在线，无需广播状态同步消息
2025-11-29 16:36:53.6841  当前没有其他玩家在线，无需广播状态同步消息
2025-11-29 16:36:53.7898  当前没有其他玩家在线，无需广播状态同步消息
2025-11-29 16:36:53.8855  当前没有其他玩家在线，无需广播状态同步消息
2025-11-29 16:36:53.9832  当前没有其他玩家在线，无需广播状态同步消息
2025-11-29 16:36:54.0830  当前没有其他玩家在线，无需广播状态同步消息
2025-11-29 16:36:54.1900  当前没有其他玩家在线，无需广播状态同步消息
2025-11-29 16:36:54.2878  当前没有其他玩家在线，无需广播状态同步消息
2025-11-29 16:36:54.3822  当前没有其他玩家在线，无需广播状态同步消息
2025-11-29 16:36:54.4878  当前没有其他玩家在线，无需广播状态同步消息
2025-11-29 16:36:54.5894  当前没有其他玩家在线，无需广播状态同步消息
2025-11-29 16:36:54.6890  当前没有其他玩家在线，无需广播状态同步消息
2025-11-29 16:36:54.7851  当前没有其他玩家在线，无需广播状态同步消息
2025-11-29 16:36:54.8874  当前没有其他玩家在线，无需广播状态同步消息
2025-11-29 16:36:54.9899  当前没有其他玩家在线，无需广播状态同步消息
2025-11-29 16:36:55.0899  当前没有其他玩家在线，无需广播状态同步消息
2025-11-29 16:36:55.1859  当前没有其他玩家在线，无需广播状态同步消息
2025-11-29 16:36:55.2846  当前没有其他玩家在线，无需广播状态同步消息
2025-11-29 16:36:57.5851  当前没有其他玩家在线，无需广播状态同步消息
2025-11-29 16:36:57.6847  当前没有其他玩家在线，无需广播状态同步消息
2025-11-29 16:36:57.7888  当前没有其他玩家在线，无需广播状态同步消息
2025-11-29 16:36:57.8839  当前没有其他玩家在线，无需广播状态同步消息
2025-11-29 16:36:57.9877  当前没有其他玩家在线，无需广播状态同步消息
2025-11-29 16:36:58.0946  当前没有其他玩家在线，无需广播状态同步消息
2025-11-29 16:36:58.1896  当前没有其他玩家在线，无需广播状态同步消息
2025-11-29 16:36:58.2933  当前没有其他玩家在线，无需广播状态同步消息
2025-11-29 16:36:58.3908  当前没有其他玩家在线，无需广播状态同步消息
2025-11-29 16:37:04.9869  当前没有其他玩家在线，无需广播状态同步消息
2025-11-29 16:37:05.0928  当前没有其他玩家在线，无需广播状态同步消息
2025-11-29 16:37:05.1851  当前没有其他玩家在线，无需广播状态同步消息
2025-11-29 16:37:06.4839  当前没有其他玩家在线，无需广播状态同步消息
2025-11-29 16:37:06.5887  当前没有其他玩家在线，无需广播状态同步消息
2025-11-29 16:37:06.6965  当前没有其他玩家在线，无需广播状态同步消息
2025-11-29 16:37:06.7879  当前没有其他玩家在线，无需广播状态同步消息
2025-11-29 16:37:06.8908  当前没有其他玩家在线，无需广播状态同步消息
2025-11-29 16:37:06.9893  当前没有其他玩家在线，无需广播状态同步消息
2025-11-29 16:37:07.0863  当前没有其他玩家在线，无需广播状态同步消息
2025-11-29 16:37:07.1935  当前没有其他玩家在线，无需广播状态同步消息
2025-11-29 16:37:07.2863  当前没有其他玩家在线，无需广播状态同步消息
2025-11-29 16:37:07.3861  当前没有其他玩家在线，无需广播状态同步消息
2025-11-29 16:37:07.4848  当前没有其他玩家在线，无需广播状态同步消息
2025-11-29 16:37:19.4844  当前没有其他玩家在线，无需广播状态同步消息
2025-11-29 16:37:19.5913  当前没有其他玩家在线，无需广播状态同步消息
2025-11-29 16:37:19.6871  当前没有其他玩家在线，无需广播状态同步消息
2025-11-29 16:37:19.7829  当前没有其他玩家在线，无需广播状态同步消息
2025-11-29 16:37:19.8895  当前没有其他玩家在线，无需广播状态同步消息
2025-11-29 16:37:19.9911  当前没有其他玩家在线，无需广播状态同步消息
2025-11-29 16:37:20.0923  当前没有其他玩家在线，无需广播状态同步消息
2025-11-29 16:37:20.1923  当前没有其他玩家在线，无需广播状态同步消息
2025-11-29 16:37:20.2857  当前没有其他玩家在线，无需广播状态同步消息
2025-11-29 16:37:20.3894  当前没有其他玩家在线，无需广播状态同步消息
2025-11-29 16:37:20.4939  当前没有其他玩家在线，无需广播状态同步消息
2025-11-29 16:37:20.5860  当前没有其他玩家在线，无需广播状态同步消息
2025-11-29 16:37:20.6893  当前没有其他玩家在线，无需广播状态同步消息
2025-11-29 16:37:20.7923  当前没有其他玩家在线，无需广播状态同步消息
2025-11-29 16:37:20.8899  当前没有其他玩家在线，无需广播状态同步消息
2025-11-29 16:37:20.9880  当前没有其他玩家在线，无需广播状态同步消息
2025-11-29 16:37:21.0863  当前没有其他玩家在线，无需广播状态同步消息
2025-11-29 16:37:21.1922  当前没有其他玩家在线，无需广播状态同步消息
2025-11-29 16:37:21.2846  当前没有其他玩家在线，无需广播状态同步消息
2025-11-29 16:37:21.3839  当前没有其他玩家在线，无需广播状态同步消息
2025-11-29 16:37:21.4863  当前没有其他玩家在线，无需广播状态同步消息
2025-11-29 16:37:21.5890  当前没有其他玩家在线，无需广播状态同步消息
2025-11-29 16:37:21.6868  当前没有其他玩家在线，无需广播状态同步消息
2025-11-29 16:37:21.7900  当前没有其他玩家在线，无需广播状态同步消息
2025-11-29 16:37:21.8866  当前没有其他玩家在线，无需广播状态同步消息
2025-11-29 16:37:21.9859  当前没有其他玩家在线，无需广播状态同步消息
2025-11-29 16:37:22.0855  当前没有其他玩家在线，无需广播状态同步消息
2025-11-29 16:37:22.1876  当前没有其他玩家在线，无需广播状态同步消息
2025-11-29 16:37:22.2893  当前没有其他玩家在线，无需广播状态同步消息
2025-11-29 16:37:22.3897  当前没有其他玩家在线，无需广播状态同步消息
2025-11-29 16:37:22.4842  当前没有其他玩家在线，无需广播状态同步消息
2025-11-29 16:37:22.5868  当前没有其他玩家在线，无需广播状态同步消息
2025-11-29 16:37:22.6873  当前没有其他玩家在线，无需广播状态同步消息
2025-11-29 16:37:22.7866  当前没有其他玩家在线，无需广播状态同步消息
2025-11-29 16:37:22.8821  当前没有其他玩家在线，无需广播状态同步消息
2025-11-29 16:38:08.0162  当前没有其他玩家在线，无需广播状态同步消息
2025-11-29 16:38:08.1199  当前没有其他玩家在线，无需广播状态同步消息
2025-11-29 16:38:08.2215  当前没有其他玩家在线，无需广播状态同步消息
2025-11-29 16:38:08.3256  当前没有其他玩家在线，无需广播状态同步消息
2025-11-29 16:38:08.4193  当前没有其他玩家在线，无需广播状态同步消息
2025-11-29 16:38:08.5183  当前没有其他玩家在线，无需广播状态同步消息
2025-11-29 16:38:08.6191  当前没有其他玩家在线，无需广播状态同步消息
2025-11-29 16:38:08.7187  当前没有其他玩家在线，无需广播状态同步消息
2025-11-29 16:38:08.9268  当前没有其他玩家在线，无需广播状态同步消息
2025-11-29 16:38:09.0219  当前没有其他玩家在线，无需广播状态同步消息
2025-11-29 16:38:09.1223  当前没有其他玩家在线，无需广播状态同步消息
2025-11-29 16:38:09.2234  当前没有其他玩家在线，无需广播状态同步消息
2025-11-29 16:38:09.3189  当前没有其他玩家在线，无需广播状态同步消息
2025-11-29 16:38:09.4168  当前没有其他玩家在线，无需广播状态同步消息
2025-11-29 16:38:09.5259  当前没有其他玩家在线，无需广播状态同步消息
2025-11-29 16:38:09.6242  当前没有其他玩家在线，无需广播状态同步消息
2025-11-29 16:38:09.7194  当前没有其他玩家在线，无需广播状态同步消息
2025-11-29 16:38:09.8262  当前没有其他玩家在线，无需广播状态同步消息
2025-11-29 16:38:09.9239  当前没有其他玩家在线，无需广播状态同步消息
2025-11-29 16:38:10.0263  当前没有其他玩家在线，无需广播状态同步消息
2025-11-29 16:38:10.1163  当前没有其他玩家在线，无需广播状态同步消息
2025-11-29 16:38:10.2160  当前没有其他玩家在线，无需广播状态同步消息
2025-11-29 16:38:10.3198  当前没有其他玩家在线，无需广播状态同步消息
2025-11-29 16:38:10.4152  当前没有其他玩家在线，无需广播状态同步消息
2025-11-29 16:38:10.5211  当前没有其他玩家在线，无需广播状态同步消息
2025-11-29 16:38:10.6244  当前没有其他玩家在线，无需广播状态同步消息
2025-11-29 16:38:10.7246  当前没有其他玩家在线，无需广播状态同步消息
2025-11-29 16:38:10.8189  当前没有其他玩家在线，无需广播状态同步消息
2025-11-29 16:38:13.1190  当前没有其他玩家在线，无需广播状态同步消息
2025-11-29 16:38:13.2159  当前没有其他玩家在线，无需广播状态同步消息
2025-11-29 16:38:13.3174  当前没有其他玩家在线，无需广播状态同步消息
2025-11-29 16:38:13.4220  当前没有其他玩家在线，无需广播状态同步消息
2025-11-29 16:38:13.5238  当前没有其他玩家在线，无需广播状态同步消息
2025-11-29 16:38:13.6277  当前没有其他玩家在线，无需广播状态同步消息
2025-11-29 16:38:13.7214  当前没有其他玩家在线，无需广播状态同步消息
2025-11-29 16:38:17.3160  当前服务器上没有其他玩家在线，无需广播下线消息
2025-11-29 16:38:17.3194  账号ID:482734309785206785 数据已保存到数据库
2025-11-29 16:38:17.3194  玩家ID:482734309785206785 下线成功 , 下线位置:x:-0.5607987, y:0, z:-1.2741344
2025-11-29 16:38:34.4317  玩家上次上线位置：x:-0.5607987, y:0, z:-1.2741344
2025-11-29 16:38:34.4317  当前没有其他玩家在线，无需广播
2025-11-29 16:38:36.0099  当前没有其他玩家在线，无需广播状态同步消息
2025-11-29 16:38:36.1125  当前没有其他玩家在线，无需广播状态同步消息
2025-11-29 16:38:36.2142  当前没有其他玩家在线，无需广播状态同步消息
2025-11-29 16:38:36.3153  当前没有其他玩家在线，无需广播状态同步消息
2025-11-29 16:38:36.4117  当前没有其他玩家在线，无需广播状态同步消息
2025-11-29 16:38:36.5102  当前没有其他玩家在线，无需广播状态同步消息
2025-11-29 16:38:36.6070  当前没有其他玩家在线，无需广播状态同步消息
2025-11-29 16:38:36.7073  当前没有其他玩家在线，无需广播状态同步消息
2025-11-29 16:38:36.8086  当前没有其他玩家在线，无需广播状态同步消息
2025-11-29 16:38:36.9171  当前没有其他玩家在线，无需广播状态同步消息
2025-11-29 16:38:37.0056  当前没有其他玩家在线，无需广播状态同步消息
2025-11-29 16:38:38.8907  当前服务器上没有其他玩家在线，无需广播下线消息
2025-11-29 16:38:38.8907  账号ID:482734309785206785 数据已保存到数据库
2025-11-29 16:38:38.8907  玩家ID:482734309785206785 下线成功 , 下线位置:x:-1.1992856, y:0, z:0.1737663
2025-11-29 16:50:54.3018  玩家上次上线位置：x:-1.1992856, y:0, z:0.1737663
2025-11-29 16:50:54.3018  当前没有其他玩家在线，无需广播
2025-11-29 16:50:55.8055  当前没有其他玩家在线，无需广播状态同步消息
2025-11-29 16:50:55.9134  当前没有其他玩家在线，无需广播状态同步消息
2025-11-29 16:50:56.0066  当前没有其他玩家在线，无需广播状态同步消息
2025-11-29 16:50:56.1147  当前没有其他玩家在线，无需广播状态同步消息
2025-11-29 16:50:56.2080  当前没有其他玩家在线，无需广播状态同步消息
2025-11-29 16:50:56.3140  当前没有其他玩家在线，无需广播状态同步消息
2025-11-29 16:50:56.4077  当前没有其他玩家在线，无需广播状态同步消息
2025-11-29 16:50:56.5178  当前没有其他玩家在线，无需广播状态同步消息
2025-11-29 16:50:56.6119  当前没有其他玩家在线，无需广播状态同步消息
2025-11-29 16:50:56.7032  当前没有其他玩家在线，无需广播状态同步消息
2025-11-29 16:50:56.8132  当前没有其他玩家在线，无需广播状态同步消息
2025-11-29 16:50:56.9073  当前没有其他玩家在线，无需广播状态同步消息
2025-11-29 16:50:57.3101  当前没有其他玩家在线，无需广播状态同步消息
2025-11-29 16:50:57.4018  当前没有其他玩家在线，无需广播状态同步消息
2025-11-29 16:50:57.5104  当前没有其他玩家在线，无需广播状态同步消息
2025-11-29 16:50:57.6191  当前没有其他玩家在线，无需广播状态同步消息
2025-11-29 16:50:57.7136  当前没有其他玩家在线，无需广播状态同步消息
2025-11-29 16:50:57.8213  当前没有其他玩家在线，无需广播状态同步消息
2025-11-29 16:50:57.9129  当前没有其他玩家在线，无需广播状态同步消息
2025-11-29 16:50:58.0216  当前没有其他玩家在线，无需广播状态同步消息
2025-11-29 16:50:58.1138  当前没有其他玩家在线，无需广播状态同步消息
2025-11-29 16:50:58.2072  当前没有其他玩家在线，无需广播状态同步消息
2025-11-29 16:50:58.3153  当前没有其他玩家在线，无需广播状态同步消息
2025-11-29 16:50:58.4088  当前没有其他玩家在线，无需广播状态同步消息
2025-11-29 16:50:58.5167  当前没有其他玩家在线，无需广播状态同步消息
2025-11-29 16:50:58.6102  当前没有其他玩家在线，无需广播状态同步消息
2025-11-29 16:51:01.0198  当前没有其他玩家在线，无需广播状态同步消息
2025-11-29 16:51:01.0983  当前没有其他玩家在线，无需广播状态同步消息
2025-11-29 16:51:01.2087  当前没有其他玩家在线，无需广播状态同步消息
2025-11-29 16:51:01.3184  当前没有其他玩家在线，无需广播状态同步消息
2025-11-29 16:51:01.4126  当前没有其他玩家在线，无需广播状态同步消息
2025-11-29 16:51:01.5060  当前没有其他玩家在线，无需广播状态同步消息
2025-11-29 16:51:01.6149  当前没有其他玩家在线，无需广播状态同步消息
2025-11-29 16:51:01.7233  当前没有其他玩家在线，无需广播状态同步消息
2025-11-29 16:51:01.8149  当前没有其他玩家在线，无需广播状态同步消息
2025-11-29 16:51:01.9079  当前没有其他玩家在线，无需广播状态同步消息
2025-11-29 16:51:02.0167  当前没有其他玩家在线，无需广播状态同步消息
2025-11-29 16:51:02.1093  当前没有其他玩家在线，无需广播状态同步消息
2025-11-29 16:51:02.2029  当前没有其他玩家在线，无需广播状态同步消息
2025-11-29 16:51:02.3102  当前没有其他玩家在线，无需广播状态同步消息
2025-11-29 16:51:02.4181  当前没有其他玩家在线，无需广播状态同步消息
2025-11-29 16:51:02.5115  当前没有其他玩家在线，无需广播状态同步消息
2025-11-29 16:51:02.6054  当前没有其他玩家在线，无需广播状态同步消息
2025-11-29 16:51:02.7132  当前没有其他玩家在线，无需广播状态同步消息
2025-11-29 16:51:02.8059  当前没有其他玩家在线，无需广播状态同步消息
2025-11-29 16:51:02.9150  当前没有其他玩家在线，无需广播状态同步消息
2025-11-29 16:51:03.0082  当前没有其他玩家在线，无需广播状态同步消息
2025-11-29 16:51:03.1020  当前没有其他玩家在线，无需广播状态同步消息
2025-11-29 16:51:03.2112  当前没有其他玩家在线，无需广播状态同步消息
2025-11-29 16:51:03.3045  当前没有其他玩家在线，无需广播状态同步消息
2025-11-29 16:51:03.4119  当前没有其他玩家在线，无需广播状态同步消息
2025-11-29 16:51:03.5047  当前没有其他玩家在线，无需广播状态同步消息
2025-11-29 16:51:03.6127  当前没有其他玩家在线，无需广播状态同步消息
2025-11-29 16:51:03.7057  当前没有其他玩家在线，无需广播状态同步消息
2025-11-29 16:51:03.7995  当前没有其他玩家在线，无需广播状态同步消息
2025-11-29 16:51:03.9092  当前没有其他玩家在线，无需广播状态同步消息
2025-11-29 16:51:04.0180  当前没有其他玩家在线，无需广播状态同步消息
2025-11-29 16:51:04.1101  当前没有其他玩家在线，无需广播状态同步消息
2025-11-29 16:51:04.2027  当前没有其他玩家在线，无需广播状态同步消息
2025-11-29 16:51:04.3091  当前没有其他玩家在线，无需广播状态同步消息
2025-11-29 16:51:04.4172  当前没有其他玩家在线，无需广播状态同步消息
2025-11-29 16:51:04.5118  当前没有其他玩家在线，无需广播状态同步消息
2025-11-29 16:51:04.6201  当前没有其他玩家在线，无需广播状态同步消息
2025-11-29 16:51:04.7121  当前没有其他玩家在线，无需广播状态同步消息
2025-11-29 16:51:04.8195  当前没有其他玩家在线，无需广播状态同步消息
2025-11-29 16:51:04.9147  当前没有其他玩家在线，无需广播状态同步消息
2025-11-29 16:51:05.0071  当前没有其他玩家在线，无需广播状态同步消息
2025-11-29 16:51:05.1139  当前没有其他玩家在线，无需广播状态同步消息
2025-11-29 16:51:05.2213  当前没有其他玩家在线，无需广播状态同步消息
2025-11-29 16:51:05.3148  当前没有其他玩家在线，无需广播状态同步消息
2025-11-29 16:51:05.4085  当前没有其他玩家在线，无需广播状态同步消息
2025-11-29 16:51:05.5044  当前没有其他玩家在线，无需广播状态同步消息
2025-11-29 16:51:05.6144  当前没有其他玩家在线，无需广播状态同步消息
2025-11-29 16:51:05.7065  当前没有其他玩家在线，无需广播状态同步消息
2025-11-29 16:51:05.8151  当前没有其他玩家在线，无需广播状态同步消息
2025-11-29 16:51:05.9084  当前没有其他玩家在线，无需广播状态同步消息
2025-11-29 16:51:06.0158  当前没有其他玩家在线，无需广播状态同步消息
2025-11-29 16:51:06.1107  当前没有其他玩家在线，无需广播状态同步消息
2025-11-29 16:51:06.2043  当前没有其他玩家在线，无需广播状态同步消息
2025-11-29 16:51:06.3123  当前没有其他玩家在线，无需广播状态同步消息
2025-11-29 16:51:06.4197  当前没有其他玩家在线，无需广播状态同步消息
2025-11-29 16:51:06.5128  当前没有其他玩家在线，无需广播状态同步消息
2025-11-29 16:51:06.6216  当前没有其他玩家在线，无需广播状态同步消息
2025-11-29 16:51:06.7155  当前没有其他玩家在线，无需广播状态同步消息
2025-11-29 16:51:06.8076  当前没有其他玩家在线，无需广播状态同步消息
2025-11-29 16:51:06.9145  当前没有其他玩家在线，无需广播状态同步消息
2025-11-29 16:51:07.0086  当前没有其他玩家在线，无需广播状态同步消息
2025-11-29 16:51:07.1157  当前没有其他玩家在线，无需广播状态同步消息
2025-11-29 16:51:07.2085  当前没有其他玩家在线，无需广播状态同步消息
2025-11-29 16:51:07.3022  当前没有其他玩家在线，无需广播状态同步消息
2025-11-29 16:51:07.4115  当前没有其他玩家在线，无需广播状态同步消息
2025-11-29 16:51:07.5060  当前没有其他玩家在线，无需广播状态同步消息
2025-11-29 16:51:07.6143  当前没有其他玩家在线，无需广播状态同步消息
2025-11-29 16:51:07.7074  当前没有其他玩家在线，无需广播状态同步消息
2025-11-29 16:51:07.8142  当前没有其他玩家在线，无需广播状态同步消息
2025-11-29 16:51:07.9229  当前没有其他玩家在线，无需广播状态同步消息
2025-11-29 16:51:08.0154  当前没有其他玩家在线，无需广播状态同步消息
2025-11-29 16:51:08.1086  当前没有其他玩家在线，无需广播状态同步消息
2025-11-29 16:51:08.2171  当前没有其他玩家在线，无需广播状态同步消息
2025-11-29 16:51:08.3094  当前没有其他玩家在线，无需广播状态同步消息
2025-11-29 16:51:08.4194  当前没有其他玩家在线，无需广播状态同步消息
2025-11-29 16:51:08.5131  当前没有其他玩家在线，无需广播状态同步消息
2025-11-29 16:51:08.6062  当前没有其他玩家在线，无需广播状态同步消息
2025-11-29 16:51:08.7141  当前没有其他玩家在线，无需广播状态同步消息
2025-11-29 16:51:08.8071  当前没有其他玩家在线，无需广播状态同步消息
2025-11-29 16:51:08.9136  当前没有其他玩家在线，无需广播状态同步消息
2025-11-29 16:51:09.0076  当前没有其他玩家在线，无需广播状态同步消息
2025-11-29 16:51:09.1172  当前没有其他玩家在线，无需广播状态同步消息
2025-11-29 16:51:09.2112  当前没有其他玩家在线，无需广播状态同步消息
2025-11-29 16:51:09.3179  当前没有其他玩家在线，无需广播状态同步消息
2025-11-29 16:51:09.4107  当前没有其他玩家在线，无需广播状态同步消息
2025-11-29 16:51:09.5052  当前没有其他玩家在线，无需广播状态同步消息
2025-11-29 16:51:09.6128  当前没有其他玩家在线，无需广播状态同步消息
2025-11-29 16:51:09.7046  当前没有其他玩家在线，无需广播状态同步消息
2025-11-29 16:51:09.8109  当前没有其他玩家在线，无需广播状态同步消息
2025-11-29 16:51:09.9040  当前没有其他玩家在线，无需广播状态同步消息
2025-11-29 16:51:10.0133  当前没有其他玩家在线，无需广播状态同步消息
2025-11-29 16:51:10.1075  当前没有其他玩家在线，无需广播状态同步消息
2025-11-29 16:51:10.2024  当前没有其他玩家在线，无需广播状态同步消息
2025-11-29 16:51:10.3112  当前没有其他玩家在线，无需广播状态同步消息
2025-11-29 16:51:10.4048  当前没有其他玩家在线，无需广播状态同步消息
2025-11-29 16:51:10.5136  当前没有其他玩家在线，无需广播状态同步消息
2025-11-29 16:51:10.6056  当前没有其他玩家在线，无需广播状态同步消息
2025-11-29 16:51:10.7144  当前没有其他玩家在线，无需广播状态同步消息
2025-11-29 16:51:10.8080  当前没有其他玩家在线，无需广播状态同步消息
2025-11-29 16:51:10.9151  当前没有其他玩家在线，无需广播状态同步消息
2025-11-29 16:51:11.0066  当前没有其他玩家在线，无需广播状态同步消息
2025-11-29 16:51:11.1150  当前没有其他玩家在线，无需广播状态同步消息
2025-11-29 16:51:11.2082  当前没有其他玩家在线，无需广播状态同步消息
2025-11-29 16:51:11.3156  当前没有其他玩家在线，无需广播状态同步消息
2025-11-29 16:51:11.4117  当前没有其他玩家在线，无需广播状态同步消息
2025-11-29 16:51:11.5192  当前没有其他玩家在线，无需广播状态同步消息
2025-11-29 16:51:11.6132  当前没有其他玩家在线，无需广播状态同步消息
2025-11-29 16:51:11.7065  当前没有其他玩家在线，无需广播状态同步消息
2025-11-29 16:51:11.8158  当前没有其他玩家在线，无需广播状态同步消息
2025-11-29 16:51:11.9081  当前没有其他玩家在线，无需广播状态同步消息
2025-11-29 16:51:12.0160  当前没有其他玩家在线，无需广播状态同步消息
2025-11-29 16:51:12.1080  当前没有其他玩家在线，无需广播状态同步消息
2025-11-29 16:51:12.2028  当前没有其他玩家在线，无需广播状态同步消息
2025-11-29 16:51:12.3101  当前没有其他玩家在线，无需广播状态同步消息
2025-11-29 16:51:12.4180  当前没有其他玩家在线，无需广播状态同步消息
2025-11-29 16:51:12.5100  当前没有其他玩家在线，无需广播状态同步消息
2025-11-29 16:51:12.6166  当前没有其他玩家在线，无需广播状态同步消息
2025-11-29 16:51:12.7103  当前没有其他玩家在线，无需广播状态同步消息
2025-11-29 16:51:12.8031  当前没有其他玩家在线，无需广播状态同步消息
2025-11-29 16:51:12.9113  当前没有其他玩家在线，无需广播状态同步消息
2025-11-29 16:51:13.0060  当前没有其他玩家在线，无需广播状态同步消息
2025-11-29 16:51:13.1143  当前没有其他玩家在线，无需广播状态同步消息
2025-11-29 16:51:13.2220  当前没有其他玩家在线，无需广播状态同步消息
2025-11-29 16:51:13.3127  当前没有其他玩家在线，无需广播状态同步消息
2025-11-29 16:51:13.4218  当前没有其他玩家在线，无需广播状态同步消息
2025-11-29 16:51:13.5153  当前没有其他玩家在线，无需广播状态同步消息
2025-11-29 16:51:13.6239  当前没有其他玩家在线，无需广播状态同步消息
2025-11-29 16:51:13.7011  当前没有其他玩家在线，无需广播状态同步消息
2025-11-29 16:51:13.8113  当前没有其他玩家在线，无需广播状态同步消息
2025-11-29 16:51:13.9053  当前没有其他玩家在线，无需广播状态同步消息
2025-11-29 16:51:14.0131  当前没有其他玩家在线，无需广播状态同步消息
2025-11-29 16:51:14.1056  当前没有其他玩家在线，无需广播状态同步消息
2025-11-29 16:51:14.2138  当前没有其他玩家在线，无需广播状态同步消息
2025-11-29 16:51:14.3060  当前没有其他玩家在线，无需广播状态同步消息
2025-11-29 16:51:14.4153  当前没有其他玩家在线，无需广播状态同步消息
2025-11-29 16:51:14.5065  当前没有其他玩家在线，无需广播状态同步消息
2025-11-29 16:51:14.6148  当前没有其他玩家在线，无需广播状态同步消息
2025-11-29 16:51:14.7070  当前没有其他玩家在线，无需广播状态同步消息
2025-11-29 16:51:14.8157  当前没有其他玩家在线，无需广播状态同步消息
2025-11-29 16:51:14.9080  当前没有其他玩家在线，无需广播状态同步消息
2025-11-29 16:51:15.0014  当前没有其他玩家在线，无需广播状态同步消息
2025-11-29 16:51:15.1079  当前没有其他玩家在线，无需广播状态同步消息
2025-11-29 16:51:15.2180  当前没有其他玩家在线，无需广播状态同步消息
2025-11-29 16:51:15.3109  当前没有其他玩家在线，无需广播状态同步消息
2025-11-29 16:51:15.4029  当前没有其他玩家在线，无需广播状态同步消息
2025-11-29 16:51:15.5120  当前没有其他玩家在线，无需广播状态同步消息
2025-11-29 16:51:15.6067  当前没有其他玩家在线，无需广播状态同步消息
2025-11-29 16:51:15.6996  当前没有其他玩家在线，无需广播状态同步消息
2025-11-29 16:51:15.8091  当前没有其他玩家在线，无需广播状态同步消息
2025-11-29 16:51:15.9169  当前没有其他玩家在线，无需广播状态同步消息
2025-11-29 16:51:16.0080  当前没有其他玩家在线，无需广播状态同步消息
2025-11-29 16:51:16.1161  当前没有其他玩家在线，无需广播状态同步消息
2025-11-29 16:51:16.2074  当前没有其他玩家在线，无需广播状态同步消息
2025-11-29 16:51:16.3004  当前没有其他玩家在线，无需广播状态同步消息
2025-11-29 16:51:16.4073  当前没有其他玩家在线，无需广播状态同步消息
2025-11-29 16:51:16.5149  当前没有其他玩家在线，无需广播状态同步消息
2025-11-29 16:51:27.4125  当前没有其他玩家在线，无需广播状态同步消息
2025-11-29 16:51:27.5211  当前没有其他玩家在线，无需广播状态同步消息
2025-11-29 16:51:27.6118  当前没有其他玩家在线，无需广播状态同步消息
2025-11-29 16:51:27.7042  当前没有其他玩家在线，无需广播状态同步消息
2025-11-29 16:51:27.8129  当前没有其他玩家在线，无需广播状态同步消息
2025-11-29 16:51:27.9051  当前没有其他玩家在线，无需广播状态同步消息
2025-11-29 16:51:28.0135  当前没有其他玩家在线，无需广播状态同步消息
2025-11-29 16:51:28.1068  当前没有其他玩家在线，无需广播状态同步消息
2025-11-29 16:51:28.2009  当前没有其他玩家在线，无需广播状态同步消息
2025-11-29 16:51:28.3105  当前没有其他玩家在线，无需广播状态同步消息
2025-11-29 16:51:28.4197  当前没有其他玩家在线，无需广播状态同步消息
2025-11-29 16:51:28.5124  当前没有其他玩家在线，无需广播状态同步消息
2025-11-29 16:51:28.6048  当前没有其他玩家在线，无需广播状态同步消息
2025-11-29 16:51:28.7145  当前没有其他玩家在线，无需广播状态同步消息
2025-11-29 16:51:28.8061  当前没有其他玩家在线，无需广播状态同步消息
2025-11-29 16:51:28.9132  当前没有其他玩家在线，无需广播状态同步消息
2025-11-29 16:51:29.0062  当前没有其他玩家在线，无需广播状态同步消息
2025-11-29 16:51:29.1139  当前没有其他玩家在线，无需广播状态同步消息
2025-11-29 16:51:29.2222  当前没有其他玩家在线，无需广播状态同步消息
2025-11-29 16:51:29.3136  当前没有其他玩家在线，无需广播状态同步消息
2025-11-29 16:51:29.4058  当前没有其他玩家在线，无需广播状态同步消息
2025-11-29 16:51:29.5120  当前没有其他玩家在线，无需广播状态同步消息
2025-11-29 16:51:29.6209  当前没有其他玩家在线，无需广播状态同步消息
2025-11-29 16:51:29.7137  当前没有其他玩家在线，无需广播状态同步消息
2025-11-29 16:51:29.8069  当前没有其他玩家在线，无需广播状态同步消息
2025-11-29 16:51:29.8987  当前没有其他玩家在线，无需广播状态同步消息
2025-11-29 16:51:30.0230  当前没有其他玩家在线，无需广播状态同步消息
2025-11-29 16:51:30.1158  当前没有其他玩家在线，无需广播状态同步消息
2025-11-29 16:51:30.2060  当前没有其他玩家在线，无需广播状态同步消息
2025-11-29 16:51:30.3138  当前没有其他玩家在线，无需广播状态同步消息
2025-11-29 16:51:30.4055  当前没有其他玩家在线，无需广播状态同步消息
2025-11-29 16:51:30.5115  当前没有其他玩家在线，无需广播状态同步消息
2025-11-29 16:51:30.6190  当前没有其他玩家在线，无需广播状态同步消息
2025-11-29 16:51:30.7134  当前没有其他玩家在线，无需广播状态同步消息
2025-11-29 16:51:30.8209  当前没有其他玩家在线，无需广播状态同步消息
2025-11-29 16:51:30.9138  当前没有其他玩家在线，无需广播状态同步消息
2025-11-29 16:51:31.0053  当前没有其他玩家在线，无需广播状态同步消息
2025-11-29 16:51:31.1138  当前没有其他玩家在线，无需广播状态同步消息
2025-11-29 16:51:31.2059  当前没有其他玩家在线，无需广播状态同步消息
2025-11-29 16:51:31.3139  当前没有其他玩家在线，无需广播状态同步消息
2025-11-29 16:51:31.4241  当前没有其他玩家在线，无需广播状态同步消息
2025-11-29 16:51:31.5177  当前没有其他玩家在线，无需广播状态同步消息
2025-11-29 16:51:31.6091  当前没有其他玩家在线，无需广播状态同步消息
2025-11-29 16:51:31.7186  当前没有其他玩家在线，无需广播状态同步消息
2025-11-29 16:51:31.8277  当前没有其他玩家在线，无需广播状态同步消息
2025-11-29 16:51:31.9048  当前没有其他玩家在线，无需广播状态同步消息
2025-11-29 16:51:32.0138  当前没有其他玩家在线，无需广播状态同步消息
2025-11-29 16:51:32.1056  当前没有其他玩家在线，无需广播状态同步消息
2025-11-29 16:51:32.2144  当前没有其他玩家在线，无需广播状态同步消息
2025-11-29 16:51:32.3077  当前没有其他玩家在线，无需广播状态同步消息
2025-11-29 16:51:32.4169  当前没有其他玩家在线，无需广播状态同步消息
2025-11-29 16:51:32.5258  当前没有其他玩家在线，无需广播状态同步消息
2025-11-29 16:51:32.6032  当前没有其他玩家在线，无需广播状态同步消息
2025-11-29 16:51:32.7107  当前没有其他玩家在线，无需广播状态同步消息
2025-11-29 16:51:32.8223  当前没有其他玩家在线，无需广播状态同步消息
2025-11-29 16:51:32.9132  当前没有其他玩家在线，无需广播状态同步消息
2025-11-29 16:51:33.0054  当前没有其他玩家在线，无需广播状态同步消息
2025-11-29 16:51:33.1124  当前没有其他玩家在线，无需广播状态同步消息
2025-11-29 16:51:33.2050  当前没有其他玩家在线，无需广播状态同步消息
2025-11-29 16:51:33.3138  当前没有其他玩家在线，无需广播状态同步消息
2025-11-29 16:51:33.4061  当前没有其他玩家在线，无需广播状态同步消息
2025-11-29 16:51:33.5301  当前没有其他玩家在线，无需广播状态同步消息
2025-11-29 16:51:33.6225  当前没有其他玩家在线，无需广播状态同步消息
2025-11-29 16:51:33.7003  当前没有其他玩家在线，无需广播状态同步消息
2025-11-29 16:51:33.8259  当前没有其他玩家在线，无需广播状态同步消息
2025-11-29 16:51:33.9196  当前没有其他玩家在线，无需广播状态同步消息
2025-11-29 16:51:34.0113  当前没有其他玩家在线，无需广播状态同步消息
2025-11-29 16:51:34.1193  当前没有其他玩家在线，无需广播状态同步消息
2025-11-29 16:51:34.2100  当前没有其他玩家在线，无需广播状态同步消息
2025-11-29 16:51:34.3028  当前没有其他玩家在线，无需广播状态同步消息
2025-11-29 16:51:34.4102  当前没有其他玩家在线，无需广播状态同步消息
2025-11-29 16:51:34.5053  当前没有其他玩家在线，无需广播状态同步消息
2025-11-29 16:51:34.6124  当前没有其他玩家在线，无需广播状态同步消息
2025-11-29 16:51:34.7059  当前没有其他玩家在线，无需广播状态同步消息
2025-11-29 16:51:34.8126  当前没有其他玩家在线，无需广播状态同步消息
2025-11-29 16:51:34.9219  当前没有其他玩家在线，无需广播状态同步消息
2025-11-29 16:51:35.0134  当前没有其他玩家在线，无需广播状态同步消息
2025-11-29 16:51:35.1199  当前没有其他玩家在线，无需广播状态同步消息
2025-11-29 16:51:35.2135  当前没有其他玩家在线，无需广播状态同步消息
2025-11-29 16:51:35.3224  当前没有其他玩家在线，无需广播状态同步消息
2025-11-29 16:51:35.4150  当前没有其他玩家在线，无需广播状态同步消息
2025-11-29 16:51:35.5062  当前没有其他玩家在线，无需广播状态同步消息
2025-11-29 16:51:35.5983  当前没有其他玩家在线，无需广播状态同步消息
2025-11-29 16:51:35.7218  当前没有其他玩家在线，无需广播状态同步消息
2025-11-29 16:51:35.8146  当前没有其他玩家在线，无需广播状态同步消息
2025-11-29 16:51:35.9054  当前没有其他玩家在线，无需广播状态同步消息
2025-11-29 16:51:36.0139  当前没有其他玩家在线，无需广播状态同步消息
2025-11-29 16:51:36.1061  当前没有其他玩家在线，无需广播状态同步消息
2025-11-29 16:51:36.2139  当前没有其他玩家在线，无需广播状态同步消息
2025-11-29 16:51:36.3061  当前没有其他玩家在线，无需广播状态同步消息
2025-11-29 16:51:36.4134  当前没有其他玩家在线，无需广播状态同步消息
2025-11-29 16:51:36.5066  当前没有其他玩家在线，无需广播状态同步消息
2025-11-29 16:51:36.6157  当前没有其他玩家在线，无需广播状态同步消息
2025-11-29 16:51:36.7234  当前没有其他玩家在线，无需广播状态同步消息
2025-11-29 16:51:36.7993  当前没有其他玩家在线，无需广播状态同步消息
2025-11-29 16:51:36.9086  当前没有其他玩家在线，无需广播状态同步消息
2025-11-29 16:51:37.0184  当前没有其他玩家在线，无需广播状态同步消息
2025-11-29 16:51:37.1098  当前没有其他玩家在线，无需广播状态同步消息
2025-11-29 16:51:37.2196  当前没有其他玩家在线，无需广播状态同步消息
2025-11-29 16:51:37.3140  当前没有其他玩家在线，无需广播状态同步消息
2025-11-29 16:51:37.4058  当前没有其他玩家在线，无需广播状态同步消息
2025-11-29 16:51:37.5150  当前没有其他玩家在线，无需广播状态同步消息
2025-11-29 16:51:37.6227  当前没有其他玩家在线，无需广播状态同步消息
2025-11-29 16:51:37.7140  当前没有其他玩家在线，无需广播状态同步消息
2025-11-29 16:51:37.8239  当前没有其他玩家在线，无需广播状态同步消息
2025-11-29 16:51:37.9021  当前没有其他玩家在线，无需广播状态同步消息
2025-11-29 16:51:38.0119  当前没有其他玩家在线，无需广播状态同步消息
2025-11-29 16:51:38.1052  当前没有其他玩家在线，无需广播状态同步消息
2025-11-29 16:51:38.2126  当前没有其他玩家在线，无需广播状态同步消息
2025-11-29 16:51:38.3040  当前没有其他玩家在线，无需广播状态同步消息
2025-11-29 16:51:38.4131  当前没有其他玩家在线，无需广播状态同步消息
2025-11-29 16:51:38.5210  当前没有其他玩家在线，无需广播状态同步消息
2025-11-29 16:51:38.6149  当前没有其他玩家在线，无需广播状态同步消息
2025-11-29 16:51:38.7077  当前没有其他玩家在线，无需广播状态同步消息
2025-11-29 16:51:38.8153  当前没有其他玩家在线，无需广播状态同步消息
2025-11-29 16:51:38.9223  当前没有其他玩家在线，无需广播状态同步消息
2025-11-29 16:51:39.0296  当前没有其他玩家在线，无需广播状态同步消息
2025-11-29 16:51:39.1215  当前没有其他玩家在线，无需广播状态同步消息
2025-11-29 16:51:39.2151  当前没有其他玩家在线，无需广播状态同步消息
2025-11-29 16:51:39.3087  当前没有其他玩家在线，无需广播状态同步消息
2025-11-29 16:51:39.3999  当前没有其他玩家在线，无需广播状态同步消息
2025-11-29 16:51:39.5076  当前没有其他玩家在线，无需广播状态同步消息
2025-11-29 16:51:39.6305  当前没有其他玩家在线，无需广播状态同步消息
2025-11-29 16:51:39.7068  当前没有其他玩家在线，无需广播状态同步消息
2025-11-29 16:51:39.8156  当前没有其他玩家在线，无需广播状态同步消息
2025-11-29 16:51:39.9090  当前没有其他玩家在线，无需广播状态同步消息
2025-11-29 16:51:40.0026  当前没有其他玩家在线，无需广播状态同步消息
2025-11-29 16:51:40.1109  当前没有其他玩家在线，无需广播状态同步消息
2025-11-29 16:51:40.2041  当前没有其他玩家在线，无需广播状态同步消息
2025-11-29 16:51:40.3123  当前没有其他玩家在线，无需广播状态同步消息
2025-11-29 16:51:40.4053  当前没有其他玩家在线，无需广播状态同步消息
2025-11-29 16:51:40.5128  当前没有其他玩家在线，无需广播状态同步消息
2025-11-29 16:51:40.6205  当前没有其他玩家在线，无需广播状态同步消息
2025-11-29 16:51:40.7153  当前没有其他玩家在线，无需广播状态同步消息
2025-11-29 16:51:40.8082  当前没有其他玩家在线，无需广播状态同步消息
2025-11-29 16:51:40.9145  当前没有其他玩家在线，无需广播状态同步消息
2025-11-29 16:51:41.0075  当前没有其他玩家在线，无需广播状态同步消息
2025-11-29 16:51:41.1164  当前没有其他玩家在线，无需广播状态同步消息
2025-11-29 16:51:41.2099  当前没有其他玩家在线，无需广播状态同步消息
2025-11-29 16:51:41.3185  当前没有其他玩家在线，无需广播状态同步消息
2025-11-29 16:51:41.4134  当前没有其他玩家在线，无需广播状态同步消息
2025-11-29 16:51:41.5051  当前没有其他玩家在线，无需广播状态同步消息
2025-11-29 16:51:41.6140  当前没有其他玩家在线，无需广播状态同步消息
2025-11-29 16:51:41.7065  当前没有其他玩家在线，无需广播状态同步消息
2025-11-29 16:51:41.8148  当前没有其他玩家在线，无需广播状态同步消息
2025-11-29 16:51:41.9223  当前没有其他玩家在线，无需广播状态同步消息
2025-11-29 16:51:42.0129  当前没有其他玩家在线，无需广播状态同步消息
2025-11-29 16:51:42.1228  当前没有其他玩家在线，无需广播状态同步消息
2025-11-29 16:51:42.1989  当前没有其他玩家在线，无需广播状态同步消息
2025-11-29 16:51:42.3077  当前没有其他玩家在线，无需广播状态同步消息
2025-11-29 16:51:42.4177  当前没有其他玩家在线，无需广播状态同步消息
2025-11-29 16:51:42.5259  当前没有其他玩家在线，无需广播状态同步消息
2025-11-29 16:51:42.6035  当前没有其他玩家在线，无需广播状态同步消息
2025-11-29 16:51:42.7110  当前没有其他玩家在线，无需广播状态同步消息
2025-11-29 16:51:42.8201  当前没有其他玩家在线，无需广播状态同步消息
2025-11-29 16:51:42.9129  当前没有其他玩家在线，无需广播状态同步消息
2025-11-29 16:51:43.0058  当前没有其他玩家在线，无需广播状态同步消息
2025-11-29 16:51:43.1143  当前没有其他玩家在线，无需广播状态同步消息
2025-11-29 16:51:43.2217  当前没有其他玩家在线，无需广播状态同步消息
2025-11-29 16:51:43.3145  当前没有其他玩家在线，无需广播状态同步消息
2025-11-29 16:51:43.4079  当前没有其他玩家在线，无需广播状态同步消息
2025-11-29 16:51:43.5150  当前没有其他玩家在线，无需广播状态同步消息
2025-11-29 16:51:43.6073  当前没有其他玩家在线，无需广播状态同步消息
2025-11-29 16:51:43.7161  当前没有其他玩家在线，无需广播状态同步消息
2025-11-29 16:51:43.8075  当前没有其他玩家在线，无需广播状态同步消息
2025-11-29 16:51:43.9170  当前没有其他玩家在线，无需广播状态同步消息
2025-11-29 16:51:44.0091  当前没有其他玩家在线，无需广播状态同步消息
2025-11-29 16:51:44.1165  当前没有其他玩家在线，无需广播状态同步消息
2025-11-29 16:51:44.2251  当前没有其他玩家在线，无需广播状态同步消息
2025-11-29 16:51:44.3025  当前没有其他玩家在线，无需广播状态同步消息
2025-11-29 16:51:44.4111  当前没有其他玩家在线，无需广播状态同步消息
2025-11-29 16:51:44.5177  当前没有其他玩家在线，无需广播状态同步消息
2025-11-29 16:51:44.6283  当前没有其他玩家在线，无需广播状态同步消息
2025-11-29 16:51:44.7184  当前没有其他玩家在线，无需广播状态同步消息
2025-11-29 16:51:44.8104  当前没有其他玩家在线，无需广播状态同步消息
2025-11-29 16:51:44.9033  当前没有其他玩家在线，无需广播状态同步消息
2025-11-29 16:51:45.0132  当前没有其他玩家在线，无需广播状态同步消息
2025-11-29 16:51:45.1051  当前没有其他玩家在线，无需广播状态同步消息
2025-11-29 16:51:45.2131  当前没有其他玩家在线，无需广播状态同步消息
2025-11-29 16:51:45.3058  当前没有其他玩家在线，无需广播状态同步消息
2025-11-29 16:51:45.4150  当前没有其他玩家在线，无需广播状态同步消息
2025-11-29 16:51:45.5213  当前没有其他玩家在线，无需广播状态同步消息
2025-11-29 16:51:50.3110  当前没有其他玩家在线，无需广播状态同步消息
2025-11-29 16:51:50.4188  当前没有其他玩家在线，无需广播状态同步消息
2025-11-29 16:51:50.5122  当前没有其他玩家在线，无需广播状态同步消息
2025-11-29 16:51:50.6047  当前没有其他玩家在线，无需广播状态同步消息
2025-11-29 16:51:52.2033  当前没有其他玩家在线，无需广播状态同步消息
2025-11-29 16:51:52.3106  当前没有其他玩家在线，无需广播状态同步消息
2025-11-29 16:51:52.4033  当前没有其他玩家在线，无需广播状态同步消息
2025-11-29 16:51:52.5124  当前没有其他玩家在线，无需广播状态同步消息
2025-11-29 16:51:52.6197  当前没有其他玩家在线，无需广播状态同步消息
2025-11-29 16:51:53.3126  当前没有其他玩家在线，无需广播状态同步消息
2025-11-29 16:51:53.4240  当前没有其他玩家在线，无需广播状态同步消息
2025-11-29 16:51:53.5019  当前没有其他玩家在线，无需广播状态同步消息
2025-11-29 16:51:53.6108  当前没有其他玩家在线，无需广播状态同步消息
2025-11-29 16:51:53.7177  当前没有其他玩家在线，无需广播状态同步消息
2025-11-29 16:51:53.8095  当前没有其他玩家在线，无需广播状态同步消息
2025-11-29 16:51:53.9177  当前没有其他玩家在线，无需广播状态同步消息
2025-11-29 16:51:54.6278  当前没有其他玩家在线，无需广播状态同步消息
2025-11-29 16:51:54.7065  当前没有其他玩家在线，无需广播状态同步消息
2025-11-29 16:51:54.8139  当前没有其他玩家在线，无需广播状态同步消息
2025-11-29 16:51:54.9051  当前没有其他玩家在线，无需广播状态同步消息
2025-11-29 16:51:55.0128  当前没有其他玩家在线，无需广播状态同步消息
2025-11-29 16:51:55.8136  当前没有其他玩家在线，无需广播状态同步消息
2025-11-29 16:51:55.9063  当前没有其他玩家在线，无需广播状态同步消息
2025-11-29 16:51:56.0152  当前没有其他玩家在线，无需广播状态同步消息
2025-11-29 16:51:56.1083  当前没有其他玩家在线，无需广播状态同步消息
2025-11-29 16:51:56.2177  当前没有其他玩家在线，无需广播状态同步消息
2025-11-29 16:51:56.3235  当前没有其他玩家在线，无需广播状态同步消息
2025-11-29 16:51:56.4018  当前没有其他玩家在线，无需广播状态同步消息
2025-11-29 16:51:56.5113  当前没有其他玩家在线，无需广播状态同步消息
2025-11-29 16:51:56.6191  当前没有其他玩家在线，无需广播状态同步消息
2025-11-29 16:51:56.9135  当前没有其他玩家在线，无需广播状态同步消息
2025-11-29 16:51:57.0070  当前没有其他玩家在线，无需广播状态同步消息
2025-11-29 16:51:57.1156  当前没有其他玩家在线，无需广播状态同步消息
2025-11-29 16:51:57.2235  当前没有其他玩家在线，无需广播状态同步消息
2025-11-29 16:51:57.3153  当前没有其他玩家在线，无需广播状态同步消息
2025-11-29 16:51:57.4219  当前没有其他玩家在线，无需广播状态同步消息
2025-11-29 16:51:57.5141  当前没有其他玩家在线，无需广播状态同步消息
2025-11-29 16:51:57.6071  当前没有其他玩家在线，无需广播状态同步消息
2025-11-29 16:51:57.7161  当前没有其他玩家在线，无需广播状态同步消息
2025-11-29 16:51:57.8098  当前没有其他玩家在线，无需广播状态同步消息
2025-11-29 16:51:57.9170  当前没有其他玩家在线，无需广播状态同步消息
2025-11-29 16:51:58.0261  当前没有其他玩家在线，无需广播状态同步消息
2025-11-29 16:51:58.1199  当前没有其他玩家在线，无需广播状态同步消息
2025-11-29 16:51:58.2283  当前没有其他玩家在线，无需广播状态同步消息
2025-11-29 16:51:58.3206  当前没有其他玩家在线，无需广播状态同步消息
2025-11-29 16:51:58.4122  当前没有其他玩家在线，无需广播状态同步消息
2025-11-29 16:51:58.5204  当前没有其他玩家在线，无需广播状态同步消息
2025-11-29 16:51:58.6266  当前没有其他玩家在线，无需广播状态同步消息
2025-11-29 16:51:58.7193  当前没有其他玩家在线，无需广播状态同步消息
2025-11-29 16:51:58.8266  当前没有其他玩家在线，无需广播状态同步消息
2025-11-29 16:51:58.9041  当前没有其他玩家在线，无需广播状态同步消息
2025-11-29 16:51:59.0118  当前没有其他玩家在线，无需广播状态同步消息
2025-11-29 16:51:59.1042  当前没有其他玩家在线，无需广播状态同步消息
2025-11-29 16:51:59.2126  当前没有其他玩家在线，无需广播状态同步消息
2025-11-29 16:51:59.3214  当前没有其他玩家在线，无需广播状态同步消息
2025-11-29 16:51:59.4143  当前没有其他玩家在线，无需广播状态同步消息
2025-11-29 16:51:59.5219  当前没有其他玩家在线，无需广播状态同步消息
2025-11-29 16:51:59.6148  当前没有其他玩家在线，无需广播状态同步消息
2025-11-29 16:51:59.7068  当前没有其他玩家在线，无需广播状态同步消息
2025-11-29 16:51:59.8150  当前没有其他玩家在线，无需广播状态同步消息
2025-11-29 16:51:59.9240  当前没有其他玩家在线，无需广播状态同步消息
2025-11-29 16:52:00.0156  当前没有其他玩家在线，无需广播状态同步消息
2025-11-29 16:52:00.1074  当前没有其他玩家在线，无需广播状态同步消息
2025-11-29 16:52:00.2153  当前没有其他玩家在线，无需广播状态同步消息
2025-11-29 16:52:00.3062  当前没有其他玩家在线，无需广播状态同步消息
2025-11-29 16:52:00.4141  当前没有其他玩家在线，无需广播状态同步消息
2025-11-29 16:52:00.5219  当前没有其他玩家在线，无需广播状态同步消息
2025-11-29 16:52:00.6135  当前没有其他玩家在线，无需广播状态同步消息
2025-11-29 16:52:00.7209  当前没有其他玩家在线，无需广播状态同步消息
2025-11-29 16:52:00.8155  当前没有其他玩家在线，无需广播状态同步消息
2025-11-29 16:52:00.9068  当前没有其他玩家在线，无需广播状态同步消息
2025-11-29 16:52:01.0023  当前没有其他玩家在线，无需广播状态同步消息
2025-11-29 16:52:01.1099  当前没有其他玩家在线，无需广播状态同步消息
2025-11-29 16:52:01.2034  当前没有其他玩家在线，无需广播状态同步消息
2025-11-29 16:52:01.3108  当前没有其他玩家在线，无需广播状态同步消息
2025-11-29 16:52:01.4194  当前没有其他玩家在线，无需广播状态同步消息
2025-11-29 16:52:01.5125  当前没有其他玩家在线，无需广播状态同步消息
2025-11-29 16:52:01.6050  当前没有其他玩家在线，无需广播状态同步消息
2025-11-29 16:52:01.7133  当前没有其他玩家在线，无需广播状态同步消息
2025-11-29 16:52:01.8194  当前没有其他玩家在线，无需广播状态同步消息
2025-11-29 16:52:01.9125  当前没有其他玩家在线，无需广播状态同步消息
2025-11-29 16:52:02.0058  当前没有其他玩家在线，无需广播状态同步消息
2025-11-29 16:52:02.1123  当前没有其他玩家在线，无需广播状态同步消息
2025-11-29 16:52:02.2053  当前没有其他玩家在线，无需广播状态同步消息
2025-11-29 16:52:02.3136  当前没有其他玩家在线，无需广播状态同步消息
2025-11-29 16:52:02.4067  当前没有其他玩家在线，无需广播状态同步消息
2025-11-29 16:52:14.4820  玩家上次上线位置：x:0, y:0, z:0
2025-11-29 16:52:14.4820  向ID:493348359384596481发送其他玩家登录请求
2025-11-29 16:54:32.9233  向玩家ID:482734309785206785 发送玩家ID:482736422909116417下线消息
2025-11-29 16:54:32.9347  账号ID:482736422909116417 数据已保存到数据库
2025-11-29 16:54:32.9347  玩家ID:482736422909116417 下线成功 , 下线位置:x:3.4651854, y:0, z:-0.21124645
2025-11-29 16:54:35.0445  当前服务器上没有其他玩家在线，无需广播下线消息
2025-11-29 16:54:35.0598  账号ID:482734309785206785 数据已保存到数据库
2025-11-29 16:54:35.0598  玩家ID:482734309785206785 下线成功 , 下线位置:x:2.623627, y:0, z:-1.499516
