2025-11-29 17:49:17.8493  

==========================================================================
 
  ███████╗ █████╗ ███╗   ██╗████████╗ █████╗  ██████╗ ██╗   ██╗
  ██╔════╝██╔══██╗████╗  ██║╚══██╔══╝██╔══██╗██╔════╝ ╚██╗ ██╔╝
  █████╗  ███████║██╔██╗ ██║   ██║   ███████║╚█████╗   ╚████╔╝ 
  ██╔══╝  ██╔══██║██║╚██╗██║   ██║   ██╔══██║╚════██║   ╚██╔╝  
  ██║     ██║  ██║██║ ╚████║   ██║   ██║  ██║██████╔╝    ██║   
  ╚═╝     ╚═╝  ╚═╝╚═╝  ╚═══╝   ╚═╝   ╚═╝  ╚═╝╚═════╝     ╚═╝   
                                                            
 Version : Fantasy 2.0 Official version
==========================================================================

2025-11-29 17:49:17.9150  Current inner network protocol:TCP
2025-11-29 17:49:17.9150  Max Message Size(byte):1048560
2025-11-29 17:49:17.9150  Current session idle timeout:8000
2025-11-29 17:49:17.9150  Session-check interval:5000 
2025-11-29 17:49:19.4346  dbName:OnlineTest Initialize the db database and connect to the target.
2025-11-29 17:49:19.9933  dbName:OnlineTest Database connection successful.
2025-11-29 17:49:20.4036  SceneConfigId = 1001 networkTarget = Inner TCPServer Listen 127.0.0.1:11002
2025-11-29 17:49:20.7813  SceneConfigId = 1001 networkTarget = Outer KCPServer Listen 0.0.0.0:20000
2025-11-29 17:49:20.7813  Process:1 Startup Complete SceneCount:1
2025-11-29 17:49:39.3071 (LoginRequestHandler.cs:16) 收到登录请求
2025-11-29 17:49:39.5582 (EntryLobbyRequestHandler.cs:32) 进入大厅成功，玩家ID:482734309785206785
2025-11-29 17:49:41.2028 (LobbyPlayerManagerComponentSystem.cs:97) 玩家ID:482734309785206785 移动方向: 0.6991241 , 0 , -0.7150004
2025-11-29 17:49:41.2028 (LobbyPlayerManagerComponentSystem.cs:102) 玩家ID:482734309785206785 移动到新位置: 2.7634518 , 0 , -1.6425161
2025-11-29 17:49:41.2966 (LobbyPlayerManagerComponentSystem.cs:97) 玩家ID:482734309785206785 移动方向: 0.7817339 , 0 , -0.6236122
2025-11-29 17:49:41.2966 (LobbyPlayerManagerComponentSystem.cs:102) 玩家ID:482734309785206785 移动到新位置: 2.9197986 , 0 , -1.7672386
2025-11-29 17:49:41.3935 (LobbyPlayerManagerComponentSystem.cs:97) 玩家ID:482734309785206785 移动方向: 0.80875784 , 0 , -0.5881418
2025-11-29 17:49:41.3935 (LobbyPlayerManagerComponentSystem.cs:102) 玩家ID:482734309785206785 移动到新位置: 3.0815501 , 0 , -1.884867
2025-11-29 17:49:41.4957 (LobbyPlayerManagerComponentSystem.cs:97) 玩家ID:482734309785206785 移动方向: 0.8182496 , 0 , -0.5748631
2025-11-29 17:49:41.4957 (LobbyPlayerManagerComponentSystem.cs:102) 玩家ID:482734309785206785 移动到新位置: 3.2452002 , 0 , -1.9998395
2025-11-29 17:49:41.5953 (LobbyPlayerManagerComponentSystem.cs:97) 玩家ID:482734309785206785 移动方向: 0.17733666 , 0 , -0.9841502
2025-11-29 17:49:41.5953 (LobbyPlayerManagerComponentSystem.cs:102) 玩家ID:482734309785206785 移动到新位置: 3.2806675 , 0 , -2.1966696
2025-11-29 17:49:41.6938 (LobbyPlayerManagerComponentSystem.cs:97) 玩家ID:482734309785206785 移动方向: -0.5691637 , 0 , -0.82222426
2025-11-29 17:49:41.6938 (LobbyPlayerManagerComponentSystem.cs:102) 玩家ID:482734309785206785 移动到新位置: 3.1668348 , 0 , -2.3611145
2025-11-29 17:49:41.7944 (LobbyPlayerManagerComponentSystem.cs:102) 玩家ID:482734309785206785 移动到新位置: 3.1668348 , 0 , -2.3611145
2025-11-29 17:49:42.7950 (LobbyPlayerManagerComponentSystem.cs:97) 玩家ID:482734309785206785 移动方向: -0.9939071 , 0 , -0.11022148
2025-11-29 17:49:42.7950 (LobbyPlayerManagerComponentSystem.cs:102) 玩家ID:482734309785206785 移动到新位置: 2.9680533 , 0 , -2.3831587
2025-11-29 17:49:42.8952 (LobbyPlayerManagerComponentSystem.cs:97) 玩家ID:482734309785206785 移动方向: -0.9924031 , 0 , -0.123028845
2025-11-29 17:49:42.8957 (LobbyPlayerManagerComponentSystem.cs:102) 玩家ID:482734309785206785 移动到新位置: 2.7695727 , 0 , -2.4077644
2025-11-29 17:49:42.9934 (LobbyPlayerManagerComponentSystem.cs:97) 玩家ID:482734309785206785 移动方向: -0.9910596 , 0 , -0.13341996
2025-11-29 17:49:42.9934 (LobbyPlayerManagerComponentSystem.cs:102) 玩家ID:482734309785206785 移动到新位置: 2.5713608 , 0 , -2.4344485
2025-11-29 17:49:43.0949 (LobbyPlayerManagerComponentSystem.cs:97) 玩家ID:482734309785206785 移动方向: -0.99040586 , 0 , -0.13818917
2025-11-29 17:49:43.0949 (LobbyPlayerManagerComponentSystem.cs:102) 玩家ID:482734309785206785 移动到新位置: 2.3732796 , 0 , -2.4620862
2025-11-29 17:49:43.1982 (LobbyPlayerManagerComponentSystem.cs:97) 玩家ID:482734309785206785 移动方向: -0.9901474 , 0 , -0.1400289
2025-11-29 17:49:43.1982 (LobbyPlayerManagerComponentSystem.cs:102) 玩家ID:482734309785206785 移动到新位置: 2.17525 , 0 , -2.490092
2025-11-29 17:49:43.2969 (LobbyPlayerManagerComponentSystem.cs:97) 玩家ID:482734309785206785 移动方向: -0.60064507 , 0 , -0.7995158
2025-11-29 17:49:43.2969 (LobbyPlayerManagerComponentSystem.cs:102) 玩家ID:482734309785206785 移动到新位置: 2.055121 , 0 , -2.649995
2025-11-29 17:49:43.3948 (LobbyPlayerManagerComponentSystem.cs:97) 玩家ID:482734309785206785 移动方向: -0.60049295 , 0 , -0.7996299
2025-11-29 17:49:43.3948 (LobbyPlayerManagerComponentSystem.cs:102) 玩家ID:482734309785206785 移动到新位置: 1.9350224 , 0 , -2.809921
2025-11-29 17:49:43.4949 (LobbyPlayerManagerComponentSystem.cs:97) 玩家ID:482734309785206785 移动方向: -0.60044277 , 0 , -0.7996677
2025-11-29 17:49:43.4949 (LobbyPlayerManagerComponentSystem.cs:102) 玩家ID:482734309785206785 移动到新位置: 1.8149338 , 0 , -2.9698546
2025-11-29 17:49:43.5997 (LobbyPlayerManagerComponentSystem.cs:97) 玩家ID:482734309785206785 移动方向: -0.9900248 , 0 , -0.14089313
2025-11-29 17:49:43.5997 (LobbyPlayerManagerComponentSystem.cs:102) 玩家ID:482734309785206785 移动到新位置: 1.6169288 , 0 , -2.9980333
2025-11-29 17:49:43.6993 (LobbyPlayerManagerComponentSystem.cs:102) 玩家ID:482734309785206785 移动到新位置: 1.6169288 , 0 , -2.9980333
2025-11-29 17:49:44.0915 (LobbyPlayerManagerComponentSystem.cs:97) 玩家ID:482734309785206785 移动方向: 0.9999395 , 0 , 0.010998429
2025-11-29 17:49:44.0915 (LobbyPlayerManagerComponentSystem.cs:102) 玩家ID:482734309785206785 移动到新位置: 1.8169167 , 0 , -2.9958336
2025-11-29 17:49:44.1955 (LobbyPlayerManagerComponentSystem.cs:97) 玩家ID:482734309785206785 移动方向: 0.99887127 , 0 , -0.047499914
2025-11-29 17:49:44.1955 (LobbyPlayerManagerComponentSystem.cs:102) 玩家ID:482734309785206785 移动到新位置: 2.016691 , 0 , -3.0053337
2025-11-29 17:49:44.3002 (LobbyPlayerManagerComponentSystem.cs:97) 玩家ID:482734309785206785 移动方向: 0.9971621 , 0 , -0.07528406
2025-11-29 17:49:44.3002 (LobbyPlayerManagerComponentSystem.cs:102) 玩家ID:482734309785206785 移动到新位置: 2.2161233 , 0 , -3.0203905
2025-11-29 17:49:44.3981 (LobbyPlayerManagerComponentSystem.cs:97) 玩家ID:482734309785206785 移动方向: 0.644465 , 0 , -0.76463383
2025-11-29 17:49:44.3981 (LobbyPlayerManagerComponentSystem.cs:102) 玩家ID:482734309785206785 移动到新位置: 2.3450162 , 0 , -3.1733172
2025-11-29 17:49:44.4913 (LobbyPlayerManagerComponentSystem.cs:97) 玩家ID:482734309785206785 移动方向: -0.08839107 , 0 , -0.9960859
2025-11-29 17:49:44.4913 (LobbyPlayerManagerComponentSystem.cs:102) 玩家ID:482734309785206785 移动到新位置: 2.327338 , 0 , -3.3725343
2025-11-29 17:49:44.5908 (LobbyPlayerManagerComponentSystem.cs:97) 玩家ID:482734309785206785 移动方向: -0.767645 , 0 , -0.6408753
2025-11-29 17:49:44.5908 (LobbyPlayerManagerComponentSystem.cs:102) 玩家ID:482734309785206785 移动到新位置: 2.173809 , 0 , -3.5007093
2025-11-29 17:49:44.6958 (LobbyPlayerManagerComponentSystem.cs:97) 玩家ID:482734309785206785 移动方向: -0.99593806 , 0 , 0.090040855
2025-11-29 17:49:44.6958 (LobbyPlayerManagerComponentSystem.cs:102) 玩家ID:482734309785206785 移动到新位置: 1.9746214 , 0 , -3.482701
2025-11-29 17:49:44.7948 (LobbyPlayerManagerComponentSystem.cs:97) 玩家ID:482734309785206785 移动方向: -0.9958748 , 0 , 0.09073771
2025-11-29 17:49:44.7948 (LobbyPlayerManagerComponentSystem.cs:102) 玩家ID:482734309785206785 移动到新位置: 1.7754464 , 0 , -3.4645536
2025-11-29 17:49:44.8958 (LobbyPlayerManagerComponentSystem.cs:97) 玩家ID:482734309785206785 移动方向: -0.9920886 , 0 , 0.1255399
2025-11-29 17:49:44.8958 (LobbyPlayerManagerComponentSystem.cs:102) 玩家ID:482734309785206785 移动到新位置: 1.5770288 , 0 , -3.4394455
2025-11-29 17:49:44.9941 (LobbyPlayerManagerComponentSystem.cs:97) 玩家ID:482734309785206785 移动方向: -0.9838312 , 0 , 0.1790982
2025-11-29 17:49:44.9941 (LobbyPlayerManagerComponentSystem.cs:102) 玩家ID:482734309785206785 移动到新位置: 1.3802625 , 0 , -3.403626
2025-11-29 17:49:45.0989 (LobbyPlayerManagerComponentSystem.cs:97) 玩家ID:482734309785206785 移动方向: -0.97799516 , 0 , 0.20862776
2025-11-29 17:49:45.0989 (LobbyPlayerManagerComponentSystem.cs:102) 玩家ID:482734309785206785 移动到新位置: 1.1846634 , 0 , -3.3619003
2025-11-29 17:49:45.1935 (StateSyncRequestHandler.cs:18) 玩家ID:482734309785206785 移动方向: -0.97543675 , 0 , 0.22027978
2025-11-29 17:49:45.1935 (StateSyncRequestHandler.cs:18) 玩家ID:482734309785206785 移动到新位置: 0.9895761 , 0 , -3.3178444
2025-11-29 17:49:45.2984 (StateSyncRequestHandler.cs:18) 玩家ID:482734309785206785 移动方向: -0.9679509 , 0 , 0.25113976
2025-11-29 17:49:45.2984 (StateSyncRequestHandler.cs:18) 玩家ID:482734309785206785 移动到新位置: 0.79598594 , 0 , -3.2676165
2025-11-29 17:49:45.3913 (StateSyncRequestHandler.cs:18) 玩家ID:482734309785206785 移动方向: -0.9612887 , 0 , 0.27554318
2025-11-29 17:49:45.3913 (StateSyncRequestHandler.cs:18) 玩家ID:482734309785206785 移动到新位置: 0.6037282 , 0 , -3.212508
2025-11-29 17:49:45.5099 (StateSyncRequestHandler.cs:18) 玩家ID:482734309785206785 移动到新位置: 0.6037282 , 0 , -3.212508
2025-11-29 17:49:47.3994 (StateSyncRequestHandler.cs:18) 玩家ID:482734309785206785 移动方向: 0.9948143 , 0 , -0.10170826
2025-11-29 17:49:47.3994 (StateSyncRequestHandler.cs:18) 玩家ID:482734309785206785 移动到新位置: 0.80269104 , 0 , -3.2328496
2025-11-29 17:49:47.4988 (StateSyncRequestHandler.cs:18) 玩家ID:482734309785206785 移动方向: 0.96835166 , 0 , -0.24958977
2025-11-29 17:49:47.4988 (StateSyncRequestHandler.cs:18) 玩家ID:482734309785206785 移动到新位置: 0.9963614 , 0 , -3.2827675
2025-11-29 17:49:47.5960 (StateSyncRequestHandler.cs:18) 玩家ID:482734309785206785 移动方向: 0.94582987 , 0 , -0.32466254
2025-11-29 17:49:47.5960 (StateSyncRequestHandler.cs:18) 玩家ID:482734309785206785 移动到新位置: 1.1855273 , 0 , -3.3477
2025-11-29 17:49:47.6997 (StateSyncRequestHandler.cs:18) 玩家ID:482734309785206785 移动方向: 0.9335224 , 0 , -0.35851908
2025-11-29 17:49:47.6997 (StateSyncRequestHandler.cs:18) 玩家ID:482734309785206785 移动到新位置: 1.3722318 , 0 , -3.419404
2025-11-29 17:49:47.7930 (StateSyncRequestHandler.cs:18) 玩家ID:482734309785206785 移动方向: 0.92930746 , 0 , -0.36930692
2025-11-29 17:49:47.7930 (StateSyncRequestHandler.cs:18) 玩家ID:482734309785206785 移动到新位置: 1.5580933 , 0 , -3.4932654
2025-11-29 17:49:47.8970 (StateSyncRequestHandler.cs:18) 玩家ID:482734309785206785 移动方向: 0.9276017 , 0 , -0.3735707
2025-11-29 17:49:47.8970 (StateSyncRequestHandler.cs:18) 玩家ID:482734309785206785 移动到新位置: 1.7436136 , 0 , -3.5679796
2025-11-29 17:49:47.9961 (StateSyncRequestHandler.cs:18) 玩家ID:482734309785206785 移动方向: 0.39049023 , 0 , -0.92060703
2025-11-29 17:49:47.9961 (StateSyncRequestHandler.cs:18) 玩家ID:482734309785206785 移动到新位置: 1.8217117 , 0 , -3.752101
2025-11-29 17:49:48.0927 (StateSyncRequestHandler.cs:18) 玩家ID:482734309785206785 移动方向: 0.39010632 , 0 , -0.9207698
2025-11-29 17:49:48.0927 (StateSyncRequestHandler.cs:18) 玩家ID:482734309785206785 移动到新位置: 1.899733 , 0 , -3.936255
2025-11-29 17:49:48.1918 (StateSyncRequestHandler.cs:18) 玩家ID:482734309785206785 移动到新位置: 1.899733 , 0 , -3.936255
2025-11-29 17:51:30.9800  收到登录请求
2025-11-29 17:51:31.0396  进入大厅成功，玩家ID:482736422909116417
2025-11-29 17:51:31.0396  获取其他玩家数据，玩家ID:482734309785206785
2025-11-29 17:51:32.8519 (StateSyncRequestHandler.cs:18) 玩家ID:482736422909116417 移动方向: 0.24953865 , 0 , -0.96836483
2025-11-29 17:51:32.8519 (StateSyncRequestHandler.cs:18) 玩家ID:482736422909116417 移动到新位置: 3.515093 , 0 , -0.4049194
2025-11-29 17:51:32.9609 (StateSyncRequestHandler.cs:18) 玩家ID:482736422909116417 移动方向: 0.57047665 , 0 , -0.8213138
2025-11-29 17:51:32.9609 (StateSyncRequestHandler.cs:18) 玩家ID:482736422909116417 移动到新位置: 3.6291885 , 0 , -0.56918216
2025-11-29 17:51:33.0520 (StateSyncRequestHandler.cs:18) 玩家ID:482736422909116417 移动方向: 0.70287484 , 0 , -0.71131355
2025-11-29 17:51:33.0529 (StateSyncRequestHandler.cs:18) 玩家ID:482736422909116417 移动到新位置: 3.7697635 , 0 , -0.71144485
2025-11-29 17:51:33.1603 (StateSyncRequestHandler.cs:18) 玩家ID:482736422909116417 移动方向: 0.7575097 , 0 , -0.65282387
2025-11-29 17:51:33.1609 (StateSyncRequestHandler.cs:18) 玩家ID:482736422909116417 移动到新位置: 3.9212654 , 0 , -0.8420096
2025-11-29 17:51:33.2532 (StateSyncRequestHandler.cs:18) 玩家ID:482736422909116417 移动方向: 0.1259735 , 0 , -0.9920336
2025-11-29 17:51:33.2532 (StateSyncRequestHandler.cs:18) 玩家ID:482736422909116417 移动到新位置: 3.94646 , 0 , -1.0404164
2025-11-29 17:51:33.3608 (StateSyncRequestHandler.cs:18) 玩家ID:482736422909116417 移动方向: 0.16608283 , 0 , -0.98611176
2025-11-29 17:51:33.3608 (StateSyncRequestHandler.cs:18) 玩家ID:482736422909116417 移动到新位置: 3.9796765 , 0 , -1.2376387
2025-11-29 17:51:33.4693 (StateSyncRequestHandler.cs:18) 玩家ID:482736422909116417 移动方向: 0.18997699 , 0 , -0.9817886
2025-11-29 17:51:33.4693 (StateSyncRequestHandler.cs:18) 玩家ID:482736422909116417 移动到新位置: 4.017672 , 0 , -1.4339964
2025-11-29 17:51:33.5623 (StateSyncRequestHandler.cs:18) 玩家ID:482736422909116417 移动方向: 0.20079479 , 0 , -0.97963333
2025-11-29 17:51:33.5623 (StateSyncRequestHandler.cs:18) 玩家ID:482736422909116417 移动到新位置: 4.057831 , 0 , -1.6299231
2025-11-29 17:51:33.6716 (StateSyncRequestHandler.cs:18) 玩家ID:482736422909116417 移动方向: 0.83689475 , 0 , -0.5473639
2025-11-29 17:51:33.6716 (StateSyncRequestHandler.cs:18) 玩家ID:482736422909116417 移动到新位置: 4.2252097 , 0 , -1.7393959
2025-11-29 17:51:33.7655 (StateSyncRequestHandler.cs:18) 玩家ID:482736422909116417 移动方向: 0.83762276 , 0 , -0.54624915
2025-11-29 17:51:33.7655 (StateSyncRequestHandler.cs:18) 玩家ID:482736422909116417 移动到新位置: 4.392734 , 0 , -1.8486457
2025-11-29 17:51:33.8748 (StateSyncRequestHandler.cs:18) 玩家ID:482736422909116417 移动方向: 0.83785295 , 0 , -0.545896
2025-11-29 17:51:33.8748 (StateSyncRequestHandler.cs:18) 玩家ID:482736422909116417 移动到新位置: 4.5603046 , 0 , -1.957825
2025-11-29 17:51:33.9529 (StateSyncRequestHandler.cs:18) 玩家ID:482736422909116417 移动方向: 0.8379196 , 0 , -0.5457938
2025-11-29 17:51:33.9529 (StateSyncRequestHandler.cs:18) 玩家ID:482736422909116417 移动到新位置: 4.7278886 , 0 , -2.0669837
2025-11-29 17:51:34.0620 (StateSyncRequestHandler.cs:18) 玩家ID:482736422909116417 移动到新位置: 4.7278886 , 0 , -2.0669837
2025-11-29 17:51:34.1712 (StateSyncRequestHandler.cs:18) 玩家ID:482736422909116417 移动方向: -0.97842 , 0 , -0.20662564
2025-11-29 17:51:34.1712 (StateSyncRequestHandler.cs:18) 玩家ID:482736422909116417 移动到新位置: 4.5322046 , 0 , -2.1083088
2025-11-29 17:51:34.2653 (StateSyncRequestHandler.cs:18) 玩家ID:482736422909116417 移动方向: -0.837956 , 0 , 0.54573786
2025-11-29 17:51:34.2653 (StateSyncRequestHandler.cs:18) 玩家ID:482736422909116417 移动到新位置: 4.3646135 , 0 , -1.9991612
2025-11-29 17:51:34.3577 (StateSyncRequestHandler.cs:18) 玩家ID:482736422909116417 移动到新位置: 4.3646135 , 0 , -1.9991612
2025-11-29 17:51:35.0554 (StateSyncRequestHandler.cs:18) 玩家ID:482736422909116417 移动方向: -0.57016975 , 0 , -0.8215269
2025-11-29 17:51:35.0554 (StateSyncRequestHandler.cs:18) 玩家ID:482736422909116417 移动到新位置: 4.2505794 , 0 , -2.1634667
2025-11-29 17:51:35.1632 (StateSyncRequestHandler.cs:18) 玩家ID:482736422909116417 移动方向: 0.45811352 , 0 , -0.8888936
2025-11-29 17:51:35.1632 (StateSyncRequestHandler.cs:18) 玩家ID:482736422909116417 移动到新位置: 4.342202 , 0 , -2.3412454
2025-11-29 17:51:35.2574 (StateSyncRequestHandler.cs:18) 玩家ID:482736422909116417 移动方向: -0.2109526 , 0 , -0.9774963
2025-11-29 17:51:35.2574 (StateSyncRequestHandler.cs:18) 玩家ID:482736422909116417 移动到新位置: 4.3000116 , 0 , -2.5367446
2025-11-29 17:51:35.3499 (StateSyncRequestHandler.cs:18) 玩家ID:482736422909116417 移动方向: -0.17798583 , 0 , -0.98403305
2025-11-29 17:51:35.3499 (StateSyncRequestHandler.cs:18) 玩家ID:482736422909116417 移动到新位置: 4.2644143 , 0 , -2.7335513
2025-11-29 17:51:35.4579 (StateSyncRequestHandler.cs:18) 玩家ID:482736422909116417 移动方向: -0.117362864 , 0 , -0.99308914
2025-11-29 17:51:35.4588 (StateSyncRequestHandler.cs:18) 玩家ID:482736422909116417 移动到新位置: 4.2409415 , 0 , -2.932169
2025-11-29 17:51:35.5653 (StateSyncRequestHandler.cs:18) 玩家ID:482736422909116417 移动方向: -0.076350845 , 0 , -0.99708104
2025-11-29 17:51:35.5653 (StateSyncRequestHandler.cs:18) 玩家ID:482736422909116417 移动到新位置: 4.2256713 , 0 , -3.1315851
2025-11-29 17:51:35.6584 (StateSyncRequestHandler.cs:18) 玩家ID:482736422909116417 移动方向: -0.06242449 , 0 , -0.9980497
2025-11-29 17:51:35.6584 (StateSyncRequestHandler.cs:18) 玩家ID:482736422909116417 移动到新位置: 4.2131863 , 0 , -3.331195
2025-11-29 17:51:35.7678 (StateSyncRequestHandler.cs:18) 玩家ID:482736422909116417 移动方向: 0.665346 , 0 , -0.74653506
2025-11-29 17:51:35.7678 (StateSyncRequestHandler.cs:18) 玩家ID:482736422909116417 移动到新位置: 4.3462553 , 0 , -3.4805021
2025-11-29 17:51:35.8603 (StateSyncRequestHandler.cs:18) 玩家ID:482736422909116417 移动到新位置: 4.3462553 , 0 , -3.4805021
2025-11-29 17:51:36.4600 (StateSyncRequestHandler.cs:18) 玩家ID:482736422909116417 移动方向: -0.4862887 , 0 , -0.8737982
2025-11-29 17:51:36.4600 (StateSyncRequestHandler.cs:18) 玩家ID:482736422909116417 移动到新位置: 4.2489977 , 0 , -3.6552618
2025-11-29 17:51:36.5556 (StateSyncRequestHandler.cs:18) 玩家ID:482736422909116417 移动方向: -0.52726763 , 0 , -0.8496993
2025-11-29 17:51:36.5556 (StateSyncRequestHandler.cs:18) 玩家ID:482736422909116417 移动到新位置: 4.143544 , 0 , -3.8252015
2025-11-29 17:51:36.6636 (StateSyncRequestHandler.cs:18) 玩家ID:482736422909116417 移动到新位置: 4.143544 , 0 , -3.8252015
2025-11-29 17:51:36.7575 (StateSyncRequestHandler.cs:18) 玩家ID:482736422909116417 移动方向: 0.54148906 , 0 , 0.8407078
2025-11-29 17:51:36.7575 (StateSyncRequestHandler.cs:18) 玩家ID:482736422909116417 移动到新位置: 4.251842 , 0 , -3.65706
2025-11-29 17:51:36.8651 (StateSyncRequestHandler.cs:18) 玩家ID:482736422909116417 移动方向: 0.5421997 , 0 , 0.84024966
2025-11-29 17:51:36.8651 (StateSyncRequestHandler.cs:18) 玩家ID:482736422909116417 移动到新位置: 4.360282 , 0 , -3.4890099
2025-11-29 17:51:36.9743 (StateSyncRequestHandler.cs:18) 玩家ID:482736422909116417 移动方向: 0.5423798 , 0 , 0.8401334
2025-11-29 17:51:36.9743 (StateSyncRequestHandler.cs:18) 玩家ID:482736422909116417 移动到新位置: 4.468758 , 0 , -3.3209832
2025-11-29 17:51:37.0540 (StateSyncRequestHandler.cs:18) 玩家ID:482736422909116417 移动方向: 0.9775952 , 0 , 0.21049377
2025-11-29 17:51:37.0540 (StateSyncRequestHandler.cs:18) 玩家ID:482736422909116417 移动到新位置: 4.664277 , 0 , -3.2788844
2025-11-29 17:51:37.1592 (StateSyncRequestHandler.cs:18) 玩家ID:482736422909116417 移动方向: 0.8400963 , 0 , -0.54243726
2025-11-29 17:51:37.1592 (StateSyncRequestHandler.cs:18) 玩家ID:482736422909116417 移动到新位置: 4.8322964 , 0 , -3.3873718
2025-11-29 17:51:37.2514 (StateSyncRequestHandler.cs:18) 玩家ID:482736422909116417 移动方向: -0.5424403 , 0 , -0.8400943
2025-11-29 17:51:37.2514 (StateSyncRequestHandler.cs:18) 玩家ID:482736422909116417 移动到新位置: 4.7238083 , 0 , -3.5553906
2025-11-29 17:51:37.3596 (StateSyncRequestHandler.cs:18) 玩家ID:482736422909116417 移动方向: -0.97759986 , 0 , -0.21047205
2025-11-29 17:51:37.3596 (StateSyncRequestHandler.cs:18) 玩家ID:482736422909116417 移动到新位置: 4.5282884 , 0 , -3.597485
2025-11-29 17:51:37.4517 (StateSyncRequestHandler.cs:18) 玩家ID:482736422909116417 移动方向: -0.54244125 , 0 , -0.84009373
2025-11-29 17:51:37.4517 (StateSyncRequestHandler.cs:18) 玩家ID:482736422909116417 移动到新位置: 4.4198003 , 0 , -3.765504
2025-11-29 17:51:37.5579 (StateSyncRequestHandler.cs:18) 玩家ID:482736422909116417 移动到新位置: 4.4198003 , 0 , -3.765504
2025-11-29 17:51:38.5582 (StateSyncRequestHandler.cs:18) 玩家ID:482736422909116417 移动方向: 0.09732535 , 0 , -0.9952526
2025-11-29 17:51:38.5582 (StateSyncRequestHandler.cs:18) 玩家ID:482736422909116417 移动到新位置: 4.4392653 , 0 , -3.9645543
2025-11-29 17:51:38.6665 (StateSyncRequestHandler.cs:18) 玩家ID:482736422909116417 移动方向: 0.20303002 , 0 , -0.97917247
2025-11-29 17:51:38.6665 (StateSyncRequestHandler.cs:18) 玩家ID:482736422909116417 移动到新位置: 4.4798713 , 0 , -4.160389
2025-11-29 17:51:38.7607 (StateSyncRequestHandler.cs:18) 玩家ID:482736422909116417 移动方向: 0.1755847 , 0 , -0.98446435
2025-11-29 17:51:38.7607 (StateSyncRequestHandler.cs:18) 玩家ID:482736422909116417 移动到新位置: 4.5149884 , 0 , -4.3572817
2025-11-29 17:51:38.8724 (StateSyncRequestHandler.cs:18) 玩家ID:482736422909116417 移动方向: 0.009604155 , 0 , -0.99995387
2025-11-29 17:51:38.8724 (StateSyncRequestHandler.cs:18) 玩家ID:482736422909116417 移动到新位置: 4.516909 , 0 , -4.5572724
2025-11-29 17:51:38.9490 (StateSyncRequestHandler.cs:18) 玩家ID:482736422909116417 移动方向: 0.98219866 , 0 , -0.1878452
2025-11-29 17:51:38.9490 (StateSyncRequestHandler.cs:18) 玩家ID:482736422909116417 移动到新位置: 4.713349 , 0 , -4.5948415
2025-11-29 17:51:39.0572 (StateSyncRequestHandler.cs:18) 玩家ID:482736422909116417 移动方向: 0.8943188 , 0 , 0.44743025
2025-11-29 17:51:39.0572 (StateSyncRequestHandler.cs:18) 玩家ID:482736422909116417 移动到新位置: 4.892213 , 0 , -4.5053554
2025-11-29 17:51:39.1656 (StateSyncRequestHandler.cs:18) 玩家ID:482736422909116417 移动方向: -0.39516383 , 0 , 0.91861063
2025-11-29 17:51:39.1656 (StateSyncRequestHandler.cs:18) 玩家ID:482736422909116417 移动到新位置: 4.81318 , 0 , -4.3216333
2025-11-29 17:51:39.2593 (StateSyncRequestHandler.cs:18) 玩家ID:482736422909116417 移动方向: -0.3765811 , 0 , 0.9263836
2025-11-29 17:51:39.2593 (StateSyncRequestHandler.cs:18) 玩家ID:482736422909116417 移动到新位置: 4.7378635 , 0 , -4.136357
2025-11-29 17:51:39.3691 (StateSyncRequestHandler.cs:18) 玩家ID:482736422909116417 移动方向: 0.3946919 , 0 , 0.91881347
2025-11-29 17:51:39.3691 (StateSyncRequestHandler.cs:18) 玩家ID:482736422909116417 移动到新位置: 4.816802 , 0 , -3.952594
2025-11-29 17:51:39.4609 (StateSyncRequestHandler.cs:18) 玩家ID:482736422909116417 移动方向: 0.39626423 , 0 , 0.91813654
2025-11-29 17:51:39.4609 (StateSyncRequestHandler.cs:18) 玩家ID:482736422909116417 移动到新位置: 4.8960547 , 0 , -3.7689667
2025-11-29 17:51:39.5541 (StateSyncRequestHandler.cs:18) 玩家ID:482736422909116417 移动方向: 0.92967105 , 0 , 0.36839068
2025-11-29 17:51:39.5541 (StateSyncRequestHandler.cs:18) 玩家ID:482736422909116417 移动到新位置: 5.081989 , 0 , -3.6952887
2025-11-29 17:51:39.6640 (StateSyncRequestHandler.cs:18) 玩家ID:482736422909116417 移动方向: 0.9297501 , 0 , 0.36819118
2025-11-29 17:51:39.6640 (StateSyncRequestHandler.cs:18) 玩家ID:482736422909116417 移动到新位置: 5.2679386 , 0 , -3.6216505
2025-11-29 17:51:39.7584 (StateSyncRequestHandler.cs:18) 玩家ID:482736422909116417 移动方向: 0.92976856 , 0 , 0.3681446
2025-11-29 17:51:39.7584 (StateSyncRequestHandler.cs:18) 玩家ID:482736422909116417 移动到新位置: 5.453892 , 0 , -3.5480216
2025-11-29 17:51:39.8676 (StateSyncRequestHandler.cs:18) 玩家ID:482736422909116417 移动方向: 0.9297738 , 0 , 0.36813116
2025-11-29 17:51:39.8676 (StateSyncRequestHandler.cs:18) 玩家ID:482736422909116417 移动到新位置: 5.639847 , 0 , -3.4743953
2025-11-29 17:51:39.9620 (StateSyncRequestHandler.cs:18) 玩家ID:482736422909116417 移动方向: 0.397146 , 0 , 0.9177555
2025-11-29 17:51:39.9620 (StateSyncRequestHandler.cs:18) 玩家ID:482736422909116417 移动到新位置: 5.719276 , 0 , -3.2908442
2025-11-29 17:51:40.0546 (StateSyncRequestHandler.cs:18) 玩家ID:482736422909116417 移动到新位置: 5.719276 , 0 , -3.2908442
2025-11-29 17:51:40.5525 (StateSyncRequestHandler.cs:18) 玩家ID:482736422909116417 移动方向: 0.3971475 , 0 , 0.91775477
2025-11-29 17:51:40.5525 (StateSyncRequestHandler.cs:18) 玩家ID:482736422909116417 移动到新位置: 5.7987056 , 0 , -3.1072931
2025-11-29 17:51:40.6625 (StateSyncRequestHandler.cs:18) 玩家ID:482736422909116417 移动方向: 0.3971475 , 0 , 0.91775477
2025-11-29 17:51:40.6625 (StateSyncRequestHandler.cs:18) 玩家ID:482736422909116417 移动到新位置: 5.878135 , 0 , -2.9237423
2025-11-29 17:51:40.7553 (StateSyncRequestHandler.cs:18) 玩家ID:482736422909116417 移动方向: 0.3971475 , 0 , 0.91775477
2025-11-29 17:51:40.7553 (StateSyncRequestHandler.cs:18) 玩家ID:482736422909116417 移动到新位置: 5.957565 , 0 , -2.7401915
2025-11-29 17:51:40.8488 (StateSyncRequestHandler.cs:18) 玩家ID:482736422909116417 移动方向: -0.36812493 , 0 , 0.9297763
2025-11-29 17:51:40.8488 (StateSyncRequestHandler.cs:18) 玩家ID:482736422909116417 移动到新位置: 5.8839397 , 0 , -2.5542362
2025-11-29 17:51:40.9577 (StateSyncRequestHandler.cs:18) 玩家ID:482736422909116417 移动方向: -0.36812493 , 0 , 0.9297763
2025-11-29 17:51:40.9577 (StateSyncRequestHandler.cs:18) 玩家ID:482736422909116417 移动到新位置: 5.8103147 , 0 , -2.368281
2025-11-29 17:51:41.0658 (StateSyncRequestHandler.cs:18) 玩家ID:482736422909116417 移动方向: -0.91775477 , 0 , 0.39714754
2025-11-29 17:51:41.0658 (StateSyncRequestHandler.cs:18) 玩家ID:482736422909116417 移动到新位置: 5.626764 , 0 , -2.2888513
2025-11-29 17:51:41.1586 (StateSyncRequestHandler.cs:18) 玩家ID:482736422909116417 移动方向: -0.9297763 , 0 , -0.36812493
2025-11-29 17:51:41.1586 (StateSyncRequestHandler.cs:18) 玩家ID:482736422909116417 移动到新位置: 5.440809 , 0 , -2.3624763
2025-11-29 17:51:41.2525 (StateSyncRequestHandler.cs:18) 玩家ID:482736422909116417 移动方向: -0.3971475 , 0 , -0.91775477
2025-11-29 17:51:41.2525 (StateSyncRequestHandler.cs:18) 玩家ID:482736422909116417 移动到新位置: 5.361379 , 0 , -2.5460272
2025-11-29 17:51:41.3623 (StateSyncRequestHandler.cs:18) 玩家ID:482736422909116417 移动方向: -0.3971475 , 0 , -0.91775477
2025-11-29 17:51:41.3623 (StateSyncRequestHandler.cs:18) 玩家ID:482736422909116417 移动到新位置: 5.2819495 , 0 , -2.729578
2025-11-29 17:51:41.4536 (StateSyncRequestHandler.cs:18) 玩家ID:482736422909116417 移动方向: -0.3971475 , 0 , -0.91775477
2025-11-29 17:51:41.4536 (StateSyncRequestHandler.cs:18) 玩家ID:482736422909116417 移动到新位置: 5.20252 , 0 , -2.9131289
2025-11-29 17:51:41.5612 (StateSyncRequestHandler.cs:18) 玩家ID:482736422909116417 移动方向: -0.3971475 , 0 , -0.91775477
2025-11-29 17:51:41.5612 (StateSyncRequestHandler.cs:18) 玩家ID:482736422909116417 移动到新位置: 5.1230903 , 0 , -3.0966797
2025-11-29 17:51:41.6691 (StateSyncRequestHandler.cs:18) 玩家ID:482736422909116417 移动方向: -0.3971475 , 0 , -0.91775477
2025-11-29 17:51:41.6691 (StateSyncRequestHandler.cs:18) 玩家ID:482736422909116417 移动到新位置: 5.0436606 , 0 , -3.2802305
2025-11-29 17:51:41.7612 (StateSyncRequestHandler.cs:18) 玩家ID:482736422909116417 移动到新位置: 5.0436606 , 0 , -3.2802305
2025-11-29 17:52:24.2566 (StateSyncRequestHandler.cs:18) 玩家ID:482736422909116417 移动方向: 0.3971475 , 0 , 0.91775477
2025-11-29 17:52:24.2566 (StateSyncRequestHandler.cs:18) 玩家ID:482736422909116417 移动到新位置: 5.1230903 , 0 , -3.0966797
2025-11-29 17:52:24.3507 (StateSyncRequestHandler.cs:18) 玩家ID:482736422909116417 移动方向: 0.3971475 , 0 , 0.91775477
2025-11-29 17:52:24.3507 (StateSyncRequestHandler.cs:18) 玩家ID:482736422909116417 移动到新位置: 5.20252 , 0 , -2.9131289
2025-11-29 17:52:24.4597 (StateSyncRequestHandler.cs:18) 玩家ID:482736422909116417 移动方向: 0.3971475 , 0 , 0.91775477
2025-11-29 17:52:24.4597 (StateSyncRequestHandler.cs:18) 玩家ID:482736422909116417 移动到新位置: 5.2819495 , 0 , -2.729578
2025-11-29 17:52:24.5693 (StateSyncRequestHandler.cs:18) 玩家ID:482736422909116417 移动到新位置: 5.2819495 , 0 , -2.729578
2025-11-29 17:52:25.2673 (StateSyncRequestHandler.cs:18) 玩家ID:482736422909116417 移动方向: 0.5475639 , 0 , 0.83676386
2025-11-29 17:52:25.2673 (StateSyncRequestHandler.cs:18) 玩家ID:482736422909116417 移动到新位置: 5.3914623 , 0 , -2.5622253
2025-11-29 17:52:25.3750 (StateSyncRequestHandler.cs:18) 玩家ID:482736422909116417 移动方向: -0.34450838 , 0 , 0.93878317
2025-11-29 17:52:25.3750 (StateSyncRequestHandler.cs:18) 玩家ID:482736422909116417 移动到新位置: 5.322561 , 0 , -2.3744688
2025-11-29 17:52:25.4520 (StateSyncRequestHandler.cs:18) 玩家ID:482736422909116417 移动方向: -0.92609525 , 0 , 0.37728986
2025-11-29 17:52:25.4520 (StateSyncRequestHandler.cs:18) 玩家ID:482736422909116417 移动到新位置: 5.1373415 , 0 , -2.2990108
2025-11-29 17:52:25.5592 (StateSyncRequestHandler.cs:18) 玩家ID:482736422909116417 移动方向: -0.90270483 , 0 , 0.43026042
2025-11-29 17:52:25.5592 (StateSyncRequestHandler.cs:18) 玩家ID:482736422909116417 移动到新位置: 4.9568005 , 0 , -2.2129586
2025-11-29 17:52:25.6528 (StateSyncRequestHandler.cs:18) 玩家ID:482736422909116417 移动方向: -0.9941063 , 0 , -0.108409226
2025-11-29 17:52:25.6528 (StateSyncRequestHandler.cs:18) 玩家ID:482736422909116417 移动到新位置: 4.7579794 , 0 , -2.2346404
2025-11-29 17:52:25.7607 (StateSyncRequestHandler.cs:18) 玩家ID:482736422909116417 移动方向: -0.9735247 , 0 , 0.2285814
2025-11-29 17:52:25.7607 (StateSyncRequestHandler.cs:18) 玩家ID:482736422909116417 移动到新位置: 4.5632744 , 0 , -2.188924
2025-11-29 17:52:25.8531 (StateSyncRequestHandler.cs:18) 玩家ID:482736422909116417 移动方向: -0.3354713 , 0 , 0.9420504
2025-11-29 17:52:25.8531 (StateSyncRequestHandler.cs:18) 玩家ID:482736422909116417 移动到新位置: 4.49618 , 0 , -2.000514
2025-11-29 17:52:25.9616 (StateSyncRequestHandler.cs:18) 玩家ID:482736422909116417 移动方向: -0.22133897 , 0 , 0.97519696
2025-11-29 17:52:25.9616 (StateSyncRequestHandler.cs:18) 玩家ID:482736422909116417 移动到新位置: 4.4519124 , 0 , -1.8054746
2025-11-29 17:52:26.0717 (StateSyncRequestHandler.cs:18) 玩家ID:482736422909116417 移动方向: 0.5878096 , 0 , 0.8089993
2025-11-29 17:52:26.0717 (StateSyncRequestHandler.cs:18) 玩家ID:482736422909116417 移动到新位置: 4.569474 , 0 , -1.6436747
2025-11-29 17:52:26.1660 (StateSyncRequestHandler.cs:18) 玩家ID:482736422909116417 移动方向: 0.9920108 , 0 , 0.12615341
2025-11-29 17:52:26.1660 (StateSyncRequestHandler.cs:18) 玩家ID:482736422909116417 移动到新位置: 4.767876 , 0 , -1.6184441
2025-11-29 17:52:26.2592 (StateSyncRequestHandler.cs:18) 玩家ID:482736422909116417 移动方向: 0.99472445 , 0 , 0.102582484
2025-11-29 17:52:26.2592 (StateSyncRequestHandler.cs:18) 玩家ID:482736422909116417 移动到新位置: 4.966821 , 0 , -1.5979276
2025-11-29 17:52:26.3672 (StateSyncRequestHandler.cs:18) 玩家ID:482736422909116417 移动方向: 0.0896475 , 0 , -0.9959735
2025-11-29 17:52:26.3672 (StateSyncRequestHandler.cs:18) 玩家ID:482736422909116417 移动到新位置: 4.9847507 , 0 , -1.7971222
2025-11-29 17:52:26.4744 (StateSyncRequestHandler.cs:18) 玩家ID:482736422909116417 移动方向: -0.64568484 , 0 , -0.7636039
2025-11-29 17:52:26.4744 (StateSyncRequestHandler.cs:18) 玩家ID:482736422909116417 移动到新位置: 4.8556137 , 0 , -1.949843
2025-11-29 17:52:26.5667 (StateSyncRequestHandler.cs:18) 玩家ID:482736422909116417 移动方向: -0.6875547 , 0 , -0.72613263
2025-11-29 17:52:26.5675 (StateSyncRequestHandler.cs:18) 玩家ID:482736422909116417 移动到新位置: 4.718103 , 0 , -2.0950696
2025-11-29 17:52:26.6580 (StateSyncRequestHandler.cs:18) 玩家ID:482736422909116417 移动方向: -0.842661 , 0 , -0.5384444
2025-11-29 17:52:26.6580 (StateSyncRequestHandler.cs:18) 玩家ID:482736422909116417 移动到新位置: 4.5495706 , 0 , -2.2027586
2025-11-29 17:52:26.7679 (StateSyncRequestHandler.cs:18) 玩家ID:482736422909116417 移动方向: -0.9500017 , 0 , -0.3122447
2025-11-29 17:52:26.7679 (StateSyncRequestHandler.cs:18) 玩家ID:482736422909116417 移动到新位置: 4.35957 , 0 , -2.2652075
2025-11-29 17:52:26.8597 (StateSyncRequestHandler.cs:18) 玩家ID:482736422909116417 移动方向: -0.60465044 , 0 , -0.7964909
2025-11-29 17:52:26.8597 (StateSyncRequestHandler.cs:18) 玩家ID:482736422909116417 移动到新位置: 4.23864 , 0 , -2.4245057
2025-11-29 17:52:26.9699 (StateSyncRequestHandler.cs:18) 玩家ID:482736422909116417 移动方向: -0.70030755 , 0 , -0.71384126
2025-11-29 17:52:26.9699 (StateSyncRequestHandler.cs:18) 玩家ID:482736422909116417 移动到新位置: 4.0985785 , 0 , -2.5672739
2025-11-29 17:52:27.0626 (StateSyncRequestHandler.cs:18) 玩家ID:482736422909116417 移动方向: -0.7346309 , 0 , -0.678467
2025-11-29 17:52:27.0626 (StateSyncRequestHandler.cs:18) 玩家ID:482736422909116417 移动到新位置: 3.9516523 , 0 , -2.7029672
2025-11-29 17:52:27.1548 (StateSyncRequestHandler.cs:18) 玩家ID:482736422909116417 移动方向: -0.7458734 , 0 , -0.66608775
2025-11-29 17:52:27.1548 (StateSyncRequestHandler.cs:18) 玩家ID:482736422909116417 移动到新位置: 3.8024776 , 0 , -2.8361847
2025-11-29 17:52:27.2624 (StateSyncRequestHandler.cs:18) 玩家ID:482736422909116417 移动到新位置: 3.8024776 , 0 , -2.8361847
2025-11-29 17:52:27.7748 (StateSyncRequestHandler.cs:18) 玩家ID:482736422909116417 移动方向: -0.6572989 , 0 , -0.75363
2025-11-29 17:52:27.7748 (StateSyncRequestHandler.cs:18) 玩家ID:482736422909116417 移动到新位置: 3.671018 , 0 , -2.9869108
2025-11-29 17:52:27.8518 (StateSyncRequestHandler.cs:18) 玩家ID:482736422909116417 移动方向: -0.6031779 , 0 , -0.79760665
2025-11-29 17:52:27.8518 (StateSyncRequestHandler.cs:18) 玩家ID:482736422909116417 移动到新位置: 3.5503824 , 0 , -3.1464322
2025-11-29 17:52:27.9623 (StateSyncRequestHandler.cs:18) 玩家ID:482736422909116417 移动方向: -0.5775205 , 0 , -0.8163762
2025-11-29 17:52:27.9623 (StateSyncRequestHandler.cs:18) 玩家ID:482736422909116417 移动到新位置: 3.4348783 , 0 , -3.3097074
2025-11-29 17:52:28.0701 (StateSyncRequestHandler.cs:18) 玩家ID:482736422909116417 移动方向: -0.6068364 , 0 , -0.7948268
2025-11-29 17:52:28.0701 (StateSyncRequestHandler.cs:18) 玩家ID:482736422909116417 移动到新位置: 3.3135111 , 0 , -3.4686728
2025-11-29 17:52:28.1640 (StateSyncRequestHandler.cs:18) 玩家ID:482736422909116417 移动方向: -0.9952639 , 0 , -0.097209305
2025-11-29 17:52:28.1640 (StateSyncRequestHandler.cs:18) 玩家ID:482736422909116417 移动到新位置: 3.1144583 , 0 , -3.4881146
2025-11-29 17:52:28.2574 (StateSyncRequestHandler.cs:18) 玩家ID:482736422909116417 移动方向: -0.7625442 , 0 , 0.6469362
2025-11-29 17:52:28.2574 (StateSyncRequestHandler.cs:18) 玩家ID:482736422909116417 移动到新位置: 2.9619496 , 0 , -3.3587275
2025-11-29 17:52:28.3522 (StateSyncRequestHandler.cs:18) 玩家ID:482736422909116417 移动到新位置: 2.9619496 , 0 , -3.3587275
2025-11-29 17:52:31.2567  创建队伍成功 队伍ID：1000 玩家ID：482736422909116417
2025-11-29 17:52:49.4786  收到加入队伍请求 玩家ID：482734309785206785 队伍ID：1000
2025-11-29 17:52:49.4786  加入队伍成功 玩家ID：482734309785206785 队伍ID：1000
