2025-11-29 21:09:30.0265  

==========================================================================
 
  ███████╗ █████╗ ███╗   ██╗████████╗ █████╗  ██████╗ ██╗   ██╗
  ██╔════╝██╔══██╗████╗  ██║╚══██╔══╝██╔══██╗██╔════╝ ╚██╗ ██╔╝
  █████╗  ███████║██╔██╗ ██║   ██║   ███████║╚█████╗   ╚████╔╝ 
  ██╔══╝  ██╔══██║██║╚██╗██║   ██║   ██╔══██║╚════██║   ╚██╔╝  
  ██║     ██║  ██║██║ ╚████║   ██║   ██║  ██║██████╔╝    ██║   
  ╚═╝     ╚═╝  ╚═╝╚═╝  ╚═══╝   ╚═╝   ╚═╝  ╚═╝╚═════╝     ╚═╝   
                                                            
 Version : Fantasy 2.0 Official version
==========================================================================

2025-11-29 21:09:30.0723  Current inner network protocol:TCP
2025-11-29 21:09:30.0723  Max Message Size(byte):1048560
2025-11-29 21:09:30.0723  Current session idle timeout:8000
2025-11-29 21:09:30.0723  Session-check interval:5000 
2025-11-29 21:09:30.4331  dbName:OnlineTest Initialize the db database and connect to the target.
2025-11-29 21:09:30.6628  dbName:OnlineTest Database connection successful.
2025-11-29 21:09:31.0071  SceneConfigId = 1001 networkTarget = Inner TCPServer Listen 127.0.0.1:11002
2025-11-29 21:09:31.2911  SceneConfigId = 1001 networkTarget = Outer KCPServer Listen 0.0.0.0:20000
2025-11-29 21:09:31.2911  Process:1 Startup Complete SceneCount:1
2025-11-29 21:09:43.5279 (LoginRequestHandler.cs:16) 收到登录请求
2025-11-29 21:09:43.8360 (EntryLobbyRequestHandler.cs:32) 进入大厅成功，玩家ID:482734309785206785
2025-11-29 21:09:57.4828 (LoginRequestHandler.cs:16) 收到登录请求
2025-11-29 21:09:57.5431 (EntryLobbyRequestHandler.cs:32) 进入大厅成功，玩家ID:482736422909116417
2025-11-29 21:09:57.5431 (EntryLobbyRequestHandler.cs:48) 获取其他玩家数据，玩家ID:482734309785206785
2025-11-29 21:09:59.8742 (LobbyPlayerManagerComponentSystem.cs:97) 玩家ID:482736422909116417 移动方向: 0.19360472 , 0 , -0.98107964
2025-11-29 21:09:59.8742 (LobbyPlayerManagerComponentSystem.cs:102) 玩家ID:482736422909116417 移动到新位置: 3.9752345 , 0 , -2.5101976
2025-11-29 21:09:59.9537 (LobbyPlayerManagerComponentSystem.cs:97) 玩家ID:482736422909116417 移动方向: 0.27273172 , 0 , -0.96209013
2025-11-29 21:09:59.9537 (LobbyPlayerManagerComponentSystem.cs:102) 玩家ID:482736422909116417 移动到新位置: 4.029781 , 0 , -2.7026157
2025-11-29 21:10:00.0613 (LobbyPlayerManagerComponentSystem.cs:97) 玩家ID:482736422909116417 移动方向: 0.31204635 , 0 , -0.95006686
2025-11-29 21:10:00.0613 (LobbyPlayerManagerComponentSystem.cs:102) 玩家ID:482736422909116417 移动到新位置: 4.0921903 , 0 , -2.8926291
2025-11-29 21:10:00.1552 (LobbyPlayerManagerComponentSystem.cs:102) 玩家ID:482736422909116417 移动到新位置: 4.0921903 , 0 , -2.8926291
2025-11-29 21:10:00.3712 (LobbyPlayerManagerComponentSystem.cs:97) 玩家ID:482736422909116417 移动方向: -0.94495296 , 0 , -0.3272061
2025-11-29 21:10:00.3712 (LobbyPlayerManagerComponentSystem.cs:102) 玩家ID:482736422909116417 移动到新位置: 3.9031997 , 0 , -2.9580703
2025-11-29 21:10:00.4646 (LobbyPlayerManagerComponentSystem.cs:97) 玩家ID:482736422909116417 移动方向: -0.94485235 , 0 , -0.32749677
2025-11-29 21:10:00.4646 (LobbyPlayerManagerComponentSystem.cs:102) 玩家ID:482736422909116417 移动到新位置: 3.714229 , 0 , -3.0235696
2025-11-29 21:10:00.5577 (LobbyPlayerManagerComponentSystem.cs:97) 玩家ID:482736422909116417 移动方向: -0.9448191 , 0 , -0.32759255
2025-11-29 21:10:00.5577 (LobbyPlayerManagerComponentSystem.cs:102) 玩家ID:482736422909116417 移动到新位置: 3.5252652 , 0 , -3.0890882
2025-11-29 21:10:00.6499 (LobbyPlayerManagerComponentSystem.cs:97) 玩家ID:482736422909116417 移动方向: -0.94481045 , 0 , -0.32761747
2025-11-29 21:10:00.6499 (LobbyPlayerManagerComponentSystem.cs:102) 玩家ID:482736422909116417 移动到新位置: 3.3363032 , 0 , -3.1546116
2025-11-29 21:10:00.7588 (LobbyPlayerManagerComponentSystem.cs:97) 玩家ID:482736422909116417 移动方向: -0.94480723 , 0 , -0.32762668
2025-11-29 21:10:00.7588 (LobbyPlayerManagerComponentSystem.cs:102) 玩家ID:482736422909116417 移动到新位置: 3.1473417 , 0 , -3.220137
2025-11-29 21:10:00.8530 (LobbyPlayerManagerComponentSystem.cs:97) 玩家ID:482736422909116417 移动方向: -0.4364098 , 0 , -0.899748
2025-11-29 21:10:00.8530 (LobbyPlayerManagerComponentSystem.cs:102) 玩家ID:482736422909116417 移动到新位置: 3.0600598 , 0 , -3.4000864
2025-11-29 21:10:00.9609 (LobbyPlayerManagerComponentSystem.cs:102) 玩家ID:482736422909116417 移动到新位置: 3.0600598 , 0 , -3.4000864
2025-11-29 21:10:05.4136 (CreateTeamRequestHandler.cs:32) 创建队伍成功 队伍ID：1000 玩家ID：482736422909116417
2025-11-29 21:10:15.4862 (JoinTeamRequestHandler.cs:14) 收到加入队伍请求 玩家ID：482734309785206785 队伍ID：1000
2025-11-29 21:10:15.4905 (JoinTeamRequestHandler.cs:25) 加入队伍成功 玩家ID：482734309785206785 队伍ID：1000
2025-11-29 21:11:01.7869 (CreateTeamRequestHandler.cs:32) 创建队伍成功 队伍ID：1001 玩家ID：482736422909116417
2025-11-29 21:11:06.1765 (JoinTeamRequestHandler.cs:14) 收到加入队伍请求 玩家ID：482734309785206785 队伍ID：1001
2025-11-29 21:11:06.1765 (JoinTeamRequestHandler.cs:25) 加入队伍成功 玩家ID：482734309785206785 队伍ID：1001
2025-11-29 21:11:18.5269 (CreateTeamRequestHandler.cs:32) 创建队伍成功 队伍ID：1002 玩家ID：482734309785206785
2025-11-29 21:11:40.6456 (LoginRequestHandler.cs:16) 收到登录请求
2025-11-29 21:11:40.7076 (EntryLobbyRequestHandler.cs:32) 进入大厅成功，玩家ID:482736422909116417
2025-11-29 21:11:40.7081 (EntryLobbyRequestHandler.cs:48) 获取其他玩家数据，玩家ID:482734309785206785
2025-11-29 21:11:42.9255 (LobbyPlayerManagerComponentSystem.cs:97) 玩家ID:482736422909116417 移动方向: 0.4340561 , 0 , -0.9008858
2025-11-29 21:11:42.9255 (LobbyPlayerManagerComponentSystem.cs:102) 玩家ID:482736422909116417 移动到新位置: 3.146871 , 0 , -3.5802636
2025-11-29 21:11:43.0209 (LobbyPlayerManagerComponentSystem.cs:97) 玩家ID:482736422909116417 移动方向: 0.44048488 , 0 , -0.89776003
2025-11-29 21:11:43.0209 (LobbyPlayerManagerComponentSystem.cs:102) 玩家ID:482736422909116417 移动到新位置: 3.2349682 , 0 , -3.7598157
2025-11-29 21:11:43.1140 (LobbyPlayerManagerComponentSystem.cs:97) 玩家ID:482736422909116417 移动方向: 0.44243643 , 0 , -0.89679986
2025-11-29 21:11:43.1140 (LobbyPlayerManagerComponentSystem.cs:102) 玩家ID:482736422909116417 移动到新位置: 3.3234556 , 0 , -3.9391756
2025-11-29 21:11:43.2081 (LobbyPlayerManagerComponentSystem.cs:97) 玩家ID:482736422909116417 移动方向: 0.44316098 , 0 , -0.896442
2025-11-29 21:11:43.2081 (LobbyPlayerManagerComponentSystem.cs:102) 玩家ID:482736422909116417 移动到新位置: 3.4120877 , 0 , -4.118464
2025-11-29 21:11:43.3146 (LobbyPlayerManagerComponentSystem.cs:97) 玩家ID:482736422909116417 移动方向: 0.4433735 , 0 , -0.896337
2025-11-29 21:11:43.3146 (LobbyPlayerManagerComponentSystem.cs:102) 玩家ID:482736422909116417 移动到新位置: 3.5007625 , 0 , -4.2977314
2025-11-29 21:11:43.4227 (LobbyPlayerManagerComponentSystem.cs:97) 玩家ID:482736422909116417 移动方向: 0.44343802 , 0 , -0.896305
2025-11-29 21:11:43.4227 (LobbyPlayerManagerComponentSystem.cs:102) 玩家ID:482736422909116417 移动到新位置: 3.5894501 , 0 , -4.4769926
2025-11-29 21:11:43.5166 (LobbyPlayerManagerComponentSystem.cs:97) 玩家ID:482736422909116417 移动方向: 0.44345477 , 0 , -0.89629674
2025-11-29 21:11:43.5166 (LobbyPlayerManagerComponentSystem.cs:102) 玩家ID:482736422909116417 移动到新位置: 3.678141 , 0 , -4.656252
2025-11-29 21:11:43.6111 (LobbyPlayerManagerComponentSystem.cs:97) 玩家ID:482736422909116417 移动方向: 0.44346002 , 0 , -0.8962941
2025-11-29 21:11:43.6111 (LobbyPlayerManagerComponentSystem.cs:102) 玩家ID:482736422909116417 移动到新位置: 3.766833 , 0 , -4.8355107
2025-11-29 21:11:43.7188 (LobbyPlayerManagerComponentSystem.cs:97) 玩家ID:482736422909116417 移动方向: 0.4434618 , 0 , -0.8962932
2025-11-29 21:11:43.7188 (LobbyPlayerManagerComponentSystem.cs:102) 玩家ID:482736422909116417 移动到新位置: 3.8555255 , 0 , -5.0147696
2025-11-29 21:11:43.8270 (LobbyPlayerManagerComponentSystem.cs:97) 玩家ID:482736422909116417 移动方向: 0.44346213 , 0 , -0.8962931
2025-11-29 21:11:43.8270 (LobbyPlayerManagerComponentSystem.cs:102) 玩家ID:482736422909116417 移动到新位置: 3.944218 , 0 , -5.1940284
2025-11-29 21:11:43.9206 (LobbyPlayerManagerComponentSystem.cs:97) 玩家ID:482736422909116417 移动方向: 0.44346237 , 0 , -0.896293
2025-11-29 21:11:43.9206 (LobbyPlayerManagerComponentSystem.cs:102) 玩家ID:482736422909116417 移动到新位置: 4.0329103 , 0 , -5.373287
2025-11-29 21:11:44.0139 (StateSyncRequestHandler.cs:18) 玩家ID:482736422909116417 移动方向: 0.44346237 , 0 , -0.896293
2025-11-29 21:11:44.0139 (StateSyncRequestHandler.cs:18) 玩家ID:482736422909116417 移动到新位置: 4.121603 , 0 , -5.5525455
2025-11-29 21:11:44.1193 (StateSyncRequestHandler.cs:18) 玩家ID:482736422909116417 移动方向: -0.896293 , 0 , -0.44346234
2025-11-29 21:11:44.1193 (StateSyncRequestHandler.cs:18) 玩家ID:482736422909116417 移动到新位置: 3.9423444 , 0 , -5.641238
2025-11-29 21:11:44.2144 (StateSyncRequestHandler.cs:18) 玩家ID:482736422909116417 移动方向: -0.896293 , 0 , -0.44346234
2025-11-29 21:11:44.2144 (StateSyncRequestHandler.cs:18) 玩家ID:482736422909116417 移动到新位置: 3.7630858 , 0 , -5.729931
2025-11-29 21:11:44.3222 (StateSyncRequestHandler.cs:18) 玩家ID:482736422909116417 移动方向: -0.94735 , 0 , 0.32019958
2025-11-29 21:11:44.3222 (StateSyncRequestHandler.cs:18) 玩家ID:482736422909116417 移动到新位置: 3.5736158 , 0 , -5.665891
2025-11-29 21:11:44.4151 (StateSyncRequestHandler.cs:18) 玩家ID:482736422909116417 移动方向: -0.94735 , 0 , 0.32019958
2025-11-29 21:11:44.4151 (StateSyncRequestHandler.cs:18) 玩家ID:482736422909116417 移动到新位置: 3.3841457 , 0 , -5.6018515
2025-11-29 21:11:44.5087 (StateSyncRequestHandler.cs:18) 玩家ID:482736422909116417 移动方向: -0.94735 , 0 , 0.32019958
2025-11-29 21:11:44.5087 (StateSyncRequestHandler.cs:18) 玩家ID:482736422909116417 移动到新位置: 3.1946757 , 0 , -5.5378118
2025-11-29 21:11:44.6169 (StateSyncRequestHandler.cs:18) 玩家ID:482736422909116417 移动方向: -0.94735 , 0 , 0.32019958
2025-11-29 21:11:44.6169 (StateSyncRequestHandler.cs:18) 玩家ID:482736422909116417 移动到新位置: 3.0052056 , 0 , -5.473772
2025-11-29 21:11:44.7252 (StateSyncRequestHandler.cs:18) 玩家ID:482736422909116417 移动方向: -0.44346237 , 0 , 0.896293
2025-11-29 21:11:44.7252 (StateSyncRequestHandler.cs:18) 玩家ID:482736422909116417 移动到新位置: 2.9165132 , 0 , -5.2945137
2025-11-29 21:11:44.8168 (StateSyncRequestHandler.cs:18) 玩家ID:482736422909116417 移动方向: -0.44346237 , 0 , 0.896293
2025-11-29 21:11:44.8168 (StateSyncRequestHandler.cs:18) 玩家ID:482736422909116417 移动到新位置: 2.8278208 , 0 , -5.1152554
2025-11-29 21:11:44.9090 (StateSyncRequestHandler.cs:18) 玩家ID:482736422909116417 移动方向: -0.44346237 , 0 , 0.896293
2025-11-29 21:11:44.9090 (StateSyncRequestHandler.cs:18) 玩家ID:482736422909116417 移动到新位置: 2.7391284 , 0 , -4.935997
2025-11-29 21:11:45.0167 (StateSyncRequestHandler.cs:18) 玩家ID:482736422909116417 移动方向: -0.94735 , 0 , 0.32019958
2025-11-29 21:11:45.0167 (StateSyncRequestHandler.cs:18) 玩家ID:482736422909116417 移动到新位置: 2.5496583 , 0 , -4.8719573
2025-11-29 21:11:45.1269 (StateSyncRequestHandler.cs:18) 玩家ID:482736422909116417 移动方向: -0.44346237 , 0 , 0.896293
2025-11-29 21:11:45.1269 (StateSyncRequestHandler.cs:18) 玩家ID:482736422909116417 移动到新位置: 2.4609659 , 0 , -4.6926985
2025-11-29 21:11:45.2190 (StateSyncRequestHandler.cs:18) 玩家ID:482736422909116417 移动方向: -0.44346237 , 0 , 0.896293
2025-11-29 21:11:45.2190 (StateSyncRequestHandler.cs:18) 玩家ID:482736422909116417 移动到新位置: 2.3722734 , 0 , -4.51344
2025-11-29 21:11:45.3130 (StateSyncRequestHandler.cs:18) 玩家ID:482736422909116417 移动方向: -0.44346237 , 0 , 0.896293
2025-11-29 21:11:45.3130 (StateSyncRequestHandler.cs:18) 玩家ID:482736422909116417 移动到新位置: 2.283581 , 0 , -4.334182
2025-11-29 21:11:45.4211 (StateSyncRequestHandler.cs:18) 玩家ID:482736422909116417 移动方向: -0.44346237 , 0 , 0.896293
2025-11-29 21:11:45.4211 (StateSyncRequestHandler.cs:18) 玩家ID:482736422909116417 移动到新位置: 2.1948886 , 0 , -4.1549234
2025-11-29 21:11:45.5155 (StateSyncRequestHandler.cs:18) 玩家ID:482736422909116417 移动方向: -0.44346237 , 0 , 0.896293
2025-11-29 21:11:45.5155 (StateSyncRequestHandler.cs:18) 玩家ID:482736422909116417 移动到新位置: 2.1061962 , 0 , -3.9756649
2025-11-29 21:11:45.6090 (StateSyncRequestHandler.cs:18) 玩家ID:482736422909116417 移动到新位置: 2.1061962 , 0 , -3.9756649
2025-11-29 21:11:53.3928  收到加入队伍请求 玩家ID：482736422909116417 队伍ID：1002
2025-11-29 21:11:53.3928  加入队伍成功 玩家ID：482736422909116417 队伍ID：1002
2025-11-29 21:11:56.7172 (SessionDisposeComponentSystem.cs:46) 队伍ID:1002 已经没有成员，不需要发送离开消息
