2025-11-29 19:24:07.2400 (EntryLobbyRequestHandler.cs:65) 玩家上次上线位置：x:1.899733, y:0, z:-3.936255
2025-11-29 19:24:07.2400 (EntryLobbyRequestHandler.cs:83) 当前没有其他玩家在线，无需广播
2025-11-29 19:24:08.5883 (StateSyncRequestHandler.cs:36) 当前没有其他玩家在线，无需广播状态同步消息
2025-11-29 19:24:08.6707 (StateSyncRequestHandler.cs:36) 当前没有其他玩家在线，无需广播状态同步消息
2025-11-29 19:24:08.7779 (StateSyncRequestHandler.cs:36) 当前没有其他玩家在线，无需广播状态同步消息
2025-11-29 19:24:08.8724 (StateSyncRequestHandler.cs:36) 当前没有其他玩家在线，无需广播状态同步消息
2025-11-29 19:24:08.9671 (StateSyncRequestHandler.cs:36) 当前没有其他玩家在线，无需广播状态同步消息
2025-11-29 19:24:09.0743 (StateSyncRequestHandler.cs:36) 当前没有其他玩家在线，无需广播状态同步消息
2025-11-29 19:24:09.1663 (StateSyncRequestHandler.cs:36) 当前没有其他玩家在线，无需广播状态同步消息
2025-11-29 19:24:09.2736 (StateSyncRequestHandler.cs:36) 当前没有其他玩家在线，无需广播状态同步消息
2025-11-29 19:24:09.3817 (StateSyncRequestHandler.cs:36) 当前没有其他玩家在线，无需广播状态同步消息
2025-11-29 19:24:09.4745 (StateSyncRequestHandler.cs:36) 当前没有其他玩家在线，无需广播状态同步消息
2025-11-29 19:24:09.5704 (StateSyncRequestHandler.cs:36) 当前没有其他玩家在线，无需广播状态同步消息
2025-11-29 19:24:09.6624 (StateSyncRequestHandler.cs:36) 当前没有其他玩家在线，无需广播状态同步消息
2025-11-29 19:24:09.7722 (StateSyncRequestHandler.cs:36) 当前没有其他玩家在线，无需广播状态同步消息
2025-11-29 19:24:09.8654 (StateSyncRequestHandler.cs:36) 当前没有其他玩家在线，无需广播状态同步消息
2025-11-29 19:24:09.9753 (StateSyncRequestHandler.cs:36) 当前没有其他玩家在线，无需广播状态同步消息
2025-11-29 19:24:10.0686 (StateSyncRequestHandler.cs:36) 当前没有其他玩家在线，无需广播状态同步消息
2025-11-29 19:24:10.1753 (StateSyncRequestHandler.cs:36) 当前没有其他玩家在线，无需广播状态同步消息
2025-11-29 19:24:10.2703 (StateSyncRequestHandler.cs:36) 当前没有其他玩家在线，无需广播状态同步消息
2025-11-29 19:24:11.6700 (StateSyncRequestHandler.cs:36) 当前没有其他玩家在线，无需广播状态同步消息
2025-11-29 19:24:11.7777 (StateSyncRequestHandler.cs:36) 当前没有其他玩家在线，无需广播状态同步消息
2025-11-29 19:24:11.8711 (StateSyncRequestHandler.cs:36) 当前没有其他玩家在线，无需广播状态同步消息
2025-11-29 19:24:11.9641 (StateSyncRequestHandler.cs:36) 当前没有其他玩家在线，无需广播状态同步消息
2025-11-29 19:24:12.0719 (StateSyncRequestHandler.cs:36) 当前没有其他玩家在线，无需广播状态同步消息
2025-11-29 19:24:12.1798 (StateSyncRequestHandler.cs:36) 当前没有其他玩家在线，无需广播状态同步消息
2025-11-29 19:24:12.2747 (StateSyncRequestHandler.cs:36) 当前没有其他玩家在线，无需广播状态同步消息
2025-11-29 19:24:12.3692 (StateSyncRequestHandler.cs:36) 当前没有其他玩家在线，无需广播状态同步消息
2025-11-29 19:24:12.4635 (StateSyncRequestHandler.cs:36) 当前没有其他玩家在线，无需广播状态同步消息
2025-11-29 19:24:12.5700 (StateSyncRequestHandler.cs:36) 当前没有其他玩家在线，无需广播状态同步消息
2025-11-29 19:24:12.6614 (StateSyncRequestHandler.cs:36) 当前没有其他玩家在线，无需广播状态同步消息
2025-11-29 19:24:12.7709 (StateSyncRequestHandler.cs:36) 当前没有其他玩家在线，无需广播状态同步消息
2025-11-29 19:24:13.2676 (StateSyncRequestHandler.cs:36) 当前没有其他玩家在线，无需广播状态同步消息
2025-11-29 19:24:13.3757 (StateSyncRequestHandler.cs:36) 当前没有其他玩家在线，无需广播状态同步消息
2025-11-29 19:24:13.4690 (StateSyncRequestHandler.cs:36) 当前没有其他玩家在线，无需广播状态同步消息
2025-11-29 19:24:13.5621 (StateSyncRequestHandler.cs:36) 当前没有其他玩家在线，无需广播状态同步消息
2025-11-29 19:24:13.8705 (StateSyncRequestHandler.cs:36) 当前没有其他玩家在线，无需广播状态同步消息
2025-11-29 19:24:13.9791 (StateSyncRequestHandler.cs:36) 当前没有其他玩家在线，无需广播状态同步消息
2025-11-29 19:24:14.0712 (StateSyncRequestHandler.cs:36) 当前没有其他玩家在线，无需广播状态同步消息
2025-11-29 19:24:14.1804 (StateSyncRequestHandler.cs:36) 当前没有其他玩家在线，无需广播状态同步消息
2025-11-29 19:24:14.2736 (StateSyncRequestHandler.cs:36) 当前没有其他玩家在线，无需广播状态同步消息
2025-11-29 19:24:14.3652 (StateSyncRequestHandler.cs:36) 当前没有其他玩家在线，无需广播状态同步消息
2025-11-29 19:24:14.4743 (StateSyncRequestHandler.cs:36) 当前没有其他玩家在线，无需广播状态同步消息
2025-11-29 19:24:14.5842 (StateSyncRequestHandler.cs:36) 当前没有其他玩家在线，无需广播状态同步消息
2025-11-29 19:24:14.6605 (StateSyncRequestHandler.cs:36) 当前没有其他玩家在线，无需广播状态同步消息
2025-11-29 19:24:14.7827 (StateSyncRequestHandler.cs:36) 当前没有其他玩家在线，无需广播状态同步消息
2025-11-29 19:24:14.8799 (StateSyncRequestHandler.cs:36) 当前没有其他玩家在线，无需广播状态同步消息
2025-11-29 19:24:15.6814 (StateSyncRequestHandler.cs:36) 当前没有其他玩家在线，无需广播状态同步消息
2025-11-29 19:24:15.7611 (StateSyncRequestHandler.cs:36) 当前没有其他玩家在线，无需广播状态同步消息
2025-11-29 19:24:15.8853 (StateSyncRequestHandler.cs:36) 当前没有其他玩家在线，无需广播状态同步消息
2025-11-29 19:24:15.9759 (StateSyncRequestHandler.cs:36) 当前没有其他玩家在线，无需广播状态同步消息
2025-11-29 19:24:16.2830 (StateSyncRequestHandler.cs:36) 当前没有其他玩家在线，无需广播状态同步消息
2025-11-29 19:24:16.3592 (StateSyncRequestHandler.cs:36) 当前没有其他玩家在线，无需广播状态同步消息
2025-11-29 19:24:16.4678 (StateSyncRequestHandler.cs:36) 当前没有其他玩家在线，无需广播状态同步消息
2025-11-29 19:24:16.5610 (StateSyncRequestHandler.cs:36) 当前没有其他玩家在线，无需广播状态同步消息
2025-11-29 19:24:16.6703 (StateSyncRequestHandler.cs:36) 当前没有其他玩家在线，无需广播状态同步消息
2025-11-29 19:24:16.7781 (StateSyncRequestHandler.cs:36) 当前没有其他玩家在线，无需广播状态同步消息
2025-11-29 19:24:16.8732 (StateSyncRequestHandler.cs:36) 当前没有其他玩家在线，无需广播状态同步消息
2025-11-29 19:24:16.9811 (StateSyncRequestHandler.cs:36) 当前没有其他玩家在线，无需广播状态同步消息
2025-11-29 19:24:17.0748 (StateSyncRequestHandler.cs:36) 当前没有其他玩家在线，无需广播状态同步消息
2025-11-29 19:24:17.1664 (StateSyncRequestHandler.cs:36) 当前没有其他玩家在线，无需广播状态同步消息
2025-11-29 19:24:17.2765 (StateSyncRequestHandler.cs:36) 当前没有其他玩家在线，无需广播状态同步消息
2025-11-29 19:24:17.9695  当前没有其他玩家在线，无需广播状态同步消息
2025-11-29 19:24:18.0768  当前没有其他玩家在线，无需广播状态同步消息
2025-11-29 19:24:18.1705  当前没有其他玩家在线，无需广播状态同步消息
2025-11-29 19:24:18.2625  当前没有其他玩家在线，无需广播状态同步消息
2025-11-29 19:24:18.3756  当前没有其他玩家在线，无需广播状态同步消息
2025-11-29 19:24:23.6784  玩家上次上线位置：x:2.9619496, y:0, z:-3.3587275
2025-11-29 19:24:23.6784  向ID:493506293922004992发送其他玩家登录请求
2025-11-29 19:25:20.8373  向玩家ID:482734309785206785 发送玩家ID:482736422909116417下线消息
2025-11-29 19:25:20.9672  账号ID:482736422909116417 数据已保存到数据库
2025-11-29 19:25:20.9672  玩家ID:482736422909116417 下线成功 , 下线位置:x:3.9365137, y:0, z:-2.3139818
2025-11-29 19:25:34.8775  当前服务器上没有其他玩家在线，无需广播下线消息
2025-11-29 19:25:34.8918  账号ID:482734309785206785 数据已保存到数据库
2025-11-29 19:25:34.8918  玩家ID:482734309785206785 下线成功 , 下线位置:x:3.4200916, y:0, z:-4.02859
