2025-11-29 20:57:39.3423  

==========================================================================
 
  ███████╗ █████╗ ███╗   ██╗████████╗ █████╗  ██████╗ ██╗   ██╗
  ██╔════╝██╔══██╗████╗  ██║╚══██╔══╝██╔══██╗██╔════╝ ╚██╗ ██╔╝
  █████╗  ███████║██╔██╗ ██║   ██║   ███████║╚█████╗   ╚████╔╝ 
  ██╔══╝  ██╔══██║██║╚██╗██║   ██║   ██╔══██║╚════██║   ╚██╔╝  
  ██║     ██║  ██║██║ ╚████║   ██║   ██║  ██║██████╔╝    ██║   
  ╚═╝     ╚═╝  ╚═╝╚═╝  ╚═══╝   ╚═╝   ╚═╝  ╚═╝╚═════╝     ╚═╝   
                                                            
 Version : Fantasy 2.0 Official version
==========================================================================

2025-11-29 20:57:39.4120  Current inner network protocol:TCP
2025-11-29 20:57:39.4120  Max Message Size(byte):1048560
2025-11-29 20:57:39.4120  Current session idle timeout:8000
2025-11-29 20:57:39.4120  Session-check interval:5000 
2025-11-29 20:57:39.9507  dbName:OnlineTest Initialize the db database and connect to the target.
2025-11-29 20:57:40.3263  dbName:OnlineTest Database connection successful.
2025-11-29 20:57:40.8228  SceneConfigId = 1001 networkTarget = Inner TCPServer Listen 127.0.0.1:11002
2025-11-29 20:57:41.1830  SceneConfigId = 1001 networkTarget = Outer KCPServer Listen 0.0.0.0:20000
2025-11-29 20:57:41.1830  Process:1 Startup Complete SceneCount:1
2025-11-29 20:58:08.3319 (LoginRequestHandler.cs:16) 收到登录请求
2025-11-29 20:58:08.6960 (EntryLobbyRequestHandler.cs:32) 进入大厅成功，玩家ID:482734309785206785
2025-11-29 20:58:10.1083 (LobbyPlayerManagerComponentSystem.cs:97) 玩家ID:482734309785206785 移动方向: -0.7751753 , 0 , -0.63174623
2025-11-29 20:58:10.1083 (LobbyPlayerManagerComponentSystem.cs:102) 玩家ID:482734309785206785 移动到新位置: 3.2650566 , 0 , -4.1549397
2025-11-29 20:58:10.2052 (LobbyPlayerManagerComponentSystem.cs:97) 玩家ID:482734309785206785 移动方向: 0.39784938 , 0 , -0.9174508
2025-11-29 20:58:10.2052 (LobbyPlayerManagerComponentSystem.cs:102) 玩家ID:482734309785206785 移动到新位置: 3.3446264 , 0 , -4.33843
2025-11-29 20:58:10.2999 (LobbyPlayerManagerComponentSystem.cs:97) 玩家ID:482734309785206785 移动方向: 0.62779653 , 0 , -0.7783775
2025-11-29 20:58:10.2999 (LobbyPlayerManagerComponentSystem.cs:102) 玩家ID:482734309785206785 移动到新位置: 3.4701858 , 0 , -4.4941053
2025-11-29 20:58:10.3909 (LobbyPlayerManagerComponentSystem.cs:97) 玩家ID:482734309785206785 移动方向: 0.9998771 , 0 , 0.01567718
2025-11-29 20:58:10.3909 (LobbyPlayerManagerComponentSystem.cs:102) 玩家ID:482734309785206785 移动到新位置: 3.6701612 , 0 , -4.49097
2025-11-29 20:58:10.5013 (LobbyPlayerManagerComponentSystem.cs:97) 玩家ID:482734309785206785 移动方向: 0.9983258 , 0 , 0.057840895
2025-11-29 20:58:10.5013 (LobbyPlayerManagerComponentSystem.cs:102) 玩家ID:482734309785206785 移动到新位置: 3.8698263 , 0 , -4.479402
2025-11-29 20:58:10.5943 (LobbyPlayerManagerComponentSystem.cs:97) 玩家ID:482734309785206785 移动方向: 0.99739814 , 0 , 0.07208999
2025-11-29 20:58:10.5943 (LobbyPlayerManagerComponentSystem.cs:102) 玩家ID:482734309785206785 移动到新位置: 4.069306 , 0 , -4.464984
2025-11-29 20:58:10.7038 (LobbyPlayerManagerComponentSystem.cs:97) 玩家ID:482734309785206785 移动方向: 0.99706715 , 0 , 0.07653112
2025-11-29 20:58:10.7038 (LobbyPlayerManagerComponentSystem.cs:102) 玩家ID:482734309785206785 移动到新位置: 4.268719 , 0 , -4.449678
2025-11-29 20:58:10.7961 (LobbyPlayerManagerComponentSystem.cs:97) 玩家ID:482734309785206785 移动方向: 0.7599488 , 0 , -0.649983
2025-11-29 20:58:10.7961 (LobbyPlayerManagerComponentSystem.cs:102) 玩家ID:482734309785206785 移动到新位置: 4.420709 , 0 , -4.5796747
2025-11-29 20:58:10.8914 (LobbyPlayerManagerComponentSystem.cs:97) 玩家ID:482734309785206785 移动方向: 0.75285596 , 0 , -0.6581853
2025-11-29 20:58:10.8914 (LobbyPlayerManagerComponentSystem.cs:102) 玩家ID:482734309785206785 移动到新位置: 4.5712805 , 0 , -4.711312
2025-11-29 20:58:10.9987 (LobbyPlayerManagerComponentSystem.cs:97) 玩家ID:482734309785206785 移动方向: 0.012414813 , 0 , -0.999923
2025-11-29 20:58:10.9987 (LobbyPlayerManagerComponentSystem.cs:102) 玩家ID:482734309785206785 移动到新位置: 4.5737634 , 0 , -4.9112964
2025-11-29 20:58:11.0927 (LobbyPlayerManagerComponentSystem.cs:97) 玩家ID:482734309785206785 移动方向: -0.111852236 , 0 , -0.9937248
2025-11-29 20:58:11.0927 (LobbyPlayerManagerComponentSystem.cs:102) 玩家ID:482734309785206785 移动到新位置: 4.551393 , 0 , -5.110041
2025-11-29 20:58:11.2015 (LobbyPlayerManagerComponentSystem.cs:97) 玩家ID:482734309785206785 移动方向: -0.8892106 , 0 , -0.45749807
2025-11-29 20:58:11.2015 (LobbyPlayerManagerComponentSystem.cs:102) 玩家ID:482734309785206785 移动到新位置: 4.373551 , 0 , -5.201541
2025-11-29 20:58:11.2942 (LobbyPlayerManagerComponentSystem.cs:97) 玩家ID:482734309785206785 移动方向: -0.87111497 , 0 , 0.49107915
2025-11-29 20:58:11.2942 (LobbyPlayerManagerComponentSystem.cs:102) 玩家ID:482734309785206785 移动到新位置: 4.199328 , 0 , -5.103325
2025-11-29 20:58:11.4028 (LobbyPlayerManagerComponentSystem.cs:97) 玩家ID:482734309785206785 移动方向: -0.7653756 , 0 , 0.64358383
2025-11-29 20:58:11.4028 (LobbyPlayerManagerComponentSystem.cs:102) 玩家ID:482734309785206785 移动到新位置: 4.0462527 , 0 , -4.974608
2025-11-29 20:58:11.4942 (LobbyPlayerManagerComponentSystem.cs:97) 玩家ID:482734309785206785 移动方向: -0.65805113 , 0 , 0.7529732
2025-11-29 20:58:11.4942 (LobbyPlayerManagerComponentSystem.cs:102) 玩家ID:482734309785206785 移动到新位置: 3.9146426 , 0 , -4.824013
2025-11-29 20:58:11.6031 (LobbyPlayerManagerComponentSystem.cs:97) 玩家ID:482734309785206785 移动方向: -0.5335653 , 0 , 0.8457589
2025-11-29 20:58:11.6031 (LobbyPlayerManagerComponentSystem.cs:102) 玩家ID:482734309785206785 移动到新位置: 3.8079295 , 0 , -4.6548615
2025-11-29 20:58:11.6970 (LobbyPlayerManagerComponentSystem.cs:97) 玩家ID:482734309785206785 移动方向: -0.4133638 , 0 , 0.910566
2025-11-29 20:58:11.6970 (LobbyPlayerManagerComponentSystem.cs:102) 玩家ID:482734309785206785 移动到新位置: 3.7252567 , 0 , -4.4727483
2025-11-29 20:58:11.7908 (LobbyPlayerManagerComponentSystem.cs:97) 玩家ID:482734309785206785 移动方向: -0.30623323 , 0 , 0.9519565
2025-11-29 20:58:11.7908 (LobbyPlayerManagerComponentSystem.cs:102) 玩家ID:482734309785206785 移动到新位置: 3.66401 , 0 , -4.282357
2025-11-29 20:58:11.8995 (LobbyPlayerManagerComponentSystem.cs:97) 玩家ID:482734309785206785 移动方向: -0.18770352 , 0 , 0.9822257
2025-11-29 20:58:11.8995 (LobbyPlayerManagerComponentSystem.cs:102) 玩家ID:482734309785206785 移动到新位置: 3.6264694 , 0 , -4.085912
2025-11-29 20:58:12.0075 (LobbyPlayerManagerComponentSystem.cs:97) 玩家ID:482734309785206785 移动方向: -0.04603379 , 0 , 0.9989399
2025-11-29 20:58:12.0075 (LobbyPlayerManagerComponentSystem.cs:102) 玩家ID:482734309785206785 移动到新位置: 3.6172626 , 0 , -3.8861241
2025-11-29 20:58:12.1027 (LobbyPlayerManagerComponentSystem.cs:97) 玩家ID:482734309785206785 移动方向: 0.060183376 , 0 , 0.99818736
2025-11-29 20:58:12.1027 (LobbyPlayerManagerComponentSystem.cs:102) 玩家ID:482734309785206785 移动到新位置: 3.6292992 , 0 , -3.6864867
2025-11-29 20:58:12.1972 (LobbyPlayerManagerComponentSystem.cs:97) 玩家ID:482734309785206785 移动方向: 0.11226465 , 0 , 0.99367833
2025-11-29 20:58:12.1972 (LobbyPlayerManagerComponentSystem.cs:102) 玩家ID:482734309785206785 移动到新位置: 3.651752 , 0 , -3.487751
2025-11-29 20:58:12.3055 (LobbyPlayerManagerComponentSystem.cs:97) 玩家ID:482734309785206785 移动方向: 0.08482899 , 0 , 0.9963955
2025-11-29 20:58:12.3055 (LobbyPlayerManagerComponentSystem.cs:102) 玩家ID:482734309785206785 移动到新位置: 3.6687179 , 0 , -3.288472
2025-11-29 20:58:12.3979 (LobbyPlayerManagerComponentSystem.cs:97) 玩家ID:482734309785206785 移动方向: -0.060512755 , 0 , 0.9981674
2025-11-29 20:58:12.3979 (LobbyPlayerManagerComponentSystem.cs:102) 玩家ID:482734309785206785 移动到新位置: 3.6566153 , 0 , -3.0888386
2025-11-29 20:58:12.5076 (LobbyPlayerManagerComponentSystem.cs:97) 玩家ID:482734309785206785 移动方向: -0.15998764 , 0 , 0.987119
2025-11-29 20:58:12.5076 (LobbyPlayerManagerComponentSystem.cs:102) 玩家ID:482734309785206785 移动到新位置: 3.6246178 , 0 , -2.8914146
2025-11-29 20:58:12.6018 (LobbyPlayerManagerComponentSystem.cs:97) 玩家ID:482734309785206785 移动方向: -0.20334437 , 0 , 0.97910726
2025-11-29 20:58:12.6018 (LobbyPlayerManagerComponentSystem.cs:102) 玩家ID:482734309785206785 移动到新位置: 3.5839489 , 0 , -2.695593
2025-11-29 20:58:12.7108 (LobbyPlayerManagerComponentSystem.cs:102) 玩家ID:482734309785206785 移动到新位置: 3.5839489 , 0 , -2.695593
2025-11-29 20:58:25.4074 (LoginRequestHandler.cs:16) 收到登录请求
2025-11-29 20:58:25.4697 (EntryLobbyRequestHandler.cs:32) 进入大厅成功，玩家ID:482736422909116417
2025-11-29 20:58:25.4697 (EntryLobbyRequestHandler.cs:48) 获取其他玩家数据，玩家ID:482734309785206785
2025-11-29 20:58:27.3638 (StateSyncRequestHandler.cs:18) 玩家ID:482736422909116417 移动方向: 0.208311 , 0 , -0.9780626
2025-11-29 20:58:27.3638 (StateSyncRequestHandler.cs:18) 玩家ID:482736422909116417 移动到新位置: 3.9781759 , 0 , -2.5095942
2025-11-29 20:58:27.4714 (StateSyncRequestHandler.cs:18) 玩家ID:482736422909116417 移动方向: 0.45347878 , 0 , -0.89126706
2025-11-29 20:58:27.4714 (StateSyncRequestHandler.cs:18) 玩家ID:482736422909116417 移动到新位置: 4.0688715 , 0 , -2.6878476
2025-11-29 20:58:27.5631 (StateSyncRequestHandler.cs:18) 玩家ID:482736422909116417 移动方向: 0.5446873 , 0 , -0.83863926
2025-11-29 20:58:27.5631 (StateSyncRequestHandler.cs:18) 玩家ID:482736422909116417 移动到新位置: 4.177809 , 0 , -2.8555756
2025-11-29 20:58:27.6718 (StateSyncRequestHandler.cs:18) 玩家ID:482736422909116417 移动方向: 0.577243 , 0 , -0.8165724
2025-11-29 20:58:27.6718 (StateSyncRequestHandler.cs:18) 玩家ID:482736422909116417 移动到新位置: 4.293257 , 0 , -3.0188901
2025-11-29 20:58:27.7663 (StateSyncRequestHandler.cs:18) 玩家ID:482736422909116417 移动方向: 0.5885798 , 0 , -0.80843914
2025-11-29 20:58:27.7663 (StateSyncRequestHandler.cs:18) 玩家ID:482736422909116417 移动到新位置: 4.410973 , 0 , -3.180578
2025-11-29 20:58:27.8751 (StateSyncRequestHandler.cs:18) 玩家ID:482736422909116417 移动方向: 0.59236336 , 0 , -0.8056709
2025-11-29 20:58:27.8751 (StateSyncRequestHandler.cs:18) 玩家ID:482736422909116417 移动到新位置: 4.5294456 , 0 , -3.3417122
2025-11-29 20:58:27.9697 (StateSyncRequestHandler.cs:18) 玩家ID:482736422909116417 移动方向: 0.59353465 , 0 , -0.80480844
2025-11-29 20:58:27.9697 (StateSyncRequestHandler.cs:18) 玩家ID:482736422909116417 移动到新位置: 4.6481524 , 0 , -3.5026739
2025-11-29 20:58:28.0637 (StateSyncRequestHandler.cs:18) 玩家ID:482736422909116417 移动方向: 0.5939495 , 0 , -0.8045023
2025-11-29 20:58:28.0637 (StateSyncRequestHandler.cs:18) 玩家ID:482736422909116417 移动到新位置: 4.766942 , 0 , -3.6635742
2025-11-29 20:58:28.1566 (StateSyncRequestHandler.cs:18) 玩家ID:482736422909116417 移动方向: 0.5940648 , 0 , -0.80441725
2025-11-29 20:58:28.1566 (StateSyncRequestHandler.cs:18) 玩家ID:482736422909116417 移动到新位置: 4.885755 , 0 , -3.8244576
2025-11-29 20:58:28.2642 (StateSyncRequestHandler.cs:18) 玩家ID:482736422909116417 移动方向: 0.9888837 , 0 , -0.1486907
2025-11-29 20:58:28.2642 (StateSyncRequestHandler.cs:18) 玩家ID:482736422909116417 移动到新位置: 5.083532 , 0 , -3.8541958
2025-11-29 20:58:28.3732 (StateSyncRequestHandler.cs:18) 玩家ID:482736422909116417 移动方向: 0.98888576 , 0 , -0.14867708
2025-11-29 20:58:28.3732 (StateSyncRequestHandler.cs:18) 玩家ID:482736422909116417 移动到新位置: 5.281309 , 0 , -3.8839312
2025-11-29 20:58:28.4641 (StateSyncRequestHandler.cs:18) 玩家ID:482736422909116417 移动方向: 0.9888863 , 0 , -0.14867371
2025-11-29 20:58:28.4641 (StateSyncRequestHandler.cs:18) 玩家ID:482736422909116417 移动到新位置: 5.4790864 , 0 , -3.913666
2025-11-29 20:58:28.5719 (StateSyncRequestHandler.cs:18) 玩家ID:482736422909116417 移动方向: 0.9888865 , 0 , -0.14867264
2025-11-29 20:58:28.5719 (StateSyncRequestHandler.cs:18) 玩家ID:482736422909116417 移动到新位置: 5.6768637 , 0 , -3.9434006
2025-11-29 20:58:28.6649 (StateSyncRequestHandler.cs:18) 玩家ID:482736422909116417 移动方向: -0.14867246 , 0 , -0.98888654
2025-11-29 20:58:28.6649 (StateSyncRequestHandler.cs:18) 玩家ID:482736422909116417 移动到新位置: 5.647129 , 0 , -4.141178
2025-11-29 20:58:28.7739 (StateSyncRequestHandler.cs:18) 玩家ID:482736422909116417 移动方向: -0.14867246 , 0 , -0.98888654
2025-11-29 20:58:28.7739 (StateSyncRequestHandler.cs:18) 玩家ID:482736422909116417 移动到新位置: 5.6173944 , 0 , -4.3389554
2025-11-29 20:58:28.8681 (StateSyncRequestHandler.cs:18) 玩家ID:482736422909116417 移动方向: -0.80437565 , 0 , -0.59412104
2025-11-29 20:58:28.8681 (StateSyncRequestHandler.cs:18) 玩家ID:482736422909116417 移动到新位置: 5.456519 , 0 , -4.4577794
2025-11-29 20:58:28.9626 (StateSyncRequestHandler.cs:18) 玩家ID:482736422909116417 移动方向: -0.9888865 , 0 , 0.14867252
2025-11-29 20:58:28.9626 (StateSyncRequestHandler.cs:18) 玩家ID:482736422909116417 移动到新位置: 5.258742 , 0 , -4.428045
2025-11-29 20:58:29.0545 (StateSyncRequestHandler.cs:18) 玩家ID:482736422909116417 移动方向: -0.59412104 , 0 , 0.8043757
2025-11-29 20:58:29.0545 (StateSyncRequestHandler.cs:18) 玩家ID:482736422909116417 移动到新位置: 5.139918 , 0 , -4.2671695
2025-11-29 20:58:29.1638 (StateSyncRequestHandler.cs:18) 玩家ID:482736422909116417 移动方向: 0.14867246 , 0 , 0.98888654
2025-11-29 20:58:29.1638 (StateSyncRequestHandler.cs:18) 玩家ID:482736422909116417 移动到新位置: 5.1696525 , 0 , -4.069392
2025-11-29 20:58:29.2735 (StateSyncRequestHandler.cs:18) 玩家ID:482736422909116417 移动方向: 0.14867246 , 0 , 0.98888654
2025-11-29 20:58:29.2735 (StateSyncRequestHandler.cs:18) 玩家ID:482736422909116417 移动到新位置: 5.199387 , 0 , -3.871615
2025-11-29 20:58:29.3686 (StateSyncRequestHandler.cs:18) 玩家ID:482736422909116417 移动方向: 0.14867246 , 0 , 0.98888654
2025-11-29 20:58:29.3686 (StateSyncRequestHandler.cs:18) 玩家ID:482736422909116417 移动到新位置: 5.2291217 , 0 , -3.6738377
2025-11-29 20:58:29.4610 (StateSyncRequestHandler.cs:18) 玩家ID:482736422909116417 移动方向: 0.14867246 , 0 , 0.98888654
2025-11-29 20:58:29.4610 (StateSyncRequestHandler.cs:18) 玩家ID:482736422909116417 移动到新位置: 5.2588563 , 0 , -3.4760604
2025-11-29 20:58:29.5687 (StateSyncRequestHandler.cs:18) 玩家ID:482736422909116417 移动方向: -0.59412104 , 0 , 0.8043757
2025-11-29 20:58:29.5687 (StateSyncRequestHandler.cs:18) 玩家ID:482736422909116417 移动到新位置: 5.1400323 , 0 , -3.3151853
2025-11-29 20:58:29.6624 (StateSyncRequestHandler.cs:18) 玩家ID:482736422909116417 移动方向: -0.59412104 , 0 , 0.8043757
2025-11-29 20:58:29.6624 (StateSyncRequestHandler.cs:18) 玩家ID:482736422909116417 移动到新位置: 5.0212083 , 0 , -3.1543102
2025-11-29 20:58:29.7542 (StateSyncRequestHandler.cs:18) 玩家ID:482736422909116417 移动到新位置: 5.0212083 , 0 , -3.1543102
2025-11-29 20:58:30.4706 (StateSyncRequestHandler.cs:18) 玩家ID:482736422909116417 移动方向: 0.06702446 , 0 , 0.9977513
2025-11-29 20:58:30.4706 (StateSyncRequestHandler.cs:18) 玩家ID:482736422909116417 移动到新位置: 5.034613 , 0 , -2.95476
2025-11-29 20:58:30.5629 (StateSyncRequestHandler.cs:18) 玩家ID:482736422909116417 移动方向: 0.27986372 , 0 , 0.96003973
2025-11-29 20:58:30.5629 (StateSyncRequestHandler.cs:18) 玩家ID:482736422909116417 移动到新位置: 5.0905857 , 0 , -2.762752
2025-11-29 20:58:30.6707 (StateSyncRequestHandler.cs:18) 玩家ID:482736422909116417 移动方向: 0.9114312 , 0 , 0.41145256
2025-11-29 20:58:30.6707 (StateSyncRequestHandler.cs:18) 玩家ID:482736422909116417 移动到新位置: 5.272872 , 0 , -2.6804616
2025-11-29 20:58:30.7651 (StateSyncRequestHandler.cs:18) 玩家ID:482736422909116417 移动到新位置: 5.272872 , 0 , -2.6804616
2025-11-29 20:58:36.6954  创建队伍成功 队伍ID：1000 玩家ID：482736422909116417
2025-11-29 20:58:46.0923  收到加入队伍请求 玩家ID：482734309785206785 队伍ID：1000
2025-11-29 20:58:46.0923  加入队伍成功 玩家ID：482734309785206785 队伍ID：1000
2025-11-29 20:58:48.1593 (TeamStateChangeMessageHandler.cs:22) 队伍ID:1000 已经没有成员，不需要发送离开消息
2025-11-29 20:58:57.0188  收到加入队伍请求 玩家ID：482734309785206785 队伍ID：1000
2025-11-29 20:58:57.0188  加入队伍成功 玩家ID：482734309785206785 队伍ID：1000
2025-11-29 20:59:00.3545 (TeamStateChangeMessageHandler.cs:22) 队伍ID:1000 已经没有成员，不需要发送离开消息
2025-11-29 20:59:06.5229  收到加入队伍请求 玩家ID：482734309785206785 队伍ID：1000
2025-11-29 20:59:06.5229  加入队伍成功 玩家ID：482734309785206785 队伍ID：1000
