2025-11-29 19:23:51.2257  

==========================================================================
 
  ███████╗ █████╗ ███╗   ██╗████████╗ █████╗  ██████╗ ██╗   ██╗
  ██╔════╝██╔══██╗████╗  ██║╚══██╔══╝██╔══██╗██╔════╝ ╚██╗ ██╔╝
  █████╗  ███████║██╔██╗ ██║   ██║   ███████║╚█████╗   ╚████╔╝ 
  ██╔══╝  ██╔══██║██║╚██╗██║   ██║   ██╔══██║╚════██║   ╚██╔╝  
  ██║     ██║  ██║██║ ╚████║   ██║   ██║  ██║██████╔╝    ██║   
  ╚═╝     ╚═╝  ╚═╝╚═╝  ╚═══╝   ╚═╝   ╚═╝  ╚═╝╚═════╝     ╚═╝   
                                                            
 Version : Fantasy 2.0 Official version
==========================================================================

2025-11-29 19:23:51.2662  Current inner network protocol:TCP
2025-11-29 19:23:51.2662  Max Message Size(byte):1048560
2025-11-29 19:23:51.2710  Current session idle timeout:8000
2025-11-29 19:23:51.2710  Session-check interval:5000 
2025-11-29 19:23:51.7391  dbName:OnlineTest Initialize the db database and connect to the target.
2025-11-29 19:23:51.9710  dbName:OnlineTest Database connection successful.
2025-11-29 19:23:52.3136  SceneConfigId = 1001 networkTarget = Inner TCPServer Listen 127.0.0.1:11002
2025-11-29 19:23:52.5973  SceneConfigId = 1001 networkTarget = Outer KCPServer Listen 0.0.0.0:20000
2025-11-29 19:23:52.5973  Process:1 Startup Complete SceneCount:1
2025-11-29 19:24:06.8754 (LoginRequestHandler.cs:16) 收到登录请求
2025-11-29 19:24:07.1941 (EntryLobbyRequestHandler.cs:32) 进入大厅成功，玩家ID:482734309785206785
2025-11-29 19:24:08.5883 (LobbyPlayerManagerComponentSystem.cs:97) 玩家ID:482734309785206785 移动方向: 0.2735052 , 0 , -0.9618705
2025-11-29 19:24:08.5883 (LobbyPlayerManagerComponentSystem.cs:102) 玩家ID:482734309785206785 移动到新位置: 1.954434 , 0 , -4.128629
2025-11-29 19:24:08.6707 (LobbyPlayerManagerComponentSystem.cs:97) 玩家ID:482734309785206785 移动方向: 0.6240174 , 0 , -0.7814104
2025-11-29 19:24:08.6707 (LobbyPlayerManagerComponentSystem.cs:102) 玩家ID:482734309785206785 移动到新位置: 2.0792375 , 0 , -4.284911
2025-11-29 19:24:08.7779 (LobbyPlayerManagerComponentSystem.cs:97) 玩家ID:482734309785206785 移动方向: 0.7913483 , 0 , -0.6113656
2025-11-29 19:24:08.7779 (LobbyPlayerManagerComponentSystem.cs:102) 玩家ID:482734309785206785 移动到新位置: 2.237507 , 0 , -4.407184
2025-11-29 19:24:08.8724 (LobbyPlayerManagerComponentSystem.cs:97) 玩家ID:482734309785206785 移动方向: 0.844302 , 0 , -0.53586763
2025-11-29 19:24:08.8724 (LobbyPlayerManagerComponentSystem.cs:102) 玩家ID:482734309785206785 移动到新位置: 2.4063675 , 0 , -4.5143576
2025-11-29 19:24:08.9671 (LobbyPlayerManagerComponentSystem.cs:97) 玩家ID:482734309785206785 移动方向: 0.85986876 , 0 , -0.51051515
2025-11-29 19:24:08.9671 (LobbyPlayerManagerComponentSystem.cs:102) 玩家ID:482734309785206785 移动到新位置: 2.5783412 , 0 , -4.616461
2025-11-29 19:24:09.0743 (LobbyPlayerManagerComponentSystem.cs:97) 玩家ID:482734309785206785 移动方向: 0.8660627 , 0 , -0.49993542
2025-11-29 19:24:09.0743 (LobbyPlayerManagerComponentSystem.cs:102) 玩家ID:482734309785206785 移动到新位置: 2.7515538 , 0 , -4.716448
2025-11-29 19:24:09.1663 (LobbyPlayerManagerComponentSystem.cs:97) 玩家ID:482734309785206785 移动方向: 0.86775935 , 0 , -0.4969846
2025-11-29 19:24:09.1663 (LobbyPlayerManagerComponentSystem.cs:102) 玩家ID:482734309785206785 移动到新位置: 2.9251056 , 0 , -4.8158445
2025-11-29 19:24:09.2736 (LobbyPlayerManagerComponentSystem.cs:97) 玩家ID:482734309785206785 移动方向: 0.26343608 , 0 , -0.9646768
2025-11-29 19:24:09.2736 (LobbyPlayerManagerComponentSystem.cs:102) 玩家ID:482734309785206785 移动到新位置: 2.9777927 , 0 , -5.00878
2025-11-29 19:24:09.3817 (LobbyPlayerManagerComponentSystem.cs:97) 玩家ID:482734309785206785 移动方向: 0.26374245 , 0 , -0.9645932
2025-11-29 19:24:09.3817 (LobbyPlayerManagerComponentSystem.cs:102) 玩家ID:482734309785206785 移动到新位置: 3.0305412 , 0 , -5.201699
2025-11-29 19:24:09.4745 (LobbyPlayerManagerComponentSystem.cs:97) 玩家ID:482734309785206785 移动方向: 0.8686078 , 0 , -0.4955002
2025-11-29 19:24:09.4745 (LobbyPlayerManagerComponentSystem.cs:102) 玩家ID:482734309785206785 移动到新位置: 3.2042627 , 0 , -5.300799
2025-11-29 19:24:09.5704 (LobbyPlayerManagerComponentSystem.cs:97) 玩家ID:482734309785206785 移动方向: 0.868626 , 0 , -0.49546826
2025-11-29 19:24:09.5704 (LobbyPlayerManagerComponentSystem.cs:102) 玩家ID:482734309785206785 移动到新位置: 3.3779879 , 0 , -5.3998923
2025-11-29 19:24:09.6624 (LobbyPlayerManagerComponentSystem.cs:97) 玩家ID:482734309785206785 移动方向: 0.8686299 , 0 , -0.4954616
2025-11-29 19:24:09.6624 (LobbyPlayerManagerComponentSystem.cs:102) 玩家ID:482734309785206785 移动到新位置: 3.551714 , 0 , -5.498985
2025-11-29 19:24:09.7722 (LobbyPlayerManagerComponentSystem.cs:97) 玩家ID:482734309785206785 移动方向: 0.86863106 , 0 , -0.4954595
2025-11-29 19:24:09.7722 (LobbyPlayerManagerComponentSystem.cs:102) 玩家ID:482734309785206785 移动到新位置: 3.7254403 , 0 , -5.598077
2025-11-29 19:24:09.8654 (LobbyPlayerManagerComponentSystem.cs:97) 玩家ID:482734309785206785 移动方向: 0.86863136 , 0 , -0.49545893
2025-11-29 19:24:09.8654 (LobbyPlayerManagerComponentSystem.cs:102) 玩家ID:482734309785206785 移动到新位置: 3.8991666 , 0 , -5.697169
2025-11-29 19:24:09.9753 (LobbyPlayerManagerComponentSystem.cs:97) 玩家ID:482734309785206785 移动方向: 0.8686314 , 0 , -0.4954588
2025-11-29 19:24:09.9753 (LobbyPlayerManagerComponentSystem.cs:102) 玩家ID:482734309785206785 移动到新位置: 4.0728927 , 0 , -5.7962604
2025-11-29 19:24:10.0679 (LobbyPlayerManagerComponentSystem.cs:97) 玩家ID:482734309785206785 移动方向: 0.8686314 , 0 , -0.4954588
2025-11-29 19:24:10.0686 (LobbyPlayerManagerComponentSystem.cs:102) 玩家ID:482734309785206785 移动到新位置: 4.2466187 , 0 , -5.895352
2025-11-29 19:24:10.1753 (LobbyPlayerManagerComponentSystem.cs:97) 玩家ID:482734309785206785 移动方向: 0.8686026 , 0 , -0.49550942
2025-11-29 19:24:10.1753 (LobbyPlayerManagerComponentSystem.cs:102) 玩家ID:482734309785206785 移动到新位置: 4.420339 , 0 , -5.994454
2025-11-29 19:24:10.2703 (LobbyPlayerManagerComponentSystem.cs:102) 玩家ID:482734309785206785 移动到新位置: 4.420339 , 0 , -5.994454
2025-11-29 19:24:11.6700 (LobbyPlayerManagerComponentSystem.cs:97) 玩家ID:482734309785206785 移动方向: 0.23343045 , 0 , 0.9723735
2025-11-29 19:24:11.6700 (LobbyPlayerManagerComponentSystem.cs:102) 玩家ID:482734309785206785 移动到新位置: 4.4670253 , 0 , -5.799979
2025-11-29 19:24:11.7777 (LobbyPlayerManagerComponentSystem.cs:97) 玩家ID:482734309785206785 移动方向: 0.23344086 , 0 , 0.972371
2025-11-29 19:24:11.7777 (LobbyPlayerManagerComponentSystem.cs:102) 玩家ID:482734309785206785 移动到新位置: 4.5137134 , 0 , -5.605505
2025-11-29 19:24:11.8711 (LobbyPlayerManagerComponentSystem.cs:97) 玩家ID:482734309785206785 移动方向: -0.5224996 , 0 , 0.85263956
2025-11-29 19:24:11.8711 (LobbyPlayerManagerComponentSystem.cs:102) 玩家ID:482734309785206785 移动到新位置: 4.4092135 , 0 , -5.434977
2025-11-29 19:24:11.9641 (LobbyPlayerManagerComponentSystem.cs:97) 玩家ID:482734309785206785 移动方向: -0.5224987 , 0 , 0.85264003
2025-11-29 19:24:11.9641 (LobbyPlayerManagerComponentSystem.cs:102) 玩家ID:482734309785206785 移动到新位置: 4.3047137 , 0 , -5.264449
2025-11-29 19:24:12.0719 (LobbyPlayerManagerComponentSystem.cs:97) 玩家ID:482734309785206785 移动方向: -0.5224985 , 0 , 0.85264015
2025-11-29 19:24:12.0719 (LobbyPlayerManagerComponentSystem.cs:102) 玩家ID:482734309785206785 移动到新位置: 4.200214 , 0 , -5.093921
2025-11-29 19:24:12.1798 (LobbyPlayerManagerComponentSystem.cs:97) 玩家ID:482734309785206785 移动方向: 0.23344547 , 0 , 0.97236985
2025-11-29 19:24:12.1798 (LobbyPlayerManagerComponentSystem.cs:102) 玩家ID:482734309785206785 移动到新位置: 4.246903 , 0 , -4.8994474
2025-11-29 19:24:12.2747 (LobbyPlayerManagerComponentSystem.cs:97) 玩家ID:482734309785206785 移动方向: 0.23344548 , 0 , 0.97236985
2025-11-29 19:24:12.2747 (LobbyPlayerManagerComponentSystem.cs:102) 玩家ID:482734309785206785 移动到新位置: 4.293592 , 0 , -4.704973
2025-11-29 19:24:12.3692 (LobbyPlayerManagerComponentSystem.cs:97) 玩家ID:482734309785206785 移动方向: 0.23344548 , 0 , 0.97236985
2025-11-29 19:24:12.3692 (LobbyPlayerManagerComponentSystem.cs:102) 玩家ID:482734309785206785 移动到新位置: 4.340281 , 0 , -4.510499
2025-11-29 19:24:12.4635 (LobbyPlayerManagerComponentSystem.cs:97) 玩家ID:482734309785206785 移动方向: 0.23149672 , 0 , 0.9728357
2025-11-29 19:24:12.4635 (LobbyPlayerManagerComponentSystem.cs:102) 玩家ID:482734309785206785 移动到新位置: 4.3865805 , 0 , -4.315932
2025-11-29 19:24:12.5700 (LobbyPlayerManagerComponentSystem.cs:97) 玩家ID:482734309785206785 移动方向: 0.124070875 , 0 , 0.9922734
2025-11-29 19:24:12.5700 (LobbyPlayerManagerComponentSystem.cs:102) 玩家ID:482734309785206785 移动到新位置: 4.4113946 , 0 , -4.117477
2025-11-29 19:24:12.6614 (LobbyPlayerManagerComponentSystem.cs:97) 玩家ID:482734309785206785 移动方向: -0.088342324 , 0 , 0.9960902
2025-11-29 19:24:12.6614 (LobbyPlayerManagerComponentSystem.cs:102) 玩家ID:482734309785206785 移动到新位置: 4.3937263 , 0 , -3.918259
2025-11-29 19:24:12.7709 (LobbyPlayerManagerComponentSystem.cs:102) 玩家ID:482734309785206785 移动到新位置: 4.3937263 , 0 , -3.918259
2025-11-29 19:24:13.2676 (StateSyncRequestHandler.cs:18) 玩家ID:482734309785206785 移动方向: 0.27874646 , 0 , -0.96036476
2025-11-29 19:24:13.2676 (StateSyncRequestHandler.cs:18) 玩家ID:482734309785206785 移动到新位置: 4.449476 , 0 , -4.110332
2025-11-29 19:24:13.3757 (StateSyncRequestHandler.cs:18) 玩家ID:482734309785206785 移动方向: 0.27891803 , 0 , -0.9603149
2025-11-29 19:24:13.3757 (StateSyncRequestHandler.cs:18) 玩家ID:482734309785206785 移动到新位置: 4.5052595 , 0 , -4.302395
2025-11-29 19:24:13.4690 (StateSyncRequestHandler.cs:18) 玩家ID:482734309785206785 移动方向: 0.27896374 , 0 , -0.96030164
2025-11-29 19:24:13.4690 (StateSyncRequestHandler.cs:18) 玩家ID:482734309785206785 移动到新位置: 4.5610523 , 0 , -4.4944553
2025-11-29 19:24:13.5621 (StateSyncRequestHandler.cs:18) 玩家ID:482734309785206785 移动到新位置: 4.5610523 , 0 , -4.4944553
2025-11-29 19:24:13.8705 (StateSyncRequestHandler.cs:18) 玩家ID:482734309785206785 移动方向: -0.96029377 , 0 , -0.27899092
2025-11-29 19:24:13.8705 (StateSyncRequestHandler.cs:18) 玩家ID:482734309785206785 移动到新位置: 4.3689938 , 0 , -4.5502534
2025-11-29 19:24:13.9791 (StateSyncRequestHandler.cs:18) 玩家ID:482734309785206785 移动方向: -0.9602937 , 0 , -0.27899098
2025-11-29 19:24:13.9791 (StateSyncRequestHandler.cs:18) 玩家ID:482734309785206785 移动到新位置: 4.176935 , 0 , -4.6060514
2025-11-29 19:24:14.0712 (StateSyncRequestHandler.cs:18) 玩家ID:482734309785206785 移动方向: -0.8763066 , 0 , 0.48175377
2025-11-29 19:24:14.0712 (StateSyncRequestHandler.cs:18) 玩家ID:482734309785206785 移动到新位置: 4.0016737 , 0 , -4.509701
2025-11-29 19:24:14.1804 (StateSyncRequestHandler.cs:18) 玩家ID:482734309785206785 移动方向: -0.278991 , 0 , 0.9602937
2025-11-29 19:24:14.1804 (StateSyncRequestHandler.cs:18) 玩家ID:482734309785206785 移动到新位置: 3.9458754 , 0 , -4.317642
2025-11-29 19:24:14.2736 (StateSyncRequestHandler.cs:18) 玩家ID:482734309785206785 移动方向: -0.278991 , 0 , 0.9602937
2025-11-29 19:24:14.2736 (StateSyncRequestHandler.cs:18) 玩家ID:482734309785206785 移动到新位置: 3.890077 , 0 , -4.1255836
2025-11-29 19:24:14.3652 (StateSyncRequestHandler.cs:18) 玩家ID:482734309785206785 移动方向: -0.278991 , 0 , 0.9602937
2025-11-29 19:24:14.3652 (StateSyncRequestHandler.cs:18) 玩家ID:482734309785206785 移动到新位置: 3.8342788 , 0 , -3.9335248
2025-11-29 19:24:14.4743 (StateSyncRequestHandler.cs:18) 玩家ID:482734309785206785 移动方向: -0.278991 , 0 , 0.9602937
2025-11-29 19:24:14.4743 (StateSyncRequestHandler.cs:18) 玩家ID:482734309785206785 移动到新位置: 3.7784805 , 0 , -3.741466
2025-11-29 19:24:14.5829 (StateSyncRequestHandler.cs:18) 玩家ID:482734309785206785 移动方向: -0.8763066 , 0 , 0.48175377
2025-11-29 19:24:14.5842 (StateSyncRequestHandler.cs:18) 玩家ID:482734309785206785 移动到新位置: 3.6032193 , 0 , -3.6451154
2025-11-29 19:24:14.6605 (StateSyncRequestHandler.cs:18) 玩家ID:482734309785206785 移动方向: -0.8763066 , 0 , 0.48175377
2025-11-29 19:24:14.6605 (StateSyncRequestHandler.cs:18) 玩家ID:482734309785206785 移动到新位置: 3.427958 , 0 , -3.5487647
2025-11-29 19:24:14.7827 (StateSyncRequestHandler.cs:18) 玩家ID:482734309785206785 移动方向: -0.8763066 , 0 , 0.48175377
2025-11-29 19:24:14.7827 (StateSyncRequestHandler.cs:18) 玩家ID:482734309785206785 移动到新位置: 3.2526968 , 0 , -3.452414
2025-11-29 19:24:14.8799 (StateSyncRequestHandler.cs:18) 玩家ID:482734309785206785 移动到新位置: 3.2526968 , 0 , -3.452414
2025-11-29 19:24:15.6814 (StateSyncRequestHandler.cs:18) 玩家ID:482734309785206785 移动方向: -0.278991 , 0 , 0.9602937
2025-11-29 19:24:15.6814 (StateSyncRequestHandler.cs:18) 玩家ID:482734309785206785 移动到新位置: 3.1968985 , 0 , -3.2603552
2025-11-29 19:24:15.7611 (StateSyncRequestHandler.cs:18) 玩家ID:482734309785206785 移动方向: -0.278991 , 0 , 0.9602937
2025-11-29 19:24:15.7611 (StateSyncRequestHandler.cs:18) 玩家ID:482734309785206785 移动到新位置: 3.1411002 , 0 , -3.0682964
2025-11-29 19:24:15.8853 (StateSyncRequestHandler.cs:18) 玩家ID:482734309785206785 移动方向: -0.278991 , 0 , 0.9602937
2025-11-29 19:24:15.8853 (StateSyncRequestHandler.cs:18) 玩家ID:482734309785206785 移动到新位置: 3.0853019 , 0 , -2.8762376
2025-11-29 19:24:15.9759 (StateSyncRequestHandler.cs:18) 玩家ID:482734309785206785 移动到新位置: 3.0853019 , 0 , -2.8762376
2025-11-29 19:24:16.2830 (StateSyncRequestHandler.cs:18) 玩家ID:482734309785206785 移动方向: 0.278991 , 0 , -0.9602937
2025-11-29 19:24:16.2830 (StateSyncRequestHandler.cs:18) 玩家ID:482734309785206785 移动到新位置: 3.1411002 , 0 , -3.0682964
2025-11-29 19:24:16.3592 (StateSyncRequestHandler.cs:18) 玩家ID:482734309785206785 移动方向: 0.278991 , 0 , -0.9602937
2025-11-29 19:24:16.3592 (StateSyncRequestHandler.cs:18) 玩家ID:482734309785206785 移动到新位置: 3.1968985 , 0 , -3.2603552
2025-11-29 19:24:16.4678 (StateSyncRequestHandler.cs:18) 玩家ID:482734309785206785 移动方向: 0.278991 , 0 , -0.9602937
2025-11-29 19:24:16.4678 (StateSyncRequestHandler.cs:18) 玩家ID:482734309785206785 移动到新位置: 3.2526968 , 0 , -3.452414
2025-11-29 19:24:16.5610 (StateSyncRequestHandler.cs:18) 玩家ID:482734309785206785 移动方向: 0.278991 , 0 , -0.9602937
2025-11-29 19:24:16.5610 (StateSyncRequestHandler.cs:18) 玩家ID:482734309785206785 移动到新位置: 3.308495 , 0 , -3.6444728
2025-11-29 19:24:16.6703 (StateSyncRequestHandler.cs:18) 玩家ID:482734309785206785 移动方向: 0.278991 , 0 , -0.9602937
2025-11-29 19:24:16.6703 (StateSyncRequestHandler.cs:18) 玩家ID:482734309785206785 移动到新位置: 3.3642933 , 0 , -3.8365316
2025-11-29 19:24:16.7781 (StateSyncRequestHandler.cs:18) 玩家ID:482734309785206785 移动方向: 0.278991 , 0 , -0.9602937
2025-11-29 19:24:16.7781 (StateSyncRequestHandler.cs:18) 玩家ID:482734309785206785 移动到新位置: 3.4200916 , 0 , -4.02859
2025-11-29 19:24:16.8732 (StateSyncRequestHandler.cs:18) 玩家ID:482734309785206785 移动方向: 0.278991 , 0 , -0.9602937
2025-11-29 19:24:16.8732 (StateSyncRequestHandler.cs:18) 玩家ID:482734309785206785 移动到新位置: 3.47589 , 0 , -4.220649
2025-11-29 19:24:16.9811 (StateSyncRequestHandler.cs:18) 玩家ID:482734309785206785 移动方向: 0.278991 , 0 , -0.9602937
2025-11-29 19:24:16.9811 (StateSyncRequestHandler.cs:18) 玩家ID:482734309785206785 移动到新位置: 3.5316882 , 0 , -4.4127073
2025-11-29 19:24:17.0748 (StateSyncRequestHandler.cs:18) 玩家ID:482734309785206785 移动方向: 0.278991 , 0 , -0.9602937
2025-11-29 19:24:17.0748 (StateSyncRequestHandler.cs:18) 玩家ID:482734309785206785 移动到新位置: 3.5874865 , 0 , -4.604766
2025-11-29 19:24:17.1664 (StateSyncRequestHandler.cs:18) 玩家ID:482734309785206785 移动方向: 0.278991 , 0 , -0.9602937
2025-11-29 19:24:17.1664 (StateSyncRequestHandler.cs:18) 玩家ID:482734309785206785 移动到新位置: 3.6432848 , 0 , -4.7968245
2025-11-29 19:24:17.2765 (StateSyncRequestHandler.cs:18) 玩家ID:482734309785206785 移动到新位置: 3.6432848 , 0 , -4.7968245
2025-11-29 19:24:17.9695 (StateSyncRequestHandler.cs:18) 玩家ID:482734309785206785 移动方向: -0.278991 , 0 , 0.9602937
2025-11-29 19:24:17.9695 (StateSyncRequestHandler.cs:18) 玩家ID:482734309785206785 移动到新位置: 3.5874865 , 0 , -4.604766
2025-11-29 19:24:18.0768 (StateSyncRequestHandler.cs:18) 玩家ID:482734309785206785 移动方向: -0.278991 , 0 , 0.9602937
2025-11-29 19:24:18.0768 (StateSyncRequestHandler.cs:18) 玩家ID:482734309785206785 移动到新位置: 3.5316882 , 0 , -4.4127073
2025-11-29 19:24:18.1705 (StateSyncRequestHandler.cs:18) 玩家ID:482734309785206785 移动方向: -0.278991 , 0 , 0.9602937
2025-11-29 19:24:18.1705 (StateSyncRequestHandler.cs:18) 玩家ID:482734309785206785 移动到新位置: 3.47589 , 0 , -4.220649
2025-11-29 19:24:18.2625 (StateSyncRequestHandler.cs:18) 玩家ID:482734309785206785 移动方向: -0.278991 , 0 , 0.9602937
2025-11-29 19:24:18.2625 (StateSyncRequestHandler.cs:18) 玩家ID:482734309785206785 移动到新位置: 3.4200916 , 0 , -4.02859
2025-11-29 19:24:18.3756 (StateSyncRequestHandler.cs:18) 玩家ID:482734309785206785 移动到新位置: 3.4200916 , 0 , -4.02859
2025-11-29 19:24:23.6016  收到登录请求
2025-11-29 19:24:23.6625  进入大厅成功，玩家ID:482736422909116417
2025-11-29 19:24:23.6625  获取其他玩家数据，玩家ID:482734309785206785
2025-11-29 19:24:25.8747 (StateSyncRequestHandler.cs:18) 玩家ID:482736422909116417 移动方向: 0.8089775 , 0 , -0.5878396
2025-11-29 19:24:25.8747 (StateSyncRequestHandler.cs:18) 玩家ID:482736422909116417 移动到新位置: 3.123745 , 0 , -3.4762955
2025-11-29 19:24:25.9674 (StateSyncRequestHandler.cs:18) 玩家ID:482736422909116417 移动方向: 0.91193575 , 0 , -0.410333
2025-11-29 19:24:25.9674 (StateSyncRequestHandler.cs:18) 玩家ID:482736422909116417 移动到新位置: 3.306132 , 0 , -3.558362
2025-11-29 19:24:26.0772 (StateSyncRequestHandler.cs:18) 玩家ID:482736422909116417 移动方向: 0.9607374 , 0 , -0.27745923
2025-11-29 19:24:26.0772 (StateSyncRequestHandler.cs:18) 玩家ID:482736422909116417 移动到新位置: 3.4982796 , 0 , -3.613854
2025-11-29 19:24:26.1700 (StateSyncRequestHandler.cs:18) 玩家ID:482736422909116417 移动方向: 0.9767699 , 0 , -0.2142908
2025-11-29 19:24:26.1700 (StateSyncRequestHandler.cs:18) 玩家ID:482736422909116417 移动到新位置: 3.6936336 , 0 , -3.656712
2025-11-29 19:24:26.2785 (StateSyncRequestHandler.cs:18) 玩家ID:482736422909116417 移动方向: 0.82766193 , 0 , 0.5612269
2025-11-29 19:24:26.2785 (StateSyncRequestHandler.cs:18) 玩家ID:482736422909116417 移动到新位置: 3.859166 , 0 , -3.5444667
2025-11-29 19:24:26.3704 (StateSyncRequestHandler.cs:18) 玩家ID:482736422909116417 移动方向: 0.82274306 , 0 , 0.5684135
2025-11-29 19:24:26.3704 (StateSyncRequestHandler.cs:18) 玩家ID:482736422909116417 移动到新位置: 4.0237145 , 0 , -3.430784
2025-11-29 19:24:26.4648 (StateSyncRequestHandler.cs:18) 玩家ID:482736422909116417 移动方向: 0.82124704 , 0 , 0.570573
2025-11-29 19:24:26.4648 (StateSyncRequestHandler.cs:18) 玩家ID:482736422909116417 移动到新位置: 4.187964 , 0 , -3.3166695
2025-11-29 19:24:26.5721 (StateSyncRequestHandler.cs:18) 玩家ID:482736422909116417 移动方向: 0.9843593 , 0 , -0.17617233
2025-11-29 19:24:26.5721 (StateSyncRequestHandler.cs:18) 玩家ID:482736422909116417 移动到新位置: 4.3848357 , 0 , -3.351904
2025-11-29 19:24:26.6641 (StateSyncRequestHandler.cs:18) 玩家ID:482736422909116417 移动方向: 0.984403 , 0 , -0.17592813
2025-11-29 19:24:26.6641 (StateSyncRequestHandler.cs:18) 玩家ID:482736422909116417 移动到新位置: 4.5817165 , 0 , -3.3870895
2025-11-29 19:24:26.7717 (StateSyncRequestHandler.cs:18) 玩家ID:482736422909116417 移动方向: 0.98441994 , 0 , -0.17583318
2025-11-29 19:24:26.7717 (StateSyncRequestHandler.cs:18) 玩家ID:482736422909116417 移动到新位置: 4.7786007 , 0 , -3.4222562
2025-11-29 19:24:26.8646 (StateSyncRequestHandler.cs:18) 玩家ID:482736422909116417 移动方向: 0.9844246 , 0 , -0.17580737
2025-11-29 19:24:26.8659 (StateSyncRequestHandler.cs:18) 玩家ID:482736422909116417 移动到新位置: 4.975486 , 0 , -3.4574177
2025-11-29 19:24:26.9726 (StateSyncRequestHandler.cs:18) 玩家ID:482736422909116417 移动方向: 0.984426 , 0 , -0.17579946
2025-11-29 19:24:26.9726 (StateSyncRequestHandler.cs:18) 玩家ID:482736422909116417 移动到新位置: 5.172371 , 0 , -3.4925776
2025-11-29 19:24:27.0662 (StateSyncRequestHandler.cs:18) 玩家ID:482736422909116417 移动方向: 0.82040197 , 0 , 0.5717872
2025-11-29 19:24:27.0662 (StateSyncRequestHandler.cs:18) 玩家ID:482736422909116417 移动到新位置: 5.3364515 , 0 , -3.37822
2025-11-29 19:24:27.1576 (StateSyncRequestHandler.cs:18) 玩家ID:482736422909116417 移动方向: 0.9844265 , 0 , -0.17579675
2025-11-29 19:24:27.1576 (StateSyncRequestHandler.cs:18) 玩家ID:482736422909116417 移动到新位置: 5.5333366 , 0 , -3.4133794
2025-11-29 19:24:27.2811 (StateSyncRequestHandler.cs:18) 玩家ID:482736422909116417 移动到新位置: 5.5333366 , 0 , -3.4133794
2025-11-29 19:24:27.3588 (StateSyncRequestHandler.cs:18) 玩家ID:482736422909116417 移动方向: -0.17579675 , 0 , -0.98442644
2025-11-29 19:24:27.3588 (StateSyncRequestHandler.cs:18) 玩家ID:482736422909116417 移动到新位置: 5.4981775 , 0 , -3.6102648
2025-11-29 19:24:27.4838 (StateSyncRequestHandler.cs:18) 玩家ID:482736422909116417 移动方向: -0.9844265 , 0 , 0.17579675
2025-11-29 19:24:27.4838 (StateSyncRequestHandler.cs:18) 玩家ID:482736422909116417 移动到新位置: 5.3012924 , 0 , -3.5751054
2025-11-29 19:24:27.5741 (StateSyncRequestHandler.cs:18) 玩家ID:482736422909116417 移动方向: -0.9844265 , 0 , 0.17579675
2025-11-29 19:24:27.5741 (StateSyncRequestHandler.cs:18) 玩家ID:482736422909116417 移动到新位置: 5.1044073 , 0 , -3.539946
2025-11-29 19:24:27.6834 (StateSyncRequestHandler.cs:18) 玩家ID:482736422909116417 移动方向: -0.57178754 , 0 , 0.82040167
2025-11-29 19:24:27.6834 (StateSyncRequestHandler.cs:18) 玩家ID:482736422909116417 移动到新位置: 4.99005 , 0 , -3.3758657
2025-11-29 19:24:27.7601 (StateSyncRequestHandler.cs:18) 玩家ID:482736422909116417 移动方向: -0.57178754 , 0 , 0.82040167
2025-11-29 19:24:27.7601 (StateSyncRequestHandler.cs:18) 玩家ID:482736422909116417 移动到新位置: 4.8756924 , 0 , -3.2117853
2025-11-29 19:24:27.8815 (StateSyncRequestHandler.cs:18) 玩家ID:482736422909116417 移动方向: -0.57178754 , 0 , 0.82040167
2025-11-29 19:24:27.8815 (StateSyncRequestHandler.cs:18) 玩家ID:482736422909116417 移动到新位置: 4.761335 , 0 , -3.047705
2025-11-29 19:24:27.9746 (StateSyncRequestHandler.cs:18) 玩家ID:482736422909116417 移动方向: -0.57178754 , 0 , 0.82040167
2025-11-29 19:24:27.9746 (StateSyncRequestHandler.cs:18) 玩家ID:482736422909116417 移动到新位置: 4.6469774 , 0 , -2.8836246
2025-11-29 19:24:28.0664 (StateSyncRequestHandler.cs:18) 玩家ID:482736422909116417 移动方向: -0.9844265 , 0 , 0.17579675
2025-11-29 19:24:28.0664 (StateSyncRequestHandler.cs:18) 玩家ID:482736422909116417 移动到新位置: 4.4500923 , 0 , -2.8484652
2025-11-29 19:24:28.1724 (StateSyncRequestHandler.cs:18) 玩家ID:482736422909116417 移动方向: -0.9844265 , 0 , 0.17579675
2025-11-29 19:24:28.1724 (StateSyncRequestHandler.cs:18) 玩家ID:482736422909116417 移动到新位置: 4.253207 , 0 , -2.8133059
2025-11-29 19:24:28.2664 (StateSyncRequestHandler.cs:18) 玩家ID:482736422909116417 移动方向: -0.9844265 , 0 , 0.17579675
2025-11-29 19:24:28.2664 (StateSyncRequestHandler.cs:18) 玩家ID:482736422909116417 移动到新位置: 4.056322 , 0 , -2.7781465
2025-11-29 19:24:28.3747 (StateSyncRequestHandler.cs:18) 玩家ID:482736422909116417 移动方向: -0.9844265 , 0 , 0.17579675
2025-11-29 19:24:28.3747 (StateSyncRequestHandler.cs:18) 玩家ID:482736422909116417 移动到新位置: 3.8594368 , 0 , -2.7429872
2025-11-29 19:24:28.4686 (StateSyncRequestHandler.cs:18) 玩家ID:482736422909116417 移动方向: -0.9844265 , 0 , 0.17579675
2025-11-29 19:24:28.4686 (StateSyncRequestHandler.cs:18) 玩家ID:482736422909116417 移动到新位置: 3.6625514 , 0 , -2.7078278
2025-11-29 19:24:28.5736 (StateSyncRequestHandler.cs:18) 玩家ID:482736422909116417 移动到新位置: 3.6625514 , 0 , -2.7078278
2025-11-29 19:24:29.0674 (StateSyncRequestHandler.cs:18) 玩家ID:482736422909116417 移动方向: -0.9844265 , 0 , 0.17579675
2025-11-29 19:24:29.0674 (StateSyncRequestHandler.cs:18) 玩家ID:482736422909116417 移动到新位置: 3.465666 , 0 , -2.6726685
2025-11-29 19:24:29.1764 (StateSyncRequestHandler.cs:18) 玩家ID:482736422909116417 移动方向: -0.9844265 , 0 , 0.17579675
2025-11-29 19:24:29.1772 (StateSyncRequestHandler.cs:18) 玩家ID:482736422909116417 移动到新位置: 3.2687807 , 0 , -2.637509
2025-11-29 19:24:29.2705 (StateSyncRequestHandler.cs:18) 玩家ID:482736422909116417 移动方向: -0.57178754 , 0 , 0.82040167
2025-11-29 19:24:29.2705 (StateSyncRequestHandler.cs:18) 玩家ID:482736422909116417 移动到新位置: 3.1544232 , 0 , -2.4734287
2025-11-29 19:24:29.3638 (StateSyncRequestHandler.cs:18) 玩家ID:482736422909116417 移动方向: -0.57178754 , 0 , 0.82040167
2025-11-29 19:24:29.3644 (StateSyncRequestHandler.cs:18) 玩家ID:482736422909116417 移动到新位置: 3.0400658 , 0 , -2.3093483
2025-11-29 19:24:29.4860 (StateSyncRequestHandler.cs:18) 玩家ID:482736422909116417 移动方向: -0.57178754 , 0 , 0.82040167
2025-11-29 19:24:29.4860 (StateSyncRequestHandler.cs:18) 玩家ID:482736422909116417 移动到新位置: 2.9257083 , 0 , -2.145268
2025-11-29 19:24:29.5613 (StateSyncRequestHandler.cs:18) 玩家ID:482736422909116417 移动到新位置: 2.9257083 , 0 , -2.145268
2025-11-29 19:24:29.8708 (StateSyncRequestHandler.cs:18) 玩家ID:482736422909116417 移动方向: 0.9844265 , 0 , -0.17579675
2025-11-29 19:24:29.8708 (StateSyncRequestHandler.cs:18) 玩家ID:482736422909116417 移动到新位置: 3.1225936 , 0 , -2.1804273
2025-11-29 19:24:29.9797 (StateSyncRequestHandler.cs:18) 玩家ID:482736422909116417 移动方向: 0.9844265 , 0 , -0.17579675
2025-11-29 19:24:29.9797 (StateSyncRequestHandler.cs:18) 玩家ID:482736422909116417 移动到新位置: 3.319479 , 0 , -2.2155867
2025-11-29 19:24:30.0855 (StateSyncRequestHandler.cs:18) 玩家ID:482736422909116417 移动方向: 0.9844265 , 0 , -0.17579675
2025-11-29 19:24:30.0855 (StateSyncRequestHandler.cs:18) 玩家ID:482736422909116417 移动到新位置: 3.5163643 , 0 , -2.250746
2025-11-29 19:24:30.1628 (StateSyncRequestHandler.cs:18) 玩家ID:482736422909116417 移动方向: 0.9844265 , 0 , -0.17579675
2025-11-29 19:24:30.1628 (StateSyncRequestHandler.cs:18) 玩家ID:482736422909116417 移动到新位置: 3.7132497 , 0 , -2.2859054
2025-11-29 19:24:30.2698 (StateSyncRequestHandler.cs:18) 玩家ID:482736422909116417 移动方向: 0.9844265 , 0 , -0.17579675
2025-11-29 19:24:30.2698 (StateSyncRequestHandler.cs:18) 玩家ID:482736422909116417 移动到新位置: 3.910135 , 0 , -2.3210647
2025-11-29 19:24:30.3777 (StateSyncRequestHandler.cs:18) 玩家ID:482736422909116417 移动方向: 0.9844265 , 0 , -0.17579675
2025-11-29 19:24:30.3777 (StateSyncRequestHandler.cs:18) 玩家ID:482736422909116417 移动到新位置: 4.1070204 , 0 , -2.356224
2025-11-29 19:24:30.4708 (StateSyncRequestHandler.cs:18) 玩家ID:482736422909116417 移动方向: 0.57178754 , 0 , -0.82040167
2025-11-29 19:24:30.4708 (StateSyncRequestHandler.cs:18) 玩家ID:482736422909116417 移动到新位置: 4.221378 , 0 , -2.5203044
2025-11-29 19:24:30.5630 (StateSyncRequestHandler.cs:18) 玩家ID:482736422909116417 移动方向: 0.57178754 , 0 , -0.82040167
2025-11-29 19:24:30.5630 (StateSyncRequestHandler.cs:18) 玩家ID:482736422909116417 移动到新位置: 4.3357353 , 0 , -2.6843848
2025-11-29 19:24:30.6718 (StateSyncRequestHandler.cs:18) 玩家ID:482736422909116417 移动方向: 0.57178754 , 0 , -0.82040167
2025-11-29 19:24:30.6718 (StateSyncRequestHandler.cs:18) 玩家ID:482736422909116417 移动到新位置: 4.450093 , 0 , -2.8484652
2025-11-29 19:24:30.7637 (StateSyncRequestHandler.cs:18) 玩家ID:482736422909116417 移动方向: 0.9844265 , 0 , -0.17579675
2025-11-29 19:24:30.7637 (StateSyncRequestHandler.cs:18) 玩家ID:482736422909116417 移动到新位置: 4.646978 , 0 , -2.8836246
2025-11-29 19:24:30.8713 (StateSyncRequestHandler.cs:18) 玩家ID:482736422909116417 移动方向: 0.9844265 , 0 , -0.17579675
2025-11-29 19:24:30.8713 (StateSyncRequestHandler.cs:18) 玩家ID:482736422909116417 移动到新位置: 4.843863 , 0 , -2.918784
2025-11-29 19:24:30.9786 (StateSyncRequestHandler.cs:18) 玩家ID:482736422909116417 移动方向: 0.8204017 , 0 , 0.5717875
2025-11-29 19:24:30.9786 (StateSyncRequestHandler.cs:18) 玩家ID:482736422909116417 移动到新位置: 5.007943 , 0 , -2.8044264
2025-11-29 19:24:31.0714 (StateSyncRequestHandler.cs:18) 玩家ID:482736422909116417 移动方向: 0.17579675 , 0 , 0.98442644
2025-11-29 19:24:31.0714 (StateSyncRequestHandler.cs:18) 玩家ID:482736422909116417 移动到新位置: 5.0431023 , 0 , -2.607541
2025-11-29 19:24:31.1643 (StateSyncRequestHandler.cs:18) 玩家ID:482736422909116417 移动方向: 0.17579675 , 0 , 0.98442644
2025-11-29 19:24:31.1643 (StateSyncRequestHandler.cs:18) 玩家ID:482736422909116417 移动到新位置: 5.0782614 , 0 , -2.4106557
2025-11-29 19:24:31.2727 (StateSyncRequestHandler.cs:18) 玩家ID:482736422909116417 移动方向: -0.57178754 , 0 , 0.82040167
2025-11-29 19:24:31.2727 (StateSyncRequestHandler.cs:18) 玩家ID:482736422909116417 移动到新位置: 4.963904 , 0 , -2.2465754
2025-11-29 19:24:31.3805 (StateSyncRequestHandler.cs:18) 玩家ID:482736422909116417 移动方向: -0.9844265 , 0 , 0.17579675
2025-11-29 19:24:31.3805 (StateSyncRequestHandler.cs:18) 玩家ID:482736422909116417 移动到新位置: 4.767019 , 0 , -2.211416
2025-11-29 19:24:31.4712 (StateSyncRequestHandler.cs:18) 玩家ID:482736422909116417 移动方向: -0.9844265 , 0 , 0.17579675
2025-11-29 19:24:31.4712 (StateSyncRequestHandler.cs:18) 玩家ID:482736422909116417 移动到新位置: 4.5701337 , 0 , -2.1762567
2025-11-29 19:24:31.5794 (StateSyncRequestHandler.cs:18) 玩家ID:482736422909116417 移动方向: -0.8204017 , 0 , -0.5717875
2025-11-29 19:24:31.5794 (StateSyncRequestHandler.cs:18) 玩家ID:482736422909116417 移动到新位置: 4.4060535 , 0 , -2.2906141
2025-11-29 19:24:31.6729 (StateSyncRequestHandler.cs:18) 玩家ID:482736422909116417 移动方向: -0.8204017 , 0 , -0.5717875
2025-11-29 19:24:31.6729 (StateSyncRequestHandler.cs:18) 玩家ID:482736422909116417 移动到新位置: 4.2419734 , 0 , -2.4049716
2025-11-29 19:24:31.7650 (StateSyncRequestHandler.cs:18) 玩家ID:482736422909116417 移动方向: -0.9844265 , 0 , 0.17579675
2025-11-29 19:24:31.7650 (StateSyncRequestHandler.cs:18) 玩家ID:482736422909116417 移动到新位置: 4.0450883 , 0 , -2.3698123
2025-11-29 19:24:31.8737 (StateSyncRequestHandler.cs:18) 玩家ID:482736422909116417 移动到新位置: 4.0450883 , 0 , -2.3698123
2025-11-29 19:24:32.9692 (StateSyncRequestHandler.cs:18) 玩家ID:482736422909116417 移动方向: 0.17579675 , 0 , 0.98442644
2025-11-29 19:24:32.9692 (StateSyncRequestHandler.cs:18) 玩家ID:482736422909116417 移动到新位置: 4.080248 , 0 , -2.172927
2025-11-29 19:24:33.0767 (StateSyncRequestHandler.cs:18) 玩家ID:482736422909116417 移动方向: 0.8204017 , 0 , 0.5717875
2025-11-29 19:24:33.0767 (StateSyncRequestHandler.cs:18) 玩家ID:482736422909116417 移动到新位置: 4.244328 , 0 , -2.0585694
2025-11-29 19:24:33.1700 (StateSyncRequestHandler.cs:18) 玩家ID:482736422909116417 移动方向: 0.8204017 , 0 , 0.5717875
2025-11-29 19:24:33.1700 (StateSyncRequestHandler.cs:18) 玩家ID:482736422909116417 移动到新位置: 4.408408 , 0 , -1.944212
2025-11-29 19:24:33.2636 (StateSyncRequestHandler.cs:18) 玩家ID:482736422909116417 移动方向: 0.9844265 , 0 , -0.17579675
2025-11-29 19:24:33.2636 (StateSyncRequestHandler.cs:18) 玩家ID:482736422909116417 移动到新位置: 4.6052933 , 0 , -1.9793713
2025-11-29 19:24:33.3564 (StateSyncRequestHandler.cs:18) 玩家ID:482736422909116417 移动方向: 0.9844265 , 0 , -0.17579675
2025-11-29 19:24:33.3564 (StateSyncRequestHandler.cs:18) 玩家ID:482736422909116417 移动到新位置: 4.8021784 , 0 , -2.0145307
2025-11-29 19:24:33.4651 (StateSyncRequestHandler.cs:18) 玩家ID:482736422909116417 移动方向: 0.9844265 , 0 , -0.17579675
2025-11-29 19:24:33.4651 (StateSyncRequestHandler.cs:18) 玩家ID:482736422909116417 移动到新位置: 4.9990635 , 0 , -2.04969
2025-11-29 19:24:33.5726 (StateSyncRequestHandler.cs:18) 玩家ID:482736422909116417 移动方向: 0.9844265 , 0 , -0.17579675
2025-11-29 19:24:33.5726 (StateSyncRequestHandler.cs:18) 玩家ID:482736422909116417 移动到新位置: 5.1959486 , 0 , -2.0848494
2025-11-29 19:24:33.6803 (StateSyncRequestHandler.cs:18) 玩家ID:482736422909116417 移动方向: 0.9844265 , 0 , -0.17579675
2025-11-29 19:24:33.6803 (StateSyncRequestHandler.cs:18) 玩家ID:482736422909116417 移动到新位置: 5.3928337 , 0 , -2.1200087
2025-11-29 19:24:33.7737 (StateSyncRequestHandler.cs:18) 玩家ID:482736422909116417 移动方向: 0.9844265 , 0 , -0.17579675
2025-11-29 19:24:33.7737 (StateSyncRequestHandler.cs:18) 玩家ID:482736422909116417 移动到新位置: 5.589719 , 0 , -2.155168
2025-11-29 19:24:33.8678 (StateSyncRequestHandler.cs:18) 玩家ID:482736422909116417 移动方向: 0.9844265 , 0 , -0.17579675
2025-11-29 19:24:33.8678 (StateSyncRequestHandler.cs:18) 玩家ID:482736422909116417 移动到新位置: 5.786604 , 0 , -2.1903274
2025-11-29 19:24:33.9755 (StateSyncRequestHandler.cs:18) 玩家ID:482736422909116417 移动方向: 0.9844265 , 0 , -0.17579675
2025-11-29 19:24:33.9755 (StateSyncRequestHandler.cs:18) 玩家ID:482736422909116417 移动到新位置: 5.983489 , 0 , -2.2254868
2025-11-29 19:24:34.0819 (StateSyncRequestHandler.cs:18) 玩家ID:482736422909116417 移动方向: 0.9844265 , 0 , -0.17579675
2025-11-29 19:24:34.0819 (StateSyncRequestHandler.cs:18) 玩家ID:482736422909116417 移动到新位置: 6.180374 , 0 , -2.260646
2025-11-29 19:24:34.1730 (StateSyncRequestHandler.cs:18) 玩家ID:482736422909116417 移动方向: -0.17579675 , 0 , -0.98442644
2025-11-29 19:24:34.1730 (StateSyncRequestHandler.cs:18) 玩家ID:482736422909116417 移动到新位置: 6.145215 , 0 , -2.4575315
2025-11-29 19:24:34.2651 (StateSyncRequestHandler.cs:18) 玩家ID:482736422909116417 移动方向: -0.17579675 , 0 , -0.98442644
2025-11-29 19:24:34.2651 (StateSyncRequestHandler.cs:18) 玩家ID:482736422909116417 移动到新位置: 6.110056 , 0 , -2.6544168
2025-11-29 19:24:34.3738 (StateSyncRequestHandler.cs:18) 玩家ID:482736422909116417 移动方向: -0.9844265 , 0 , 0.17579675
2025-11-29 19:24:34.3738 (StateSyncRequestHandler.cs:18) 玩家ID:482736422909116417 移动到新位置: 5.913171 , 0 , -2.6192575
2025-11-29 19:24:34.4686 (StateSyncRequestHandler.cs:18) 玩家ID:482736422909116417 移动方向: -0.9844265 , 0 , 0.17579675
2025-11-29 19:24:34.4686 (StateSyncRequestHandler.cs:18) 玩家ID:482736422909116417 移动到新位置: 5.7162857 , 0 , -2.584098
2025-11-29 19:24:34.5615 (StateSyncRequestHandler.cs:18) 玩家ID:482736422909116417 移动方向: -0.9844265 , 0 , 0.17579675
2025-11-29 19:24:34.5615 (StateSyncRequestHandler.cs:18) 玩家ID:482736422909116417 移动到新位置: 5.5194006 , 0 , -2.5489388
2025-11-29 19:24:34.6682 (StateSyncRequestHandler.cs:18) 玩家ID:482736422909116417 移动方向: -0.9844265 , 0 , 0.17579675
2025-11-29 19:24:34.6682 (StateSyncRequestHandler.cs:18) 玩家ID:482736422909116417 移动到新位置: 5.3225155 , 0 , -2.5137794
2025-11-29 19:24:34.7602 (StateSyncRequestHandler.cs:18) 玩家ID:482736422909116417 移动方向: -0.9844265 , 0 , 0.17579675
2025-11-29 19:24:34.7602 (StateSyncRequestHandler.cs:18) 玩家ID:482736422909116417 移动到新位置: 5.1256304 , 0 , -2.47862
2025-11-29 19:24:34.8678 (StateSyncRequestHandler.cs:18) 玩家ID:482736422909116417 移动方向: -0.9844265 , 0 , 0.17579675
2025-11-29 19:24:34.8678 (StateSyncRequestHandler.cs:18) 玩家ID:482736422909116417 移动到新位置: 4.9287453 , 0 , -2.4434607
2025-11-29 19:24:34.9762 (StateSyncRequestHandler.cs:18) 玩家ID:482736422909116417 移动到新位置: 4.9287453 , 0 , -2.4434607
2025-11-29 19:24:35.1595 (StateSyncRequestHandler.cs:18) 玩家ID:482736422909116417 移动方向: 0.9844265 , 0 , -0.17579675
2025-11-29 19:24:35.1595 (StateSyncRequestHandler.cs:18) 玩家ID:482736422909116417 移动到新位置: 5.1256304 , 0 , -2.47862
2025-11-29 19:24:35.2682 (StateSyncRequestHandler.cs:18) 玩家ID:482736422909116417 移动方向: 0.9844265 , 0 , -0.17579675
2025-11-29 19:24:35.2682 (StateSyncRequestHandler.cs:18) 玩家ID:482736422909116417 移动到新位置: 5.3225155 , 0 , -2.5137794
2025-11-29 19:24:35.3605 (StateSyncRequestHandler.cs:18) 玩家ID:482736422909116417 移动方向: 0.9844265 , 0 , -0.17579675
2025-11-29 19:24:35.3605 (StateSyncRequestHandler.cs:18) 玩家ID:482736422909116417 移动到新位置: 5.5194006 , 0 , -2.5489388
2025-11-29 19:24:35.4677 (StateSyncRequestHandler.cs:18) 玩家ID:482736422909116417 移动方向: 0.9844265 , 0 , -0.17579675
2025-11-29 19:24:35.4677 (StateSyncRequestHandler.cs:18) 玩家ID:482736422909116417 移动到新位置: 5.7162857 , 0 , -2.584098
2025-11-29 19:24:35.5759 (StateSyncRequestHandler.cs:18) 玩家ID:482736422909116417 移动方向: 0.9844265 , 0 , -0.17579675
2025-11-29 19:24:35.5759 (StateSyncRequestHandler.cs:18) 玩家ID:482736422909116417 移动到新位置: 5.913171 , 0 , -2.6192575
2025-11-29 19:24:35.6836 (StateSyncRequestHandler.cs:18) 玩家ID:482736422909116417 移动方向: 0.9844265 , 0 , -0.17579675
2025-11-29 19:24:35.6836 (StateSyncRequestHandler.cs:18) 玩家ID:482736422909116417 移动到新位置: 6.110056 , 0 , -2.6544168
2025-11-29 19:24:35.7771 (StateSyncRequestHandler.cs:18) 玩家ID:482736422909116417 移动方向: 0.9844265 , 0 , -0.17579675
2025-11-29 19:24:35.7771 (StateSyncRequestHandler.cs:18) 玩家ID:482736422909116417 移动到新位置: 6.306941 , 0 , -2.6895761
2025-11-29 19:24:35.8695 (StateSyncRequestHandler.cs:18) 玩家ID:482736422909116417 移动到新位置: 6.306941 , 0 , -2.6895761
2025-11-29 19:24:36.7636 (StateSyncRequestHandler.cs:18) 玩家ID:482736422909116417 移动方向: -0.98760307 , 0 , 0.15697181
2025-11-29 19:24:36.7636 (StateSyncRequestHandler.cs:18) 玩家ID:482736422909116417 移动到新位置: 6.1094203 , 0 , -2.6581817
2025-11-29 19:24:36.8730 (StateSyncRequestHandler.cs:18) 玩家ID:482736422909116417 移动方向: -0.9876646 , 0 , 0.1565844
2025-11-29 19:24:36.8730 (StateSyncRequestHandler.cs:18) 玩家ID:482736422909116417 移动到新位置: 5.911887 , 0 , -2.6268647
2025-11-29 19:24:36.9820 (StateSyncRequestHandler.cs:18) 玩家ID:482736422909116417 移动方向: -0.98768085 , 0 , 0.15648162
2025-11-29 19:24:36.9820 (StateSyncRequestHandler.cs:18) 玩家ID:482736422909116417 移动到新位置: 5.714351 , 0 , -2.5955684
2025-11-29 19:24:37.0737 (StateSyncRequestHandler.cs:18) 玩家ID:482736422909116417 移动方向: -0.98768604 , 0 , 0.1564489
2025-11-29 19:24:37.0737 (StateSyncRequestHandler.cs:18) 玩家ID:482736422909116417 移动到新位置: 5.5168138 , 0 , -2.5642786
2025-11-29 19:24:37.1661 (StateSyncRequestHandler.cs:18) 玩家ID:482736422909116417 移动方向: -0.9876876 , 0 , 0.15643923
2025-11-29 19:24:37.1661 (StateSyncRequestHandler.cs:18) 玩家ID:482736422909116417 移动到新位置: 5.3192763 , 0 , -2.5329907
2025-11-29 19:24:37.2591 (StateSyncRequestHandler.cs:18) 玩家ID:482736422909116417 移动方向: -0.98768806 , 0 , 0.1564361
2025-11-29 19:24:37.2591 (StateSyncRequestHandler.cs:18) 玩家ID:482736422909116417 移动到新位置: 5.121739 , 0 , -2.5017035
2025-11-29 19:24:37.3689 (StateSyncRequestHandler.cs:18) 玩家ID:482736422909116417 移动方向: -0.98768824 , 0 , 0.15643501
2025-11-29 19:24:37.3689 (StateSyncRequestHandler.cs:18) 玩家ID:482736422909116417 移动到新位置: 4.924201 , 0 , -2.4704165
2025-11-29 19:24:37.4754 (StateSyncRequestHandler.cs:18) 玩家ID:482736422909116417 移动方向: -0.98768824 , 0 , 0.15643476
2025-11-29 19:24:37.4754 (StateSyncRequestHandler.cs:18) 玩家ID:482736422909116417 移动到新位置: 4.7266636 , 0 , -2.4391296
2025-11-29 19:24:37.5830 (StateSyncRequestHandler.cs:18) 玩家ID:482736422909116417 移动方向: -0.98768824 , 0 , 0.15643476
2025-11-29 19:24:37.5842 (StateSyncRequestHandler.cs:18) 玩家ID:482736422909116417 移动到新位置: 4.529126 , 0 , -2.4078426
2025-11-29 19:24:37.6762 (StateSyncRequestHandler.cs:18) 玩家ID:482736422909116417 移动到新位置: 4.529126 , 0 , -2.4078426
2025-11-29 19:24:38.2801 (StateSyncRequestHandler.cs:18) 玩家ID:482736422909116417 移动方向: -0.98768824 , 0 , 0.15643476
2025-11-29 19:24:38.2801 (StateSyncRequestHandler.cs:18) 玩家ID:482736422909116417 移动到新位置: 4.3315887 , 0 , -2.3765557
2025-11-29 19:24:38.3734 (StateSyncRequestHandler.cs:18) 玩家ID:482736422909116417 移动方向: -0.98768824 , 0 , 0.15643476
2025-11-29 19:24:38.3734 (StateSyncRequestHandler.cs:18) 玩家ID:482736422909116417 移动到新位置: 4.1340513 , 0 , -2.3452687
2025-11-29 19:24:38.4657 (StateSyncRequestHandler.cs:18) 玩家ID:482736422909116417 移动方向: -0.98768824 , 0 , 0.15643476
2025-11-29 19:24:38.4657 (StateSyncRequestHandler.cs:18) 玩家ID:482736422909116417 移动到新位置: 3.9365137 , 0 , -2.3139818
2025-11-29 19:24:38.5587 (StateSyncRequestHandler.cs:18) 玩家ID:482736422909116417 移动到新位置: 3.9365137 , 0 , -2.3139818
2025-11-29 19:24:40.4192  创建队伍成功 队伍ID：1000 玩家ID：482736422909116417
2025-11-29 19:24:47.7791  收到加入队伍请求 玩家ID：482734309785206785 队伍ID：1000
2025-11-29 19:24:47.7791  加入队伍成功 玩家ID：482734309785206785 队伍ID：1000
