2025-11-29 15:33:59.3095 (EntryLobbyRequestHandler.cs:65) 玩家上次上线位置：x:4.3375874, y:0, z:-4.3235874
2025-11-29 15:33:59.3095 (EntryLobbyRequestHandler.cs:83) 当前没有其他玩家在线，无需广播
2025-11-29 15:34:00.7043 (StateSyncRequestHandler.cs:36) 当前没有其他玩家在线，无需广播状态同步消息
2025-11-29 15:34:00.7915 (StateSyncRequestHandler.cs:36) 当前没有其他玩家在线，无需广播状态同步消息
2025-11-29 15:34:00.8861 (StateSyncRequestHandler.cs:36) 当前没有其他玩家在线，无需广播状态同步消息
2025-11-29 15:34:00.9870 (StateSyncRequestHandler.cs:36) 当前没有其他玩家在线，无需广播状态同步消息
2025-11-29 15:34:01.0879 (StateSyncRequestHandler.cs:36) 当前没有其他玩家在线，无需广播状态同步消息
2025-11-29 15:34:01.1868 (StateSyncRequestHandler.cs:36) 当前没有其他玩家在线，无需广播状态同步消息
2025-11-29 15:34:01.2882 (StateSyncRequestHandler.cs:36) 当前没有其他玩家在线，无需广播状态同步消息
2025-11-29 15:34:01.3940 (StateSyncRequestHandler.cs:36) 当前没有其他玩家在线，无需广播状态同步消息
2025-11-29 15:34:01.4879 (StateSyncRequestHandler.cs:36) 当前没有其他玩家在线，无需广播状态同步消息
2025-11-29 15:34:01.5880 (StateSyncRequestHandler.cs:36) 当前没有其他玩家在线，无需广播状态同步消息
2025-11-29 15:34:01.6941 (StateSyncRequestHandler.cs:36) 当前没有其他玩家在线，无需广播状态同步消息
2025-11-29 15:34:01.7918 (StateSyncRequestHandler.cs:36) 当前没有其他玩家在线，无需广播状态同步消息
2025-11-29 15:34:01.8956 (StateSyncRequestHandler.cs:36) 当前没有其他玩家在线，无需广播状态同步消息
2025-11-29 15:34:01.9901 (StateSyncRequestHandler.cs:36) 当前没有其他玩家在线，无需广播状态同步消息
2025-11-29 15:34:02.0922 (StateSyncRequestHandler.cs:36) 当前没有其他玩家在线，无需广播状态同步消息
2025-11-29 15:34:02.1881 (StateSyncRequestHandler.cs:36) 当前没有其他玩家在线，无需广播状态同步消息
2025-11-29 15:34:02.2849 (StateSyncRequestHandler.cs:36) 当前没有其他玩家在线，无需广播状态同步消息
2025-11-29 15:34:02.3867 (StateSyncRequestHandler.cs:36) 当前没有其他玩家在线，无需广播状态同步消息
2025-11-29 15:34:02.4933 (StateSyncRequestHandler.cs:36) 当前没有其他玩家在线，无需广播状态同步消息
2025-11-29 15:34:05.6908 (StateSyncRequestHandler.cs:36) 当前没有其他玩家在线，无需广播状态同步消息
2025-11-29 15:34:05.7870 (StateSyncRequestHandler.cs:36) 当前没有其他玩家在线，无需广播状态同步消息
2025-11-29 15:34:05.8960 (StateSyncRequestHandler.cs:36) 当前没有其他玩家在线，无需广播状态同步消息
2025-11-29 15:34:05.9946 (StateSyncRequestHandler.cs:36) 当前没有其他玩家在线，无需广播状态同步消息
2025-11-29 15:34:06.0940 (StateSyncRequestHandler.cs:36) 当前没有其他玩家在线，无需广播状态同步消息
2025-11-29 15:34:06.1948 (StateSyncRequestHandler.cs:36) 当前没有其他玩家在线，无需广播状态同步消息
2025-11-29 15:34:06.2914 (StateSyncRequestHandler.cs:36) 当前没有其他玩家在线，无需广播状态同步消息
2025-11-29 15:34:06.3948 (StateSyncRequestHandler.cs:36) 当前没有其他玩家在线，无需广播状态同步消息
2025-11-29 15:34:06.4865 (StateSyncRequestHandler.cs:36) 当前没有其他玩家在线，无需广播状态同步消息
2025-11-29 15:34:06.5952 (StateSyncRequestHandler.cs:36) 当前没有其他玩家在线，无需广播状态同步消息
2025-11-29 15:34:06.7937 (StateSyncRequestHandler.cs:36) 当前没有其他玩家在线，无需广播状态同步消息
2025-11-29 15:34:06.8866 (StateSyncRequestHandler.cs:36) 当前没有其他玩家在线，无需广播状态同步消息
2025-11-29 15:34:07.9912 (StateSyncRequestHandler.cs:36) 当前没有其他玩家在线，无需广播状态同步消息
2025-11-29 15:34:08.0843 (StateSyncRequestHandler.cs:36) 当前没有其他玩家在线，无需广播状态同步消息
2025-11-29 15:34:08.1886 (StateSyncRequestHandler.cs:36) 当前没有其他玩家在线，无需广播状态同步消息
2025-11-29 15:34:08.2932 (StateSyncRequestHandler.cs:36) 当前没有其他玩家在线，无需广播状态同步消息
2025-11-29 15:34:08.3865 (StateSyncRequestHandler.cs:36) 当前没有其他玩家在线，无需广播状态同步消息
2025-11-29 15:34:08.4913 (StateSyncRequestHandler.cs:36) 当前没有其他玩家在线，无需广播状态同步消息
2025-11-29 15:34:08.5860 (StateSyncRequestHandler.cs:36) 当前没有其他玩家在线，无需广播状态同步消息
2025-11-29 15:34:08.6945 (StateSyncRequestHandler.cs:36) 当前没有其他玩家在线，无需广播状态同步消息
2025-11-29 15:34:08.7884 (StateSyncRequestHandler.cs:36) 当前没有其他玩家在线，无需广播状态同步消息
2025-11-29 15:34:08.8946 (StateSyncRequestHandler.cs:36) 当前没有其他玩家在线，无需广播状态同步消息
2025-11-29 15:34:08.9871 (StateSyncRequestHandler.cs:36) 当前没有其他玩家在线，无需广播状态同步消息
2025-11-29 15:34:09.0955 (StateSyncRequestHandler.cs:36) 当前没有其他玩家在线，无需广播状态同步消息
2025-11-29 15:34:09.1957 (StateSyncRequestHandler.cs:36) 当前没有其他玩家在线，无需广播状态同步消息
2025-11-29 15:34:09.2875 (StateSyncRequestHandler.cs:36) 当前没有其他玩家在线，无需广播状态同步消息
2025-11-29 15:34:09.3838 (StateSyncRequestHandler.cs:36) 当前没有其他玩家在线，无需广播状态同步消息
2025-11-29 15:34:09.4932 (StateSyncRequestHandler.cs:36) 当前没有其他玩家在线，无需广播状态同步消息
2025-11-29 15:34:09.5935 (StateSyncRequestHandler.cs:36) 当前没有其他玩家在线，无需广播状态同步消息
2025-11-29 15:34:09.6884 (StateSyncRequestHandler.cs:36) 当前没有其他玩家在线，无需广播状态同步消息
2025-11-29 15:34:09.7863 (StateSyncRequestHandler.cs:36) 当前没有其他玩家在线，无需广播状态同步消息
2025-11-29 15:34:09.8944 (StateSyncRequestHandler.cs:36) 当前没有其他玩家在线，无需广播状态同步消息
2025-11-29 15:34:09.9911 (StateSyncRequestHandler.cs:36) 当前没有其他玩家在线，无需广播状态同步消息
2025-11-29 15:34:10.0894 (StateSyncRequestHandler.cs:36) 当前没有其他玩家在线，无需广播状态同步消息
2025-11-29 15:34:10.1943 (StateSyncRequestHandler.cs:36) 当前没有其他玩家在线，无需广播状态同步消息
2025-11-29 15:34:10.2906 (StateSyncRequestHandler.cs:36) 当前没有其他玩家在线，无需广播状态同步消息
2025-11-29 15:34:10.3960 (StateSyncRequestHandler.cs:36) 当前没有其他玩家在线，无需广播状态同步消息
2025-11-29 15:34:10.4907 (StateSyncRequestHandler.cs:36) 当前没有其他玩家在线，无需广播状态同步消息
2025-11-29 15:34:10.5961 (StateSyncRequestHandler.cs:36) 当前没有其他玩家在线，无需广播状态同步消息
2025-11-29 15:34:10.6869 (StateSyncRequestHandler.cs:36) 当前没有其他玩家在线，无需广播状态同步消息
2025-11-29 15:34:17.4936 (StateSyncRequestHandler.cs:36) 当前没有其他玩家在线，无需广播状态同步消息
2025-11-29 15:34:17.5890  当前没有其他玩家在线，无需广播状态同步消息
2025-11-29 15:34:17.6922  当前没有其他玩家在线，无需广播状态同步消息
2025-11-29 15:34:17.7868  当前没有其他玩家在线，无需广播状态同步消息
2025-11-29 15:34:17.8927  当前没有其他玩家在线，无需广播状态同步消息
2025-11-29 15:34:19.4886  当前没有其他玩家在线，无需广播状态同步消息
2025-11-29 15:34:19.5937  当前没有其他玩家在线，无需广播状态同步消息
2025-11-29 15:34:19.6865  当前没有其他玩家在线，无需广播状态同步消息
2025-11-29 15:34:19.7853  当前没有其他玩家在线，无需广播状态同步消息
2025-11-29 15:34:19.8923  当前没有其他玩家在线，无需广播状态同步消息
2025-11-29 15:34:19.9848  当前没有其他玩家在线，无需广播状态同步消息
2025-11-29 15:34:20.0953  当前没有其他玩家在线，无需广播状态同步消息
2025-11-29 15:34:20.1885  当前没有其他玩家在线，无需广播状态同步消息
2025-11-29 15:34:20.2893  当前没有其他玩家在线，无需广播状态同步消息
2025-11-29 15:34:20.3945  当前没有其他玩家在线，无需广播状态同步消息
2025-11-29 15:34:20.4895  当前没有其他玩家在线，无需广播状态同步消息
2025-11-29 15:34:20.5959  当前没有其他玩家在线，无需广播状态同步消息
2025-11-29 15:34:20.6892  当前没有其他玩家在线，无需广播状态同步消息
2025-11-29 15:34:20.7938  当前没有其他玩家在线，无需广播状态同步消息
2025-11-29 15:34:20.8906  当前没有其他玩家在线，无需广播状态同步消息
2025-11-29 15:34:20.9908  当前没有其他玩家在线，无需广播状态同步消息
2025-11-29 15:34:21.0895  当前没有其他玩家在线，无需广播状态同步消息
2025-11-29 15:34:21.1957  当前没有其他玩家在线，无需广播状态同步消息
2025-11-29 15:34:21.2884  当前没有其他玩家在线，无需广播状态同步消息
2025-11-29 15:34:21.3874  当前没有其他玩家在线，无需广播状态同步消息
2025-11-29 15:34:21.4863  当前没有其他玩家在线，无需广播状态同步消息
2025-11-29 15:34:21.5839  当前没有其他玩家在线，无需广播状态同步消息
2025-11-29 15:34:21.6869  当前没有其他玩家在线，无需广播状态同步消息
2025-11-29 15:34:21.7848  当前没有其他玩家在线，无需广播状态同步消息
2025-11-29 15:34:21.8926  当前没有其他玩家在线，无需广播状态同步消息
2025-11-29 15:34:21.9917  当前没有其他玩家在线，无需广播状态同步消息
2025-11-29 15:34:22.0892  当前没有其他玩家在线，无需广播状态同步消息
2025-11-29 15:34:22.1971  当前没有其他玩家在线，无需广播状态同步消息
2025-11-29 15:34:22.2932  当前没有其他玩家在线，无需广播状态同步消息
2025-11-29 15:34:22.3872  当前没有其他玩家在线，无需广播状态同步消息
2025-11-29 15:34:22.4939  当前没有其他玩家在线，无需广播状态同步消息
2025-11-29 15:34:22.5906  当前没有其他玩家在线，无需广播状态同步消息
2025-11-29 15:34:22.6864  当前没有其他玩家在线，无需广播状态同步消息
2025-11-29 15:34:22.7925  当前没有其他玩家在线，无需广播状态同步消息
2025-11-29 15:34:24.6946  当前没有其他玩家在线，无需广播状态同步消息
2025-11-29 15:34:24.7891  当前没有其他玩家在线，无需广播状态同步消息
2025-11-29 15:34:24.8913  当前没有其他玩家在线，无需广播状态同步消息
2025-11-29 15:34:24.9926  当前没有其他玩家在线，无需广播状态同步消息
2025-11-29 15:34:25.0945  当前没有其他玩家在线，无需广播状态同步消息
2025-11-29 15:34:25.1903  当前没有其他玩家在线，无需广播状态同步消息
2025-11-29 15:34:25.2851  当前没有其他玩家在线，无需广播状态同步消息
2025-11-29 15:34:25.3897  当前没有其他玩家在线，无需广播状态同步消息
2025-11-29 15:34:25.4946  当前没有其他玩家在线，无需广播状态同步消息
2025-11-29 15:34:25.5981  当前没有其他玩家在线，无需广播状态同步消息
2025-11-29 15:34:25.6906  当前没有其他玩家在线，无需广播状态同步消息
2025-11-29 15:34:25.7931  当前没有其他玩家在线，无需广播状态同步消息
2025-11-29 15:34:25.8924  当前没有其他玩家在线，无需广播状态同步消息
2025-11-29 15:34:25.9946  当前没有其他玩家在线，无需广播状态同步消息
2025-11-29 15:34:26.0884  当前没有其他玩家在线，无需广播状态同步消息
2025-11-29 15:34:26.1862  当前没有其他玩家在线，无需广播状态同步消息
2025-11-29 15:34:26.2863  当前没有其他玩家在线，无需广播状态同步消息
2025-11-29 15:34:26.3870  当前没有其他玩家在线，无需广播状态同步消息
2025-11-29 15:34:26.4897  当前没有其他玩家在线，无需广播状态同步消息
2025-11-29 15:34:26.5910  当前没有其他玩家在线，无需广播状态同步消息
2025-11-29 15:34:26.6884  当前没有其他玩家在线，无需广播状态同步消息
2025-11-29 15:34:26.7884  当前没有其他玩家在线，无需广播状态同步消息
2025-11-29 15:34:26.8966  当前没有其他玩家在线，无需广播状态同步消息
2025-11-29 15:34:26.9857  当前没有其他玩家在线，无需广播状态同步消息
2025-11-29 15:34:27.0872  当前没有其他玩家在线，无需广播状态同步消息
2025-11-29 15:34:27.1930  当前没有其他玩家在线，无需广播状态同步消息
2025-11-29 15:34:27.2848  当前没有其他玩家在线，无需广播状态同步消息
2025-11-29 15:34:27.3933  当前没有其他玩家在线，无需广播状态同步消息
2025-11-29 15:34:27.4943  当前没有其他玩家在线，无需广播状态同步消息
2025-11-29 15:34:27.5920  当前没有其他玩家在线，无需广播状态同步消息
2025-11-29 15:34:27.6875  当前没有其他玩家在线，无需广播状态同步消息
2025-11-29 15:34:27.7833  当前没有其他玩家在线，无需广播状态同步消息
2025-11-29 15:34:27.8900  当前没有其他玩家在线，无需广播状态同步消息
2025-11-29 15:34:27.9853  当前没有其他玩家在线，无需广播状态同步消息
2025-11-29 15:34:28.0944  当前没有其他玩家在线，无需广播状态同步消息
2025-11-29 15:34:28.1873  当前没有其他玩家在线，无需广播状态同步消息
2025-11-29 15:34:28.2884  当前没有其他玩家在线，无需广播状态同步消息
2025-11-29 15:34:28.3905  当前没有其他玩家在线，无需广播状态同步消息
2025-11-29 15:34:28.4921  当前没有其他玩家在线，无需广播状态同步消息
2025-11-29 15:34:28.5888  当前没有其他玩家在线，无需广播状态同步消息
2025-11-29 15:34:41.3942  当前没有其他玩家在线，无需广播状态同步消息
2025-11-29 15:34:41.4920  当前没有其他玩家在线，无需广播状态同步消息
2025-11-29 15:34:41.5909  当前没有其他玩家在线，无需广播状态同步消息
2025-11-29 15:34:41.6882  当前没有其他玩家在线，无需广播状态同步消息
2025-11-29 15:34:41.7858  当前没有其他玩家在线，无需广播状态同步消息
2025-11-29 15:34:41.8906  当前没有其他玩家在线，无需广播状态同步消息
2025-11-29 15:34:41.9875  当前没有其他玩家在线，无需广播状态同步消息
2025-11-29 15:34:42.0884  当前没有其他玩家在线，无需广播状态同步消息
2025-11-29 15:34:42.1910  当前没有其他玩家在线，无需广播状态同步消息
2025-11-29 15:34:42.2912  当前没有其他玩家在线，无需广播状态同步消息
2025-11-29 15:34:42.3941  当前没有其他玩家在线，无需广播状态同步消息
2025-11-29 15:34:42.4913  当前没有其他玩家在线，无需广播状态同步消息
2025-11-29 15:34:42.5944  当前没有其他玩家在线，无需广播状态同步消息
2025-11-29 15:34:42.6869  当前没有其他玩家在线，无需广播状态同步消息
2025-11-29 15:34:42.7906  当前没有其他玩家在线，无需广播状态同步消息
2025-11-29 15:34:43.4921  当前没有其他玩家在线，无需广播状态同步消息
2025-11-29 15:34:43.5839  当前没有其他玩家在线，无需广播状态同步消息
2025-11-29 15:34:43.6868  当前没有其他玩家在线，无需广播状态同步消息
2025-11-29 15:34:43.7883  当前没有其他玩家在线，无需广播状态同步消息
2025-11-29 15:34:43.8878  当前没有其他玩家在线，无需广播状态同步消息
2025-11-29 15:34:43.9918  当前没有其他玩家在线，无需广播状态同步消息
2025-11-29 15:34:44.0856  当前没有其他玩家在线，无需广播状态同步消息
2025-11-29 15:34:44.1892  当前没有其他玩家在线，无需广播状态同步消息
2025-11-29 15:34:44.2883  当前没有其他玩家在线，无需广播状态同步消息
2025-11-29 15:34:44.9931  当前没有其他玩家在线，无需广播状态同步消息
2025-11-29 15:34:45.0843  当前没有其他玩家在线，无需广播状态同步消息
2025-11-29 15:34:45.1867  当前没有其他玩家在线，无需广播状态同步消息
2025-11-29 15:34:45.2852  当前没有其他玩家在线，无需广播状态同步消息
2025-11-29 15:34:45.3867  当前没有其他玩家在线，无需广播状态同步消息
2025-11-29 15:34:45.4919  当前没有其他玩家在线，无需广播状态同步消息
2025-11-29 15:34:45.5937  当前没有其他玩家在线，无需广播状态同步消息
2025-11-29 15:34:45.6891  当前没有其他玩家在线，无需广播状态同步消息
2025-11-29 15:34:45.7864  当前没有其他玩家在线，无需广播状态同步消息
2025-11-29 15:34:45.8926  当前没有其他玩家在线，无需广播状态同步消息
2025-11-29 15:34:45.9839  当前没有其他玩家在线，无需广播状态同步消息
2025-11-29 15:34:46.0898  当前没有其他玩家在线，无需广播状态同步消息
2025-11-29 15:34:46.1903  当前没有其他玩家在线，无需广播状态同步消息
2025-11-29 15:34:46.2861  当前没有其他玩家在线，无需广播状态同步消息
2025-11-29 15:34:46.3910  当前没有其他玩家在线，无需广播状态同步消息
2025-11-29 15:34:46.4966  当前没有其他玩家在线，无需广播状态同步消息
2025-11-29 15:34:46.5893  当前没有其他玩家在线，无需广播状态同步消息
2025-11-29 15:34:46.6922  当前没有其他玩家在线，无需广播状态同步消息
2025-11-29 15:34:46.7847  当前没有其他玩家在线，无需广播状态同步消息
2025-11-29 15:34:46.8896  当前没有其他玩家在线，无需广播状态同步消息
2025-11-29 15:34:46.9899  当前没有其他玩家在线，无需广播状态同步消息
2025-11-29 15:34:47.0939  当前没有其他玩家在线，无需广播状态同步消息
2025-11-29 15:34:47.1865  当前没有其他玩家在线，无需广播状态同步消息
2025-11-29 15:34:47.2895  当前没有其他玩家在线，无需广播状态同步消息
2025-11-29 15:34:47.3845  当前没有其他玩家在线，无需广播状态同步消息
2025-11-29 15:34:47.4868  当前没有其他玩家在线，无需广播状态同步消息
2025-11-29 15:34:47.5888  当前没有其他玩家在线，无需广播状态同步消息
2025-11-29 15:34:47.6851  当前没有其他玩家在线，无需广播状态同步消息
2025-11-29 15:34:47.7856  当前没有其他玩家在线，无需广播状态同步消息
2025-11-29 15:34:47.8889  当前没有其他玩家在线，无需广播状态同步消息
2025-11-29 15:34:47.9911  当前没有其他玩家在线，无需广播状态同步消息
2025-11-29 15:34:48.0905  当前没有其他玩家在线，无需广播状态同步消息
2025-11-29 15:35:08.4945  当前没有其他玩家在线，无需广播状态同步消息
2025-11-29 15:35:08.5959  当前没有其他玩家在线，无需广播状态同步消息
2025-11-29 15:35:08.6921  当前没有其他玩家在线，无需广播状态同步消息
2025-11-29 15:35:08.7869  当前没有其他玩家在线，无需广播状态同步消息
2025-11-29 15:35:08.8892  当前没有其他玩家在线，无需广播状态同步消息
2025-11-29 15:35:08.9945  当前没有其他玩家在线，无需广播状态同步消息
2025-11-29 15:35:09.0964  当前没有其他玩家在线，无需广播状态同步消息
2025-11-29 15:35:24.6135  当前服务器上没有其他玩家在线，无需广播下线消息
2025-11-29 15:35:24.6167  账号ID:482734309785206785 数据已保存到数据库
2025-11-29 15:35:24.6167  玩家ID:482734309785206785 下线成功 , 下线位置:x:-3.3309643, y:0, z:-6.4642377
2025-11-29 15:35:43.7293  玩家上次上线位置：x:-3.3309643, y:0, z:-6.4642377
2025-11-29 15:35:43.7293  当前没有其他玩家在线，无需广播
2025-11-29 15:36:02.9168  当前没有其他玩家在线，无需广播状态同步消息
2025-11-29 15:36:03.0131  当前没有其他玩家在线，无需广播状态同步消息
2025-11-29 15:36:03.1181  当前没有其他玩家在线，无需广播状态同步消息
2025-11-29 15:36:03.2153  当前没有其他玩家在线，无需广播状态同步消息
2025-11-29 15:36:03.3121  当前没有其他玩家在线，无需广播状态同步消息
2025-11-29 15:36:03.4139  当前没有其他玩家在线，无需广播状态同步消息
2025-11-29 15:36:03.5092  当前没有其他玩家在线，无需广播状态同步消息
2025-11-29 15:36:03.6178  当前没有其他玩家在线，无需广播状态同步消息
2025-11-29 15:36:03.7183  当前没有其他玩家在线，无需广播状态同步消息
2025-11-29 15:36:09.8926  当前服务器上没有其他玩家在线，无需广播下线消息
2025-11-29 15:36:09.8958  账号ID:482734309785206785 数据已保存到数据库
2025-11-29 15:36:09.8958  玩家ID:482734309785206785 下线成功 , 下线位置:x:-3.7096586, y:0, z:-7.1871247
