2025-11-26 21:00:22.2932  玩家上次上线位置：x:-5.762774, y:0, z:-2.6984255
2025-11-26 21:00:22.2932  当前没有其他玩家在线，无需广播
2025-11-26 21:00:23.7014  当前没有其他玩家在线，无需广播状态同步消息
2025-11-26 21:00:23.8052  当前没有其他玩家在线，无需广播状态同步消息
2025-11-26 21:00:23.9000  当前没有其他玩家在线，无需广播状态同步消息
2025-11-26 21:00:23.9972  当前没有其他玩家在线，无需广播状态同步消息
2025-11-26 21:00:24.1024  当前没有其他玩家在线，无需广播状态同步消息
2025-11-26 21:00:24.2038  当前没有其他玩家在线，无需广播状态同步消息
2025-11-26 21:00:24.3073  当前没有其他玩家在线，无需广播状态同步消息
2025-11-26 21:00:24.3956  当前没有其他玩家在线，无需广播状态同步消息
2025-11-26 21:00:24.5031  当前没有其他玩家在线，无需广播状态同步消息
2025-11-26 21:00:24.6009  当前没有其他玩家在线，无需广播状态同步消息
2025-11-26 21:00:24.6968  当前没有其他玩家在线，无需广播状态同步消息
2025-11-26 21:00:24.8000  当前没有其他玩家在线，无需广播状态同步消息
2025-11-26 21:00:24.9005  当前没有其他玩家在线，无需广播状态同步消息
2025-11-26 21:00:31.4992  当前没有其他玩家在线，无需广播状态同步消息
2025-11-26 21:00:31.5949  当前没有其他玩家在线，无需广播状态同步消息
2025-11-26 21:00:31.7058  当前没有其他玩家在线，无需广播状态同步消息
2025-11-26 21:00:31.7969  当前没有其他玩家在线，无需广播状态同步消息
2025-11-26 21:00:31.9008  当前没有其他玩家在线，无需广播状态同步消息
2025-11-26 21:00:31.9981  当前没有其他玩家在线，无需广播状态同步消息
2025-11-26 21:00:32.1139  当前没有其他玩家在线，无需广播状态同步消息
2025-11-26 21:00:32.2060  当前没有其他玩家在线，无需广播状态同步消息
2025-11-26 21:00:32.3038  当前没有其他玩家在线，无需广播状态同步消息
2025-11-26 21:00:32.4022  当前没有其他玩家在线，无需广播状态同步消息
2025-11-26 21:00:32.5023  当前没有其他玩家在线，无需广播状态同步消息
2025-11-26 21:00:32.6003  当前没有其他玩家在线，无需广播状态同步消息
2025-11-26 21:00:32.7044  当前没有其他玩家在线，无需广播状态同步消息
2025-11-26 21:00:32.7956  当前没有其他玩家在线，无需广播状态同步消息
2025-11-26 21:00:32.8978  当前没有其他玩家在线，无需广播状态同步消息
2025-11-26 21:00:33.0035  当前没有其他玩家在线，无需广播状态同步消息
2025-11-26 21:00:33.1974  当前没有其他玩家在线，无需广播状态同步消息
2025-11-26 21:00:33.2985  当前没有其他玩家在线，无需广播状态同步消息
2025-11-26 21:00:40.3604  当前服务器上没有其他玩家在线，无需广播下线消息
2025-11-26 21:00:40.3604  账号ID:481843035351810049 数据已保存到数据库
2025-11-26 21:00:40.3604  玩家ID:481843035351810049 下线成功 , 下线位置:x:-4.2186575, y:0, z:-3.0447712
2025-11-26 21:01:08.2423  玩家上次上线位置：x:-4.2186575, y:0, z:-3.0447712
2025-11-26 21:01:08.2423  当前没有其他玩家在线，无需广播
2025-11-26 21:01:10.1552  当前没有其他玩家在线，无需广播状态同步消息
2025-11-26 21:01:10.2483  当前没有其他玩家在线，无需广播状态同步消息
2025-11-26 21:01:10.3481  当前没有其他玩家在线，无需广播状态同步消息
2025-11-26 21:01:10.4486  当前没有其他玩家在线，无需广播状态同步消息
2025-11-26 21:01:10.5504  当前没有其他玩家在线，无需广播状态同步消息
2025-11-26 21:01:10.6503  当前没有其他玩家在线，无需广播状态同步消息
2025-11-26 21:01:10.7504  当前没有其他玩家在线，无需广播状态同步消息
2025-11-26 21:01:10.8501  当前没有其他玩家在线，无需广播状态同步消息
2025-11-26 21:01:10.9484  当前没有其他玩家在线，无需广播状态同步消息
2025-11-26 21:01:11.0457  当前没有其他玩家在线，无需广播状态同步消息
2025-11-26 21:01:11.1468  当前没有其他玩家在线，无需广播状态同步消息
2025-11-26 21:01:11.2516  当前没有其他玩家在线，无需广播状态同步消息
2025-11-26 21:01:11.3502  当前没有其他玩家在线，无需广播状态同步消息
2025-11-26 21:01:11.4468  当前没有其他玩家在线，无需广播状态同步消息
2025-11-26 21:01:11.5508  当前没有其他玩家在线，无需广播状态同步消息
2025-11-26 21:01:11.6457  当前没有其他玩家在线，无需广播状态同步消息
2025-11-26 21:01:11.7492  当前没有其他玩家在线，无需广播状态同步消息
2025-11-26 21:01:11.8504  当前没有其他玩家在线，无需广播状态同步消息
2025-11-26 21:01:11.9455  当前没有其他玩家在线，无需广播状态同步消息
2025-11-26 21:01:23.6553  当前没有其他玩家在线，无需广播状态同步消息
2025-11-26 21:01:23.7489  当前没有其他玩家在线，无需广播状态同步消息
2025-11-26 21:01:23.8556  当前没有其他玩家在线，无需广播状态同步消息
2025-11-26 21:01:23.9489  当前没有其他玩家在线，无需广播状态同步消息
2025-11-26 21:01:24.0468  当前没有其他玩家在线，无需广播状态同步消息
2025-11-26 21:01:24.1511  当前没有其他玩家在线，无需广播状态同步消息
2025-11-26 21:01:24.2508  当前没有其他玩家在线，无需广播状态同步消息
2025-11-26 21:01:24.3496  当前没有其他玩家在线，无需广播状态同步消息
2025-11-26 21:01:24.4533  当前没有其他玩家在线，无需广播状态同步消息
2025-11-26 21:01:24.5492  当前没有其他玩家在线，无需广播状态同步消息
2025-11-26 21:01:24.6466  当前没有其他玩家在线，无需广播状态同步消息
2025-11-26 21:01:24.7503  当前没有其他玩家在线，无需广播状态同步消息
2025-11-26 21:01:24.8503  当前没有其他玩家在线，无需广播状态同步消息
2025-11-26 21:01:24.9504  当前没有其他玩家在线，无需广播状态同步消息
2025-11-26 21:01:25.0481  当前没有其他玩家在线，无需广播状态同步消息
2025-11-26 21:01:25.1530  当前没有其他玩家在线，无需广播状态同步消息
2025-11-26 21:01:25.2484  当前没有其他玩家在线，无需广播状态同步消息
2025-11-26 21:01:25.3517  当前没有其他玩家在线，无需广播状态同步消息
2025-11-26 21:01:25.4556  当前没有其他玩家在线，无需广播状态同步消息
2025-11-26 21:01:25.5498  当前没有其他玩家在线，无需广播状态同步消息
2025-11-26 21:01:25.6534  当前没有其他玩家在线，无需广播状态同步消息
2025-11-26 21:01:25.7512  当前没有其他玩家在线，无需广播状态同步消息
2025-11-26 21:01:25.8449  当前没有其他玩家在线，无需广播状态同步消息
2025-11-26 21:01:25.9453  当前没有其他玩家在线，无需广播状态同步消息
2025-11-26 21:01:26.0504  当前没有其他玩家在线，无需广播状态同步消息
2025-11-26 21:01:26.1573  当前没有其他玩家在线，无需广播状态同步消息
2025-11-26 21:01:26.2478  当前没有其他玩家在线，无需广播状态同步消息
2025-11-26 21:01:26.3520  当前没有其他玩家在线，无需广播状态同步消息
2025-11-26 21:01:26.4498  当前没有其他玩家在线，无需广播状态同步消息
2025-11-26 21:01:26.5480  当前没有其他玩家在线，无需广播状态同步消息
2025-11-26 21:01:26.6551  当前没有其他玩家在线，无需广播状态同步消息
2025-11-26 21:01:26.7540  当前没有其他玩家在线，无需广播状态同步消息
2025-11-26 21:01:26.8490  当前没有其他玩家在线，无需广播状态同步消息
2025-11-26 21:01:26.9464  当前没有其他玩家在线，无需广播状态同步消息
2025-11-26 21:01:27.0470  当前没有其他玩家在线，无需广播状态同步消息
2025-11-26 21:01:27.1476  当前没有其他玩家在线，无需广播状态同步消息
2025-11-26 21:01:27.2497  当前没有其他玩家在线，无需广播状态同步消息
2025-11-26 21:01:27.3463  当前没有其他玩家在线，无需广播状态同步消息
2025-11-26 21:01:27.4548  当前没有其他玩家在线，无需广播状态同步消息
2025-11-26 21:01:27.5524  当前没有其他玩家在线，无需广播状态同步消息
2025-11-26 21:01:27.6485  当前没有其他玩家在线，无需广播状态同步消息
2025-11-26 21:01:27.7454  当前没有其他玩家在线，无需广播状态同步消息
2025-11-26 21:01:27.8527  当前没有其他玩家在线，无需广播状态同步消息
2025-11-26 21:01:27.9539  当前没有其他玩家在线，无需广播状态同步消息
2025-11-26 21:01:28.0454  当前没有其他玩家在线，无需广播状态同步消息
2025-11-26 21:01:28.1493  当前没有其他玩家在线，无需广播状态同步消息
2025-11-26 21:01:28.2544  当前没有其他玩家在线，无需广播状态同步消息
2025-11-26 21:01:28.3531  当前没有其他玩家在线，无需广播状态同步消息
2025-11-26 21:01:28.4465  当前没有其他玩家在线，无需广播状态同步消息
2025-11-26 21:01:28.5527  当前没有其他玩家在线，无需广播状态同步消息
2025-11-26 21:01:28.6466  当前没有其他玩家在线，无需广播状态同步消息
2025-11-26 21:01:28.7510  当前没有其他玩家在线，无需广播状态同步消息
2025-11-26 21:01:28.8491  当前没有其他玩家在线，无需广播状态同步消息
2025-11-26 21:01:28.9544  当前没有其他玩家在线，无需广播状态同步消息
2025-11-26 21:01:29.0453  当前没有其他玩家在线，无需广播状态同步消息
2025-11-26 21:01:29.1445  当前没有其他玩家在线，无需广播状态同步消息
2025-11-26 21:01:29.2538  当前没有其他玩家在线，无需广播状态同步消息
2025-11-26 21:01:29.3490  当前没有其他玩家在线，无需广播状态同步消息
2025-11-26 21:01:29.4545  当前没有其他玩家在线，无需广播状态同步消息
2025-11-26 21:01:29.5484  当前没有其他玩家在线，无需广播状态同步消息
2025-11-26 21:01:29.6511  当前没有其他玩家在线，无需广播状态同步消息
2025-11-26 21:01:29.7494  当前没有其他玩家在线，无需广播状态同步消息
2025-11-26 21:01:29.8498  当前没有其他玩家在线，无需广播状态同步消息
2025-11-26 21:01:29.9533  当前没有其他玩家在线，无需广播状态同步消息
2025-11-26 21:01:30.0541  当前没有其他玩家在线，无需广播状态同步消息
2025-11-26 21:01:30.1499  当前没有其他玩家在线，无需广播状态同步消息
2025-11-26 21:01:30.2599  当前没有其他玩家在线，无需广播状态同步消息
2025-11-26 21:01:30.3468  当前没有其他玩家在线，无需广播状态同步消息
2025-11-26 21:01:30.4552  当前没有其他玩家在线，无需广播状态同步消息
2025-11-26 21:01:30.5523  当前没有其他玩家在线，无需广播状态同步消息
2025-11-26 21:01:30.6463  当前没有其他玩家在线，无需广播状态同步消息
2025-11-26 21:01:30.7464  当前没有其他玩家在线，无需广播状态同步消息
2025-11-26 21:01:30.8502  当前没有其他玩家在线，无需广播状态同步消息
2025-11-26 21:01:30.9497  当前没有其他玩家在线，无需广播状态同步消息
2025-11-26 21:01:31.0466  当前没有其他玩家在线，无需广播状态同步消息
2025-11-26 21:01:31.1528  当前没有其他玩家在线，无需广播状态同步消息
2025-11-26 21:01:31.2502  当前没有其他玩家在线，无需广播状态同步消息
2025-11-26 21:01:31.3486  当前没有其他玩家在线，无需广播状态同步消息
2025-11-26 21:01:31.4472  当前没有其他玩家在线，无需广播状态同步消息
2025-11-26 21:01:31.5621  当前没有其他玩家在线，无需广播状态同步消息
2025-11-26 21:01:31.6457  当前没有其他玩家在线，无需广播状态同步消息
2025-11-26 21:01:31.7483  当前没有其他玩家在线，无需广播状态同步消息
2025-11-26 21:01:31.8480  当前没有其他玩家在线，无需广播状态同步消息
2025-11-26 21:01:31.9490  当前没有其他玩家在线，无需广播状态同步消息
2025-11-26 21:01:32.0520  当前没有其他玩家在线，无需广播状态同步消息
2025-11-26 21:01:32.1527  当前没有其他玩家在线，无需广播状态同步消息
2025-11-26 21:01:32.2555  当前没有其他玩家在线，无需广播状态同步消息
2025-11-26 21:01:32.3500  当前没有其他玩家在线，无需广播状态同步消息
2025-11-26 21:01:32.4473  当前没有其他玩家在线，无需广播状态同步消息
2025-11-26 21:01:32.5485  当前没有其他玩家在线，无需广播状态同步消息
2025-11-26 21:01:32.6460  当前没有其他玩家在线，无需广播状态同步消息
2025-11-26 21:01:32.7504  当前没有其他玩家在线，无需广播状态同步消息
2025-11-26 21:01:32.8463  当前没有其他玩家在线，无需广播状态同步消息
2025-11-26 21:01:32.9447  当前没有其他玩家在线，无需广播状态同步消息
2025-11-26 21:01:33.6520  当前没有其他玩家在线，无需广播状态同步消息
2025-11-26 21:01:33.7516  当前没有其他玩家在线，无需广播状态同步消息
2025-11-26 21:01:33.8488  当前没有其他玩家在线，无需广播状态同步消息
2025-11-26 21:01:33.9540  当前没有其他玩家在线，无需广播状态同步消息
2025-11-26 21:01:34.0465  当前没有其他玩家在线，无需广播状态同步消息
2025-11-26 21:01:34.1516  当前没有其他玩家在线，无需广播状态同步消息
2025-11-26 21:01:34.2508  当前没有其他玩家在线，无需广播状态同步消息
2025-11-26 21:01:34.3509  当前没有其他玩家在线，无需广播状态同步消息
2025-11-26 21:01:34.4498  当前没有其他玩家在线，无需广播状态同步消息
2025-11-26 21:01:34.5465  当前没有其他玩家在线，无需广播状态同步消息
2025-11-26 21:01:34.6581  当前没有其他玩家在线，无需广播状态同步消息
2025-11-26 21:01:34.7556  当前没有其他玩家在线，无需广播状态同步消息
2025-11-26 21:01:34.8524  当前没有其他玩家在线，无需广播状态同步消息
2025-11-26 21:01:34.9529  当前没有其他玩家在线，无需广播状态同步消息
2025-11-26 21:01:35.0490  当前没有其他玩家在线，无需广播状态同步消息
2025-11-26 21:01:35.1479  当前没有其他玩家在线，无需广播状态同步消息
2025-11-26 21:01:35.2531  当前没有其他玩家在线，无需广播状态同步消息
2025-11-26 21:01:35.3562  当前没有其他玩家在线，无需广播状态同步消息
2025-11-26 21:01:35.4522  当前没有其他玩家在线，无需广播状态同步消息
2025-11-26 21:01:35.5532  当前没有其他玩家在线，无需广播状态同步消息
2025-11-26 21:01:35.6456  当前没有其他玩家在线，无需广播状态同步消息
2025-11-26 21:01:35.7536  当前没有其他玩家在线，无需广播状态同步消息
2025-11-26 21:01:35.8544  当前没有其他玩家在线，无需广播状态同步消息
2025-11-26 21:01:35.9600  当前没有其他玩家在线，无需广播状态同步消息
2025-11-26 21:01:36.0474  当前没有其他玩家在线，无需广播状态同步消息
2025-11-26 21:01:36.1483  当前没有其他玩家在线，无需广播状态同步消息
2025-11-26 21:01:36.2533  当前没有其他玩家在线，无需广播状态同步消息
2025-11-26 21:01:36.3547  当前没有其他玩家在线，无需广播状态同步消息
2025-11-26 21:01:36.4483  当前没有其他玩家在线，无需广播状态同步消息
2025-11-26 21:01:36.5531  当前没有其他玩家在线，无需广播状态同步消息
2025-11-26 21:01:36.6474  当前没有其他玩家在线，无需广播状态同步消息
2025-11-26 21:01:36.7471  当前没有其他玩家在线，无需广播状态同步消息
2025-11-26 21:01:36.8555  当前没有其他玩家在线，无需广播状态同步消息
2025-11-26 21:01:36.9554  当前没有其他玩家在线，无需广播状态同步消息
2025-11-26 21:01:37.0525  当前没有其他玩家在线，无需广播状态同步消息
2025-11-26 21:01:37.1520  当前没有其他玩家在线，无需广播状态同步消息
2025-11-26 21:01:37.2526  当前没有其他玩家在线，无需广播状态同步消息
2025-11-26 21:01:37.3490  当前没有其他玩家在线，无需广播状态同步消息
2025-11-26 21:01:37.4577  当前没有其他玩家在线，无需广播状态同步消息
2025-11-26 21:01:37.5549  当前没有其他玩家在线，无需广播状态同步消息
2025-11-26 21:01:37.6499  当前没有其他玩家在线，无需广播状态同步消息
2025-11-26 21:01:37.7609  当前没有其他玩家在线，无需广播状态同步消息
2025-11-26 21:01:37.8490  当前没有其他玩家在线，无需广播状态同步消息
2025-11-26 21:01:37.9546  当前没有其他玩家在线，无需广播状态同步消息
2025-11-26 21:01:38.0528  当前没有其他玩家在线，无需广播状态同步消息
2025-11-26 21:01:38.1478  当前没有其他玩家在线，无需广播状态同步消息
2025-11-26 21:01:38.2513  当前没有其他玩家在线，无需广播状态同步消息
2025-11-26 21:01:38.3450  当前没有其他玩家在线，无需广播状态同步消息
2025-11-26 21:01:38.4556  当前没有其他玩家在线，无需广播状态同步消息
2025-11-26 21:01:38.5543  当前没有其他玩家在线，无需广播状态同步消息
2025-11-26 21:01:38.6529  当前没有其他玩家在线，无需广播状态同步消息
2025-11-26 21:01:38.7467  当前没有其他玩家在线，无需广播状态同步消息
2025-11-26 21:01:38.8492  当前没有其他玩家在线，无需广播状态同步消息
2025-11-26 21:01:38.9489  当前没有其他玩家在线，无需广播状态同步消息
2025-11-26 21:01:39.0464  当前没有其他玩家在线，无需广播状态同步消息
2025-11-26 21:01:39.1532  当前没有其他玩家在线，无需广播状态同步消息
2025-11-26 21:01:39.2454  当前没有其他玩家在线，无需广播状态同步消息
2025-11-26 21:01:39.3544  当前没有其他玩家在线，无需广播状态同步消息
2025-11-26 21:01:39.4554  当前没有其他玩家在线，无需广播状态同步消息
2025-11-26 21:01:39.5484  当前没有其他玩家在线，无需广播状态同步消息
2025-11-26 21:01:39.6543  当前没有其他玩家在线，无需广播状态同步消息
2025-11-26 21:01:39.7501  当前没有其他玩家在线，无需广播状态同步消息
2025-11-26 21:01:39.8481  当前没有其他玩家在线，无需广播状态同步消息
2025-11-26 21:01:39.9624  当前没有其他玩家在线，无需广播状态同步消息
2025-11-26 21:01:40.0508  当前没有其他玩家在线，无需广播状态同步消息
2025-11-26 21:01:40.1476  当前没有其他玩家在线，无需广播状态同步消息
2025-11-26 21:01:40.2522  当前没有其他玩家在线，无需广播状态同步消息
2025-11-26 21:01:40.3443  当前没有其他玩家在线，无需广播状态同步消息
2025-11-26 21:01:40.4464  当前没有其他玩家在线，无需广播状态同步消息
2025-11-26 21:01:40.5482  当前没有其他玩家在线，无需广播状态同步消息
2025-11-26 21:01:40.6462  当前没有其他玩家在线，无需广播状态同步消息
2025-11-26 21:01:40.7537  当前没有其他玩家在线，无需广播状态同步消息
2025-11-26 21:01:40.8483  当前没有其他玩家在线，无需广播状态同步消息
2025-11-26 21:01:40.9491  当前没有其他玩家在线，无需广播状态同步消息
2025-11-26 21:01:41.0463  当前没有其他玩家在线，无需广播状态同步消息
2025-11-26 21:01:41.1507  当前没有其他玩家在线，无需广播状态同步消息
2025-11-26 21:01:41.2517  当前没有其他玩家在线，无需广播状态同步消息
2025-11-26 21:01:41.3507  当前没有其他玩家在线，无需广播状态同步消息
2025-11-26 21:01:41.4548  当前没有其他玩家在线，无需广播状态同步消息
2025-11-26 21:01:41.5457  当前没有其他玩家在线，无需广播状态同步消息
2025-11-26 21:01:41.6457  当前没有其他玩家在线，无需广播状态同步消息
2025-11-26 21:01:41.7510  当前没有其他玩家在线，无需广播状态同步消息
2025-11-26 21:01:41.8504  当前没有其他玩家在线，无需广播状态同步消息
2025-11-26 21:01:41.9481  当前没有其他玩家在线，无需广播状态同步消息
2025-11-26 21:01:42.0503  当前没有其他玩家在线，无需广播状态同步消息
2025-11-26 21:01:42.1510  当前没有其他玩家在线，无需广播状态同步消息
2025-11-26 21:01:42.2482  当前没有其他玩家在线，无需广播状态同步消息
2025-11-26 21:01:42.3482  当前没有其他玩家在线，无需广播状态同步消息
2025-11-26 21:01:42.4523  当前没有其他玩家在线，无需广播状态同步消息
2025-11-26 21:01:42.5472  当前没有其他玩家在线，无需广播状态同步消息
2025-11-26 21:01:42.6479  当前没有其他玩家在线，无需广播状态同步消息
2025-11-26 21:01:42.7502  当前没有其他玩家在线，无需广播状态同步消息
2025-11-26 21:01:42.8509  当前没有其他玩家在线，无需广播状态同步消息
2025-11-26 21:01:42.9527  当前没有其他玩家在线，无需广播状态同步消息
2025-11-26 21:01:43.0509  当前没有其他玩家在线，无需广播状态同步消息
2025-11-26 21:01:43.1544  当前没有其他玩家在线，无需广播状态同步消息
2025-11-26 21:01:43.2481  当前没有其他玩家在线，无需广播状态同步消息
2025-11-26 21:01:43.3557  当前没有其他玩家在线，无需广播状态同步消息
2025-11-26 21:01:43.4570  当前没有其他玩家在线，无需广播状态同步消息
2025-11-26 21:01:43.5511  当前没有其他玩家在线，无需广播状态同步消息
2025-11-26 21:01:43.6514  当前没有其他玩家在线，无需广播状态同步消息
2025-11-26 21:01:43.7506  当前没有其他玩家在线，无需广播状态同步消息
2025-11-26 21:01:43.8460  当前没有其他玩家在线，无需广播状态同步消息
2025-11-26 21:01:43.9500  当前没有其他玩家在线，无需广播状态同步消息
2025-11-26 21:01:44.0455  当前没有其他玩家在线，无需广播状态同步消息
2025-11-26 21:01:44.1497  当前没有其他玩家在线，无需广播状态同步消息
2025-11-26 21:01:44.2454  当前没有其他玩家在线，无需广播状态同步消息
2025-11-26 21:01:44.3494  当前没有其他玩家在线，无需广播状态同步消息
2025-11-26 21:01:44.4481  当前没有其他玩家在线，无需广播状态同步消息
2025-11-26 21:01:44.5464  当前没有其他玩家在线，无需广播状态同步消息
2025-11-26 21:01:44.6540  当前没有其他玩家在线，无需广播状态同步消息
2025-11-26 21:01:44.7455  当前没有其他玩家在线，无需广播状态同步消息
2025-11-26 21:01:44.8509  当前没有其他玩家在线，无需广播状态同步消息
2025-11-26 21:01:44.9478  当前没有其他玩家在线，无需广播状态同步消息
2025-11-26 21:01:45.0479  当前没有其他玩家在线，无需广播状态同步消息
2025-11-26 21:01:45.1533  当前没有其他玩家在线，无需广播状态同步消息
2025-11-26 21:01:45.2544  当前没有其他玩家在线，无需广播状态同步消息
2025-11-26 21:01:45.3505  当前没有其他玩家在线，无需广播状态同步消息
2025-11-26 21:01:45.4554  当前没有其他玩家在线，无需广播状态同步消息
2025-11-26 21:01:45.5465  当前没有其他玩家在线，无需广播状态同步消息
2025-11-26 21:01:45.6537  当前没有其他玩家在线，无需广播状态同步消息
2025-11-26 21:01:45.7443  当前没有其他玩家在线，无需广播状态同步消息
2025-11-26 21:01:45.8486  当前没有其他玩家在线，无需广播状态同步消息
2025-11-26 21:01:45.9514  当前没有其他玩家在线，无需广播状态同步消息
2025-11-26 21:01:46.0521  当前没有其他玩家在线，无需广播状态同步消息
2025-11-26 21:01:46.1499  当前没有其他玩家在线，无需广播状态同步消息
2025-11-26 21:01:46.2469  当前没有其他玩家在线，无需广播状态同步消息
2025-11-26 21:01:46.3468  当前没有其他玩家在线，无需广播状态同步消息
2025-11-26 21:01:46.4496  当前没有其他玩家在线，无需广播状态同步消息
2025-11-26 21:01:46.5517  当前没有其他玩家在线，无需广播状态同步消息
2025-11-26 21:01:46.6543  当前没有其他玩家在线，无需广播状态同步消息
2025-11-26 21:01:46.7452  当前没有其他玩家在线，无需广播状态同步消息
2025-11-26 21:01:46.8476  当前没有其他玩家在线，无需广播状态同步消息
2025-11-26 21:01:46.9556  当前没有其他玩家在线，无需广播状态同步消息
2025-11-26 21:01:47.0482  当前没有其他玩家在线，无需广播状态同步消息
2025-11-26 21:01:47.1530  当前没有其他玩家在线，无需广播状态同步消息
2025-11-26 21:01:47.2481  当前没有其他玩家在线，无需广播状态同步消息
2025-11-26 21:01:47.3510  当前没有其他玩家在线，无需广播状态同步消息
2025-11-26 21:01:47.4469  当前没有其他玩家在线，无需广播状态同步消息
2025-11-26 21:01:47.5535  当前没有其他玩家在线，无需广播状态同步消息
2025-11-26 21:01:47.6550  当前没有其他玩家在线，无需广播状态同步消息
2025-11-26 21:01:47.7489  当前没有其他玩家在线，无需广播状态同步消息
2025-11-26 21:01:47.8542  当前没有其他玩家在线，无需广播状态同步消息
2025-11-26 21:01:47.9517  当前没有其他玩家在线，无需广播状态同步消息
2025-11-26 21:01:48.0504  当前没有其他玩家在线，无需广播状态同步消息
2025-11-26 21:01:48.1513  当前没有其他玩家在线，无需广播状态同步消息
2025-11-26 21:01:48.2474  当前没有其他玩家在线，无需广播状态同步消息
2025-11-26 21:01:48.3537  当前没有其他玩家在线，无需广播状态同步消息
2025-11-26 21:01:48.4534  当前没有其他玩家在线，无需广播状态同步消息
2025-11-26 21:01:48.5466  当前没有其他玩家在线，无需广播状态同步消息
2025-11-26 21:01:48.6491  当前没有其他玩家在线，无需广播状态同步消息
2025-11-26 21:01:48.7468  当前没有其他玩家在线，无需广播状态同步消息
2025-11-26 21:01:48.8557  当前没有其他玩家在线，无需广播状态同步消息
2025-11-26 21:01:48.9480  当前没有其他玩家在线，无需广播状态同步消息
2025-11-26 21:01:49.0509  当前没有其他玩家在线，无需广播状态同步消息
2025-11-26 21:01:49.1460  当前没有其他玩家在线，无需广播状态同步消息
2025-11-26 21:01:49.2497  当前没有其他玩家在线，无需广播状态同步消息
2025-11-26 21:01:49.3484  当前没有其他玩家在线，无需广播状态同步消息
2025-11-26 21:01:49.4555  当前没有其他玩家在线，无需广播状态同步消息
2025-11-26 21:01:49.5505  当前没有其他玩家在线，无需广播状态同步消息
2025-11-26 21:01:49.6478  当前没有其他玩家在线，无需广播状态同步消息
2025-11-26 21:01:49.7471  当前没有其他玩家在线，无需广播状态同步消息
2025-11-26 21:01:49.8507  当前没有其他玩家在线，无需广播状态同步消息
2025-11-26 21:01:49.9552  当前没有其他玩家在线，无需广播状态同步消息
2025-11-26 21:01:50.0476  当前没有其他玩家在线，无需广播状态同步消息
2025-11-26 21:01:50.1443  当前没有其他玩家在线，无需广播状态同步消息
2025-11-26 21:01:50.2535  当前没有其他玩家在线，无需广播状态同步消息
2025-11-26 21:01:50.3492  当前没有其他玩家在线，无需广播状态同步消息
2025-11-26 21:01:50.4505  当前没有其他玩家在线，无需广播状态同步消息
2025-11-26 21:01:50.5506  当前没有其他玩家在线，无需广播状态同步消息
2025-11-26 21:01:50.6554  当前没有其他玩家在线，无需广播状态同步消息
2025-11-26 21:01:50.7488  当前没有其他玩家在线，无需广播状态同步消息
2025-11-26 21:01:50.8538  当前没有其他玩家在线，无需广播状态同步消息
2025-11-26 21:01:50.9469  当前没有其他玩家在线，无需广播状态同步消息
2025-11-26 21:01:51.0551  当前没有其他玩家在线，无需广播状态同步消息
2025-11-26 21:01:51.1501  当前没有其他玩家在线，无需广播状态同步消息
2025-11-26 21:02:09.9513  当前没有其他玩家在线，无需广播状态同步消息
2025-11-26 21:02:10.0536  当前没有其他玩家在线，无需广播状态同步消息
2025-11-26 21:02:10.1450  当前没有其他玩家在线，无需广播状态同步消息
2025-11-26 21:02:10.2490  当前没有其他玩家在线，无需广播状态同步消息
2025-11-26 21:02:10.3527  当前没有其他玩家在线，无需广播状态同步消息
2025-11-26 21:02:10.4507  当前没有其他玩家在线，无需广播状态同步消息
2025-11-26 21:02:10.5468  当前没有其他玩家在线，无需广播状态同步消息
2025-11-26 21:02:10.6473  当前没有其他玩家在线，无需广播状态同步消息
2025-11-26 21:02:10.7514  当前没有其他玩家在线，无需广播状态同步消息
2025-11-26 21:02:10.8484  当前没有其他玩家在线，无需广播状态同步消息
2025-11-26 21:02:10.9481  当前没有其他玩家在线，无需广播状态同步消息
2025-11-26 21:02:11.0491  当前没有其他玩家在线，无需广播状态同步消息
2025-11-26 21:02:11.1515  当前没有其他玩家在线，无需广播状态同步消息
2025-11-26 21:02:11.2454  当前没有其他玩家在线，无需广播状态同步消息
2025-11-26 21:02:11.3467  当前没有其他玩家在线，无需广播状态同步消息
2025-11-26 21:02:12.8533  当前没有其他玩家在线，无需广播状态同步消息
2025-11-26 21:02:12.9510  当前没有其他玩家在线，无需广播状态同步消息
2025-11-26 21:02:13.0508  当前没有其他玩家在线，无需广播状态同步消息
2025-11-26 21:02:13.1501  当前没有其他玩家在线，无需广播状态同步消息
2025-11-26 21:02:13.2551  当前没有其他玩家在线，无需广播状态同步消息
2025-11-26 21:02:13.3454  当前没有其他玩家在线，无需广播状态同步消息
2025-11-26 21:02:13.4530  当前没有其他玩家在线，无需广播状态同步消息
2025-11-26 21:02:13.5502  当前没有其他玩家在线，无需广播状态同步消息
2025-11-26 21:02:13.6551  当前没有其他玩家在线，无需广播状态同步消息
2025-11-26 21:02:13.7468  当前没有其他玩家在线，无需广播状态同步消息
2025-11-26 21:02:13.8479  当前没有其他玩家在线，无需广播状态同步消息
2025-11-26 21:02:13.9471  当前没有其他玩家在线，无需广播状态同步消息
2025-11-26 21:02:14.0493  当前没有其他玩家在线，无需广播状态同步消息
2025-11-26 21:02:14.1461  当前没有其他玩家在线，无需广播状态同步消息
2025-11-26 21:02:14.2540  当前没有其他玩家在线，无需广播状态同步消息
2025-11-26 21:02:14.3487  当前没有其他玩家在线，无需广播状态同步消息
2025-11-26 21:02:14.4498  当前没有其他玩家在线，无需广播状态同步消息
2025-11-26 21:02:14.5480  当前没有其他玩家在线，无需广播状态同步消息
2025-11-26 21:02:14.6528  当前没有其他玩家在线，无需广播状态同步消息
2025-11-26 21:02:14.7508  当前没有其他玩家在线，无需广播状态同步消息
2025-11-26 21:02:14.8471  当前没有其他玩家在线，无需广播状态同步消息
2025-11-26 21:02:14.9477  当前没有其他玩家在线，无需广播状态同步消息
2025-11-26 21:02:15.0504  当前没有其他玩家在线，无需广播状态同步消息
2025-11-26 21:02:15.1531  当前没有其他玩家在线，无需广播状态同步消息
2025-11-26 21:02:15.2529  当前没有其他玩家在线，无需广播状态同步消息
2025-11-26 21:02:15.3563  当前没有其他玩家在线，无需广播状态同步消息
2025-11-26 21:02:15.4465  当前没有其他玩家在线，无需广播状态同步消息
2025-11-26 21:02:15.5499  当前没有其他玩家在线，无需广播状态同步消息
2025-11-26 21:02:15.6479  当前没有其他玩家在线，无需广播状态同步消息
2025-11-26 21:02:15.7520  当前没有其他玩家在线，无需广播状态同步消息
2025-11-26 21:02:15.8497  当前没有其他玩家在线，无需广播状态同步消息
2025-11-26 21:02:15.9454  当前没有其他玩家在线，无需广播状态同步消息
2025-11-26 21:02:16.0467  当前没有其他玩家在线，无需广播状态同步消息
2025-11-26 21:02:16.1469  当前没有其他玩家在线，无需广播状态同步消息
2025-11-26 21:02:16.2463  当前没有其他玩家在线，无需广播状态同步消息
2025-11-26 21:02:16.3450  当前没有其他玩家在线，无需广播状态同步消息
2025-11-26 21:02:16.4496  当前没有其他玩家在线，无需广播状态同步消息
2025-11-26 21:02:16.5543  当前没有其他玩家在线，无需广播状态同步消息
2025-11-26 21:02:16.6511  当前没有其他玩家在线，无需广播状态同步消息
2025-11-26 21:02:16.7535  当前没有其他玩家在线，无需广播状态同步消息
2025-11-26 21:02:16.8512  当前没有其他玩家在线，无需广播状态同步消息
2025-11-26 21:02:16.9466  当前没有其他玩家在线，无需广播状态同步消息
2025-11-26 21:02:17.0504  当前没有其他玩家在线，无需广播状态同步消息
2025-11-26 21:02:17.1495  当前没有其他玩家在线，无需广播状态同步消息
2025-11-26 21:02:17.2466  当前没有其他玩家在线，无需广播状态同步消息
2025-11-26 21:02:17.3485  当前没有其他玩家在线，无需广播状态同步消息
2025-11-26 21:02:17.4505  当前没有其他玩家在线，无需广播状态同步消息
2025-11-26 21:02:17.5552  当前没有其他玩家在线，无需广播状态同步消息
2025-11-26 21:02:17.6519  当前没有其他玩家在线，无需广播状态同步消息
2025-11-26 21:02:17.7518  当前没有其他玩家在线，无需广播状态同步消息
2025-11-26 21:02:17.8513  当前没有其他玩家在线，无需广播状态同步消息
2025-11-26 21:02:17.9534  当前没有其他玩家在线，无需广播状态同步消息
2025-11-26 21:02:18.0480  当前没有其他玩家在线，无需广播状态同步消息
2025-11-26 21:02:18.1497  当前没有其他玩家在线，无需广播状态同步消息
2025-11-26 21:02:18.2551  当前没有其他玩家在线，无需广播状态同步消息
2025-11-26 21:02:18.3460  当前没有其他玩家在线，无需广播状态同步消息
2025-11-26 21:02:18.4493  当前没有其他玩家在线，无需广播状态同步消息
2025-11-26 21:02:29.1052  当前服务器上没有其他玩家在线，无需广播下线消息
2025-11-26 21:02:29.1052  账号ID:481843035351810049 数据已保存到数据库
2025-11-26 21:02:29.1052  玩家ID:481843035351810049 下线成功 , 下线位置:x:-5.114791, y:0, z:-2.364906
