2025-11-26 21:00:22.2932  收到登录请求
2025-11-26 21:00:22.2932  登陆成功，分配玩家ID:481843035351810049
2025-11-26 21:00:23.7014 (StateSyncRequestHandler.cs:18) 玩家ID:481843035351810049 移动方向: 0.491179 , 0 , -0.87105864
2025-11-26 21:00:23.7014 (StateSyncRequestHandler.cs:18) 玩家ID:481843035351810049 移动到新位置: -5.6645384 , 0 , -2.8726373
2025-11-26 21:00:23.8052 (StateSyncRequestHandler.cs:18) 玩家ID:481843035351810049 移动方向: 0.43144336 , 0 , -0.9021401
2025-11-26 21:00:23.8052 (StateSyncRequestHandler.cs:18) 玩家ID:481843035351810049 移动到新位置: -5.57825 , 0 , -3.0530653
2025-11-26 21:00:23.9000 (StateSyncRequestHandler.cs:18) 玩家ID:481843035351810049 移动方向: 0.35704696 , 0 , -0.93408644
2025-11-26 21:00:23.9000 (StateSyncRequestHandler.cs:18) 玩家ID:481843035351810049 移动到新位置: -5.5068407 , 0 , -3.2398825
2025-11-26 21:00:23.9972 (StateSyncRequestHandler.cs:18) 玩家ID:481843035351810049 移动方向: 0.88977987 , 0 , -0.45638984
2025-11-26 21:00:23.9972 (StateSyncRequestHandler.cs:18) 玩家ID:481843035351810049 移动到新位置: -5.3288846 , 0 , -3.3311605
2025-11-26 21:00:24.1024 (StateSyncRequestHandler.cs:18) 玩家ID:481843035351810049 移动方向: 0.8707667 , 0 , -0.49169624
2025-11-26 21:00:24.1024 (StateSyncRequestHandler.cs:18) 玩家ID:481843035351810049 移动到新位置: -5.1547313 , 0 , -3.4294999
2025-11-26 21:00:24.2038 (StateSyncRequestHandler.cs:18) 玩家ID:481843035351810049 移动方向: 0.8555009 , 0 , -0.51780134
2025-11-26 21:00:24.2038 (StateSyncRequestHandler.cs:18) 玩家ID:481843035351810049 移动到新位置: -4.983631 , 0 , -3.53306
2025-11-26 21:00:24.3073 (StateSyncRequestHandler.cs:18) 玩家ID:481843035351810049 移动方向: 0.21324436 , 0 , -0.9769989
2025-11-26 21:00:24.3073 (StateSyncRequestHandler.cs:18) 玩家ID:481843035351810049 移动到新位置: -4.9409823 , 0 , -3.7284598
2025-11-26 21:00:24.3956 (StateSyncRequestHandler.cs:18) 玩家ID:481843035351810049 移动方向: -0.5437806 , 0 , -0.8392274
2025-11-26 21:00:24.3956 (StateSyncRequestHandler.cs:18) 玩家ID:481843035351810049 移动到新位置: -5.0497384 , 0 , -3.8963053
2025-11-26 21:00:24.5031 (StateSyncRequestHandler.cs:18) 玩家ID:481843035351810049 移动方向: -0.5539428 , 0 , -0.8325547
2025-11-26 21:00:24.5031 (StateSyncRequestHandler.cs:18) 玩家ID:481843035351810049 移动到新位置: -5.1605268 , 0 , -4.062816
2025-11-26 21:00:24.6009 (StateSyncRequestHandler.cs:18) 玩家ID:481843035351810049 移动方向: -0.5817879 , 0 , -0.8133406
2025-11-26 21:00:24.6009 (StateSyncRequestHandler.cs:18) 玩家ID:481843035351810049 移动到新位置: -5.2768846 , 0 , -4.2254844
2025-11-26 21:00:24.6968 (StateSyncRequestHandler.cs:18) 玩家ID:481843035351810049 移动方向: 0.08704894 , 0 , -0.996204
2025-11-26 21:00:24.6968 (StateSyncRequestHandler.cs:18) 玩家ID:481843035351810049 移动到新位置: -5.2594748 , 0 , -4.424725
2025-11-26 21:00:24.8000 (StateSyncRequestHandler.cs:18) 玩家ID:481843035351810049 移动方向: 0.028904004 , 0 , -0.9995822
2025-11-26 21:00:24.8000 (StateSyncRequestHandler.cs:18) 玩家ID:481843035351810049 移动到新位置: -5.253694 , 0 , -4.6246414
2025-11-26 21:00:24.9005 (StateSyncRequestHandler.cs:18) 玩家ID:481843035351810049 移动到新位置: -5.253694 , 0 , -4.6246414
2025-11-26 21:00:31.4992 (StateSyncRequestHandler.cs:18) 玩家ID:481843035351810049 移动方向: -0.4515449 , 0 , 0.8922484
2025-11-26 21:00:31.4992 (StateSyncRequestHandler.cs:18) 玩家ID:481843035351810049 移动到新位置: -5.344003 , 0 , -4.446192
2025-11-26 21:00:31.5949 (StateSyncRequestHandler.cs:18) 玩家ID:481843035351810049 移动方向: -0.2587389 , 0 , 0.9659473
2025-11-26 21:00:31.5949 (StateSyncRequestHandler.cs:18) 玩家ID:481843035351810049 移动到新位置: -5.395751 , 0 , -4.253002
2025-11-26 21:00:31.7058 (StateSyncRequestHandler.cs:18) 玩家ID:481843035351810049 移动方向: -0.9997253 , 0 , -0.023438433
2025-11-26 21:00:31.7058 (StateSyncRequestHandler.cs:18) 玩家ID:481843035351810049 移动到新位置: -5.595696 , 0 , -4.25769
2025-11-26 21:00:31.7969 (StateSyncRequestHandler.cs:18) 玩家ID:481843035351810049 移动方向: -0.9638264 , 0 , 0.26653072
2025-11-26 21:00:31.7969 (StateSyncRequestHandler.cs:18) 玩家ID:481843035351810049 移动到新位置: -5.788461 , 0 , -4.204384
2025-11-26 21:00:31.9008 (StateSyncRequestHandler.cs:18) 玩家ID:481843035351810049 移动方向: -0.315151 , 0 , 0.94904155
2025-11-26 21:00:31.9008 (StateSyncRequestHandler.cs:18) 玩家ID:481843035351810049 移动到新位置: -5.8514915 , 0 , -4.0145755
2025-11-26 21:00:31.9981 (StateSyncRequestHandler.cs:18) 玩家ID:481843035351810049 移动方向: 0.45799714 , 0 , 0.8889537
2025-11-26 21:00:31.9981 (StateSyncRequestHandler.cs:18) 玩家ID:481843035351810049 移动到新位置: -5.759892 , 0 , -3.8367848
2025-11-26 21:00:32.1139 (StateSyncRequestHandler.cs:18) 玩家ID:481843035351810049 移动方向: 0.20849307 , 0 , 0.9780239
2025-11-26 21:00:32.1139 (StateSyncRequestHandler.cs:18) 玩家ID:481843035351810049 移动到新位置: -5.7181935 , 0 , -3.64118
2025-11-26 21:00:32.2060 (StateSyncRequestHandler.cs:18) 玩家ID:481843035351810049 移动方向: 0.9885085 , 0 , 0.15116546
2025-11-26 21:00:32.2060 (StateSyncRequestHandler.cs:18) 玩家ID:481843035351810049 移动到新位置: -5.5204916 , 0 , -3.610947
2025-11-26 21:00:32.3038 (StateSyncRequestHandler.cs:18) 玩家ID:481843035351810049 移动方向: 0.9184255 , 0 , 0.39559394
2025-11-26 21:00:32.3038 (StateSyncRequestHandler.cs:18) 玩家ID:481843035351810049 移动到新位置: -5.3368063 , 0 , -3.5318282
2025-11-26 21:00:32.4022 (StateSyncRequestHandler.cs:18) 玩家ID:481843035351810049 移动方向: 0.86651343 , 0 , 0.49915382
2025-11-26 21:00:32.4022 (StateSyncRequestHandler.cs:18) 玩家ID:481843035351810049 移动到新位置: -5.1635036 , 0 , -3.4319973
2025-11-26 21:00:32.5023 (StateSyncRequestHandler.cs:18) 玩家ID:481843035351810049 移动方向: 0.84213763 , 0 , 0.5392626
2025-11-26 21:00:32.5023 (StateSyncRequestHandler.cs:18) 玩家ID:481843035351810049 移动到新位置: -4.995076 , 0 , -3.3241448
2025-11-26 21:00:32.6003 (StateSyncRequestHandler.cs:18) 玩家ID:481843035351810049 移动方向: 0.8335427 , 0 , 0.552455
2025-11-26 21:00:32.6003 (StateSyncRequestHandler.cs:18) 玩家ID:481843035351810049 移动到新位置: -4.8283677 , 0 , -3.2136538
2025-11-26 21:00:32.7044 (StateSyncRequestHandler.cs:18) 玩家ID:481843035351810049 移动方向: 0.83059025 , 0 , 0.55688405
2025-11-26 21:00:32.7044 (StateSyncRequestHandler.cs:18) 玩家ID:481843035351810049 移动到新位置: -4.6622496 , 0 , -3.102277
2025-11-26 21:00:32.7956 (StateSyncRequestHandler.cs:18) 玩家ID:481843035351810049 移动方向: 0.8297265 , 0 , 0.5581701
2025-11-26 21:00:32.7956 (StateSyncRequestHandler.cs:18) 玩家ID:481843035351810049 移动到新位置: -4.4963045 , 0 , -2.990643
2025-11-26 21:00:32.8978 (StateSyncRequestHandler.cs:18) 玩家ID:481843035351810049 移动方向: 0.8294083 , 0 , 0.55864286
2025-11-26 21:00:32.8978 (StateSyncRequestHandler.cs:18) 玩家ID:481843035351810049 移动到新位置: -4.330423 , 0 , -2.8789144
2025-11-26 21:00:33.0035 (StateSyncRequestHandler.cs:18) 玩家ID:481843035351810049 移动到新位置: -4.330423 , 0 , -2.8789144
2025-11-26 21:00:33.1974 (StateSyncRequestHandler.cs:18) 玩家ID:481843035351810049 移动方向: 0.55882657 , 0 , -0.82928455
2025-11-26 21:00:33.1974 (StateSyncRequestHandler.cs:18) 玩家ID:481843035351810049 移动到新位置: -4.2186575 , 0 , -3.0447712
2025-11-26 21:00:33.2985 (StateSyncRequestHandler.cs:18) 玩家ID:481843035351810049 移动到新位置: -4.2186575 , 0 , -3.0447712
2025-11-26 21:01:08.2423  收到登录请求
2025-11-26 21:01:08.2423  登陆成功，分配玩家ID:481843035351810049
2025-11-26 21:01:10.1552 (StateSyncRequestHandler.cs:18) 玩家ID:481843035351810049 移动方向: -0.020984374 , 0 , -0.9997798
2025-11-26 21:01:10.1552 (StateSyncRequestHandler.cs:18) 玩家ID:481843035351810049 移动到新位置: -4.222854 , 0 , -3.2447271
2025-11-26 21:01:10.2483 (StateSyncRequestHandler.cs:18) 玩家ID:481843035351810049 移动方向: 0.15908132 , 0 , -0.98726547
2025-11-26 21:01:10.2483 (StateSyncRequestHandler.cs:18) 玩家ID:481843035351810049 移动到新位置: -4.1910377 , 0 , -3.4421802
2025-11-26 21:01:10.3481 (StateSyncRequestHandler.cs:18) 玩家ID:481843035351810049 移动方向: 0.96544766 , 0 , 0.2605972
2025-11-26 21:01:10.3481 (StateSyncRequestHandler.cs:18) 玩家ID:481843035351810049 移动到新位置: -3.9979482 , 0 , -3.3900607
2025-11-26 21:01:10.4486 (StateSyncRequestHandler.cs:18) 玩家ID:481843035351810049 移动方向: 0.9615666 , 0 , 0.2745718
2025-11-26 21:01:10.4486 (StateSyncRequestHandler.cs:18) 玩家ID:481843035351810049 移动到新位置: -3.8056347 , 0 , -3.3351462
2025-11-26 21:01:10.5504 (StateSyncRequestHandler.cs:18) 玩家ID:481843035351810049 移动方向: 0.9623841 , 0 , 0.27169266
2025-11-26 21:01:10.5504 (StateSyncRequestHandler.cs:18) 玩家ID:481843035351810049 移动到新位置: -3.613158 , 0 , -3.2808077
2025-11-26 21:01:10.6503 (StateSyncRequestHandler.cs:18) 玩家ID:481843035351810049 移动方向: 0.9719649 , 0 , 0.23512587
2025-11-26 21:01:10.6503 (StateSyncRequestHandler.cs:18) 玩家ID:481843035351810049 移动到新位置: -3.418765 , 0 , -3.2337825
2025-11-26 21:01:10.7504 (StateSyncRequestHandler.cs:18) 玩家ID:481843035351810049 移动方向: 0.7091128 , 0 , 0.705095
2025-11-26 21:01:10.7504 (StateSyncRequestHandler.cs:18) 玩家ID:481843035351810049 移动到新位置: -3.2769425 , 0 , -3.0927634
2025-11-26 21:01:10.8501 (StateSyncRequestHandler.cs:18) 玩家ID:481843035351810049 移动方向: 0.96351826 , 0 , 0.26764256
2025-11-26 21:01:10.8501 (StateSyncRequestHandler.cs:18) 玩家ID:481843035351810049 移动到新位置: -3.0842388 , 0 , -3.0392349
2025-11-26 21:01:10.9484 (StateSyncRequestHandler.cs:18) 玩家ID:481843035351810049 移动方向: 0.4902998 , 0 , -0.8715539
2025-11-26 21:01:10.9484 (StateSyncRequestHandler.cs:18) 玩家ID:481843035351810049 移动到新位置: -2.9861789 , 0 , -3.2135456
2025-11-26 21:01:11.0457 (StateSyncRequestHandler.cs:18) 玩家ID:481843035351810049 移动方向: 0.082596496 , 0 , -0.9965831
2025-11-26 21:01:11.0457 (StateSyncRequestHandler.cs:18) 玩家ID:481843035351810049 移动到新位置: -2.9696596 , 0 , -3.412862
2025-11-26 21:01:11.1468 (StateSyncRequestHandler.cs:18) 玩家ID:481843035351810049 移动方向: -0.78866136 , 0 , -0.6148279
2025-11-26 21:01:11.1468 (StateSyncRequestHandler.cs:18) 玩家ID:481843035351810049 移动到新位置: -3.1273918 , 0 , -3.5358276
2025-11-26 21:01:11.2516 (StateSyncRequestHandler.cs:18) 玩家ID:481843035351810049 移动方向: -0.97979593 , 0 , 0.1999999
2025-11-26 21:01:11.2516 (StateSyncRequestHandler.cs:18) 玩家ID:481843035351810049 移动到新位置: -3.323351 , 0 , -3.4958277
2025-11-26 21:01:11.3502 (StateSyncRequestHandler.cs:18) 玩家ID:481843035351810049 移动方向: -0.9743646 , 0 , 0.22497487
2025-11-26 21:01:11.3502 (StateSyncRequestHandler.cs:18) 玩家ID:481843035351810049 移动到新位置: -3.5182238 , 0 , -3.4508326
2025-11-26 21:01:11.4468 (StateSyncRequestHandler.cs:18) 玩家ID:481843035351810049 移动方向: 0.23346229 , 0 , 0.97236586
2025-11-26 21:01:11.4468 (StateSyncRequestHandler.cs:18) 玩家ID:481843035351810049 移动到新位置: -3.4715314 , 0 , -3.2563593
2025-11-26 21:01:11.5508 (StateSyncRequestHandler.cs:18) 玩家ID:481843035351810049 移动方向: 0.85405934 , 0 , 0.5201757
2025-11-26 21:01:11.5508 (StateSyncRequestHandler.cs:18) 玩家ID:481843035351810049 移动到新位置: -3.3007195 , 0 , -3.1523242
2025-11-26 21:01:11.6457 (StateSyncRequestHandler.cs:18) 玩家ID:481843035351810049 移动方向: 0.8544973 , 0 , 0.5194558
2025-11-26 21:01:11.6457 (StateSyncRequestHandler.cs:18) 玩家ID:481843035351810049 移动到新位置: -3.12982 , 0 , -3.048433
2025-11-26 21:01:11.7492 (StateSyncRequestHandler.cs:18) 玩家ID:481843035351810049 移动方向: 0.8546304 , 0 , 0.51923674
2025-11-26 21:01:11.7492 (StateSyncRequestHandler.cs:18) 玩家ID:481843035351810049 移动到新位置: -2.958894 , 0 , -2.9445858
2025-11-26 21:01:11.8504 (StateSyncRequestHandler.cs:18) 玩家ID:481843035351810049 移动方向: 0.23723148 , 0 , 0.97145313
2025-11-26 21:01:11.8504 (StateSyncRequestHandler.cs:18) 玩家ID:481843035351810049 移动到新位置: -2.9114478 , 0 , -2.7502952
2025-11-26 21:01:11.9455 (StateSyncRequestHandler.cs:18) 玩家ID:481843035351810049 移动到新位置: -2.9114478 , 0 , -2.7502952
2025-11-26 21:01:23.6553 (StateSyncRequestHandler.cs:18) 玩家ID:481843035351810049 移动方向: -0.22934608 , 0 , -0.9733449
2025-11-26 21:01:23.6553 (StateSyncRequestHandler.cs:18) 玩家ID:481843035351810049 移动到新位置: -2.9573169 , 0 , -2.9449642
2025-11-26 21:01:23.7489 (StateSyncRequestHandler.cs:18) 玩家ID:481843035351810049 移动方向: -0.2102481 , 0 , -0.9776481
2025-11-26 21:01:23.7489 (StateSyncRequestHandler.cs:18) 玩家ID:481843035351810049 移动到新位置: -2.9993665 , 0 , -3.1404939
2025-11-26 21:01:23.8556 (StateSyncRequestHandler.cs:18) 玩家ID:481843035351810049 移动方向: -0.19824095 , 0 , -0.9801533
2025-11-26 21:01:23.8556 (StateSyncRequestHandler.cs:18) 玩家ID:481843035351810049 移动到新位置: -3.0390148 , 0 , -3.3365245
2025-11-26 21:01:23.9489 (StateSyncRequestHandler.cs:18) 玩家ID:481843035351810049 移动方向: -0.8307601 , 0 , -0.5566306
2025-11-26 21:01:23.9489 (StateSyncRequestHandler.cs:18) 玩家ID:481843035351810049 移动到新位置: -3.2051668 , 0 , -3.4478507
2025-11-26 21:01:24.0468 (StateSyncRequestHandler.cs:18) 玩家ID:481843035351810049 移动方向: -0.9813751 , 0 , 0.19210128
2025-11-26 21:01:24.0468 (StateSyncRequestHandler.cs:18) 玩家ID:481843035351810049 移动到新位置: -3.4014418 , 0 , -3.4094305
2025-11-26 21:01:24.1511 (StateSyncRequestHandler.cs:18) 玩家ID:481843035351810049 移动方向: -0.98149425 , 0 , 0.19149156
2025-11-26 21:01:24.1511 (StateSyncRequestHandler.cs:18) 玩家ID:481843035351810049 移动到新位置: -3.5977407 , 0 , -3.3711321
2025-11-26 21:01:24.2508 (StateSyncRequestHandler.cs:18) 玩家ID:481843035351810049 移动方向: 0.18783794 , 0 , 0.9822
2025-11-26 21:01:24.2508 (StateSyncRequestHandler.cs:18) 玩家ID:481843035351810049 移动到新位置: -3.560173 , 0 , -3.1746922
2025-11-26 21:01:24.3496 (StateSyncRequestHandler.cs:18) 玩家ID:481843035351810049 移动方向: 0.15838443 , 0 , 0.9873775
2025-11-26 21:01:24.3496 (StateSyncRequestHandler.cs:18) 玩家ID:481843035351810049 移动到新位置: -3.5284963 , 0 , -2.9772167
2025-11-26 21:01:24.4533 (StateSyncRequestHandler.cs:18) 玩家ID:481843035351810049 移动方向: 0.21240945 , 0 , 0.9771808
2025-11-26 21:01:24.4533 (StateSyncRequestHandler.cs:18) 玩家ID:481843035351810049 移动到新位置: -3.4860144 , 0 , -2.7817805
2025-11-26 21:01:24.5492 (StateSyncRequestHandler.cs:18) 玩家ID:481843035351810049 移动方向: 0.62509584 , 0 , 0.78054804
2025-11-26 21:01:24.5492 (StateSyncRequestHandler.cs:18) 玩家ID:481843035351810049 移动到新位置: -3.3609953 , 0 , -2.625671
2025-11-26 21:01:24.6466 (StateSyncRequestHandler.cs:18) 玩家ID:481843035351810049 移动方向: -0.098426566 , 0 , 0.99514437
2025-11-26 21:01:24.6466 (StateSyncRequestHandler.cs:18) 玩家ID:481843035351810049 移动到新位置: -3.3806806 , 0 , -2.426642
2025-11-26 21:01:24.7503 (StateSyncRequestHandler.cs:18) 玩家ID:481843035351810049 移动方向: 0.54630136 , 0 , 0.8375886
2025-11-26 21:01:24.7503 (StateSyncRequestHandler.cs:18) 玩家ID:481843035351810049 移动到新位置: -3.2714202 , 0 , -2.2591243
2025-11-26 21:01:24.8503 (StateSyncRequestHandler.cs:18) 玩家ID:481843035351810049 移动方向: -0.58698654 , 0 , 0.8095967
2025-11-26 21:01:24.8503 (StateSyncRequestHandler.cs:18) 玩家ID:481843035351810049 移动到新位置: -3.3888175 , 0 , -2.097205
2025-11-26 21:01:24.9504 (StateSyncRequestHandler.cs:18) 玩家ID:481843035351810049 移动方向: -0.3519563 , 0 , 0.93601644
2025-11-26 21:01:24.9504 (StateSyncRequestHandler.cs:18) 玩家ID:481843035351810049 移动到新位置: -3.4592087 , 0 , -1.9100016
2025-11-26 21:01:25.0481 (StateSyncRequestHandler.cs:18) 玩家ID:481843035351810049 移动方向: -0.23869845 , 0 , 0.9710938
2025-11-26 21:01:25.0481 (StateSyncRequestHandler.cs:18) 玩家ID:481843035351810049 移动到新位置: -3.5069485 , 0 , -1.7157829
2025-11-26 21:01:25.1530 (StateSyncRequestHandler.cs:18) 玩家ID:481843035351810049 移动方向: -0.19326581 , 0 , 0.9811464
2025-11-26 21:01:25.1530 (StateSyncRequestHandler.cs:18) 玩家ID:481843035351810049 移动到新位置: -3.5456016 , 0 , -1.5195537
2025-11-26 21:01:25.2484 (StateSyncRequestHandler.cs:18) 玩家ID:481843035351810049 移动方向: 0.5686984 , 0 , 0.8225461
2025-11-26 21:01:25.2484 (StateSyncRequestHandler.cs:18) 玩家ID:481843035351810049 移动到新位置: -3.4318619 , 0 , -1.3550444
2025-11-26 21:01:25.3517 (StateSyncRequestHandler.cs:18) 玩家ID:481843035351810049 移动方向: 0.9828722 , 0 , 0.18428852
2025-11-26 21:01:25.3517 (StateSyncRequestHandler.cs:18) 玩家ID:481843035351810049 移动到新位置: -3.2352874 , 0 , -1.3181866
2025-11-26 21:01:25.4556 (StateSyncRequestHandler.cs:18) 玩家ID:481843035351810049 移动方向: 0.9559077 , 0 , 0.2936673
2025-11-26 21:01:25.4556 (StateSyncRequestHandler.cs:18) 玩家ID:481843035351810049 移动到新位置: -3.044106 , 0 , -1.2594532
2025-11-26 21:01:25.5498 (StateSyncRequestHandler.cs:18) 玩家ID:481843035351810049 移动方向: 0.43021435 , 0 , -0.9027268
2025-11-26 21:01:25.5498 (StateSyncRequestHandler.cs:18) 玩家ID:481843035351810049 移动到新位置: -2.9580631 , 0 , -1.4399985
2025-11-26 21:01:25.6534 (StateSyncRequestHandler.cs:18) 玩家ID:481843035351810049 移动方向: 0.5030084 , 0 , -0.86428154
2025-11-26 21:01:25.6534 (StateSyncRequestHandler.cs:18) 玩家ID:481843035351810049 移动到新位置: -2.8574615 , 0 , -1.6128548
2025-11-26 21:01:25.7512 (StateSyncRequestHandler.cs:18) 玩家ID:481843035351810049 移动方向: 0.5285569 , 0 , -0.8488979
2025-11-26 21:01:25.7512 (StateSyncRequestHandler.cs:18) 玩家ID:481843035351810049 移动到新位置: -2.75175 , 0 , -1.7826344
2025-11-26 21:01:25.8449 (StateSyncRequestHandler.cs:18) 玩家ID:481843035351810049 移动方向: 0.4921126 , 0 , -0.8705315
2025-11-26 21:01:25.8449 (StateSyncRequestHandler.cs:18) 玩家ID:481843035351810049 移动到新位置: -2.6533275 , 0 , -1.9567406
2025-11-26 21:01:25.9453 (StateSyncRequestHandler.cs:18) 玩家ID:481843035351810049 移动方向: -0.53714406 , 0 , -0.84349054
2025-11-26 21:01:25.9453 (StateSyncRequestHandler.cs:18) 玩家ID:481843035351810049 移动到新位置: -2.7607563 , 0 , -2.1254387
2025-11-26 21:01:26.0504 (StateSyncRequestHandler.cs:18) 玩家ID:481843035351810049 移动方向: -0.8348452 , 0 , -0.5504847
2025-11-26 21:01:26.0504 (StateSyncRequestHandler.cs:18) 玩家ID:481843035351810049 移动到新位置: -2.9277253 , 0 , -2.2355356
2025-11-26 21:01:26.1573 (StateSyncRequestHandler.cs:18) 玩家ID:481843035351810049 移动方向: 0.3341006 , 0 , -0.94253737
2025-11-26 21:01:26.1573 (StateSyncRequestHandler.cs:18) 玩家ID:481843035351810049 移动到新位置: -2.8609052 , 0 , -2.4240432
2025-11-26 21:01:26.2478 (StateSyncRequestHandler.cs:18) 玩家ID:481843035351810049 移动方向: 0.24877876 , 0 , -0.96856034
2025-11-26 21:01:26.2478 (StateSyncRequestHandler.cs:18) 玩家ID:481843035351810049 移动到新位置: -2.8111494 , 0 , -2.6177552
2025-11-26 21:01:26.3520 (StateSyncRequestHandler.cs:18) 玩家ID:481843035351810049 移动方向: 0.8331171 , 0 , -0.55309665
2025-11-26 21:01:26.3520 (StateSyncRequestHandler.cs:18) 玩家ID:481843035351810049 移动到新位置: -2.644526 , 0 , -2.7283745
2025-11-26 21:01:26.4498 (StateSyncRequestHandler.cs:18) 玩家ID:481843035351810049 移动方向: 0.9840753 , 0 , 0.17775205
2025-11-26 21:01:26.4498 (StateSyncRequestHandler.cs:18) 玩家ID:481843035351810049 移动到新位置: -2.447711 , 0 , -2.6928241
2025-11-26 21:01:26.5480 (StateSyncRequestHandler.cs:18) 玩家ID:481843035351810049 移动方向: 0.5776322 , 0 , 0.8162972
2025-11-26 21:01:26.5480 (StateSyncRequestHandler.cs:18) 玩家ID:481843035351810049 移动到新位置: -2.3321846 , 0 , -2.5295646
2025-11-26 21:01:26.6551 (StateSyncRequestHandler.cs:18) 玩家ID:481843035351810049 移动方向: 0.5803004 , 0 , 0.8144025
2025-11-26 21:01:26.6551 (StateSyncRequestHandler.cs:18) 玩家ID:481843035351810049 移动到新位置: -2.2161245 , 0 , -2.3666842
2025-11-26 21:01:26.7540 (StateSyncRequestHandler.cs:18) 玩家ID:481843035351810049 移动方向: 0.58105314 , 0 , 0.8138656
2025-11-26 21:01:26.7540 (StateSyncRequestHandler.cs:18) 玩家ID:481843035351810049 移动到新位置: -2.0999138 , 0 , -2.203911
2025-11-26 21:01:26.8490 (StateSyncRequestHandler.cs:18) 玩家ID:481843035351810049 移动方向: -0.1643267 , 0 , 0.98640597
2025-11-26 21:01:26.8490 (StateSyncRequestHandler.cs:18) 玩家ID:481843035351810049 移动到新位置: -2.1327791 , 0 , -2.00663
2025-11-26 21:01:26.9464 (StateSyncRequestHandler.cs:18) 玩家ID:481843035351810049 移动方向: -0.16422868 , 0 , 0.9864223
2025-11-26 21:01:26.9464 (StateSyncRequestHandler.cs:18) 玩家ID:481843035351810049 移动到新位置: -2.1656249 , 0 , -1.8093455
2025-11-26 21:01:27.0470 (StateSyncRequestHandler.cs:18) 玩家ID:481843035351810049 移动方向: -0.16419923 , 0 , 0.9864272
2025-11-26 21:01:27.0470 (StateSyncRequestHandler.cs:18) 玩家ID:481843035351810049 移动到新位置: -2.1984646 , 0 , -1.6120601
2025-11-26 21:01:27.1476 (StateSyncRequestHandler.cs:18) 玩家ID:481843035351810049 移动方向: 0.5814105 , 0 , 0.8136103
2025-11-26 21:01:27.1476 (StateSyncRequestHandler.cs:18) 玩家ID:481843035351810049 移动到新位置: -2.0821824 , 0 , -1.449338
2025-11-26 21:01:27.2497 (StateSyncRequestHandler.cs:18) 玩家ID:481843035351810049 移动方向: 0.5814131 , 0 , 0.8136085
2025-11-26 21:01:27.2497 (StateSyncRequestHandler.cs:18) 玩家ID:481843035351810049 移动到新位置: -1.9658998 , 0 , -1.2866162
2025-11-26 21:01:27.3463 (StateSyncRequestHandler.cs:18) 玩家ID:481843035351810049 移动方向: 0.58236027 , 0 , 0.8129309
2025-11-26 21:01:27.3463 (StateSyncRequestHandler.cs:18) 玩家ID:481843035351810049 移动到新位置: -1.8494278 , 0 , -1.12403
2025-11-26 21:01:27.4548 (StateSyncRequestHandler.cs:18) 玩家ID:481843035351810049 移动方向: 0.63669807 , 0 , 0.7711132
2025-11-26 21:01:27.4548 (StateSyncRequestHandler.cs:18) 玩家ID:481843035351810049 移动到新位置: -1.7220882 , 0 , -0.9698074
2025-11-26 21:01:27.5524 (StateSyncRequestHandler.cs:18) 玩家ID:481843035351810049 移动方向: 0.7499016 , 0 , 0.6615494
2025-11-26 21:01:27.5524 (StateSyncRequestHandler.cs:18) 玩家ID:481843035351810049 移动到新位置: -1.5721079 , 0 , -0.8374975
2025-11-26 21:01:27.6485 (StateSyncRequestHandler.cs:18) 玩家ID:481843035351810049 移动方向: 0.9863305 , 0 , -0.1647788
2025-11-26 21:01:27.6485 (StateSyncRequestHandler.cs:18) 玩家ID:481843035351810049 移动到新位置: -1.3748418 , 0 , -0.87045324
2025-11-26 21:01:27.7454 (StateSyncRequestHandler.cs:18) 玩家ID:481843035351810049 移动方向: 0.9775773 , 0 , -0.21057692
2025-11-26 21:01:27.7454 (StateSyncRequestHandler.cs:18) 玩家ID:481843035351810049 移动到新位置: -1.1793263 , 0 , -0.9125686
2025-11-26 21:01:27.8527 (StateSyncRequestHandler.cs:18) 玩家ID:481843035351810049 移动方向: 0.9734007 , 0 , -0.22910896
2025-11-26 21:01:27.8527 (StateSyncRequestHandler.cs:18) 玩家ID:481843035351810049 移动到新位置: -0.9846462 , 0 , -0.9583904
2025-11-26 21:01:27.9539 (StateSyncRequestHandler.cs:18) 玩家ID:481843035351810049 移动方向: 0.97206867 , 0 , -0.2346963
2025-11-26 21:01:27.9539 (StateSyncRequestHandler.cs:18) 玩家ID:481843035351810049 移动到新位置: -0.7902325 , 0 , -1.0053297
2025-11-26 21:01:28.0454 (StateSyncRequestHandler.cs:18) 玩家ID:481843035351810049 移动方向: 0.854744 , 0 , 0.51904976
2025-11-26 21:01:28.0454 (StateSyncRequestHandler.cs:18) 玩家ID:481843035351810049 移动到新位置: -0.6192837 , 0 , -0.9015198
2025-11-26 21:01:28.1493 (StateSyncRequestHandler.cs:18) 玩家ID:481843035351810049 移动方向: 0.85939145 , 0 , 0.5113182
2025-11-26 21:01:28.1493 (StateSyncRequestHandler.cs:18) 玩家ID:481843035351810049 移动到新位置: -0.4474054 , 0 , -0.79925615
2025-11-26 21:01:28.2544 (StateSyncRequestHandler.cs:18) 玩家ID:481843035351810049 移动方向: 0.86598533 , 0 , 0.5000694
2025-11-26 21:01:28.2544 (StateSyncRequestHandler.cs:18) 玩家ID:481843035351810049 移动到新位置: -0.2742083 , 0 , -0.6992423
2025-11-26 21:01:28.3531 (StateSyncRequestHandler.cs:18) 玩家ID:481843035351810049 移动方向: 0.9084857 , 0 , 0.41791588
2025-11-26 21:01:28.3531 (StateSyncRequestHandler.cs:18) 玩家ID:481843035351810049 移动到新位置: -0.09251116 , 0 , -0.6156591
2025-11-26 21:01:28.4465 (StateSyncRequestHandler.cs:18) 玩家ID:481843035351810049 移动方向: 0.6146545 , 0 , 0.7887965
2025-11-26 21:01:28.4465 (StateSyncRequestHandler.cs:18) 玩家ID:481843035351810049 移动到新位置: 0.03041973 , 0 , -0.4578998
2025-11-26 21:01:28.5527 (StateSyncRequestHandler.cs:18) 玩家ID:481843035351810049 移动方向: 0.94140095 , 0 , 0.3372895
2025-11-26 21:01:28.5527 (StateSyncRequestHandler.cs:18) 玩家ID:481843035351810049 移动到新位置: 0.2186999 , 0 , -0.3904419
2025-11-26 21:01:28.6466 (StateSyncRequestHandler.cs:18) 玩家ID:481843035351810049 移动方向: 0.9894433 , 0 , -0.1449202
2025-11-26 21:01:28.6466 (StateSyncRequestHandler.cs:18) 玩家ID:481843035351810049 移动到新位置: 0.41658854 , 0 , -0.41942593
2025-11-26 21:01:28.7510 (StateSyncRequestHandler.cs:18) 玩家ID:481843035351810049 移动方向: 0.23409994 , 0 , -0.97221255
2025-11-26 21:01:28.7510 (StateSyncRequestHandler.cs:18) 玩家ID:481843035351810049 移动到新位置: 0.46340853 , 0 , -0.6138685
2025-11-26 21:01:28.8487 (StateSyncRequestHandler.cs:18) 玩家ID:481843035351810049 移动方向: 0.08546244 , 0 , -0.9963414
2025-11-26 21:01:28.8487 (StateSyncRequestHandler.cs:18) 玩家ID:481843035351810049 移动到新位置: 0.48050103 , 0 , -0.81313676
2025-11-26 21:01:28.9544 (StateSyncRequestHandler.cs:18) 玩家ID:481843035351810049 移动方向: 0.002271952 , 0 , -0.99999744
2025-11-26 21:01:28.9544 (StateSyncRequestHandler.cs:18) 玩家ID:481843035351810049 移动到新位置: 0.48095542 , 0 , -1.0131363
2025-11-26 21:01:29.0453 (StateSyncRequestHandler.cs:18) 玩家ID:481843035351810049 移动方向: -0.73023236 , 0 , -0.6831988
2025-11-26 21:01:29.0453 (StateSyncRequestHandler.cs:18) 玩家ID:481843035351810049 移动到新位置: 0.33490896 , 0 , -1.149776
2025-11-26 21:01:29.1445 (StateSyncRequestHandler.cs:18) 玩家ID:481843035351810049 移动方向: -0.79263103 , 0 , -0.6097015
2025-11-26 21:01:29.1445 (StateSyncRequestHandler.cs:18) 玩家ID:481843035351810049 移动到新位置: 0.17638275 , 0 , -1.2717162
2025-11-26 21:01:29.2538 (StateSyncRequestHandler.cs:18) 玩家ID:481843035351810049 移动方向: -0.9694491 , 0 , 0.24529262
2025-11-26 21:01:29.2538 (StateSyncRequestHandler.cs:18) 玩家ID:481843035351810049 移动到新位置: -0.017507061 , 0 , -1.2226577
2025-11-26 21:01:29.3490 (StateSyncRequestHandler.cs:18) 玩家ID:481843035351810049 移动方向: -0.96621555 , 0 , 0.25773528
2025-11-26 21:01:29.3490 (StateSyncRequestHandler.cs:18) 玩家ID:481843035351810049 移动到新位置: -0.21075016 , 0 , -1.1711106
2025-11-26 21:01:29.4545 (StateSyncRequestHandler.cs:18) 玩家ID:481843035351810049 移动方向: -0.050732117 , 0 , 0.9987123
2025-11-26 21:01:29.4545 (StateSyncRequestHandler.cs:18) 玩家ID:481843035351810049 移动到新位置: -0.22089659 , 0 , -0.9713682
2025-11-26 21:01:29.5484 (StateSyncRequestHandler.cs:18) 玩家ID:481843035351810049 移动方向: -0.35719702 , 0 , 0.93402904
2025-11-26 21:01:29.5484 (StateSyncRequestHandler.cs:18) 玩家ID:481843035351810049 移动到新位置: -0.292336 , 0 , -0.7845624
2025-11-26 21:01:29.6511 (StateSyncRequestHandler.cs:18) 玩家ID:481843035351810049 移动方向: -0.51952386 , 0 , 0.85445595
2025-11-26 21:01:29.6511 (StateSyncRequestHandler.cs:18) 玩家ID:481843035351810049 移动到新位置: -0.39624077 , 0 , -0.6136712
2025-11-26 21:01:29.7494 (StateSyncRequestHandler.cs:18) 玩家ID:481843035351810049 移动方向: -0.5749301 , 0 , 0.81820256
2025-11-26 21:01:29.7494 (StateSyncRequestHandler.cs:18) 玩家ID:481843035351810049 移动到新位置: -0.5112268 , 0 , -0.45003068
2025-11-26 21:01:29.8498 (StateSyncRequestHandler.cs:18) 玩家ID:481843035351810049 移动方向: -0.8044767 , 0 , -0.5939843
2025-11-26 21:01:29.8498 (StateSyncRequestHandler.cs:18) 玩家ID:481843035351810049 移动到新位置: -0.6721221 , 0 , -0.56882757
2025-11-26 21:01:29.9533 (StateSyncRequestHandler.cs:18) 玩家ID:481843035351810049 移动方向: -0.7993395 , 0 , -0.6008797
2025-11-26 21:01:29.9533 (StateSyncRequestHandler.cs:18) 玩家ID:481843035351810049 移动到新位置: -0.83199 , 0 , -0.6890035
2025-11-26 21:01:30.0541 (StateSyncRequestHandler.cs:18) 玩家ID:481843035351810049 移动方向: 0.60273623 , 0 , -0.7979405
2025-11-26 21:01:30.0541 (StateSyncRequestHandler.cs:18) 玩家ID:481843035351810049 移动到新位置: -0.71144277 , 0 , -0.8485916
2025-11-26 21:01:30.1499 (StateSyncRequestHandler.cs:18) 玩家ID:481843035351810049 移动方向: 0.6032866 , 0 , -0.79752445
2025-11-26 21:01:30.1499 (StateSyncRequestHandler.cs:18) 玩家ID:481843035351810049 移动到新位置: -0.59078544 , 0 , -1.0080965
2025-11-26 21:01:30.2599 (StateSyncRequestHandler.cs:18) 玩家ID:481843035351810049 移动方向: 0.60347605 , 0 , -0.7973811
2025-11-26 21:01:30.2599 (StateSyncRequestHandler.cs:18) 玩家ID:481843035351810049 移动到新位置: -0.47009024 , 0 , -1.1675727
2025-11-26 21:01:30.3468 (StateSyncRequestHandler.cs:18) 玩家ID:481843035351810049 移动方向: -0.7973389 , 0 , -0.60353184
2025-11-26 21:01:30.3468 (StateSyncRequestHandler.cs:18) 玩家ID:481843035351810049 移动到新位置: -0.629558 , 0 , -1.288279
2025-11-26 21:01:30.4552 (StateSyncRequestHandler.cs:18) 玩家ID:481843035351810049 移动方向: -0.7973265 , 0 , -0.6035482
2025-11-26 21:01:30.4552 (StateSyncRequestHandler.cs:18) 玩家ID:481843035351810049 移动到新位置: -0.78902334 , 0 , -1.4089887
2025-11-26 21:01:30.5523 (StateSyncRequestHandler.cs:18) 玩家ID:481843035351810049 移动方向: -0.60355353 , 0 , 0.79732245
2025-11-26 21:01:30.5523 (StateSyncRequestHandler.cs:18) 玩家ID:481843035351810049 移动到新位置: -0.909734 , 0 , -1.2495242
2025-11-26 21:01:30.6463 (StateSyncRequestHandler.cs:18) 玩家ID:481843035351810049 移动方向: -0.60355353 , 0 , 0.79732245
2025-11-26 21:01:30.6463 (StateSyncRequestHandler.cs:18) 玩家ID:481843035351810049 移动到新位置: -1.0304447 , 0 , -1.0900598
2025-11-26 21:01:30.7464 (StateSyncRequestHandler.cs:18) 玩家ID:481843035351810049 移动方向: -0.60355353 , 0 , 0.79732245
2025-11-26 21:01:30.7464 (StateSyncRequestHandler.cs:18) 玩家ID:481843035351810049 移动到新位置: -1.1511555 , 0 , -0.9305953
2025-11-26 21:01:30.8502 (StateSyncRequestHandler.cs:18) 玩家ID:481843035351810049 移动方向: 0.13701531 , 0 , 0.99056894
2025-11-26 21:01:30.8502 (StateSyncRequestHandler.cs:18) 玩家ID:481843035351810049 移动到新位置: -1.1237524 , 0 , -0.7324815
2025-11-26 21:01:30.9497 (StateSyncRequestHandler.cs:18) 玩家ID:481843035351810049 移动方向: 0.13701531 , 0 , 0.99056894
2025-11-26 21:01:30.9497 (StateSyncRequestHandler.cs:18) 玩家ID:481843035351810049 移动到新位置: -1.0963492 , 0 , -0.5343677
2025-11-26 21:01:31.0466 (StateSyncRequestHandler.cs:18) 玩家ID:481843035351810049 移动方向: 0.13701531 , 0 , 0.99056894
2025-11-26 21:01:31.0466 (StateSyncRequestHandler.cs:18) 玩家ID:481843035351810049 移动到新位置: -1.0689461 , 0 , -0.33625388
2025-11-26 21:01:31.1528 (StateSyncRequestHandler.cs:18) 玩家ID:481843035351810049 移动方向: -0.9905689 , 0 , 0.13701528
2025-11-26 21:01:31.1528 (StateSyncRequestHandler.cs:18) 玩家ID:481843035351810049 移动到新位置: -1.2670599 , 0 , -0.30885082
2025-11-26 21:01:31.2502 (StateSyncRequestHandler.cs:18) 玩家ID:481843035351810049 移动方向: -0.9905689 , 0 , 0.13701528
2025-11-26 21:01:31.2502 (StateSyncRequestHandler.cs:18) 玩家ID:481843035351810049 移动到新位置: -1.4651737 , 0 , -0.28144777
2025-11-26 21:01:31.3486 (StateSyncRequestHandler.cs:18) 玩家ID:481843035351810049 移动方向: -0.9905689 , 0 , 0.13701528
2025-11-26 21:01:31.3486 (StateSyncRequestHandler.cs:18) 玩家ID:481843035351810049 移动到新位置: -1.6632875 , 0 , -0.2540447
2025-11-26 21:01:31.4472 (StateSyncRequestHandler.cs:18) 玩家ID:481843035351810049 移动方向: -0.79732245 , 0 , -0.6035536
2025-11-26 21:01:31.4472 (StateSyncRequestHandler.cs:18) 玩家ID:481843035351810049 移动到新位置: -1.822752 , 0 , -0.37475544
2025-11-26 21:01:31.5621 (StateSyncRequestHandler.cs:18) 玩家ID:481843035351810049 移动方向: -0.79732245 , 0 , -0.6035536
2025-11-26 21:01:31.5621 (StateSyncRequestHandler.cs:18) 玩家ID:481843035351810049 移动到新位置: -1.9822165 , 0 , -0.49546617
2025-11-26 21:01:31.6452 (StateSyncRequestHandler.cs:18) 玩家ID:481843035351810049 移动方向: 0.60355353 , 0 , -0.79732245
2025-11-26 21:01:31.6452 (StateSyncRequestHandler.cs:18) 玩家ID:481843035351810049 移动到新位置: -1.8615057 , 0 , -0.65493065
2025-11-26 21:01:31.7483 (StateSyncRequestHandler.cs:18) 玩家ID:481843035351810049 移动方向: 0.9905689 , 0 , -0.13701528
2025-11-26 21:01:31.7483 (StateSyncRequestHandler.cs:18) 玩家ID:481843035351810049 移动到新位置: -1.663392 , 0 , -0.6823337
2025-11-26 21:01:31.8480 (StateSyncRequestHandler.cs:18) 玩家ID:481843035351810049 移动方向: 0.9905689 , 0 , -0.13701528
2025-11-26 21:01:31.8480 (StateSyncRequestHandler.cs:18) 玩家ID:481843035351810049 移动到新位置: -1.4652781 , 0 , -0.70973676
2025-11-26 21:01:31.9490 (StateSyncRequestHandler.cs:18) 玩家ID:481843035351810049 移动方向: 0.9905689 , 0 , -0.13701528
2025-11-26 21:01:31.9490 (StateSyncRequestHandler.cs:18) 玩家ID:481843035351810049 移动到新位置: -1.2671643 , 0 , -0.7371398
2025-11-26 21:01:32.0520 (StateSyncRequestHandler.cs:18) 玩家ID:481843035351810049 移动方向: 0.79732245 , 0 , 0.6035536
2025-11-26 21:01:32.0520 (StateSyncRequestHandler.cs:18) 玩家ID:481843035351810049 移动到新位置: -1.1076999 , 0 , -0.6164291
2025-11-26 21:01:32.1527 (StateSyncRequestHandler.cs:18) 玩家ID:481843035351810049 移动方向: 0.79732245 , 0 , 0.6035536
2025-11-26 21:01:32.1527 (StateSyncRequestHandler.cs:18) 玩家ID:481843035351810049 移动到新位置: -0.9482354 , 0 , -0.49571836
2025-11-26 21:01:32.2555 (StateSyncRequestHandler.cs:18) 玩家ID:481843035351810049 移动方向: 0.79732245 , 0 , 0.6035536
2025-11-26 21:01:32.2555 (StateSyncRequestHandler.cs:18) 玩家ID:481843035351810049 移动到新位置: -0.7887709 , 0 , -0.37500763
2025-11-26 21:01:32.3500 (StateSyncRequestHandler.cs:18) 玩家ID:481843035351810049 移动方向: 0.79730433 , 0 , 0.6035775
2025-11-26 21:01:32.3500 (StateSyncRequestHandler.cs:18) 玩家ID:481843035351810049 移动到新位置: -0.62931 , 0 , -0.25429213
2025-11-26 21:01:32.4473 (StateSyncRequestHandler.cs:18) 玩家ID:481843035351810049 移动方向: 0.4622544 , 0 , -0.88674736
2025-11-26 21:01:32.4473 (StateSyncRequestHandler.cs:18) 玩家ID:481843035351810049 移动到新位置: -0.53685915 , 0 , -0.43164158
2025-11-26 21:01:32.5485 (StateSyncRequestHandler.cs:18) 玩家ID:481843035351810049 移动方向: -0.27943233 , 0 , -0.9601654
2025-11-26 21:01:32.5485 (StateSyncRequestHandler.cs:18) 玩家ID:481843035351810049 移动到新位置: -0.5927456 , 0 , -0.62367463
2025-11-26 21:01:32.6460 (StateSyncRequestHandler.cs:18) 玩家ID:481843035351810049 移动方向: -0.7987825 , 0 , -0.60161996
2025-11-26 21:01:32.6460 (StateSyncRequestHandler.cs:18) 玩家ID:481843035351810049 移动到新位置: -0.7525021 , 0 , -0.74399865
2025-11-26 21:01:32.7504 (StateSyncRequestHandler.cs:18) 玩家ID:481843035351810049 移动方向: -0.9434742 , 0 , -0.3314461
2025-11-26 21:01:32.7504 (StateSyncRequestHandler.cs:18) 玩家ID:481843035351810049 移动到新位置: -0.9411969 , 0 , -0.8102879
2025-11-26 21:01:32.8463 (StateSyncRequestHandler.cs:18) 玩家ID:481843035351810049 移动方向: -0.9739391 , 0 , -0.22680935
2025-11-26 21:01:32.8463 (StateSyncRequestHandler.cs:18) 玩家ID:481843035351810049 移动到新位置: -1.1359848 , 0 , -0.85564977
2025-11-26 21:01:32.9447 (StateSyncRequestHandler.cs:18) 玩家ID:481843035351810049 移动到新位置: -1.1359848 , 0 , -0.85564977
2025-11-26 21:01:33.6520 (StateSyncRequestHandler.cs:18) 玩家ID:481843035351810049 移动方向: -0.92974406 , 0 , 0.36820632
2025-11-26 21:01:33.6520 (StateSyncRequestHandler.cs:18) 玩家ID:481843035351810049 移动到新位置: -1.3219336 , 0 , -0.7820085
2025-11-26 21:01:33.7516 (StateSyncRequestHandler.cs:18) 玩家ID:481843035351810049 移动方向: -0.99752873 , 0 , -0.07025988
2025-11-26 21:01:33.7516 (StateSyncRequestHandler.cs:18) 玩家ID:481843035351810049 移动到新位置: -1.5214393 , 0 , -0.7960605
2025-11-26 21:01:33.8488 (StateSyncRequestHandler.cs:18) 玩家ID:481843035351810049 移动方向: -0.88414276 , 0 , -0.46721685
2025-11-26 21:01:33.8488 (StateSyncRequestHandler.cs:18) 玩家ID:481843035351810049 移动到新位置: -1.6982678 , 0 , -0.88950384
2025-11-26 21:01:33.9540 (StateSyncRequestHandler.cs:18) 玩家ID:481843035351810049 移动方向: -0.58032256 , 0 , -0.8143868
2025-11-26 21:01:33.9540 (StateSyncRequestHandler.cs:18) 玩家ID:481843035351810049 移动到新位置: -1.8143324 , 0 , -1.0523812
2025-11-26 21:01:34.0465 (StateSyncRequestHandler.cs:18) 玩家ID:481843035351810049 移动方向: -0.3383673 , 0 , -0.9410141
2025-11-26 21:01:34.0465 (StateSyncRequestHandler.cs:18) 玩家ID:481843035351810049 移动到新位置: -1.8820058 , 0 , -1.240584
2025-11-26 21:01:34.1516 (StateSyncRequestHandler.cs:18) 玩家ID:481843035351810049 移动方向: -0.2514978 , 0 , -0.96785784
2025-11-26 21:01:34.1516 (StateSyncRequestHandler.cs:18) 玩家ID:481843035351810049 移动到新位置: -1.9323053 , 0 , -1.4341556
2025-11-26 21:01:34.2508 (StateSyncRequestHandler.cs:18) 玩家ID:481843035351810049 移动方向: -0.47444487 , 0 , -0.8802852
2025-11-26 21:01:34.2508 (StateSyncRequestHandler.cs:18) 玩家ID:481843035351810049 移动到新位置: -2.0271943 , 0 , -1.6102126
2025-11-26 21:01:34.3509 (StateSyncRequestHandler.cs:18) 玩家ID:481843035351810049 移动方向: -0.85250825 , 0 , -0.52271384
2025-11-26 21:01:34.3509 (StateSyncRequestHandler.cs:18) 玩家ID:481843035351810049 移动到新位置: -2.197696 , 0 , -1.7147553
2025-11-26 21:01:34.4498 (StateSyncRequestHandler.cs:18) 玩家ID:481843035351810049 移动方向: -0.9971102 , 0 , 0.07596898
2025-11-26 21:01:34.4498 (StateSyncRequestHandler.cs:18) 玩家ID:481843035351810049 移动到新位置: -2.397118 , 0 , -1.6995615
2025-11-26 21:01:34.5465 (StateSyncRequestHandler.cs:18) 玩家ID:481843035351810049 移动方向: -0.78846085 , 0 , 0.61508495
2025-11-26 21:01:34.5465 (StateSyncRequestHandler.cs:18) 玩家ID:481843035351810049 移动到新位置: -2.5548103 , 0 , -1.5765445
2025-11-26 21:01:34.6581 (StateSyncRequestHandler.cs:18) 玩家ID:481843035351810049 移动方向: -0.35781515 , 0 , 0.9337924
2025-11-26 21:01:34.6581 (StateSyncRequestHandler.cs:18) 玩家ID:481843035351810049 移动到新位置: -2.6263733 , 0 , -1.389786
2025-11-26 21:01:34.7556 (StateSyncRequestHandler.cs:18) 玩家ID:481843035351810049 移动方向: 0.020095125 , 0 , 0.99979806
2025-11-26 21:01:34.7556 (StateSyncRequestHandler.cs:18) 玩家ID:481843035351810049 移动到新位置: -2.6223543 , 0 , -1.1898264
2025-11-26 21:01:34.8524 (StateSyncRequestHandler.cs:18) 玩家ID:481843035351810049 移动方向: 0.28621325 , 0 , 0.95816594
2025-11-26 21:01:34.8524 (StateSyncRequestHandler.cs:18) 玩家ID:481843035351810049 移动到新位置: -2.5651116 , 0 , -0.9981932
2025-11-26 21:01:34.9529 (StateSyncRequestHandler.cs:18) 玩家ID:481843035351810049 移动方向: 0.419774 , 0 , 0.9076287
2025-11-26 21:01:34.9529 (StateSyncRequestHandler.cs:18) 玩家ID:481843035351810049 移动到新位置: -2.4811568 , 0 , -0.81666744
2025-11-26 21:01:35.0490 (StateSyncRequestHandler.cs:18) 玩家ID:481843035351810049 移动方向: 0.42229295 , 0 , 0.9064594
2025-11-26 21:01:35.0490 (StateSyncRequestHandler.cs:18) 玩家ID:481843035351810049 移动到新位置: -2.3966982 , 0 , -0.63537556
2025-11-26 21:01:35.1479 (StateSyncRequestHandler.cs:18) 玩家ID:481843035351810049 移动方向: 0.22400391 , 0 , 0.9745882
2025-11-26 21:01:35.1479 (StateSyncRequestHandler.cs:18) 玩家ID:481843035351810049 移动到新位置: -2.3518975 , 0 , -0.44045794
2025-11-26 21:01:35.2531 (StateSyncRequestHandler.cs:18) 玩家ID:481843035351810049 移动方向: -0.11011572 , 0 , 0.9939188
2025-11-26 21:01:35.2531 (StateSyncRequestHandler.cs:18) 玩家ID:481843035351810049 移动到新位置: -2.3739207 , 0 , -0.2416742
2025-11-26 21:01:35.3562 (StateSyncRequestHandler.cs:18) 玩家ID:481843035351810049 移动方向: -0.3069578 , 0 , 0.95172316
2025-11-26 21:01:35.3562 (StateSyncRequestHandler.cs:18) 玩家ID:481843035351810049 移动到新位置: -2.4353123 , 0 , -0.051329583
2025-11-26 21:01:35.4522 (StateSyncRequestHandler.cs:18) 玩家ID:481843035351810049 移动方向: -0.4427671 , 0 , 0.89663666
2025-11-26 21:01:35.4522 (StateSyncRequestHandler.cs:18) 玩家ID:481843035351810049 移动到新位置: -2.5238657 , 0 , 0.12799776
2025-11-26 21:01:35.5532 (StateSyncRequestHandler.cs:18) 玩家ID:481843035351810049 移动方向: -0.6912947 , 0 , 0.722573
2025-11-26 21:01:35.5532 (StateSyncRequestHandler.cs:18) 玩家ID:481843035351810049 移动到新位置: -2.6621246 , 0 , 0.27251235
2025-11-26 21:01:35.6456 (StateSyncRequestHandler.cs:18) 玩家ID:481843035351810049 移动方向: -0.94078755 , 0 , 0.3389967
2025-11-26 21:01:35.6456 (StateSyncRequestHandler.cs:18) 玩家ID:481843035351810049 移动到新位置: -2.8502822 , 0 , 0.34031168
2025-11-26 21:01:35.7536 (StateSyncRequestHandler.cs:18) 玩家ID:481843035351810049 移动方向: -0.9337357 , 0 , -0.35796311
2025-11-26 21:01:35.7536 (StateSyncRequestHandler.cs:18) 玩家ID:481843035351810049 移动到新位置: -3.0370293 , 0 , 0.26871905
2025-11-26 21:01:35.8544 (StateSyncRequestHandler.cs:18) 玩家ID:481843035351810049 移动方向: -0.378403 , 0 , -0.92564094
2025-11-26 21:01:35.8544 (StateSyncRequestHandler.cs:18) 玩家ID:481843035351810049 移动到新位置: -3.1127098 , 0 , 0.083590865
2025-11-26 21:01:35.9600 (StateSyncRequestHandler.cs:18) 玩家ID:481843035351810049 移动方向: 0.35414836 , 0 , -0.93518925
2025-11-26 21:01:35.9600 (StateSyncRequestHandler.cs:18) 玩家ID:481843035351810049 移动到新位置: -3.0418801 , 0 , -0.10344699
2025-11-26 21:01:36.0474 (StateSyncRequestHandler.cs:18) 玩家ID:481843035351810049 移动方向: 0.79080516 , 0 , -0.61206794
2025-11-26 21:01:36.0474 (StateSyncRequestHandler.cs:18) 玩家ID:481843035351810049 移动到新位置: -2.883719 , 0 , -0.22586058
2025-11-26 21:01:36.1483 (StateSyncRequestHandler.cs:18) 玩家ID:481843035351810049 移动方向: 0.9708983 , 0 , -0.23949213
2025-11-26 21:01:36.1483 (StateSyncRequestHandler.cs:18) 玩家ID:481843035351810049 移动到新位置: -2.6895394 , 0 , -0.273759
2025-11-26 21:01:36.2533 (StateSyncRequestHandler.cs:18) 玩家ID:481843035351810049 移动方向: 0.9992476 , 0 , -0.038784206
2025-11-26 21:01:36.2533 (StateSyncRequestHandler.cs:18) 玩家ID:481843035351810049 移动到新位置: -2.4896898 , 0 , -0.28151584
2025-11-26 21:01:36.3547 (StateSyncRequestHandler.cs:18) 玩家ID:481843035351810049 移动方向: 0.9994323 , 0 , 0.033689026
2025-11-26 21:01:36.3547 (StateSyncRequestHandler.cs:18) 玩家ID:481843035351810049 移动到新位置: -2.2898033 , 0 , -0.27477804
2025-11-26 21:01:36.4483 (StateSyncRequestHandler.cs:18) 玩家ID:481843035351810049 移动方向: 0.99982363 , 0 , 0.018781792
2025-11-26 21:01:36.4483 (StateSyncRequestHandler.cs:18) 玩家ID:481843035351810049 移动到新位置: -2.0898385 , 0 , -0.2710217
2025-11-26 21:01:36.5531 (StateSyncRequestHandler.cs:18) 玩家ID:481843035351810049 移动方向: 0.95316887 , 0 , -0.3024385
2025-11-26 21:01:36.5531 (StateSyncRequestHandler.cs:18) 玩家ID:481843035351810049 移动到新位置: -1.8992047 , 0 , -0.33150938
2025-11-26 21:01:36.6474 (StateSyncRequestHandler.cs:18) 玩家ID:481843035351810049 移动方向: 0.6524089 , 0 , -0.7578672
2025-11-26 21:01:36.6474 (StateSyncRequestHandler.cs:18) 玩家ID:481843035351810049 移动到新位置: -1.768723 , 0 , -0.48308283
2025-11-26 21:01:36.7471 (StateSyncRequestHandler.cs:18) 玩家ID:481843035351810049 移动方向: 0.32213426 , 0 , -0.946694
2025-11-26 21:01:36.7471 (StateSyncRequestHandler.cs:18) 玩家ID:481843035351810049 移动到新位置: -1.7042961 , 0 , -0.67242163
2025-11-26 21:01:36.8555 (StateSyncRequestHandler.cs:18) 玩家ID:481843035351810049 移动方向: 0.10145715 , 0 , -0.9948399
2025-11-26 21:01:36.8555 (StateSyncRequestHandler.cs:18) 玩家ID:481843035351810049 移动到新位置: -1.6840047 , 0 , -0.8713896
2025-11-26 21:01:36.9554 (StateSyncRequestHandler.cs:18) 玩家ID:481843035351810049 移动方向: -0.1384211 , 0 , -0.99037343
2025-11-26 21:01:36.9554 (StateSyncRequestHandler.cs:18) 玩家ID:481843035351810049 移动到新位置: -1.7116889 , 0 , -1.0694643
2025-11-26 21:01:37.0525 (StateSyncRequestHandler.cs:18) 玩家ID:481843035351810049 移动方向: -0.9582675 , 0 , -0.28587306
2025-11-26 21:01:37.0525 (StateSyncRequestHandler.cs:18) 玩家ID:481843035351810049 移动到新位置: -1.9033424 , 0 , -1.1266389
2025-11-26 21:01:37.1520 (StateSyncRequestHandler.cs:18) 玩家ID:481843035351810049 移动方向: -0.9820126 , 0 , 0.18881497
2025-11-26 21:01:37.1520 (StateSyncRequestHandler.cs:18) 玩家ID:481843035351810049 移动到新位置: -2.0997448 , 0 , -1.0888759
2025-11-26 21:01:37.2526 (StateSyncRequestHandler.cs:18) 玩家ID:481843035351810049 移动方向: -0.7748566 , 0 , 0.6321371
2025-11-26 21:01:37.2526 (StateSyncRequestHandler.cs:18) 玩家ID:481843035351810049 移动到新位置: -2.2547162 , 0 , -0.9624485
2025-11-26 21:01:37.3490 (StateSyncRequestHandler.cs:18) 玩家ID:481843035351810049 移动方向: -0.54414415 , 0 , 0.83899176
2025-11-26 21:01:37.3490 (StateSyncRequestHandler.cs:18) 玩家ID:481843035351810049 移动到新位置: -2.363545 , 0 , -0.79465014
2025-11-26 21:01:37.4577 (StateSyncRequestHandler.cs:18) 玩家ID:481843035351810049 移动方向: -0.41282475 , 0 , 0.9108104
2025-11-26 21:01:37.4577 (StateSyncRequestHandler.cs:18) 玩家ID:481843035351810049 移动到新位置: -2.4461098 , 0 , -0.61248803
2025-11-26 21:01:37.5549 (StateSyncRequestHandler.cs:18) 玩家ID:481843035351810049 移动方向: -0.36537644 , 0 , 0.9308598
2025-11-26 21:01:37.5549 (StateSyncRequestHandler.cs:18) 玩家ID:481843035351810049 移动到新位置: -2.519185 , 0 , -0.42631608
2025-11-26 21:01:37.6499 (StateSyncRequestHandler.cs:18) 玩家ID:481843035351810049 移动方向: -0.34990948 , 0 , 0.93678343
2025-11-26 21:01:37.6499 (StateSyncRequestHandler.cs:18) 玩家ID:481843035351810049 移动到新位置: -2.5891669 , 0 , -0.2389594
2025-11-26 21:01:37.7609 (StateSyncRequestHandler.cs:18) 玩家ID:481843035351810049 移动方向: -0.34670693 , 0 , 0.93797356
2025-11-26 21:01:37.7609 (StateSyncRequestHandler.cs:18) 玩家ID:481843035351810049 移动到新位置: -2.6585083 , 0 , -0.05136469
2025-11-26 21:01:37.8490 (StateSyncRequestHandler.cs:18) 玩家ID:481843035351810049 移动方向: -0.9361823 , 0 , 0.3515147
2025-11-26 21:01:37.8490 (StateSyncRequestHandler.cs:18) 玩家ID:481843035351810049 移动到新位置: -2.8457448 , 0 , 0.01893825
2025-11-26 21:01:37.9546 (StateSyncRequestHandler.cs:18) 玩家ID:481843035351810049 移动方向: -0.9999066 , 0 , 0.013663355
2025-11-26 21:01:37.9546 (StateSyncRequestHandler.cs:18) 玩家ID:481843035351810049 移动到新位置: -3.045726 , 0 , 0.021670923
2025-11-26 21:01:38.0528 (StateSyncRequestHandler.cs:18) 玩家ID:481843035351810049 移动方向: -0.8931806 , 0 , -0.4496981
2025-11-26 21:01:38.0528 (StateSyncRequestHandler.cs:18) 玩家ID:481843035351810049 移动到新位置: -3.2243621 , 0 , -0.068268694
2025-11-26 21:01:38.1478 (StateSyncRequestHandler.cs:18) 玩家ID:481843035351810049 移动方向: -0.63137937 , 0 , -0.7754741
2025-11-26 21:01:38.1478 (StateSyncRequestHandler.cs:18) 玩家ID:481843035351810049 移动到新位置: -3.350638 , 0 , -0.22336352
2025-11-26 21:01:38.2513 (StateSyncRequestHandler.cs:18) 玩家ID:481843035351810049 移动方向: -0.33318138 , 0 , -0.94286275
2025-11-26 21:01:38.2513 (StateSyncRequestHandler.cs:18) 玩家ID:481843035351810049 移动到新位置: -3.4172742 , 0 , -0.41193604
2025-11-26 21:01:38.3450 (StateSyncRequestHandler.cs:18) 玩家ID:481843035351810049 移动方向: -0.08243883 , 0 , -0.9965961
2025-11-26 21:01:38.3450 (StateSyncRequestHandler.cs:18) 玩家ID:481843035351810049 移动到新位置: -3.433762 , 0 , -0.6112553
2025-11-26 21:01:38.4556 (StateSyncRequestHandler.cs:18) 玩家ID:481843035351810049 移动方向: 0.061290827 , 0 , -0.99811995
2025-11-26 21:01:38.4556 (StateSyncRequestHandler.cs:18) 玩家ID:481843035351810049 移动到新位置: -3.421504 , 0 , -0.8108793
2025-11-26 21:01:38.5543 (StateSyncRequestHandler.cs:18) 玩家ID:481843035351810049 移动方向: 0.06934381 , 0 , -0.9975928
2025-11-26 21:01:38.5543 (StateSyncRequestHandler.cs:18) 玩家ID:481843035351810049 移动到新位置: -3.4076352 , 0 , -1.0103979
2025-11-26 21:01:38.6529 (StateSyncRequestHandler.cs:18) 玩家ID:481843035351810049 移动方向: -0.118803166 , 0 , -0.99291784
2025-11-26 21:01:38.6529 (StateSyncRequestHandler.cs:18) 玩家ID:481843035351810049 移动到新位置: -3.4313958 , 0 , -1.2089815
2025-11-26 21:01:38.7467 (StateSyncRequestHandler.cs:18) 玩家ID:481843035351810049 移动方向: -0.46824545 , 0 , -0.8835984
2025-11-26 21:01:38.7467 (StateSyncRequestHandler.cs:18) 玩家ID:481843035351810049 移动到新位置: -3.525045 , 0 , -1.3857012
2025-11-26 21:01:38.8492 (StateSyncRequestHandler.cs:18) 玩家ID:481843035351810049 移动方向: -0.8433993 , 0 , -0.53728735
2025-11-26 21:01:38.8492 (StateSyncRequestHandler.cs:18) 玩家ID:481843035351810049 移动到新位置: -3.6937249 , 0 , -1.4931587
2025-11-26 21:01:38.9489 (StateSyncRequestHandler.cs:18) 玩家ID:481843035351810049 移动方向: -0.9976515 , 0 , -0.06849362
2025-11-26 21:01:38.9489 (StateSyncRequestHandler.cs:18) 玩家ID:481843035351810049 移动到新位置: -3.8932552 , 0 , -1.5068574
2025-11-26 21:01:39.0464 (StateSyncRequestHandler.cs:18) 玩家ID:481843035351810049 移动方向: -0.9218969 , 0 , 0.38743544
2025-11-26 21:01:39.0464 (StateSyncRequestHandler.cs:18) 玩家ID:481843035351810049 移动到新位置: -4.077635 , 0 , -1.4293703
2025-11-26 21:01:39.1532 (StateSyncRequestHandler.cs:18) 玩家ID:481843035351810049 移动方向: -0.67641664 , 0 , 0.7365192
2025-11-26 21:01:39.1532 (StateSyncRequestHandler.cs:18) 玩家ID:481843035351810049 移动到新位置: -4.2129183 , 0 , -1.2820665
2025-11-26 21:01:39.2454 (StateSyncRequestHandler.cs:18) 玩家ID:481843035351810049 移动方向: -0.44893715 , 0 , 0.89356333
2025-11-26 21:01:39.2454 (StateSyncRequestHandler.cs:18) 玩家ID:481843035351810049 移动到新位置: -4.302706 , 0 , -1.1033537
2025-11-26 21:01:39.3544 (StateSyncRequestHandler.cs:18) 玩家ID:481843035351810049 移动方向: -0.31941733 , 0 , 0.94761413
2025-11-26 21:01:39.3544 (StateSyncRequestHandler.cs:18) 玩家ID:481843035351810049 移动到新位置: -4.366589 , 0 , -0.91383094
2025-11-26 21:01:39.4554 (StateSyncRequestHandler.cs:18) 玩家ID:481843035351810049 移动方向: -0.37287602 , 0 , 0.9278812
2025-11-26 21:01:39.4554 (StateSyncRequestHandler.cs:18) 玩家ID:481843035351810049 移动到新位置: -4.4411645 , 0 , -0.7282547
2025-11-26 21:01:39.5484 (StateSyncRequestHandler.cs:18) 玩家ID:481843035351810049 移动方向: -0.5336881 , 0 , 0.84568137
2025-11-26 21:01:39.5484 (StateSyncRequestHandler.cs:18) 玩家ID:481843035351810049 移动到新位置: -4.547902 , 0 , -0.5591184
2025-11-26 21:01:39.6543 (StateSyncRequestHandler.cs:18) 玩家ID:481843035351810049 移动方向: -0.7299766 , 0 , 0.6834721
2025-11-26 21:01:39.6543 (StateSyncRequestHandler.cs:18) 玩家ID:481843035351810049 移动到新位置: -4.6938972 , 0 , -0.42242396
2025-11-26 21:01:39.7501 (StateSyncRequestHandler.cs:18) 玩家ID:481843035351810049 移动方向: -0.89426523 , 0 , 0.44753736
2025-11-26 21:01:39.7501 (StateSyncRequestHandler.cs:18) 玩家ID:481843035351810049 移动到新位置: -4.8727503 , 0 , -0.3329165
2025-11-26 21:01:39.8481 (StateSyncRequestHandler.cs:18) 玩家ID:481843035351810049 移动方向: -0.787546 , 0 , -0.61625594
2025-11-26 21:01:39.8481 (StateSyncRequestHandler.cs:18) 玩家ID:481843035351810049 移动到新位置: -5.0302596 , 0 , -0.4561677
2025-11-26 21:01:39.9624 (StateSyncRequestHandler.cs:18) 玩家ID:481843035351810049 移动方向: 0.114735655 , 0 , -0.99339604
2025-11-26 21:01:39.9624 (StateSyncRequestHandler.cs:18) 玩家ID:481843035351810049 移动到新位置: -5.0073123 , 0 , -0.6548469
2025-11-26 21:01:40.0508 (StateSyncRequestHandler.cs:18) 玩家ID:481843035351810049 移动方向: 0.13087617 , 0 , -0.99139875
2025-11-26 21:01:40.0508 (StateSyncRequestHandler.cs:18) 玩家ID:481843035351810049 移动到新位置: -4.9811373 , 0 , -0.85312665
2025-11-26 21:01:40.1476 (StateSyncRequestHandler.cs:18) 玩家ID:481843035351810049 移动方向: 0.992936 , 0 , -0.118651144
2025-11-26 21:01:40.1476 (StateSyncRequestHandler.cs:18) 玩家ID:481843035351810049 移动到新位置: -4.78255 , 0 , -0.87685686
2025-11-26 21:01:40.2522 (StateSyncRequestHandler.cs:18) 玩家ID:481843035351810049 移动方向: 0.8450782 , 0 , -0.5346428
2025-11-26 21:01:40.2522 (StateSyncRequestHandler.cs:18) 玩家ID:481843035351810049 移动到新位置: -4.613534 , 0 , -0.98378545
2025-11-26 21:01:40.3443 (StateSyncRequestHandler.cs:18) 玩家ID:481843035351810049 移动方向: 0.53199583 , 0 , -0.8467469
2025-11-26 21:01:40.3443 (StateSyncRequestHandler.cs:18) 玩家ID:481843035351810049 移动到新位置: -4.507135 , 0 , -1.1531348
2025-11-26 21:01:40.4464 (StateSyncRequestHandler.cs:18) 玩家ID:481843035351810049 移动方向: 0.23375547 , 0 , -0.9722954
2025-11-26 21:01:40.4464 (StateSyncRequestHandler.cs:18) 玩家ID:481843035351810049 移动到新位置: -4.460384 , 0 , -1.3475939
2025-11-26 21:01:40.5482 (StateSyncRequestHandler.cs:18) 玩家ID:481843035351810049 移动方向: 0.06143592 , 0 , -0.998111
2025-11-26 21:01:40.5482 (StateSyncRequestHandler.cs:18) 玩家ID:481843035351810049 移动到新位置: -4.4480968 , 0 , -1.547216
2025-11-26 21:01:40.6462 (StateSyncRequestHandler.cs:18) 玩家ID:481843035351810049 移动方向: -0.08383074 , 0 , -0.99648
2025-11-26 21:01:40.6462 (StateSyncRequestHandler.cs:18) 玩家ID:481843035351810049 移动到新位置: -4.464863 , 0 , -1.746512
2025-11-26 21:01:40.7537 (StateSyncRequestHandler.cs:18) 玩家ID:481843035351810049 移动方向: -0.24119101 , 0 , -0.97047764
2025-11-26 21:01:40.7537 (StateSyncRequestHandler.cs:18) 玩家ID:481843035351810049 移动到新位置: -4.513101 , 0 , -1.9406075
2025-11-26 21:01:40.8483 (StateSyncRequestHandler.cs:18) 玩家ID:481843035351810049 移动方向: -0.3916894 , 0 , -0.92009753
2025-11-26 21:01:40.8483 (StateSyncRequestHandler.cs:18) 玩家ID:481843035351810049 移动到新位置: -4.591439 , 0 , -2.124627
2025-11-26 21:01:40.9491 (StateSyncRequestHandler.cs:18) 玩家ID:481843035351810049 移动方向: -0.982517 , 0 , -0.18617272
2025-11-26 21:01:40.9491 (StateSyncRequestHandler.cs:18) 玩家ID:481843035351810049 移动到新位置: -4.787942 , 0 , -2.1618617
2025-11-26 21:01:41.0463 (StateSyncRequestHandler.cs:18) 玩家ID:481843035351810049 移动方向: -0.9997264 , 0 , -0.023390055
2025-11-26 21:01:41.0463 (StateSyncRequestHandler.cs:18) 玩家ID:481843035351810049 移动到新位置: -4.9878874 , 0 , -2.1665397
2025-11-26 21:01:41.1507 (StateSyncRequestHandler.cs:18) 玩家ID:481843035351810049 移动方向: -0.9948878 , 0 , 0.10098624
2025-11-26 21:01:41.1507 (StateSyncRequestHandler.cs:18) 玩家ID:481843035351810049 移动到新位置: -5.186865 , 0 , -2.1463425
2025-11-26 21:01:41.2517 (StateSyncRequestHandler.cs:18) 玩家ID:481843035351810049 移动方向: -0.5918007 , 0 , 0.8060844
2025-11-26 21:01:41.2517 (StateSyncRequestHandler.cs:18) 玩家ID:481843035351810049 移动到新位置: -5.305225 , 0 , -1.9851257
2025-11-26 21:01:41.3507 (StateSyncRequestHandler.cs:18) 玩家ID:481843035351810049 移动方向: -0.57653266 , 0 , 0.8170741
2025-11-26 21:01:41.3507 (StateSyncRequestHandler.cs:18) 玩家ID:481843035351810049 移动到新位置: -5.4205313 , 0 , -1.8217108
2025-11-26 21:01:41.4548 (StateSyncRequestHandler.cs:18) 玩家ID:481843035351810049 移动方向: -0.57101125 , 0 , 0.8209423
2025-11-26 21:01:41.4548 (StateSyncRequestHandler.cs:18) 玩家ID:481843035351810049 移动到新位置: -5.5347333 , 0 , -1.6575224
2025-11-26 21:01:41.5457 (StateSyncRequestHandler.cs:18) 玩家ID:481843035351810049 移动方向: -0.9839109 , 0 , 0.1786597
2025-11-26 21:01:41.5457 (StateSyncRequestHandler.cs:18) 玩家ID:481843035351810049 移动到新位置: -5.7315154 , 0 , -1.6217905
2025-11-26 21:01:41.6457 (StateSyncRequestHandler.cs:18) 玩家ID:481843035351810049 移动方向: -0.8224651 , 0 , -0.56881547
2025-11-26 21:01:41.6457 (StateSyncRequestHandler.cs:18) 玩家ID:481843035351810049 移动到新位置: -5.8960085 , 0 , -1.7355536
2025-11-26 21:01:41.7510 (StateSyncRequestHandler.cs:18) 玩家ID:481843035351810049 移动方向: -0.8225923 , 0 , -0.5686316
2025-11-26 21:01:41.7510 (StateSyncRequestHandler.cs:18) 玩家ID:481843035351810049 移动到新位置: -6.060527 , 0 , -1.8492799
2025-11-26 21:01:41.8504 (StateSyncRequestHandler.cs:18) 玩家ID:481843035351810049 移动方向: -0.8226267 , 0 , -0.56858176
2025-11-26 21:01:41.8504 (StateSyncRequestHandler.cs:18) 玩家ID:481843035351810049 移动到新位置: -6.2250524 , 0 , -1.9629962
2025-11-26 21:01:41.9481 (StateSyncRequestHandler.cs:18) 玩家ID:481843035351810049 移动方向: -0.82263625 , 0 , -0.56856805
2025-11-26 21:01:41.9481 (StateSyncRequestHandler.cs:18) 玩家ID:481843035351810049 移动到新位置: -6.38958 , 0 , -2.0767097
2025-11-26 21:01:42.0503 (StateSyncRequestHandler.cs:18) 玩家ID:481843035351810049 移动方向: -0.8226401 , 0 , -0.56856245
2025-11-26 21:01:42.0503 (StateSyncRequestHandler.cs:18) 玩家ID:481843035351810049 移动到新位置: -6.5541077 , 0 , -2.1904223
2025-11-26 21:01:42.1510 (StateSyncRequestHandler.cs:18) 玩家ID:481843035351810049 移动方向: -0.82264036 , 0 , -0.56856203
2025-11-26 21:01:42.1510 (StateSyncRequestHandler.cs:18) 玩家ID:481843035351810049 移动到新位置: -6.7186356 , 0 , -2.3041346
2025-11-26 21:01:42.2482 (StateSyncRequestHandler.cs:18) 玩家ID:481843035351810049 移动方向: -0.821142 , 0 , -0.5707239
2025-11-26 21:01:42.2482 (StateSyncRequestHandler.cs:18) 玩家ID:481843035351810049 移动到新位置: -6.882864 , 0 , -2.4182794
2025-11-26 21:01:42.3482 (StateSyncRequestHandler.cs:18) 玩家ID:481843035351810049 移动方向: -0.8148722 , 0 , -0.5796407
2025-11-26 21:01:42.3482 (StateSyncRequestHandler.cs:18) 玩家ID:481843035351810049 移动到新位置: -7.0458384 , 0 , -2.5342076
2025-11-26 21:01:42.4523 (StateSyncRequestHandler.cs:18) 玩家ID:481843035351810049 移动方向: -0.80948985 , 0 , -0.5871338
2025-11-26 21:01:42.4523 (StateSyncRequestHandler.cs:18) 玩家ID:481843035351810049 移动到新位置: -7.2077365 , 0 , -2.6516345
2025-11-26 21:01:42.5472 (StateSyncRequestHandler.cs:18) 玩家ID:481843035351810049 移动方向: -0.8053118 , 0 , -0.59285146
2025-11-26 21:01:42.5472 (StateSyncRequestHandler.cs:18) 玩家ID:481843035351810049 移动到新位置: -7.3687987 , 0 , -2.7702048
2025-11-26 21:01:42.6479 (StateSyncRequestHandler.cs:18) 玩家ID:481843035351810049 移动方向: -0.80319047 , 0 , -0.5957223
2025-11-26 21:01:42.6479 (StateSyncRequestHandler.cs:18) 玩家ID:481843035351810049 移动到新位置: -7.529437 , 0 , -2.8893492
2025-11-26 21:01:42.7502 (StateSyncRequestHandler.cs:18) 玩家ID:481843035351810049 移动方向: -0.14540735 , 0 , -0.9893718
2025-11-26 21:01:42.7502 (StateSyncRequestHandler.cs:18) 玩家ID:481843035351810049 移动到新位置: -7.5585184 , 0 , -3.0872235
2025-11-26 21:01:42.8509 (StateSyncRequestHandler.cs:18) 玩家ID:481843035351810049 移动方向: -0.14450943 , 0 , -0.9895034
2025-11-26 21:01:42.8509 (StateSyncRequestHandler.cs:18) 玩家ID:481843035351810049 移动到新位置: -7.5874205 , 0 , -3.2851243
2025-11-26 21:01:42.9527 (StateSyncRequestHandler.cs:18) 玩家ID:481843035351810049 移动方向: -0.13769755 , 0 , -0.99047434
2025-11-26 21:01:42.9527 (StateSyncRequestHandler.cs:18) 玩家ID:481843035351810049 移动到新位置: -7.61496 , 0 , -3.4832191
2025-11-26 21:01:43.0509 (StateSyncRequestHandler.cs:18) 玩家ID:481843035351810049 移动方向: -0.79464227 , 0 , -0.6070779
2025-11-26 21:01:43.0509 (StateSyncRequestHandler.cs:18) 玩家ID:481843035351810049 移动到新位置: -7.7738886 , 0 , -3.6046348
2025-11-26 21:01:43.1544 (StateSyncRequestHandler.cs:18) 玩家ID:481843035351810049 移动方向: -0.99145997 , 0 , 0.13041154
2025-11-26 21:01:43.1544 (StateSyncRequestHandler.cs:18) 玩家ID:481843035351810049 移动到新位置: -7.9721804 , 0 , -3.5785525
2025-11-26 21:01:43.2481 (StateSyncRequestHandler.cs:18) 玩家ID:481843035351810049 移动方向: -0.9933606 , 0 , 0.11504257
2025-11-26 21:01:43.2481 (StateSyncRequestHandler.cs:18) 玩家ID:481843035351810049 移动到新位置: -8.170853 , 0 , -3.555544
2025-11-26 21:01:43.3557 (StateSyncRequestHandler.cs:18) 玩家ID:481843035351810049 移动方向: -0.7988671 , 0 , 0.60150754
2025-11-26 21:01:43.3557 (StateSyncRequestHandler.cs:18) 玩家ID:481843035351810049 移动到新位置: -8.3306265 , 0 , -3.4352424
2025-11-26 21:01:43.4570 (StateSyncRequestHandler.cs:18) 玩家ID:481843035351810049 移动方向: -0.99854684 , 0 , 0.053890515
2025-11-26 21:01:43.4570 (StateSyncRequestHandler.cs:18) 玩家ID:481843035351810049 移动到新位置: -8.530335 , 0 , -3.4244642
2025-11-26 21:01:43.5511 (StateSyncRequestHandler.cs:18) 玩家ID:481843035351810049 移动方向: -0.44558328 , 0 , 0.8952405
2025-11-26 21:01:43.5511 (StateSyncRequestHandler.cs:18) 玩家ID:481843035351810049 移动到新位置: -8.619452 , 0 , -3.2454162
2025-11-26 21:01:43.6514 (StateSyncRequestHandler.cs:18) 玩家ID:481843035351810049 移动方向: -0.65532565 , 0 , 0.7553465
2025-11-26 21:01:43.6514 (StateSyncRequestHandler.cs:18) 玩家ID:481843035351810049 移动到新位置: -8.750518 , 0 , -3.0943468
2025-11-26 21:01:43.7506 (StateSyncRequestHandler.cs:18) 玩家ID:481843035351810049 移动方向: -0.7311104 , 0 , 0.6822592
2025-11-26 21:01:43.7506 (StateSyncRequestHandler.cs:18) 玩家ID:481843035351810049 移动到新位置: -8.89674 , 0 , -2.9578948
2025-11-26 21:01:43.8460 (StateSyncRequestHandler.cs:18) 玩家ID:481843035351810049 移动方向: -0.75941944 , 0 , 0.65060127
2025-11-26 21:01:43.8460 (StateSyncRequestHandler.cs:18) 玩家ID:481843035351810049 移动到新位置: -9.048624 , 0 , -2.8277745
2025-11-26 21:01:43.9500 (StateSyncRequestHandler.cs:18) 玩家ID:481843035351810049 移动方向: -0.77038145 , 0 , 0.6375832
2025-11-26 21:01:43.9500 (StateSyncRequestHandler.cs:18) 玩家ID:481843035351810049 移动到新位置: -9.202701 , 0 , -2.7002578
2025-11-26 21:01:44.0455 (StateSyncRequestHandler.cs:18) 玩家ID:481843035351810049 移动方向: -0.773768 , 0 , 0.6334691
2025-11-26 21:01:44.0455 (StateSyncRequestHandler.cs:18) 玩家ID:481843035351810049 移动到新位置: -9.357454 , 0 , -2.573564
2025-11-26 21:01:44.1497 (StateSyncRequestHandler.cs:18) 玩家ID:481843035351810049 移动方向: -0.7749573 , 0 , 0.63201356
2025-11-26 21:01:44.1497 (StateSyncRequestHandler.cs:18) 玩家ID:481843035351810049 移动到新位置: -9.512445 , 0 , -2.4471614
2025-11-26 21:01:44.2454 (StateSyncRequestHandler.cs:18) 玩家ID:481843035351810049 移动方向: -0.9964875 , 0 , -0.08374134
2025-11-26 21:01:44.2454 (StateSyncRequestHandler.cs:18) 玩家ID:481843035351810049 移动到新位置: -9.711743 , 0 , -2.4639096
2025-11-26 21:01:44.3494 (StateSyncRequestHandler.cs:18) 玩家ID:481843035351810049 移动方向: -0.7595927 , 0 , -0.6503991
2025-11-26 21:01:44.3494 (StateSyncRequestHandler.cs:18) 玩家ID:481843035351810049 移动到新位置: -9.863662 , 0 , -2.5939894
2025-11-26 21:01:44.4481 (StateSyncRequestHandler.cs:18) 玩家ID:481843035351810049 移动方向: -0.91230744 , 0 , -0.40950602
2025-11-26 21:01:44.4481 (StateSyncRequestHandler.cs:18) 玩家ID:481843035351810049 移动到新位置: -10.0461235 , 0 , -2.6758907
2025-11-26 21:01:44.5464 (StateSyncRequestHandler.cs:18) 玩家ID:481843035351810049 移动方向: -0.9883105 , 0 , -0.15245438
2025-11-26 21:01:44.5464 (StateSyncRequestHandler.cs:18) 玩家ID:481843035351810049 移动到新位置: -10.243786 , 0 , -2.7063816
2025-11-26 21:01:44.6540 (StateSyncRequestHandler.cs:18) 玩家ID:481843035351810049 移动方向: -0.99649835 , 0 , 0.08361264
2025-11-26 21:01:44.6540 (StateSyncRequestHandler.cs:18) 玩家ID:481843035351810049 移动到新位置: -10.443086 , 0 , -2.689659
2025-11-26 21:01:44.7455 (StateSyncRequestHandler.cs:18) 玩家ID:481843035351810049 移动方向: -0.9835675 , 0 , 0.18054092
2025-11-26 21:01:44.7455 (StateSyncRequestHandler.cs:18) 玩家ID:481843035351810049 移动到新位置: -10.639799 , 0 , -2.6535509
2025-11-26 21:01:44.8509 (StateSyncRequestHandler.cs:18) 玩家ID:481843035351810049 移动方向: -0.5299869 , 0 , 0.84800583
2025-11-26 21:01:44.8509 (StateSyncRequestHandler.cs:18) 玩家ID:481843035351810049 移动到新位置: -10.745796 , 0 , -2.4839497
2025-11-26 21:01:44.9478 (StateSyncRequestHandler.cs:18) 玩家ID:481843035351810049 移动方向: -0.5183035 , 0 , 0.8551967
2025-11-26 21:01:44.9478 (StateSyncRequestHandler.cs:18) 玩家ID:481843035351810049 移动到新位置: -10.849457 , 0 , -2.3129103
2025-11-26 21:01:45.0479 (StateSyncRequestHandler.cs:18) 玩家ID:481843035351810049 移动方向: -0.5143069 , 0 , 0.8576062
2025-11-26 21:01:45.0479 (StateSyncRequestHandler.cs:18) 玩家ID:481843035351810049 移动到新位置: -10.952318 , 0 , -2.1413891
2025-11-26 21:01:45.1533 (StateSyncRequestHandler.cs:18) 玩家ID:481843035351810049 移动方向: -0.51294976 , 0 , 0.8584186
2025-11-26 21:01:45.1533 (StateSyncRequestHandler.cs:18) 玩家ID:481843035351810049 移动到新位置: -11.054908 , 0 , -1.9697055
2025-11-26 21:01:45.2544 (StateSyncRequestHandler.cs:18) 玩家ID:481843035351810049 移动方向: 0.24470454 , 0 , 0.9695977
2025-11-26 21:01:45.2544 (StateSyncRequestHandler.cs:18) 玩家ID:481843035351810049 移动到新位置: -11.005967 , 0 , -1.7757859
2025-11-26 21:01:45.3505 (StateSyncRequestHandler.cs:18) 玩家ID:481843035351810049 移动方向: 0.24482615 , 0 , 0.96956694
2025-11-26 21:01:45.3505 (StateSyncRequestHandler.cs:18) 玩家ID:481843035351810049 移动到新位置: -10.957002 , 0 , -1.5818725
2025-11-26 21:01:45.4554 (StateSyncRequestHandler.cs:18) 玩家ID:481843035351810049 移动方向: 0.24486825 , 0 , 0.9695564
2025-11-26 21:01:45.4554 (StateSyncRequestHandler.cs:18) 玩家ID:481843035351810049 移动到新位置: -10.908028 , 0 , -1.3879611
2025-11-26 21:01:45.5465 (StateSyncRequestHandler.cs:18) 玩家ID:481843035351810049 移动方向: -0.9695538 , 0 , 0.24487838
2025-11-26 21:01:45.5465 (StateSyncRequestHandler.cs:18) 玩家ID:481843035351810049 移动到新位置: -11.101938 , 0 , -1.3389854
2025-11-26 21:01:45.6537 (StateSyncRequestHandler.cs:18) 玩家ID:481843035351810049 移动方向: -0.9695529 , 0 , 0.24488209
2025-11-26 21:01:45.6537 (StateSyncRequestHandler.cs:18) 玩家ID:481843035351810049 移动到新位置: -11.295849 , 0 , -1.290009
2025-11-26 21:01:45.7443 (StateSyncRequestHandler.cs:18) 玩家ID:481843035351810049 移动方向: -0.8587814 , 0 , -0.5123423
2025-11-26 21:01:45.7443 (StateSyncRequestHandler.cs:18) 玩家ID:481843035351810049 移动到新位置: -11.467606 , 0 , -1.3924775
2025-11-26 21:01:45.8486 (StateSyncRequestHandler.cs:18) 玩家ID:481843035351810049 移动方向: -0.86145276 , 0 , -0.50783765
2025-11-26 21:01:45.8486 (StateSyncRequestHandler.cs:18) 玩家ID:481843035351810049 移动到新位置: -11.639896 , 0 , -1.494045
2025-11-26 21:01:45.9514 (StateSyncRequestHandler.cs:18) 玩家ID:481843035351810049 移动方向: -0.2536814 , 0 , -0.96728784
2025-11-26 21:01:45.9514 (StateSyncRequestHandler.cs:18) 玩家ID:481843035351810049 移动到新位置: -11.690633 , 0 , -1.6875026
2025-11-26 21:01:46.0521 (StateSyncRequestHandler.cs:18) 玩家ID:481843035351810049 移动方向: -0.2554083 , 0 , -0.9668333
2025-11-26 21:01:46.0521 (StateSyncRequestHandler.cs:18) 玩家ID:481843035351810049 移动到新位置: -11.7417145 , 0 , -1.8808693
2025-11-26 21:01:46.1499 (StateSyncRequestHandler.cs:18) 玩家ID:481843035351810049 移动方向: -0.2559933 , 0 , -0.9666785
2025-11-26 21:01:46.1499 (StateSyncRequestHandler.cs:18) 玩家ID:481843035351810049 移动到新位置: -11.792913 , 0 , -2.074205
2025-11-26 21:01:46.2469 (StateSyncRequestHandler.cs:18) 玩家ID:481843035351810049 移动方向: -0.25619102 , 0 , -0.9666262
2025-11-26 21:01:46.2469 (StateSyncRequestHandler.cs:18) 玩家ID:481843035351810049 移动到新位置: -11.8441515 , 0 , -2.2675302
2025-11-26 21:01:46.3468 (StateSyncRequestHandler.cs:18) 玩家ID:481843035351810049 移动方向: -0.8646971 , 0 , -0.5022937
2025-11-26 21:01:46.3468 (StateSyncRequestHandler.cs:18) 玩家ID:481843035351810049 移动到新位置: -12.017091 , 0 , -2.367989
2025-11-26 21:01:46.4496 (StateSyncRequestHandler.cs:18) 玩家ID:481843035351810049 移动方向: -0.96660274 , 0 , 0.25627953
2025-11-26 21:01:46.4496 (StateSyncRequestHandler.cs:18) 玩家ID:481843035351810049 移动到新位置: -12.210411 , 0 , -2.3167331
2025-11-26 21:01:46.5517 (StateSyncRequestHandler.cs:18) 玩家ID:481843035351810049 移动方向: -0.9666009 , 0 , 0.25628647
2025-11-26 21:01:46.5517 (StateSyncRequestHandler.cs:18) 玩家ID:481843035351810049 移动到新位置: -12.403731 , 0 , -2.2654757
2025-11-26 21:01:46.6543 (StateSyncRequestHandler.cs:18) 玩家ID:481843035351810049 移动方向: -0.96660066 , 0 , 0.25628734
2025-11-26 21:01:46.6543 (StateSyncRequestHandler.cs:18) 玩家ID:481843035351810049 移动到新位置: -12.597052 , 0 , -2.2142184
2025-11-26 21:01:46.7452 (StateSyncRequestHandler.cs:18) 玩家ID:481843035351810049 移动方向: -0.96660066 , 0 , 0.25628734
2025-11-26 21:01:46.7452 (StateSyncRequestHandler.cs:18) 玩家ID:481843035351810049 移动到新位置: -12.790372 , 0 , -2.162961
2025-11-26 21:01:46.8476 (StateSyncRequestHandler.cs:18) 玩家ID:481843035351810049 移动方向: -0.96660066 , 0 , 0.25628734
2025-11-26 21:01:46.8476 (StateSyncRequestHandler.cs:18) 玩家ID:481843035351810049 移动到新位置: -12.983692 , 0 , -2.1117036
2025-11-26 21:01:46.9556 (StateSyncRequestHandler.cs:18) 玩家ID:481843035351810049 移动方向: -0.96531504 , 0 , 0.26108778
2025-11-26 21:01:46.9556 (StateSyncRequestHandler.cs:18) 玩家ID:481843035351810049 移动到新位置: -13.176755 , 0 , -2.0594862
2025-11-26 21:01:47.0482 (StateSyncRequestHandler.cs:18) 玩家ID:481843035351810049 移动方向: -0.4566407 , 0 , 0.8896512
2025-11-26 21:01:47.0482 (StateSyncRequestHandler.cs:18) 玩家ID:481843035351810049 移动到新位置: -13.268083 , 0 , -1.8815559
2025-11-26 21:01:47.1530 (StateSyncRequestHandler.cs:18) 玩家ID:481843035351810049 移动方向: -0.33430788 , 0 , 0.9424639
2025-11-26 21:01:47.1530 (StateSyncRequestHandler.cs:18) 玩家ID:481843035351810049 移动到新位置: -13.334944 , 0 , -1.6930631
2025-11-26 21:01:47.2481 (StateSyncRequestHandler.cs:18) 玩家ID:481843035351810049 移动方向: 0.6003614 , 0 , 0.7997288
2025-11-26 21:01:47.2481 (StateSyncRequestHandler.cs:18) 玩家ID:481843035351810049 移动到新位置: -13.214871 , 0 , -1.5331174
2025-11-26 21:01:47.3510 (StateSyncRequestHandler.cs:18) 玩家ID:481843035351810049 移动方向: 0.7716886 , 0 , 0.63600063
2025-11-26 21:01:47.3510 (StateSyncRequestHandler.cs:18) 玩家ID:481843035351810049 移动到新位置: -13.060534 , 0 , -1.4059173
2025-11-26 21:01:47.4469 (StateSyncRequestHandler.cs:18) 玩家ID:481843035351810049 移动方向: 0.8534979 , 0 , 0.5210962
2025-11-26 21:01:47.4469 (StateSyncRequestHandler.cs:18) 玩家ID:481843035351810049 移动到新位置: -12.889834 , 0 , -1.3016981
2025-11-26 21:01:47.5535 (StateSyncRequestHandler.cs:18) 玩家ID:481843035351810049 移动方向: 0.8875095 , 0 , 0.46078935
2025-11-26 21:01:47.5535 (StateSyncRequestHandler.cs:18) 玩家ID:481843035351810049 移动到新位置: -12.712333 , 0 , -1.2095402
2025-11-26 21:01:47.6550 (StateSyncRequestHandler.cs:18) 玩家ID:481843035351810049 移动方向: 0.8979727 , 0 , 0.44005117
2025-11-26 21:01:47.6550 (StateSyncRequestHandler.cs:18) 玩家ID:481843035351810049 移动到新位置: -12.532738 , 0 , -1.12153
2025-11-26 21:01:47.7489 (StateSyncRequestHandler.cs:18) 玩家ID:481843035351810049 移动方向: 0.9014626 , 0 , 0.43285686
2025-11-26 21:01:47.7489 (StateSyncRequestHandler.cs:18) 玩家ID:481843035351810049 移动到新位置: -12.352446 , 0 , -1.0349587
2025-11-26 21:01:47.8542 (StateSyncRequestHandler.cs:18) 玩家ID:481843035351810049 移动方向: 0.90263313 , 0 , 0.43041083
2025-11-26 21:01:47.8542 (StateSyncRequestHandler.cs:18) 玩家ID:481843035351810049 移动到新位置: -12.171919 , 0 , -0.94887656
2025-11-26 21:01:47.9517 (StateSyncRequestHandler.cs:18) 玩家ID:481843035351810049 移动方向: 0.9423212 , 0 , -0.33470973
2025-11-26 21:01:47.9517 (StateSyncRequestHandler.cs:18) 玩家ID:481843035351810049 移动到新位置: -11.983455 , 0 , -1.0158185
2025-11-26 21:01:48.0504 (StateSyncRequestHandler.cs:18) 玩家ID:481843035351810049 移动方向: 0.94223905 , 0 , -0.33494112
2025-11-26 21:01:48.0504 (StateSyncRequestHandler.cs:18) 玩家ID:481843035351810049 移动到新位置: -11.795007 , 0 , -1.0828067
2025-11-26 21:01:48.1513 (StateSyncRequestHandler.cs:18) 玩家ID:481843035351810049 移动方向: 0.94221383 , 0 , -0.3350121
2025-11-26 21:01:48.1513 (StateSyncRequestHandler.cs:18) 玩家ID:481843035351810049 移动到新位置: -11.606564 , 0 , -1.1498091
2025-11-26 21:01:48.2474 (StateSyncRequestHandler.cs:18) 玩家ID:481843035351810049 移动方向: 0.9422066 , 0 , -0.33503237
2025-11-26 21:01:48.2474 (StateSyncRequestHandler.cs:18) 玩家ID:481843035351810049 移动到新位置: -11.418122 , 0 , -1.2168156
2025-11-26 21:01:48.3537 (StateSyncRequestHandler.cs:18) 玩家ID:481843035351810049 移动方向: 0.94220424 , 0 , -0.3350391
2025-11-26 21:01:48.3537 (StateSyncRequestHandler.cs:18) 玩家ID:481843035351810049 移动到新位置: -11.229681 , 0 , -1.2838234
2025-11-26 21:01:48.4534 (StateSyncRequestHandler.cs:18) 玩家ID:481843035351810049 移动方向: 0.9422041 , 0 , -0.3350394
2025-11-26 21:01:48.4534 (StateSyncRequestHandler.cs:18) 玩家ID:481843035351810049 移动到新位置: -11.04124 , 0 , -1.3508313
2025-11-26 21:01:48.5466 (StateSyncRequestHandler.cs:18) 玩家ID:481843035351810049 移动方向: 0.9422041 , 0 , -0.3350394
2025-11-26 21:01:48.5466 (StateSyncRequestHandler.cs:18) 玩家ID:481843035351810049 移动到新位置: -10.852798 , 0 , -1.4178392
2025-11-26 21:01:48.6491 (StateSyncRequestHandler.cs:18) 玩家ID:481843035351810049 移动方向: 0.9422041 , 0 , -0.3350394
2025-11-26 21:01:48.6491 (StateSyncRequestHandler.cs:18) 玩家ID:481843035351810049 移动到新位置: -10.664357 , 0 , -1.4848471
2025-11-26 21:01:48.7468 (StateSyncRequestHandler.cs:18) 玩家ID:481843035351810049 移动方向: 0.9422041 , 0 , -0.3350394
2025-11-26 21:01:48.7468 (StateSyncRequestHandler.cs:18) 玩家ID:481843035351810049 移动到新位置: -10.475916 , 0 , -1.551855
2025-11-26 21:01:48.8557 (StateSyncRequestHandler.cs:18) 玩家ID:481843035351810049 移动方向: 0.9422041 , 0 , -0.3350394
2025-11-26 21:01:48.8557 (StateSyncRequestHandler.cs:18) 玩家ID:481843035351810049 移动到新位置: -10.287475 , 0 , -1.6188629
2025-11-26 21:01:48.9480 (StateSyncRequestHandler.cs:18) 玩家ID:481843035351810049 移动方向: 0.9422041 , 0 , -0.3350394
2025-11-26 21:01:48.9480 (StateSyncRequestHandler.cs:18) 玩家ID:481843035351810049 移动到新位置: -10.099033 , 0 , -1.6858708
2025-11-26 21:01:49.0509 (StateSyncRequestHandler.cs:18) 玩家ID:481843035351810049 移动方向: 0.9422041 , 0 , -0.3350394
2025-11-26 21:01:49.0509 (StateSyncRequestHandler.cs:18) 玩家ID:481843035351810049 移动到新位置: -9.910592 , 0 , -1.7528787
2025-11-26 21:01:49.1460 (StateSyncRequestHandler.cs:18) 玩家ID:481843035351810049 移动方向: 0.9422041 , 0 , -0.3350394
2025-11-26 21:01:49.1460 (StateSyncRequestHandler.cs:18) 玩家ID:481843035351810049 移动到新位置: -9.722151 , 0 , -1.8198866
2025-11-26 21:01:49.2497 (StateSyncRequestHandler.cs:18) 玩家ID:481843035351810049 移动方向: 0.9422041 , 0 , -0.3350394
2025-11-26 21:01:49.2497 (StateSyncRequestHandler.cs:18) 玩家ID:481843035351810049 移动到新位置: -9.53371 , 0 , -1.8868945
2025-11-26 21:01:49.3484 (StateSyncRequestHandler.cs:18) 玩家ID:481843035351810049 移动方向: 0.9422041 , 0 , -0.3350394
2025-11-26 21:01:49.3484 (StateSyncRequestHandler.cs:18) 玩家ID:481843035351810049 移动到新位置: -9.345268 , 0 , -1.9539024
2025-11-26 21:01:49.4555 (StateSyncRequestHandler.cs:18) 玩家ID:481843035351810049 移动方向: 0.9422041 , 0 , -0.3350394
2025-11-26 21:01:49.4555 (StateSyncRequestHandler.cs:18) 玩家ID:481843035351810049 移动到新位置: -9.156827 , 0 , -2.0209103
2025-11-26 21:01:49.5505 (StateSyncRequestHandler.cs:18) 玩家ID:481843035351810049 移动方向: 0.9421772 , 0 , -0.33511493
2025-11-26 21:01:49.5505 (StateSyncRequestHandler.cs:18) 玩家ID:481843035351810049 移动到新位置: -8.968391 , 0 , -2.0879333
2025-11-26 21:01:49.6478 (StateSyncRequestHandler.cs:18) 玩家ID:481843035351810049 移动方向: 0.9480641 , 0 , -0.31807932
2025-11-26 21:01:49.6478 (StateSyncRequestHandler.cs:18) 玩家ID:481843035351810049 移动到新位置: -8.778779 , 0 , -2.151549
2025-11-26 21:01:49.7471 (StateSyncRequestHandler.cs:18) 玩家ID:481843035351810049 移动方向: 0.9622786 , 0 , -0.27206567
2025-11-26 21:01:49.7471 (StateSyncRequestHandler.cs:18) 玩家ID:481843035351810049 移动到新位置: -8.586324 , 0 , -2.2059622
2025-11-26 21:01:49.8507 (StateSyncRequestHandler.cs:18) 玩家ID:481843035351810049 移动方向: 0.97503185 , 0 , -0.22206509
2025-11-26 21:01:49.8507 (StateSyncRequestHandler.cs:18) 玩家ID:481843035351810049 移动到新位置: -8.391317 , 0 , -2.2503753
2025-11-26 21:01:49.9552 (StateSyncRequestHandler.cs:18) 玩家ID:481843035351810049 移动方向: 0.9904103 , 0 , -0.1381571
2025-11-26 21:01:49.9552 (StateSyncRequestHandler.cs:18) 玩家ID:481843035351810049 移动到新位置: -8.193235 , 0 , -2.2780068
2025-11-26 21:01:50.0476 (StateSyncRequestHandler.cs:18) 玩家ID:481843035351810049 移动方向: 0.9994818 , 0 , -0.032190114
2025-11-26 21:01:50.0476 (StateSyncRequestHandler.cs:18) 玩家ID:481843035351810049 移动到新位置: -7.993339 , 0 , -2.2844448
2025-11-26 21:01:50.1443 (StateSyncRequestHandler.cs:18) 玩家ID:481843035351810049 移动方向: 0.9990426 , 0 , 0.043748617
2025-11-26 21:01:50.1443 (StateSyncRequestHandler.cs:18) 玩家ID:481843035351810049 移动到新位置: -7.7935305 , 0 , -2.275695
2025-11-26 21:01:50.2535 (StateSyncRequestHandler.cs:18) 玩家ID:481843035351810049 移动方向: 0.9943639 , 0 , 0.10602051
2025-11-26 21:01:50.2535 (StateSyncRequestHandler.cs:18) 玩家ID:481843035351810049 移动到新位置: -7.594658 , 0 , -2.254491
2025-11-26 21:01:50.3492 (StateSyncRequestHandler.cs:18) 玩家ID:481843035351810049 移动方向: 0.9850817 , 0 , 0.1720874
2025-11-26 21:01:50.3492 (StateSyncRequestHandler.cs:18) 玩家ID:481843035351810049 移动到新位置: -7.3976417 , 0 , -2.2200737
2025-11-26 21:01:50.4505 (StateSyncRequestHandler.cs:18) 玩家ID:481843035351810049 移动方向: 0.9736432 , 0 , 0.22807682
2025-11-26 21:01:50.4505 (StateSyncRequestHandler.cs:18) 玩家ID:481843035351810049 移动到新位置: -7.202913 , 0 , -2.1744583
2025-11-26 21:01:50.5506 (StateSyncRequestHandler.cs:18) 玩家ID:481843035351810049 移动方向: 0.9673418 , 0 , 0.25347537
2025-11-26 21:01:50.5506 (StateSyncRequestHandler.cs:18) 玩家ID:481843035351810049 移动到新位置: -7.009444 , 0 , -2.123763
2025-11-26 21:01:50.6554 (StateSyncRequestHandler.cs:18) 玩家ID:481843035351810049 移动方向: 0.9645212 , 0 , 0.26400512
2025-11-26 21:01:50.6554 (StateSyncRequestHandler.cs:18) 玩家ID:481843035351810049 移动到新位置: -6.81654 , 0 , -2.070962
2025-11-26 21:01:50.7488 (StateSyncRequestHandler.cs:18) 玩家ID:481843035351810049 移动方向: 0.96078277 , 0 , 0.27730203
2025-11-26 21:01:50.7488 (StateSyncRequestHandler.cs:18) 玩家ID:481843035351810049 移动到新位置: -6.624383 , 0 , -2.0155015
2025-11-26 21:01:50.8538 (StateSyncRequestHandler.cs:18) 玩家ID:481843035351810049 移动方向: 0.8816164 , 0 , -0.4719666
2025-11-26 21:01:50.8538 (StateSyncRequestHandler.cs:18) 玩家ID:481843035351810049 移动到新位置: -6.4480596 , 0 , -2.1098948
2025-11-26 21:01:50.9469 (StateSyncRequestHandler.cs:18) 玩家ID:481843035351810049 移动方向: 0.88471794 , 0 , -0.46612683
2025-11-26 21:01:50.9469 (StateSyncRequestHandler.cs:18) 玩家ID:481843035351810049 移动到新位置: -6.271116 , 0 , -2.2031202
2025-11-26 21:01:51.0551 (StateSyncRequestHandler.cs:18) 玩家ID:481843035351810049 移动方向: 0.9198721 , 0 , -0.39221844
2025-11-26 21:01:51.0551 (StateSyncRequestHandler.cs:18) 玩家ID:481843035351810049 移动到新位置: -6.0871415 , 0 , -2.281564
2025-11-26 21:01:51.1501 (StateSyncRequestHandler.cs:18) 玩家ID:481843035351810049 移动到新位置: -6.0871415 , 0 , -2.281564
2025-11-26 21:02:09.9513 (StateSyncRequestHandler.cs:18) 玩家ID:481843035351810049 移动方向: 0.29406902 , 0 , -0.95578414
2025-11-26 21:02:09.9513 (StateSyncRequestHandler.cs:18) 玩家ID:481843035351810049 移动到新位置: -6.028328 , 0 , -2.4727209
2025-11-26 21:02:10.0536 (StateSyncRequestHandler.cs:18) 玩家ID:481843035351810049 移动方向: -0.013848513 , 0 , -0.9999041
2025-11-26 21:02:10.0536 (StateSyncRequestHandler.cs:18) 玩家ID:481843035351810049 移动到新位置: -6.0310974 , 0 , -2.6727016
2025-11-26 21:02:10.1450 (StateSyncRequestHandler.cs:18) 玩家ID:481843035351810049 移动方向: -0.28106007 , 0 , -0.95969015
2025-11-26 21:02:10.1450 (StateSyncRequestHandler.cs:18) 玩家ID:481843035351810049 移动到新位置: -6.0873094 , 0 , -2.8646395
2025-11-26 21:02:10.2490 (StateSyncRequestHandler.cs:18) 玩家ID:481843035351810049 移动方向: -0.5678971 , 0 , -0.8230996
2025-11-26 21:02:10.2490 (StateSyncRequestHandler.cs:18) 玩家ID:481843035351810049 移动到新位置: -6.2008886 , 0 , -3.0292594
2025-11-26 21:02:10.3527 (StateSyncRequestHandler.cs:18) 玩家ID:481843035351810049 移动方向: -0.99995047 , 0 , -0.009955615
2025-11-26 21:02:10.3527 (StateSyncRequestHandler.cs:18) 玩家ID:481843035351810049 移动到新位置: -6.400879 , 0 , -3.0312505
2025-11-26 21:02:10.4507 (StateSyncRequestHandler.cs:18) 玩家ID:481843035351810049 移动方向: -0.99848855 , 0 , 0.05496028
2025-11-26 21:02:10.4507 (StateSyncRequestHandler.cs:18) 玩家ID:481843035351810049 移动到新位置: -6.6005764 , 0 , -3.0202584
2025-11-26 21:02:10.5468 (StateSyncRequestHandler.cs:18) 玩家ID:481843035351810049 移动方向: -0.6465226 , 0 , 0.76289487
2025-11-26 21:02:10.5468 (StateSyncRequestHandler.cs:18) 玩家ID:481843035351810049 移动到新位置: -6.729881 , 0 , -2.8676794
2025-11-26 21:02:10.6473 (StateSyncRequestHandler.cs:18) 玩家ID:481843035351810049 移动方向: -0.59519905 , 0 , 0.8035784
2025-11-26 21:02:10.6473 (StateSyncRequestHandler.cs:18) 玩家ID:481843035351810049 移动到新位置: -6.848921 , 0 , -2.7069638
2025-11-26 21:02:10.7514 (StateSyncRequestHandler.cs:18) 玩家ID:481843035351810049 移动方向: 0.85881937 , 0 , 0.5122785
2025-11-26 21:02:10.7514 (StateSyncRequestHandler.cs:18) 玩家ID:481843035351810049 移动到新位置: -6.677157 , 0 , -2.6045082
2025-11-26 21:02:10.8484 (StateSyncRequestHandler.cs:18) 玩家ID:481843035351810049 移动方向: 0.89010215 , 0 , 0.45576108
2025-11-26 21:02:10.8484 (StateSyncRequestHandler.cs:18) 玩家ID:481843035351810049 移动到新位置: -6.4991364 , 0 , -2.513356
2025-11-26 21:02:10.9481 (StateSyncRequestHandler.cs:18) 玩家ID:481843035351810049 移动方向: 0.9028717 , 0 , 0.42991
2025-11-26 21:02:10.9481 (StateSyncRequestHandler.cs:18) 玩家ID:481843035351810049 移动到新位置: -6.318562 , 0 , -2.427374
2025-11-26 21:02:11.0491 (StateSyncRequestHandler.cs:18) 玩家ID:481843035351810049 移动方向: 0.90649253 , 0 , 0.42222187
2025-11-26 21:02:11.0491 (StateSyncRequestHandler.cs:18) 玩家ID:481843035351810049 移动到新位置: -6.1372633 , 0 , -2.3429296
2025-11-26 21:02:11.1515 (StateSyncRequestHandler.cs:18) 玩家ID:481843035351810049 移动方向: 0.9067395 , 0 , 0.42169124
2025-11-26 21:02:11.1515 (StateSyncRequestHandler.cs:18) 玩家ID:481843035351810049 移动到新位置: -5.9559155 , 0 , -2.2585914
2025-11-26 21:02:11.2454 (StateSyncRequestHandler.cs:18) 玩家ID:481843035351810049 移动方向: 0.90662926 , 0 , 0.42192808
2025-11-26 21:02:11.2454 (StateSyncRequestHandler.cs:18) 玩家ID:481843035351810049 移动到新位置: -5.7745895 , 0 , -2.1742058
2025-11-26 21:02:11.3467 (StateSyncRequestHandler.cs:18) 玩家ID:481843035351810049 移动到新位置: -5.7745895 , 0 , -2.1742058
2025-11-26 21:02:12.8533 (StateSyncRequestHandler.cs:18) 玩家ID:481843035351810049 移动方向: 0.9783308 , 0 , 0.20704812
2025-11-26 21:02:12.8533 (StateSyncRequestHandler.cs:18) 玩家ID:481843035351810049 移动到新位置: -5.578923 , 0 , -2.132796
2025-11-26 21:02:12.9510 (StateSyncRequestHandler.cs:18) 玩家ID:481843035351810049 移动方向: 0.9783929 , 0 , 0.20675431
2025-11-26 21:02:12.9510 (StateSyncRequestHandler.cs:18) 玩家ID:481843035351810049 移动到新位置: -5.3832445 , 0 , -2.0914452
2025-11-26 21:02:13.0508 (StateSyncRequestHandler.cs:18) 玩家ID:481843035351810049 移动方向: 0.978411 , 0 , 0.20666853
2025-11-26 21:02:13.0508 (StateSyncRequestHandler.cs:18) 玩家ID:481843035351810049 移动到新位置: -5.1875625 , 0 , -2.0501115
2025-11-26 21:02:13.1501 (StateSyncRequestHandler.cs:18) 玩家ID:481843035351810049 移动方向: 0.97841656 , 0 , 0.20664233
2025-11-26 21:02:13.1501 (StateSyncRequestHandler.cs:18) 玩家ID:481843035351810049 移动到新位置: -4.991879 , 0 , -2.008783
2025-11-26 21:02:13.2551 (StateSyncRequestHandler.cs:18) 玩家ID:481843035351810049 移动方向: 0.5457332 , 0 , 0.837959
2025-11-26 21:02:13.2551 (StateSyncRequestHandler.cs:18) 玩家ID:481843035351810049 移动到新位置: -4.8827324 , 0 , -1.8411913
2025-11-26 21:02:13.3454 (StateSyncRequestHandler.cs:18) 玩家ID:481843035351810049 移动方向: -0.20663255 , 0 , 0.9784186
2025-11-26 21:02:13.3454 (StateSyncRequestHandler.cs:18) 玩家ID:481843035351810049 移动到新位置: -4.924059 , 0 , -1.6455076
2025-11-26 21:02:13.4530 (StateSyncRequestHandler.cs:18) 玩家ID:481843035351810049 移动方向: -0.1911408 , 0 , 0.9815626
2025-11-26 21:02:13.4530 (StateSyncRequestHandler.cs:18) 玩家ID:481843035351810049 移动到新位置: -4.962287 , 0 , -1.449195
2025-11-26 21:02:13.5502 (StateSyncRequestHandler.cs:18) 玩家ID:481843035351810049 移动方向: -0.04808201 , 0 , 0.99884343
2025-11-26 21:02:13.5502 (StateSyncRequestHandler.cs:18) 玩家ID:481843035351810049 移动到新位置: -4.9719033 , 0 , -1.2494264
2025-11-26 21:02:13.6551 (StateSyncRequestHandler.cs:18) 玩家ID:481843035351810049 移动方向: -0.9817472 , 0 , 0.19019042
2025-11-26 21:02:13.6551 (StateSyncRequestHandler.cs:18) 玩家ID:481843035351810049 移动到新位置: -5.168253 , 0 , -1.2113882
2025-11-26 21:02:13.7468 (StateSyncRequestHandler.cs:18) 玩家ID:481843035351810049 移动方向: -0.9532789 , 0 , 0.3020917
2025-11-26 21:02:13.7468 (StateSyncRequestHandler.cs:18) 玩家ID:481843035351810049 移动到新位置: -5.3589087 , 0 , -1.1509699
2025-11-26 21:02:13.8479 (StateSyncRequestHandler.cs:18) 玩家ID:481843035351810049 移动方向: -0.93523365 , 0 , 0.3540311
2025-11-26 21:02:13.8479 (StateSyncRequestHandler.cs:18) 玩家ID:481843035351810049 移动到新位置: -5.545955 , 0 , -1.0801636
2025-11-26 21:02:13.9471 (StateSyncRequestHandler.cs:18) 玩家ID:481843035351810049 移动方向: -0.39424744 , 0 , 0.9190043
2025-11-26 21:02:13.9471 (StateSyncRequestHandler.cs:18) 玩家ID:481843035351810049 移动到新位置: -5.6248045 , 0 , -0.8963627
2025-11-26 21:02:14.0493 (StateSyncRequestHandler.cs:18) 玩家ID:481843035351810049 移动方向: -0.3887787 , 0 , 0.92133117
2025-11-26 21:02:14.0493 (StateSyncRequestHandler.cs:18) 玩家ID:481843035351810049 移动到新位置: -5.7025604 , 0 , -0.71209645
2025-11-26 21:02:14.1461 (StateSyncRequestHandler.cs:18) 玩家ID:481843035351810049 移动方向: 0.37825042 , 0 , 0.92570335
2025-11-26 21:02:14.1461 (StateSyncRequestHandler.cs:18) 玩家ID:481843035351810049 移动到新位置: -5.62691 , 0 , -0.5269558
2025-11-26 21:02:14.2540 (StateSyncRequestHandler.cs:18) 玩家ID:481843035351810049 移动方向: 0.37883034 , 0 , 0.9254662
2025-11-26 21:02:14.2540 (StateSyncRequestHandler.cs:18) 玩家ID:481843035351810049 移动到新位置: -5.551144 , 0 , -0.34186256
2025-11-26 21:02:14.3487 (StateSyncRequestHandler.cs:18) 玩家ID:481843035351810049 移动方向: 0.37898466 , 0 , 0.925403
2025-11-26 21:02:14.3487 (StateSyncRequestHandler.cs:18) 玩家ID:481843035351810049 移动到新位置: -5.475347 , 0 , -0.15678196
2025-11-26 21:02:14.4498 (StateSyncRequestHandler.cs:18) 玩家ID:481843035351810049 移动方向: 0.37903336 , 0 , 0.925383
2025-11-26 21:02:14.4498 (StateSyncRequestHandler.cs:18) 玩家ID:481843035351810049 移动到新位置: -5.3995404 , 0 , 0.028294638
2025-11-26 21:02:14.5480 (StateSyncRequestHandler.cs:18) 玩家ID:481843035351810049 移动方向: 0.3790466 , 0 , 0.9253776
2025-11-26 21:02:14.5480 (StateSyncRequestHandler.cs:18) 玩家ID:481843035351810049 移动到新位置: -5.323731 , 0 , 0.21337016
2025-11-26 21:02:14.6528 (StateSyncRequestHandler.cs:18) 玩家ID:481843035351810049 移动方向: 0.3790508 , 0 , 0.9253759
2025-11-26 21:02:14.6528 (StateSyncRequestHandler.cs:18) 玩家ID:481843035351810049 移动到新位置: -5.247921 , 0 , 0.39844534
2025-11-26 21:02:14.7508 (StateSyncRequestHandler.cs:18) 玩家ID:481843035351810049 移动方向: 0.38192433 , 0 , 0.9241936
2025-11-26 21:02:14.7508 (StateSyncRequestHandler.cs:18) 玩家ID:481843035351810049 移动到新位置: -5.171536 , 0 , 0.583284
2025-11-26 21:02:14.8471 (StateSyncRequestHandler.cs:18) 玩家ID:481843035351810049 移动方向: 0.3886848 , 0 , 0.9213708
2025-11-26 21:02:14.8471 (StateSyncRequestHandler.cs:18) 玩家ID:481843035351810049 移动到新位置: -5.093799 , 0 , 0.76755816
2025-11-26 21:02:14.9477 (StateSyncRequestHandler.cs:18) 玩家ID:481843035351810049 移动方向: 0.39854664 , 0 , 0.9171481
2025-11-26 21:02:14.9477 (StateSyncRequestHandler.cs:18) 玩家ID:481843035351810049 移动到新位置: -5.0140896 , 0 , 0.9509878
2025-11-26 21:02:15.0504 (StateSyncRequestHandler.cs:18) 玩家ID:481843035351810049 移动方向: 0.40611613 , 0 , 0.91382146
2025-11-26 21:02:15.0504 (StateSyncRequestHandler.cs:18) 玩家ID:481843035351810049 移动到新位置: -4.9328666 , 0 , 1.1337521
2025-11-26 21:02:15.1531 (StateSyncRequestHandler.cs:18) 玩家ID:481843035351810049 移动方向: 0.4370762 , 0 , 0.8994245
2025-11-26 21:02:15.1531 (StateSyncRequestHandler.cs:18) 玩家ID:481843035351810049 移动到新位置: -4.8454514 , 0 , 1.313637
2025-11-26 21:02:15.2529 (StateSyncRequestHandler.cs:18) 玩家ID:481843035351810049 移动方向: 0.5533203 , 0 , 0.83296865
2025-11-26 21:02:15.2529 (StateSyncRequestHandler.cs:18) 玩家ID:481843035351810049 移动到新位置: -4.7347875 , 0 , 1.4802308
2025-11-26 21:02:15.3563 (StateSyncRequestHandler.cs:18) 玩家ID:481843035351810049 移动方向: 0.7560209 , 0 , 0.65454745
2025-11-26 21:02:15.3563 (StateSyncRequestHandler.cs:18) 玩家ID:481843035351810049 移动到新位置: -4.5835834 , 0 , 1.6111403
2025-11-26 21:02:15.4465 (StateSyncRequestHandler.cs:18) 玩家ID:481843035351810049 移动方向: 0.8996709 , 0 , 0.43656877
2025-11-26 21:02:15.4465 (StateSyncRequestHandler.cs:18) 玩家ID:481843035351810049 移动到新位置: -4.4036493 , 0 , 1.698454
2025-11-26 21:02:15.5499 (StateSyncRequestHandler.cs:18) 玩家ID:481843035351810049 移动方向: 0.96897024 , 0 , 0.24717754
2025-11-26 21:02:15.5499 (StateSyncRequestHandler.cs:18) 玩家ID:481843035351810049 移动到新位置: -4.209855 , 0 , 1.7478895
2025-11-26 21:02:15.6479 (StateSyncRequestHandler.cs:18) 玩家ID:481843035351810049 移动方向: 0.17201276 , 0 , -0.9850947
2025-11-26 21:02:15.6479 (StateSyncRequestHandler.cs:18) 玩家ID:481843035351810049 移动到新位置: -4.1754527 , 0 , 1.5508705
2025-11-26 21:02:15.7520 (StateSyncRequestHandler.cs:18) 玩家ID:481843035351810049 移动方向: 0.14239854 , 0 , -0.9898094
2025-11-26 21:02:15.7520 (StateSyncRequestHandler.cs:18) 玩家ID:481843035351810049 移动到新位置: -4.146973 , 0 , 1.3529086
2025-11-26 21:02:15.8497 (StateSyncRequestHandler.cs:18) 玩家ID:481843035351810049 移动方向: 0.13358966 , 0 , -0.9910367
2025-11-26 21:02:15.8497 (StateSyncRequestHandler.cs:18) 玩家ID:481843035351810049 移动到新位置: -4.120255 , 0 , 1.1547012
2025-11-26 21:02:15.9454 (StateSyncRequestHandler.cs:18) 玩家ID:481843035351810049 移动方向: -0.60822433 , 0 , -0.7937652
2025-11-26 21:02:15.9454 (StateSyncRequestHandler.cs:18) 玩家ID:481843035351810049 移动到新位置: -4.2419 , 0 , 0.9959482
2025-11-26 21:02:16.0467 (StateSyncRequestHandler.cs:18) 玩家ID:481843035351810049 移动方向: -0.9754124 , 0 , -0.2203876
2025-11-26 21:02:16.0467 (StateSyncRequestHandler.cs:18) 玩家ID:481843035351810049 移动到新位置: -4.4369826 , 0 , 0.9518707
2025-11-26 21:02:16.1469 (StateSyncRequestHandler.cs:18) 玩家ID:481843035351810049 移动方向: -0.9846127 , 0 , 0.17475039
2025-11-26 21:02:16.1469 (StateSyncRequestHandler.cs:18) 玩家ID:481843035351810049 移动到新位置: -4.6339054 , 0 , 0.98682076
2025-11-26 21:02:16.2463 (StateSyncRequestHandler.cs:18) 玩家ID:481843035351810049 移动方向: -0.912239 , 0 , -0.40965822
2025-11-26 21:02:16.2463 (StateSyncRequestHandler.cs:18) 玩家ID:481843035351810049 移动到新位置: -4.8163533 , 0 , 0.9048891
2025-11-26 21:02:16.3450 (StateSyncRequestHandler.cs:18) 玩家ID:481843035351810049 移动方向: -0.9890374 , 0 , -0.14766543
2025-11-26 21:02:16.3450 (StateSyncRequestHandler.cs:18) 玩家ID:481843035351810049 移动到新位置: -5.0141606 , 0 , 0.875356
2025-11-26 21:02:16.4496 (StateSyncRequestHandler.cs:18) 玩家ID:481843035351810049 移动方向: -0.83316946 , 0 , -0.55301774
2025-11-26 21:02:16.4496 (StateSyncRequestHandler.cs:18) 玩家ID:481843035351810049 移动到新位置: -5.1807947 , 0 , 0.7647525
2025-11-26 21:02:16.5543 (StateSyncRequestHandler.cs:18) 玩家ID:481843035351810049 移动方向: -0.6724181 , 0 , -0.74017155
2025-11-26 21:02:16.5543 (StateSyncRequestHandler.cs:18) 玩家ID:481843035351810049 移动到新位置: -5.3152785 , 0 , 0.6167182
2025-11-26 21:02:16.6511 (StateSyncRequestHandler.cs:18) 玩家ID:481843035351810049 移动方向: -0.5944551 , 0 , -0.8041288
2025-11-26 21:02:16.6511 (StateSyncRequestHandler.cs:18) 玩家ID:481843035351810049 移动到新位置: -5.43417 , 0 , 0.4558924
2025-11-26 21:02:16.7535 (StateSyncRequestHandler.cs:18) 玩家ID:481843035351810049 移动方向: -0.56419456 , 0 , -0.8256418
2025-11-26 21:02:16.7535 (StateSyncRequestHandler.cs:18) 玩家ID:481843035351810049 移动到新位置: -5.5470085 , 0 , 0.29076406
2025-11-26 21:02:16.8512 (StateSyncRequestHandler.cs:18) 玩家ID:481843035351810049 移动方向: -0.5578356 , 0 , -0.82995147
2025-11-26 21:02:16.8512 (StateSyncRequestHandler.cs:18) 玩家ID:481843035351810049 移动到新位置: -5.6585755 , 0 , 0.12477377
2025-11-26 21:02:16.9466 (StateSyncRequestHandler.cs:18) 玩家ID:481843035351810049 移动方向: -0.6161166 , 0 , -0.78765494
2025-11-26 21:02:16.9466 (StateSyncRequestHandler.cs:18) 玩家ID:481843035351810049 移动到新位置: -5.781799 , 0 , -0.032757208
2025-11-26 21:02:17.0504 (StateSyncRequestHandler.cs:18) 玩家ID:481843035351810049 移动方向: 0.5920978 , 0 , -0.8058661
2025-11-26 21:02:17.0504 (StateSyncRequestHandler.cs:18) 玩家ID:481843035351810049 移动到新位置: -5.663379 , 0 , -0.19393042
2025-11-26 21:02:17.1495 (StateSyncRequestHandler.cs:18) 玩家ID:481843035351810049 移动方向: 0.22001854 , 0 , -0.9754957
2025-11-26 21:02:17.1495 (StateSyncRequestHandler.cs:18) 玩家ID:481843035351810049 移动到新位置: -5.6193757 , 0 , -0.38902956
2025-11-26 21:02:17.2466 (StateSyncRequestHandler.cs:18) 玩家ID:481843035351810049 移动方向: 0.97818345 , 0 , -0.20774312
2025-11-26 21:02:17.2466 (StateSyncRequestHandler.cs:18) 玩家ID:481843035351810049 移动到新位置: -5.423739 , 0 , -0.43057817
2025-11-26 21:02:17.3485 (StateSyncRequestHandler.cs:18) 玩家ID:481843035351810049 移动方向: 0.82040006 , 0 , -0.5717899
2025-11-26 21:02:17.3485 (StateSyncRequestHandler.cs:18) 玩家ID:481843035351810049 移动到新位置: -5.259659 , 0 , -0.5449362
2025-11-26 21:02:17.4505 (StateSyncRequestHandler.cs:18) 玩家ID:481843035351810049 移动方向: 0.61387587 , 0 , -0.7894026
2025-11-26 21:02:17.4505 (StateSyncRequestHandler.cs:18) 玩家ID:481843035351810049 移动到新位置: -5.1368837 , 0 , -0.7028167
2025-11-26 21:02:17.5552 (StateSyncRequestHandler.cs:18) 玩家ID:481843035351810049 移动方向: 0.46973085 , 0 , -0.88280964
2025-11-26 21:02:17.5552 (StateSyncRequestHandler.cs:18) 玩家ID:481843035351810049 移动到新位置: -5.0429378 , 0 , -0.8793787
2025-11-26 21:02:17.6519 (StateSyncRequestHandler.cs:18) 玩家ID:481843035351810049 移动方向: 0.33793303 , 0 , -0.94117016
2025-11-26 21:02:17.6519 (StateSyncRequestHandler.cs:18) 玩家ID:481843035351810049 移动到新位置: -4.9753513 , 0 , -1.0676126
2025-11-26 21:02:17.7518 (StateSyncRequestHandler.cs:18) 玩家ID:481843035351810049 移动方向: 0.20146386 , 0 , -0.97949594
2025-11-26 21:02:17.7518 (StateSyncRequestHandler.cs:18) 玩家ID:481843035351810049 移动到新位置: -4.9350586 , 0 , -1.2635118
2025-11-26 21:02:17.8513 (StateSyncRequestHandler.cs:18) 玩家ID:481843035351810049 移动方向: 0.1274675 , 0 , -0.99184275
2025-11-26 21:02:17.8513 (StateSyncRequestHandler.cs:18) 玩家ID:481843035351810049 移动到新位置: -4.909565 , 0 , -1.4618803
2025-11-26 21:02:17.9534 (StateSyncRequestHandler.cs:18) 玩家ID:481843035351810049 移动方向: 0.09749347 , 0 , -0.99523616
2025-11-26 21:02:17.9534 (StateSyncRequestHandler.cs:18) 玩家ID:481843035351810049 移动到新位置: -4.890066 , 0 , -1.6609275
2025-11-26 21:02:18.0480 (StateSyncRequestHandler.cs:18) 玩家ID:481843035351810049 移动方向: 0.087611236 , 0 , -0.9961548
2025-11-26 21:02:18.0480 (StateSyncRequestHandler.cs:18) 玩家ID:481843035351810049 移动到新位置: -4.872544 , 0 , -1.8601584
2025-11-26 21:02:18.1497 (StateSyncRequestHandler.cs:18) 玩家ID:481843035351810049 移动方向: -0.6452095 , 0 , -0.7640057
2025-11-26 21:02:18.1497 (StateSyncRequestHandler.cs:18) 玩家ID:481843035351810049 移动到新位置: -5.0015855 , 0 , -2.0129595
2025-11-26 21:02:18.2546 (StateSyncRequestHandler.cs:18) 玩家ID:481843035351810049 移动方向: -0.64643276 , 0 , -0.7629709
2025-11-26 21:02:18.2551 (StateSyncRequestHandler.cs:18) 玩家ID:481843035351810049 移动到新位置: -5.1308722 , 0 , -2.1655536
2025-11-26 21:02:18.3460 (StateSyncRequestHandler.cs:18) 玩家ID:481843035351810049 移动方向: 0.080406055 , 0 , -0.9967622
2025-11-26 21:02:18.3460 (StateSyncRequestHandler.cs:18) 玩家ID:481843035351810049 移动到新位置: -5.114791 , 0 , -2.364906
2025-11-26 21:02:18.4493 (StateSyncRequestHandler.cs:18) 玩家ID:481843035351810049 移动到新位置: -5.114791 , 0 , -2.364906
