2025-11-26 20:46:42.0517  

==========================================================================
 
  ███████╗ █████╗ ███╗   ██╗████████╗ █████╗  ██████╗ ██╗   ██╗
  ██╔════╝██╔══██╗████╗  ██║╚══██╔══╝██╔══██╗██╔════╝ ╚██╗ ██╔╝
  █████╗  ███████║██╔██╗ ██║   ██║   ███████║╚█████╗   ╚████╔╝ 
  ██╔══╝  ██╔══██║██║╚██╗██║   ██║   ██╔══██║╚════██║   ╚██╔╝  
  ██║     ██║  ██║██║ ╚████║   ██║   ██║  ██║██████╔╝    ██║   
  ╚═╝     ╚═╝  ╚═╝╚═╝  ╚═══╝   ╚═╝   ╚═╝  ╚═╝╚═════╝     ╚═╝   
                                                            
 Version : Fantasy 2.0 Official version
==========================================================================

2025-11-26 20:46:42.1683  Current inner network protocol:TCP
2025-11-26 20:46:42.1683  Max Message Size(byte):1048560
2025-11-26 20:46:42.1683  Current session idle timeout:8000
2025-11-26 20:46:42.1683  Session-check interval:5000 
2025-11-26 20:46:43.9835  dbName:OnlineTest Initialize the db database and connect to the target.
2025-11-26 20:46:44.6598  dbName:OnlineTest Database connection successful.
2025-11-26 20:46:45.0253  SceneConfigId = 1001 networkTarget = Inner TCPServer Listen 127.0.0.1:11002
2025-11-26 20:46:45.3460  SceneConfigId = 1001 networkTarget = Outer KCPServer Listen 0.0.0.0:20000
2025-11-26 20:46:45.3460  Process:1 Startup Complete SceneCount:1
2025-11-26 20:56:54.9502 (LoginRequestHandler.cs:19) 收到登录请求
2025-11-26 20:56:55.2625 (LoginRequestHandler.cs:47) 登陆成功，分配玩家ID:481843035351810049
2025-11-26 20:56:56.9990 (LobbyPlayerManagerComponentSystem.cs:97) 玩家ID:481843035351810049 移动方向: -0.14807893 , 0 , -0.9889756
2025-11-26 20:56:56.9990 (LobbyPlayerManagerComponentSystem.cs:102) 玩家ID:481843035351810049 移动到新位置: -3.3772686 , 0 , -0.8927703
2025-11-26 20:56:57.0794 (LobbyPlayerManagerComponentSystem.cs:97) 玩家ID:481843035351810049 移动方向: 0.9963561 , 0 , -0.08529102
2025-11-26 20:56:57.0794 (LobbyPlayerManagerComponentSystem.cs:102) 玩家ID:481843035351810049 移动到新位置: -3.1779974 , 0 , -0.9098285
2025-11-26 20:56:57.1848 (LobbyPlayerManagerComponentSystem.cs:97) 玩家ID:481843035351810049 移动方向: 0.9981126 , 0 , -0.061409283
2025-11-26 20:56:57.1848 (LobbyPlayerManagerComponentSystem.cs:102) 玩家ID:481843035351810049 移动到新位置: -2.978375 , 0 , -0.9221103
2025-11-26 20:56:57.2793 (LobbyPlayerManagerComponentSystem.cs:97) 玩家ID:481843035351810049 移动方向: 0.99851424 , 0 , -0.054491475
2025-11-26 20:56:57.2793 (LobbyPlayerManagerComponentSystem.cs:102) 玩家ID:481843035351810049 移动到新位置: -2.7786722 , 0 , -0.9330086
2025-11-26 20:56:57.3761 (LobbyPlayerManagerComponentSystem.cs:97) 玩家ID:481843035351810049 移动方向: 0.9986411 , 0 , -0.052115623
2025-11-26 20:56:57.3761 (LobbyPlayerManagerComponentSystem.cs:102) 玩家ID:481843035351810049 移动到新位置: -2.578944 , 0 , -0.94343174
2025-11-26 20:56:57.4833 (LobbyPlayerManagerComponentSystem.cs:97) 玩家ID:481843035351810049 移动方向: 0.6698794 , 0 , -0.74246997
2025-11-26 20:56:57.4833 (LobbyPlayerManagerComponentSystem.cs:102) 玩家ID:481843035351810049 移动到新位置: -2.444968 , 0 , -1.0919257
2025-11-26 20:56:57.5762 (LobbyPlayerManagerComponentSystem.cs:97) 玩家ID:481843035351810049 移动方向: -0.05112704 , 0 , -0.99869215
2025-11-26 20:56:57.5762 (LobbyPlayerManagerComponentSystem.cs:102) 玩家ID:481843035351810049 移动到新位置: -2.4551933 , 0 , -1.2916641
2025-11-26 20:56:57.6832 (LobbyPlayerManagerComponentSystem.cs:97) 玩家ID:481843035351810049 移动方向: -0.05105629 , 0 , -0.9986958
2025-11-26 20:56:57.6832 (LobbyPlayerManagerComponentSystem.cs:102) 玩家ID:481843035351810049 移动到新位置: -2.4654045 , 0 , -1.4914033
2025-11-26 20:56:57.7815 (LobbyPlayerManagerComponentSystem.cs:97) 玩家ID:481843035351810049 移动方向: -0.99869674 , 0 , 0.05103658
2025-11-26 20:56:57.7815 (LobbyPlayerManagerComponentSystem.cs:102) 玩家ID:481843035351810049 移动到新位置: -2.665144 , 0 , -1.481196
2025-11-26 20:56:57.8821 (LobbyPlayerManagerComponentSystem.cs:97) 玩家ID:481843035351810049 移动方向: -0.9986497 , 0 , 0.051949736
2025-11-26 20:56:57.8821 (LobbyPlayerManagerComponentSystem.cs:102) 玩家ID:481843035351810049 移动到新位置: -2.864874 , 0 , -1.4708061
2025-11-26 20:56:57.9827 (LobbyPlayerManagerComponentSystem.cs:102) 玩家ID:481843035351810049 移动到新位置: -2.864874 , 0 , -1.4708061
2025-11-26 20:57:02.1829 (LobbyPlayerManagerComponentSystem.cs:97) 玩家ID:481843035351810049 移动方向: -0.10622086 , 0 , 0.99434257
2025-11-26 20:57:02.1829 (LobbyPlayerManagerComponentSystem.cs:102) 玩家ID:481843035351810049 移动到新位置: -2.8861182 , 0 , -1.2719376
2025-11-26 20:57:02.2818 (LobbyPlayerManagerComponentSystem.cs:102) 玩家ID:481843035351810049 移动到新位置: -2.8861182 , 0 , -1.2719376
2025-11-26 20:57:02.7854 (LobbyPlayerManagerComponentSystem.cs:97) 玩家ID:481843035351810049 移动方向: -0.14087239 , 0 , 0.9900278
2025-11-26 20:57:02.7854 (LobbyPlayerManagerComponentSystem.cs:102) 玩家ID:481843035351810049 移动到新位置: -2.9142926 , 0 , -1.073932
2025-11-26 20:57:02.8779 (LobbyPlayerManagerComponentSystem.cs:102) 玩家ID:481843035351810049 移动到新位置: -2.9142926 , 0 , -1.073932
2025-11-26 20:57:03.1851 (LobbyPlayerManagerComponentSystem.cs:97) 玩家ID:481843035351810049 移动方向: -0.99002373 , 0 , -0.1409009
2025-11-26 20:57:03.1851 (LobbyPlayerManagerComponentSystem.cs:102) 玩家ID:481843035351810049 移动到新位置: -3.1122973 , 0 , -1.1021122
2025-11-26 20:57:03.2803 (LobbyPlayerManagerComponentSystem.cs:97) 玩家ID:481843035351810049 移动方向: -0.9900237 , 0 , -0.14090103
2025-11-26 20:57:03.2803 (LobbyPlayerManagerComponentSystem.cs:102) 玩家ID:481843035351810049 移动到新位置: -3.310302 , 0 , -1.1302924
2025-11-26 20:57:03.3783 (LobbyPlayerManagerComponentSystem.cs:97) 玩家ID:481843035351810049 移动方向: 0.14090104 , 0 , -0.99002373
2025-11-26 20:57:03.3783 (LobbyPlayerManagerComponentSystem.cs:102) 玩家ID:481843035351810049 移动到新位置: -3.282122 , 0 , -1.3282971
2025-11-26 20:57:03.4844 (LobbyPlayerManagerComponentSystem.cs:97) 玩家ID:481843035351810049 移动方向: 0.14090104 , 0 , -0.99002373
2025-11-26 20:57:03.4844 (LobbyPlayerManagerComponentSystem.cs:102) 玩家ID:481843035351810049 移动到新位置: -3.2539418 , 0 , -1.5263019
2025-11-26 20:57:03.5784 (LobbyPlayerManagerComponentSystem.cs:97) 玩家ID:481843035351810049 移动方向: 0.14090104 , 0 , -0.99002373
2025-11-26 20:57:03.5784 (LobbyPlayerManagerComponentSystem.cs:102) 玩家ID:481843035351810049 移动到新位置: -3.2257617 , 0 , -1.7243066
2025-11-26 20:57:03.6824 (LobbyPlayerManagerComponentSystem.cs:97) 玩家ID:481843035351810049 移动方向: 0.14090104 , 0 , -0.99002373
2025-11-26 20:57:03.6824 (LobbyPlayerManagerComponentSystem.cs:102) 玩家ID:481843035351810049 移动到新位置: -3.1975815 , 0 , -1.9223113
2025-11-26 20:57:03.7804 (LobbyPlayerManagerComponentSystem.cs:97) 玩家ID:481843035351810049 移动方向: -0.60042036 , 0 , -0.7996846
2025-11-26 20:57:03.7804 (LobbyPlayerManagerComponentSystem.cs:102) 玩家ID:481843035351810049 移动到新位置: -3.3176656 , 0 , -2.0822482
2025-11-26 20:57:03.8839 (LobbyPlayerManagerComponentSystem.cs:97) 玩家ID:481843035351810049 移动方向: -0.9900237 , 0 , -0.14090104
2025-11-26 20:57:03.8839 (LobbyPlayerManagerComponentSystem.cs:102) 玩家ID:481843035351810049 移动到新位置: -3.5156703 , 0 , -2.1104283
2025-11-26 20:57:03.9798 (LobbyPlayerManagerComponentSystem.cs:97) 玩家ID:481843035351810049 移动方向: -0.7996845 , 0 , 0.6004204
2025-11-26 20:57:03.9798 (LobbyPlayerManagerComponentSystem.cs:102) 玩家ID:481843035351810049 移动到新位置: -3.6756072 , 0 , -1.9903443
2025-11-26 20:57:04.0836 (LobbyPlayerManagerComponentSystem.cs:97) 玩家ID:481843035351810049 移动方向: -0.14090104 , 0 , 0.99002373
2025-11-26 20:57:04.0836 (LobbyPlayerManagerComponentSystem.cs:102) 玩家ID:481843035351810049 移动到新位置: -3.7037873 , 0 , -1.7923396
2025-11-26 20:57:04.1759 (LobbyPlayerManagerComponentSystem.cs:97) 玩家ID:481843035351810049 移动方向: -0.13108462 , 0 , 0.99137115
2025-11-26 20:57:04.1759 (LobbyPlayerManagerComponentSystem.cs:102) 玩家ID:481843035351810049 移动到新位置: -3.7300043 , 0 , -1.5940653
2025-11-26 20:57:04.2769 (LobbyPlayerManagerComponentSystem.cs:97) 玩家ID:481843035351810049 移动方向: -0.062121667 , 0 , 0.99806863
2025-11-26 20:57:04.2769 (LobbyPlayerManagerComponentSystem.cs:102) 玩家ID:481843035351810049 移动到新位置: -3.7424285 , 0 , -1.3944516
2025-11-26 20:57:04.3828 (LobbyPlayerManagerComponentSystem.cs:102) 玩家ID:481843035351810049 移动到新位置: -3.7424285 , 0 , -1.3944516
2025-11-26 20:58:08.6131 (LoginRequestHandler.cs:19) 收到登录请求
2025-11-26 20:58:08.6148 (LoginRequestHandler.cs:47) 登陆成功，分配玩家ID:481843035351810049
2025-11-26 20:58:09.7325 (StateSyncRequestHandler.cs:18) 玩家ID:481843035351810049 移动方向: -0.9030734 , 0 , -0.4294864
2025-11-26 20:58:09.7325 (StateSyncRequestHandler.cs:18) 玩家ID:481843035351810049 移动到新位置: -3.9230433 , 0 , -1.480349
2025-11-26 20:58:09.8208 (StateSyncRequestHandler.cs:18) 玩家ID:481843035351810049 移动方向: -0.87277657 , 0 , -0.48811993
2025-11-26 20:58:09.8208 (StateSyncRequestHandler.cs:18) 玩家ID:481843035351810049 移动到新位置: -4.0975986 , 0 , -1.5779729
2025-11-26 20:58:09.9245 (StateSyncRequestHandler.cs:18) 玩家ID:481843035351810049 移动方向: -0.8572308 , 0 , -0.5149324
2025-11-26 20:58:09.9245 (StateSyncRequestHandler.cs:18) 玩家ID:481843035351810049 移动到新位置: -4.269045 , 0 , -1.6809593
2025-11-26 20:58:10.0194 (StateSyncRequestHandler.cs:18) 玩家ID:481843035351810049 移动方向: -0.97306323 , 0 , 0.23053864
2025-11-26 20:58:10.0194 (StateSyncRequestHandler.cs:18) 玩家ID:481843035351810049 移动到新位置: -4.4636574 , 0 , -1.6348516
2025-11-26 20:58:10.1274 (StateSyncRequestHandler.cs:18) 玩家ID:481843035351810049 移动方向: -0.97343326 , 0 , 0.22897074
2025-11-26 20:58:10.1274 (StateSyncRequestHandler.cs:18) 玩家ID:481843035351810049 移动到新位置: -4.6583443 , 0 , -1.5890574
2025-11-26 20:58:10.2280 (StateSyncRequestHandler.cs:18) 玩家ID:481843035351810049 移动方向: -0.5261797 , 0 , 0.85037345
2025-11-26 20:58:10.2280 (StateSyncRequestHandler.cs:18) 玩家ID:481843035351810049 移动到新位置: -4.7635803 , 0 , -1.4189827
2025-11-26 20:58:10.3237 (StateSyncRequestHandler.cs:18) 玩家ID:481843035351810049 移动方向: -0.5259852 , 0 , 0.85049367
2025-11-26 20:58:10.3237 (StateSyncRequestHandler.cs:18) 玩家ID:481843035351810049 移动到新位置: -4.8687773 , 0 , -1.248884
2025-11-26 20:58:10.4219 (StateSyncRequestHandler.cs:18) 玩家ID:481843035351810049 移动方向: -0.5241426 , 0 , 0.8516305
2025-11-26 20:58:10.4219 (StateSyncRequestHandler.cs:18) 玩家ID:481843035351810049 移动到新位置: -4.9736056 , 0 , -1.0785578
2025-11-26 20:58:10.5195 (StateSyncRequestHandler.cs:18) 玩家ID:481843035351810049 移动方向: -0.96932054 , 0 , 0.24580017
2025-11-26 20:58:10.5195 (StateSyncRequestHandler.cs:18) 玩家ID:481843035351810049 移动到新位置: -5.16747 , 0 , -1.0293978
2025-11-26 20:58:10.6262 (StateSyncRequestHandler.cs:18) 玩家ID:481843035351810049 移动方向: -0.8651591 , 0 , -0.5014975
2025-11-26 20:58:10.6262 (StateSyncRequestHandler.cs:18) 玩家ID:481843035351810049 移动到新位置: -5.340502 , 0 , -1.1296973
2025-11-26 20:58:10.7233 (StateSyncRequestHandler.cs:18) 玩家ID:481843035351810049 移动方向: 0.49034753 , 0 , -0.87152696
2025-11-26 20:58:10.7237 (StateSyncRequestHandler.cs:18) 玩家ID:481843035351810049 移动到新位置: -5.242432 , 0 , -1.3040028
2025-11-26 20:58:10.8204 (StateSyncRequestHandler.cs:18) 玩家ID:481843035351810049 移动方向: 0.4665709 , 0 , -0.8844838
2025-11-26 20:58:10.8204 (StateSyncRequestHandler.cs:18) 玩家ID:481843035351810049 移动到新位置: -5.149118 , 0 , -1.4808996
2025-11-26 20:58:10.9259 (StateSyncRequestHandler.cs:18) 玩家ID:481843035351810049 移动方向: 0.45184952 , 0 , -0.89209414
2025-11-26 20:58:10.9259 (StateSyncRequestHandler.cs:18) 玩家ID:481843035351810049 移动到新位置: -5.0587482 , 0 , -1.6593184
2025-11-26 20:58:11.0252 (StateSyncRequestHandler.cs:18) 玩家ID:481843035351810049 移动方向: 0.44646284 , 0 , -0.89480215
2025-11-26 20:58:11.0252 (StateSyncRequestHandler.cs:18) 玩家ID:481843035351810049 移动到新位置: -4.9694557 , 0 , -1.8382789
2025-11-26 20:58:11.1221 (StateSyncRequestHandler.cs:18) 玩家ID:481843035351810049 移动方向: 0.44446898 , 0 , -0.8957943
2025-11-26 20:58:11.1221 (StateSyncRequestHandler.cs:18) 玩家ID:481843035351810049 移动到新位置: -4.880562 , 0 , -2.0174377
2025-11-26 20:58:11.2205 (StateSyncRequestHandler.cs:18) 玩家ID:481843035351810049 移动方向: 0.44379 , 0 , -0.8961308
2025-11-26 20:58:11.2205 (StateSyncRequestHandler.cs:18) 玩家ID:481843035351810049 移动到新位置: -4.791804 , 0 , -2.1966639
2025-11-26 20:58:11.3233 (StateSyncRequestHandler.cs:18) 玩家ID:481843035351810049 移动方向: -0.32009706 , 0 , -0.9473847
2025-11-26 20:58:11.3233 (StateSyncRequestHandler.cs:18) 玩家ID:481843035351810049 移动到新位置: -4.855823 , 0 , -2.3861408
2025-11-26 20:58:11.4286 (StateSyncRequestHandler.cs:18) 玩家ID:481843035351810049 移动方向: -0.32017082 , 0 , -0.9473598
2025-11-26 20:58:11.4286 (StateSyncRequestHandler.cs:18) 玩家ID:481843035351810049 移动到新位置: -4.919857 , 0 , -2.5756128
2025-11-26 20:58:11.5205 (StateSyncRequestHandler.cs:18) 玩家ID:481843035351810049 移动方向: -0.3201905 , 0 , -0.9473532
2025-11-26 20:58:11.5205 (StateSyncRequestHandler.cs:18) 玩家ID:481843035351810049 移动到新位置: -4.9838953 , 0 , -2.7650833
2025-11-26 20:58:11.6245 (StateSyncRequestHandler.cs:18) 玩家ID:481843035351810049 移动方向: -0.3201969 , 0 , -0.947351
2025-11-26 20:58:11.6245 (StateSyncRequestHandler.cs:18) 玩家ID:481843035351810049 移动到新位置: -5.0479345 , 0 , -2.9545536
2025-11-26 20:58:11.7219 (StateSyncRequestHandler.cs:18) 玩家ID:481843035351810049 移动方向: -0.89883125 , 0 , -0.43829492
2025-11-26 20:58:11.7219 (StateSyncRequestHandler.cs:18) 玩家ID:481843035351810049 移动到新位置: -5.2277007 , 0 , -3.0422125
2025-11-26 20:58:11.8190 (StateSyncRequestHandler.cs:18) 玩家ID:481843035351810049 移动方向: -0.9011809 , 0 , -0.43344313
2025-11-26 20:58:11.8190 (StateSyncRequestHandler.cs:18) 玩家ID:481843035351810049 移动到新位置: -5.407937 , 0 , -3.128901
2025-11-26 20:58:11.9232 (StateSyncRequestHandler.cs:18) 玩家ID:481843035351810049 移动方向: -0.9427079 , 0 , 0.3336192
2025-11-26 20:58:11.9232 (StateSyncRequestHandler.cs:18) 玩家ID:481843035351810049 移动到新位置: -5.5964785 , 0 , -3.0621772
2025-11-26 20:58:12.0217 (StateSyncRequestHandler.cs:18) 玩家ID:481843035351810049 移动方向: -0.42829388 , 0 , 0.9036395
2025-11-26 20:58:12.0217 (StateSyncRequestHandler.cs:18) 玩家ID:481843035351810049 移动到新位置: -5.682137 , 0 , -2.8814492
2025-11-26 20:58:12.1234 (StateSyncRequestHandler.cs:18) 玩家ID:481843035351810049 移动方向: -0.40318382 , 0 , 0.915119
2025-11-26 20:58:12.1234 (StateSyncRequestHandler.cs:18) 玩家ID:481843035351810049 移动到新位置: -5.762774 , 0 , -2.6984255
2025-11-26 20:58:12.2242 (StateSyncRequestHandler.cs:18) 玩家ID:481843035351810049 移动到新位置: -5.762774 , 0 , -2.6984255
